80, 28, 0, -27, 30, 0, -15, 31, 0, -96, 22, 0, 77, 29, 0, 57, 27, 0, 36, 25, 0, -105, 29, 0, -57, 30, 0, 85, 34, 0, -106, 26, 0, -91, 23, 0, -102, 30, 0, 81, 35, 0, 118, 109]
2020-09-19 14:00:24.928 28360-28360/? I/System.out: shl View.plist_size==361, 1489
2020-09-19 14:00:24.931 28360-28614/? I/smart:  msgs: 06,05,b4,00,fc,17,00,e6,1a,00,66,1c,00,9a,27,00,16,27,00,d8,20,00,df,1c,00,9f,19,00,fd,15,00,b9,15,00,1f,1b,00,a4,1f,00,d4,1a,00,7d,1e,00,43,22,00,e7,1a,00,8b,1e,00,ad,1c,00,0b,15,00,d9,17,00,b4,1b,00,ea,25,00,44,21,00,b6,1e,00,67,1b,00,a0,1a,00,e3,16,00,93,16,00,37,16,00,1e,19,00,ba,1f,00,f5,1a,00,6c,1d,00,85,27,00,38,28,00,9c,1a,00,d3,1e,00,27,1a,00,78,18,00,83,1c,00,56,1e,00,b0,1c,00,08,1d,00,50,15,00,b0,1c,00,e5,1e,00,f1,1f,00,a0,16,00,4d,1d,00,39,1b,00,24,19,00,97,1d,00,c7,1e,00,55,22,00,96,1a,00,a5,17,00,9a,1e,00,51,23,00,76,6d, isMsgClose: false isFront: false
2020-09-19 14:00:24.941 28360-28360/? I/System.out: shl View.plist_size==361, 1489
2020-09-19 14:00:24.957 28360-28360/? I/System.out: shl View.plist_size==361, 1489
2020-09-19 14:00:24.974 28360-28360/? I/System.out: shl View.plist_size==361, 1489
2020-09-19 14:00:24.990 28360-28360/? I/System.out: shl View.plist_size==361, 1489
2020-09-19 14:00:24.990 28360-28360/? I/System.out: shl View.plist_size==361, 1489
2020-09-19 14:00:25.007 28360-28360/? I/System.out: shl View.plist_size==361, 1489
2020-09-19 14:00:25.026 28360-28360/? I/System.out: shl View.plist_size==361, 1489
2020-09-19 14:00:25.042 28360-28360/? I/System.out: shl View.plist_size==361, 1489
2020-09-19 14:00:25.043 28360-28360/? I/System.out: shl View.plist_size==361, 1489
2020-09-19 14:00:25.060 28360-28360/? I/System.out: shl View.plist_size==361, 1489
2020-09-19 14:00:25.069 14747-14782/? I/bt_att: GATTC_SendHandleValueConfirm conn_id=3 handle=0x2c
2020-09-19 14:00:25.069 14747-14782/? I/bt_att: GATTC_SendHandleValueConfirm conn_id=4 handle=0x2c
2020-09-19 14:00:25.069 14747-14782/? I/bt_att: GATTC_SendHandleValueConfirm conn_id=5 handle=0x2c
2020-09-19 14:00:25.069 14747-14782/? I/bt_att: GATTC_SendHandleValueConfirm conn_id=7 handle=0x2c
2020-09-19 14:00:25.069 14747-14774/? W/bt_btif: HAL bt_gatt_callbacks->client->notify_cb
2020-09-19 14:00:25.069 14747-14774/? I/bt_btif: BTA_GATTC_SendIndConfirm conn_id=6 handle=0x002c
2020-09-19 14:00:25.069 14747-14782/? I/bt_att: GATTC_SendHandleValueConfirm conn_id=6 handle=0x2c
2020-09-19 14:00:25.078 28360-28360/? I/System.out: shl View.plist_size==361, 1489
2020-09-19 14:00:25.091 28360-28360/? I/System.out: shl View.plist_size==361, 1489
2020-09-19 14:00:25.093 28360-28442/? I/SendBroadcastPermission: action:action.character_changed, mPermissionType:0
2020-09-19 14:00:25.107 28360-28360/? I/System.out: shl View.plist_size==361, 1489
2020-09-19 14:00:25.108 28360-28360/? I/System.out: shl View.plist_size==361, 1489
2020-09-19 14:00:25.125 28360-28360/? E/vvvvvvvvvvv: reciverMsg： 06,05,b4,00,d8,1d,00,5b,19,00,6e,18,00,e0,16,00,31,17,00,d6,19,00,e3,20,00,d2,1f,00,76,1c,00,0b,1c,00,22,1b,00,17,19,00,61,15,00,eb,18,00,54,24,00,1b,24,00,f6,19,00,ee,19,00,3c,14,00,f3,1d,00,5b,24,00,1e,23,00,ac,28,00,e7,27,00,8c,20,00,ce,26,00,21,1f,00,54,23,00,72,1e,00,73,1f,00,cc,1d,00,31,1d,00,f9,1b,00,55,16,00,28,18,00,a8,1e,00,50,21,00,5c,1a,00,44,15,00,85,1b,00,e5,17,00,91,15,00,d0,18,00,f6,1d,00,b5,19,00,f0,16,00,05,1c,00,8f,20,00,5d,1d,00,c0,16,00,36,1e,00,a7,20,00,49,1e,00,01,42,00,b8,4f,00,e5,5a,00,5d,48,00,85,2a,00,06,67,
2020-09-19 14:00:25.125 28360-28360/? I/SendBroadcastPermission: action:com.health.communication.RECEIVER, mPermissionType:0
2020-09-19 14:00:25.127 28360-28360/? I/System.out: shl View.plist_size==361, 1489
2020-09-19 14:00:25.143 28360-28360/? I/System.out: shl View.plist_size==361, 1508
2020-09-19 14:00:25.143 28360-28614/? E/MainActivity123: key == 1  ---- objs.get(smsg) [6, 5, -76, 0, -40, 29, 0, 91, 25, 0, 110, 24, 0, -32, 22, 0, 49, 23, 0, -42, 25, 0, -29, 32, 0, -46, 31, 0, 118, 28, 0, 11, 28, 0, 34, 27, 0, 23, 25, 0, 97, 21, 0, -21, 24, 0, 84, 36, 0, 27, 36, 0, -10, 25, 0, -18, 25, 0, 60, 20, 0, -13, 29, 0, 91, 36, 0, 30, 35, 0, -84, 40, 0, -25, 39, 0, -116, 32, 0, -50, 38, 0, 33, 31, 0, 84, 35, 0, 114, 30, 0, 115, 31, 0, -52, 29, 0, 49, 29, 0, -7, 27, 0, 85, 22, 0, 40, 24, 0, -88, 30, 0, 80, 33, 0, 92, 26, 0, 68, 21, 0, -123, 27, 0, -27, 23, 0, -111, 21, 0, -48, 24, 0, -10, 29, 0, -75, 25, 0, -16, 22, 0, 5, 28, 0, -113, 32, 0, 93, 29, 0, -64, 22, 0, 54, 30, 0, -89, 32, 0, 73, 30, 0, 1, 66, 0, -72, 79, 0, -27, 90, 0, 93, 72, 0, -123, 42, 0, 6, 103]
2020-09-19 14:00:25.144 28360-28614/? I/smart:  msgs: 06,05,b4,00,d8,1d,00,5b,19,00,6e,18,00,e0,16,00,31,17,00,d6,19,00,e3,20,00,d2,1f,00,76,1c,00,0b,1c,00,22,1b,00,17,19,00,61,15,00,eb,18,00,54,24,00,1b,24,00,f6,19,00,ee,19,00,3c,14,00,f3,1d,00,5b,24,00,1e,23,00,ac,28,00,e7,27,00,8c,20,00,ce,26,00,21,1f,00,54,23,00,72,1e,00,73,1f,00,cc,1d,00,31,1d,00,f9,1b,00,55,16,00,28,18,00,a8,1e,00,50,21,00,5c,1a,00,44,15,00,85,1b,00,e5,17,00,91,15,00,d0,18,00,f6,1d,00,b5,19,00,f0,16,00,05,1c,00,8f,20,00,5d,1d,00,c0,16,00,36,1e,00,a7,20,00,49,1e,00,01,42,00,b8,4f,00,e5,5a,00,5d,48,00,85,2a,00,06,67, isMsgClose: false isFront: false
2020-09-19 14:00:25.158 28360-28360/? I/System.out: shl View.plist_size==361, 1508
2020-09-19 14:00:25.174 28360-28360/? I/System.out: shl View.plist_size==361, 1508
2020-09-19 14:00:25.174 28360-28360/? I/System.out: shl View.plist_size==361, 1508
2020-09-19 14:00:25.190 28360-28360/? I/System.out: shl View.plist_size==361, 1508
2020-09-19 14:00:25.207 28360-28360/? I/System.out: shl View.plist_size==361, 1508
2020-09-19 14:00:25.225 28360-28360/? I/System.out: shl View.plist_size==361, 1508
2020-09-19 14:00:25.225 28360-28360/? I/System.out: shl View.plist_size==361, 1508
2020-09-19 14:00:25.241 28360-28360/? I/System.out: shl View.plist_size==361, 1508
2020-09-19 14:00:25.258 28360-28360/? I/System.out: shl View.plist_size==361, 1508
2020-09-19 14:00:25.275 28360-28360/? I/System.out: shl View.plist_size==361, 1508
2020-09-19 14:00:25.291 28360-28360/? I/System.out: shl View.plist_size==361, 1508
2020-09-19 14:00:25.291 28360-28360/? I/System.out: shl View.plist_size==361, 1508
2020-09-19 14:00:25.293 14747-14782/? I/bt_att: GATTC_SendHandleValueConfirm conn_id=3 handle=0x2c
2020-09-19 14:00:25.293 14747-14782/? I/bt_att: GATTC_SendHandleValueConfirm conn_id=4 handle=0x2c
2020-09-19 14:00:25.294 14747-14782/? I/bt_att: GATTC_SendHandleValueConfirm conn_id=5 handle=0x2c
2020-09-19 14:00:25.294 14747-14774/? W/bt_btif: HAL bt_gatt_callbacks->client->notify_cb
2020-09-19 14:00:25.294 14747-14782/? I/bt_att: GATTC_SendHandleValueConfirm conn_id=7 handle=0x2c
2020-09-19 14:00:25.294 14747-14774/? I/bt_btif: BTA_GATTC_SendIndConfirm conn_id=6 handle=0x002c
2020-09-19 14:00:25.295 14747-14782/? I/bt_att: GATTC_SendHandleValueConfirm conn_id=6 handle=0x2c
2020-09-19 14:00:25.308 28360-28360/? I/System.out: shl View.plist_size==361, 1508
2020-09-19 14:00:25.318 28360-28442/? I/SendBroadcastPermission: action:action.character_changed, mPermissionType:0
2020-09-19 14:00:25.324 28360-28360/? I/System.out: shl View.plist_size==361, 1508
2020-09-19 14:00:25.341 28360-28360/? E/vvvvvvvvvvv: reciverMsg： 06,05,b4,00,d1,14,00,f9,0c,00,9d,17,00,57,1e,00,40,1c,00,e0,19,00,e8,14,00,13,1e,00,7c,1d,00,05,1e,00,68,20,00,0f,16,00,fa,14,00,95,1c,00,c8,1a,00,81,18,00,91,1c,00,c8,1b,00,21,1e,00,b8,1c,00,0f,1c,00,c1,1a,00,5e,26,00,c5,1a,00,b2,11,00,e3,16,00,cf,22,00,36,23,00,c9,1d,00,8f,1f,00,f1,1f,00,e4,16,00,87,15,00,31,20,00,56,1a,00,80,1c,00,e7,27,00,f7,22,00,ec,1d,00,91,17,00,30,1f,00,f7,1e,00,ae,1c,00,da,1e,00,bf,28,00,81,1d,00,a5,1e,00,cb,1e,00,53,1c,00,fa,21,00,e3,22,00,01,21,00,7e,1e,00,38,20,00,db,25,00,a2,28,00,ac,24,00,4b,29,00,dd,44,
2020-09-19 14:00:25.342 28360-28360/? I/SendBroadcastPermission: action:com.health.communication.RECEIVER, mPermissionType:0
2020-09-19 14:00:25.343 28360-28360/? I/System.out: shl View.plist_size==361, 1508
2020-09-19 14:00:25.343 28360-28360/? I/System.out: shl View.plist_size==361, 1508
2020-09-19 14:00:25.359 28360-28360/? E/qob: hrv_evt_handle 3
2020-09-19 14:00:25.360 28360-28360/? I/System.out: shl View.plist_size==361, 1528
2020-09-19 14:00:25.360 28360-28614/? E/MainActivity123: key == 1  ---- objs.get(smsg) [6, 5, -76, 0, -47, 20, 0, -7, 12, 0, -99, 23, 0, 87, 30, 0, 64, 28, 0, -32, 25, 0, -24, 20, 0, 19, 30, 0, 124, 29, 0, 5, 30, 0, 104, 32, 0, 15, 22, 0, -6, 20, 0, -107, 28, 0, -56, 26, 0, -127, 24, 0, -111, 28, 0, -56, 27, 0, 33, 30, 0, -72, 28, 0, 15, 28, 0, -63, 26, 0, 94, 38, 0, -59, 26, 0, -78, 17, 0, -29, 22, 0, -49, 34, 0, 54, 35, 0, -55, 29, 0, -113, 31, 0, -15, 31, 0, -28, 22, 0, -121, 21, 0, 49, 32, 0, 86, 26, 0, -128, 28, 0, -25, 39, 0, -9, 34, 0, -20, 29, 0, -111, 23, 0, 48, 31, 0, -9, 30, 0, -82, 28, 0, -38, 30, 0, -65, 40, 0, -127, 29, 0, -91, 30, 0, -53, 30, 0, 83, 28, 0, -6, 33, 0, -29, 34, 0, 1, 33, 0, 126, 30, 0, 56, 32, 0, -37, 37, 0, -94, 40, 0, -84, 36, 0, 75, 41, 0, -35, 68]
2020-09-19 14:00:25.360 28360-28360/? I/MediaPlayer: [HSM] stayAwake true uid: 10605, pid: 28360
2020-09-19 14:00:25.361 1255-1869/? E/HsmCoreServiceImpl: onTransact in code is: 102
2020-09-19 14:00:25.361 1255-1869/? I/MediaProcessHandler: processOp opType: 0, uid: 10605, pid: 28360
2020-09-19 14:00:25.361 28360-28360/? I/MediaPlayer: Pid:28360 MediaPlayer::start
2020-09-19 14:00:25.362 28360-28614/? I/smart:  msgs: 06,05,b4,00,d1,14,00,f9,0c,00,9d,17,00,57,1e,00,40,1c,00,e0,19,00,e8,14,00,13,1e,00,7c,1d,00,05,1e,00,68,20,00,0f,16,00,fa,14,00,95,1c,00,c8,1a,00,81,18,00,91,1c,00,c8,1b,00,21,1e,00,b8,1c,00,0f,1c,00,c1,1a,00,5e,26,00,c5,1a,00,b2,11,00,e3,16,00,cf,22,00,36,23,00,c9,1d,00,8f,1f,00,f1,1f,00,e4,16,00,87,15,00,31,20,00,56,1a,00,80,1c,00,e7,27,00,f7,22,00,ec,1d,00,91,17,00,30,1f,00,f7,1e,00,ae,1c,00,da,1e,00,bf,28,00,81,1d,00,a5,1e,00,cb,1e,00,53,1c,00,fa,21,00,e3,22,00,01,21,00,7e,1e,00,38,20,00,db,25,00,a2,28,00,ac,24,00,4b,29,00,dd,44, isMsgClose: false isFront: false
2020-09-19 14:00:25.363 550-31736/? I/NuPlayer: NuPlayer::canSeek,mSourceFlags = 15 
2020-09-19 14:00:25.364 676-14452/? I/hash_map_utils: key: 'mode' value: ''
2020-09-19 14:00:25.364 676-676/? I/hash_map_utils: key: 'mode' value: ''
2020-09-19 14:00:25.365 676-1414/? I/APM_AudioPolicyManager: startOutput() output 13, stream 3, session 26745
2020-09-19 14:00:25.365 676-1414/? I/APM_AudioPolicyManager: getNewOutputDevice() selected device 2
2020-09-19 14:00:25.365 676-1414/? I/APM_AudioPolicyManager: setOutputDevice() device 0x0002 delayMs 0 force 1
2020-09-19 14:00:25.365 676-1414/? I/APM_AudioPolicyManager: setOutputDevice() changing to device 0x0002 , muteWaitMs 0
2020-09-19 14:00:25.366 1958-2032/? I/PGServer: report state:2 event type:1 pid:28360 uid:10605 pkg:null to pid: 1255
2020-09-19 14:00:25.373 676-779/? I/audio_hw_primary: out_set_parameters_no_lock device:0x0, out type:0
2020-09-19 14:00:25.373 676-779/? I/audio_hw_primary: out_set_parameters_no_lock device:0x2, out type:0
2020-09-19 14:00:25.373 676-779/? I/audio_hw_primary: call_get_sample_rate: sample_rate = 16000, tty_status = 0
2020-09-19 14:00:25.373 676-779/? I/audio_hw_primary: select_devices++ mode[0]
2020-09-19 14:00:25.373 676-779/? I/audio_hw_primary: select_devices--
2020-09-19 14:00:25.373 676-1414/? I/APM_AudioPolicyManager: setOutputDevice() createAudioPatch returned 0 patchHandle 26916 num_sources 1 num_sinks 1
2020-09-19 14:00:25.373 676-1414/? I/APM_AudioPolicyManager: checkOutputForStrategy() getDeviceForStrategy strategy=3 newDevice=2 oldDevice=2
2020-09-19 14:00:25.374 676-1414/? I/AudioTrackShared: server obtain null buf part1:0 rear:101376 front:101376 mFrameCount:22050
2020-09-19 14:00:25.374 1255-1255/? I/AudioSystem-JNI: listAudioPorts AudioSystem::listAudioPorts numPorts 7 generation 3547 generation1 3547
2020-09-19 14:00:25.375 550-31736/? I/NuPlayer: performSeek before, mIsSeeking should to change to false
2020-09-19 14:00:25.375 28360-28360/? I/System.out: shl View.plist_size==361, 1528
2020-09-19 14:00:25.383 550-31827/? I/NuPlayerDecoder: [audio] saw output EOS
2020-09-19 14:00:25.390 28360-28360/? I/System.out: shl View.plist_size==361, 1528
2020-09-19 14:00:25.407 28360-28360/? I/System.out: shl View.plist_size==361, 1528
2020-09-19 14:00:25.424 28360-28360/? I/System.out: shl View.plist_size==361, 1528
2020-09-19 14:00:25.424 28360-28360/? I/System.out: shl View.plist_size==361, 1528
2020-09-19 14:00:25.440 28360-28360/? I/System.out: shl View.plist_size==361, 1528
2020-09-19 14:00:25.457 28360-28360/? I/System.out: shl View.plist_size==361, 1528
2020-09-19 14:00:25.474 28360-28360/? I/System.out: shl View.plist_size==361, 1528
2020-09-19 14:00:25.490 28360-28360/? I/System.out: shl View.plist_size==361, 1528
2020-09-19 14:00:25.491 28360-28360/? I/System.out: shl View.plist_size==361, 1528
2020-09-19 14:00:25.507 28360-28360/? I/System.out: shl View.plist_size==361, 1528
2020-09-19 14:00:25.520 1555-1555/? I/NetworkSpeedManagerEx: mIsStop = false
2020-09-19 14:00:25.522 1555-1555/? I/NetworkSpeedManagerEx: value=0.0speed = 0K/s
2020-09-19 14:00:25.522 1555-1555/? I/NetworkSpeedView: /update(), speed=0K/s parent class:class com.android.systemui.statusbar.HwSystemIcons
2020-09-19 14:00:25.524 28360-28360/? I/System.out: shl View.plist_size==361, 1528
2020-09-19 14:00:25.538 1555-1555/? I/NetworkSpeedManagerEx: mIsStop = false
2020-09-19 14:00:25.540 14747-14782/? I/bt_att: GATTC_SendHandleValueConfirm conn_id=3 handle=0x2c
2020-09-19 14:00:25.540 14747-14782/? I/bt_att: GATTC_SendHandleValueConfirm conn_id=4 handle=0x2c
2020-09-19 14:00:25.540 28360-28360/? I/System.out: shl View.plist_size==361, 1528
2020-09-19 14:00:25.541 14747-14782/? I/bt_att: GATTC_SendHandleValueConfirm conn_id=5 handle=0x2c
2020-09-19 14:00:25.541 14747-14782/? I/bt_att: GATTC_SendHandleValueConfirm conn_id=7 handle=0x2c
2020-09-19 14:00:25.541 14747-14774/? W/bt_btif: HAL bt_gatt_callbacks->client->notify_cb
2020-09-19 14:00:25.541 28360-28360/? I/System.out: shl View.plist_size==361, 1528
2020-09-19 14:00:25.542 1555-1555/? I/NetworkSpeedManagerEx: value=0.0speed = 0K/s
2020-09-19 14:00:25.542 14747-14774/? I/bt_btif: BTA_GATTC_SendIndConfirm conn_id=6 handle=0x002c
2020-09-19 14:00:25.542 14747-14782/? I/bt_att: GATTC_SendHandleValueConfirm conn_id=6 handle=0x2c
2020-09-19 14:00:25.542 1555-1555/? I/NetworkSpeedView: /update(), speed=0K/s parent class:class com.android.systemui.statusbar.HwSystemIcons
2020-09-19 14:00:25.558 28360-28360/? I/System.out: shl View.plist_size==361, 1528
2020-09-19 14:00:25.559 28360-28442/? I/SendBroadcastPermission: action:action.character_changed, mPermissionType:0
2020-09-19 14:00:25.575 28360-28360/? I/System.out: shl View.plist_size==361, 1528
2020-09-19 14:00:25.591 28360-28360/? E/vvvvvvvvvvv: reciverMsg： 06,05,b4,00,3e,25,00,35,22,00,dd,25,00,e3,27,00,6d,20,00,2b,23,00,cb,25,00,b4,1e,00,a0,1e,00,03,1d,00,46,26,00,c9,26,00,e3,1a,00,0d,17,00,78,16,00,95,20,00,b7,21,00,6f,1b,00,c6,17,00,c5,19,00,53,1c,00,1e,1e,00,5c,24,00,41,21,00,9d,19,00,7d,18,00,cc,13,00,2e,19,00,c2,12,00,bb,0f,00,e4,1d,00,ee,1b,00,39,1d,00,08,16,00,0a,1b,00,1c,1c,00,b3,1a,00,55,19,00,c1,17,00,e5,1c,00,c4,1b,00,8c,1d,00,6e,1c,00,c6,1b,00,e2,17,00,17,17,00,a8,1a,00,0a,1f,00,7f,1b,00,26,17,00,0d,16,00,1e,20,00,34,25,00,91,18,00,df,17,00,2f,1e,00,6a,1b,00,6a,1e,00,ca,13,
2020-09-19 14:00:25.591 28360-28360/? I/SendBroadcastPermission: action:com.health.communication.RECEIVER, mPermissionType:0
2020-09-19 14:00:25.592 676-779/? I/AudioTrackShared: server obtain null buf part1:0 rear:110592 front:110592 mFrameCount:22050
2020-09-19 14:00:25.593 28360-28360/? I/System.out: shl View.plist_size==361, 1528
2020-09-19 14:00:25.593 28360-28360/? I/System.out: shl View.plist_size==361, 1528
2020-09-19 14:00:25.607 28360-28360/? I/MediaPlayer: [HSM] stayAwake false uid: 10605, pid: 28360
2020-09-19 14:00:25.608 1255-4252/? E/HsmCoreServiceImpl: onTransact in code is: 102
2020-09-19 14:00:25.608 1255-4252/? I/MediaProcessHandler: processOp opType: 1, uid: 10605, pid: 28360
2020-09-19 14:00:25.610 28360-28360/? I/System.out: shl View.plist_size==361, 1547
2020-09-19 14:00:25.611 28360-28614/? E/MainActivity123: key == 1  ---- objs.get(smsg) [6, 5, -76, 0, 62, 37, 0, 53, 34, 0, -35, 37, 0, -29, 39, 0, 109, 32, 0, 43, 35, 0, -53, 37, 0, -76, 30, 0, -96, 30, 0, 3, 29, 0, 70, 38, 0, -55, 38, 0, -29, 26, 0, 13, 23, 0, 120, 22, 0, -107, 32, 0, -73, 33, 0, 111, 27, 0, -58, 23, 0, -59, 25, 0, 83, 28, 0, 30, 30, 0, 92, 36, 0, 65, 33, 0, -99, 25, 0, 125, 24, 0, -52, 19, 0, 46, 25, 0, -62, 18, 0, -69, 15, 0, -28, 29, 0, -18, 27, 0, 57, 29, 0, 8, 22, 0, 10, 27, 0, 28, 28, 0, -77, 26, 0, 85, 25, 0, -63, 23, 0, -27, 28, 0, -60, 27, 0, -116, 29, 0, 110, 28, 0, -58, 27, 0, -30, 23, 0, 23, 23, 0, -88, 26, 0, 10, 31, 0, 127, 27, 0, 38, 23, 0, 13, 22, 0, 30, 32, 0, 52, 37, 0, -111, 24, 0, -33, 23, 0, 47, 30, 0, 106, 27, 0, 106, 30, 0, -54, 19]
2020-09-19 14:00:25.613 28360-28614/? I/smart:  msgs: 06,05,b4,00,3e,25,00,35,22,00,dd,25,00,e3,27,00,6d,20,00,2b,23,00,cb,25,00,b4,1e,00,a0,1e,00,03,1d,00,46,26,00,c9,26,00,e3,1a,00,0d,17,00,78,16,00,95,20,00,b7,21,00,6f,1b,00,c6,17,00,c5,19,00,53,1c,00,1e,1e,00,5c,24,00,41,21,00,9d,19,00,7d,18,00,cc,13,00,2e,19,00,c2,12,00,bb,0f,00,e4,1d,00,ee,1b,00,39,1d,00,08,16,00,0a,1b,00,1c,1c,00,b3,1a,00,55,19,00,c1,17,00,e5,1c,00,c4,1b,00,8c,1d,00,6e,1c,00,c6,1b,00,e2,17,00,17,17,00,a8,1a,00,0a,1f,00,7f,1b,00,26,17,00,0d,16,00,1e,20,00,34,25,00,91,18,00,df,17,00,2f,1e,00,6a,1b,00,6a,1e,00,ca,13, isMsgClose: false isFront: false
2020-09-19 14:00:25.624 28360-28360/? I/System.out: shl View.plist_size==361, 1547
2020-09-19 14:00:25.640 28360-28360/? I/System.out: shl View.plist_size==361, 1547
2020-09-19 14:00:25.654 1958-2032/? I/DeviceMonitor: last release audio mix uid:10605 pid:-2
2020-09-19 14:00:25.657 28360-28360/? I/System.out: shl View.plist_size==361, 1547
2020-09-19 14:00:25.662 676-689/? I/APM_AudioPolicyManager: stopOutput() output 13, stream 3, session 26745
2020-09-19 14:00:25.663 676-689/? I/APM_AudioPolicyManager: getNewOutputDevice() selected device 0
2020-09-19 14:00:25.663 676-689/? I/APM_AudioPolicyManager: setOutputDevice() device 0x0000 delayMs 80 force 0
2020-09-19 14:00:25.663 676-689/? I/APM_AudioPolicyManager: setOutputDevice() setting same device 0x0000 or null device
2020-09-19 14:00:25.663 676-689/? I/APM_AudioPolicyManager: checkOutputForStrategy() getDeviceForStrategy strategy=3 newDevice=2 oldDevice=2
2020-09-19 14:00:25.665 1958-2032/? I/PGServer: report state:2 event type:2 pid:28360 uid:10605 pkg:null to pid: 1255
2020-09-19 14:00:25.674 28360-28360/? I/System.out: shl View.plist_size==361, 1547
2020-09-19 14:00:25.674 28360-28360/? I/System.out: shl View.plist_size==361, 1547
2020-09-19 14:00:25.690 28360-28360/? I/System.out: shl View.plist_size==361, 1547
2020-09-19 14:00:25.707 28360-28360/? I/System.out: shl View.plist_size==361, 1547
2020-09-19 14:00:25.724 28360-28360/? I/System.out: shl View.plist_size==361, 1547
2020-09-19 14:00:25.740 28360-28360/? I/System.out: shl View.plist_size==361, 1547
2020-09-19 14:00:25.741 28360-28360/? I/System.out: shl View.plist_size==361, 1547
2020-09-19 14:00:25.757 28360-28360/? I/System.out: shl View.plist_size==361, 1547
2020-09-19 14:00:25.766 14747-14782/? I/bt_att: GATTC_SendHandleValueConfirm conn_id=3 handle=0x2c
2020-09-19 14:00:25.766 14747-14782/? I/bt_att: GATTC_SendHandleValueConfirm conn_id=4 handle=0x2c
2020-09-19 14:00:25.766 14747-14782/? I/bt_att: GATTC_SendHandleValueConfirm conn_id=5 handle=0x2c
2020-09-19 14:00:25.766 14747-14782/? I/bt_att: GATTC_SendHandleValueConfirm conn_id=7 handle=0x2c
2020-09-19 14:00:25.766 14747-14774/? W/bt_btif: HAL bt_gatt_callbacks->client->notify_cb
2020-09-19 14:00:25.767 14747-14774/? I/bt_btif: BTA_GATTC_SendIndConfirm conn_id=6 handle=0x002c
2020-09-19 14:00:25.767 14747-14782/? I/bt_att: GATTC_SendHandleValueConfirm conn_id=6 handle=0x2c
2020-09-19 14:00:25.774 28360-28360/? I/System.out: shl View.plist_size==361, 1547
2020-09-19 14:00:25.783 28360-28442/? I/SendBroadcastPermission: action:action.character_changed, mPermissionType:0
2020-09-19 14:00:25.790 28360-28360/? I/System.out: shl View.plist_size==361, 1547
2020-09-19 14:00:25.792 28360-28360/? I/System.out: shl View.plist_size==361, 1547
2020-09-19 14:00:25.808 28360-28360/? E/vvvvvvvvvvv: reciverMsg： 06,05,b4,00,ac,1c,00,e8,1c,00,02,1c,00,3a,20,00,e9,19,00,92,1a,00,ab,1e,00,12,13,00,e9,15,00,e7,22,00,38,1d,00,21,23,00,d0,1d,00,be,1e,00,b4,17,00,29,17,00,68,1f,00,37,1c,00,81,16,00,b4,1a,00,11,18,00,44,1c,00,f2,18,00,64,1b,00,25,20,00,7c,18,00,da,11,00,c9,17,00,fa,1e,00,c9,1e,00,f7,1b,00,a9,21,00,f3,18,00,7f,15,00,2f,1a,00,09,1e,00,da,18,00,cd,15,00,77,1b,00,f5,13,00,0b,16,00,14,1c,00,a0,1b,00,8b,22,00,13,21,00,d3,14,00,77,16,00,f1,1e,00,60,17,00,e4,19,00,ac,17,00,97,14,00,f8,16,00,38,1b,00,53,1e,00,35,1c,00,6d,1d,00,16,17,00,f3,74,
2020-09-19 14:00:25.808 28360-28360/? I/SendBroadcastPermission: action:com.health.communication.RECEIVER, mPermissionType:0
2020-09-19 14:00:25.810 28360-28360/? I/System.out: shl View.plist_size==361, 1547
2020-09-19 14:00:25.826 28360-28360/? I/System.out: shl View.plist_size==361, 1566
2020-09-19 14:00:25.826 28360-28614/? E/MainActivity123: key == 1  ---- objs.get(smsg) [6, 5, -76, 0, -84, 28, 0, -24, 28, 0, 2, 28, 0, 58, 32, 0, -23, 25, 0, -110, 26, 0, -85, 30, 0, 18, 19, 0, -23, 21, 0, -25, 34, 0, 56, 29, 0, 33, 35, 0, -48, 29, 0, -66, 30, 0, -76, 23, 0, 41, 23, 0, 104, 31, 0, 55, 28, 0, -127, 22, 0, -76, 26, 0, 17, 24, 0, 68, 28, 0, -14, 24, 0, 100, 27, 0, 37, 32, 0, 124, 24, 0, -38, 17, 0, -55, 23, 0, -6, 30, 0, -55, 30, 0, -9, 27, 0, -87, 33, 0, -13, 24, 0, 127, 21, 0, 47, 26, 0, 9, 30, 0, -38, 24, 0, -51, 21, 0, 119, 27, 0, -11, 19, 0, 11, 22, 0, 20, 28, 0, -96, 27, 0, -117, 34, 0, 19, 33, 0, -45, 20, 0, 119, 22, 0, -15, 30, 0, 96, 23, 0, -28, 25, 0, -84, 23, 0, -105, 20, 0, -8, 22, 0, 56, 27, 0, 83, 30, 0, 53, 28, 0, 109, 29, 0, 22, 23, 0, -13, 116]
2020-09-19 14:00:25.828 28360-28614/? I/smart:  msgs: 06,05,b4,00,ac,1c,00,e8,1c,00,02,1c,00,3a,20,00,e9,19,00,92,1a,00,ab,1e,00,12,13,00,e9,15,00,e7,22,00,38,1d,00,21,23,00,d0,1d,00,be,1e,00,b4,17,00,29,17,00,68,1f,00,37,1c,00,81,16,00,b4,1a,00,11,18,00,44,1c,00,f2,18,00,64,1b,00,25,20,00,7c,18,00,da,11,00,c9,17,00,fa,1e,00,c9,1e,00,f7,1b,00,a9,21,00,f3,18,00,7f,15,00,2f,1a,00,09,1e,00,da,18,00,cd,15,00,77,1b,00,f5,13,00,0b,16,00,14,1c,00,a0,1b,00,8b,22,00,13,21,00,d3,14,00,77,16,00,f1,1e,00,60,17,00,e4,19,00,ac,17,00,97,14,00,f8,16,00,38,1b,00,53,1e,00,35,1c,00,6d,1d,00,16,17,00,f3,74, isMsgClose: false isFront: false
2020-09-19 14:00:25.840 28360-28360/? I/System.out: shl View.plist_size==361, 1566
2020-09-19 14:00:25.857 28360-28360/? I/System.out: shl View.plist_size==361, 1566
2020-09-19 14:00:25.857 28360-28360/? I/System.out: shl View.plist_size==361, 1566
2020-09-19 14:00:25.874 28360-28360/? I/System.out: shl View.plist_size==361, 1566
2020-09-19 14:00:25.890 28360-28360/? I/System.out: shl View.plist_size==361, 1566
2020-09-19 14:00:25.907 28360-28360/? I/System.out: shl View.plist_size==361, 1566
2020-09-19 14:00:25.924 28360-28360/? I/System.out: shl View.plist_size==361, 1566
2020-09-19 14:00:25.924 28360-28360/? I/System.out: shl View.plist_size==361, 1566
2020-09-19 14:00:25.940 28360-28360/? I/System.out: shl View.plist_size==361, 1566
2020-09-19 14:00:25.957 28360-28360/? I/System.out: shl View.plist_size==361, 1566
2020-09-19 14:00:25.974 28360-28360/? I/System.out: shl View.plist_size==361, 1566
2020-09-19 14:00:25.990 28360-28360/? I/System.out: shl View.plist_size==361, 1566
2020-09-19 14:00:25.990 14747-14782/? I/bt_att: GATTC_SendHandleValueConfirm conn_id=3 handle=0x2c
2020-09-19 14:00:25.991 28360-28360/? I/System.out: shl View.plist_size==361, 1566
2020-09-19 14:00:25.991 14747-14782/? I/bt_att: GATTC_SendHandleValueConfirm conn_id=4 handle=0x2c
2020-09-19 14:00:25.991 14747-14782/? I/bt_att: GATTC_SendHandleValueConfirm conn_id=5 handle=0x2c
2020-09-19 14:00:25.991 14747-14782/? I/bt_att: GATTC_SendHandleValueConfirm conn_id=7 handle=0x2c
2020-09-19 14:00:25.991 14747-14774/? W/bt_btif: HAL bt_gatt_callbacks->client->notify_cb
2020-09-19 14:00:25.991 14747-14774/? I/bt_btif: BTA_GATTC_SendIndConfirm conn_id=6 handle=0x002c
2020-09-19 14:00:25.992 14747-14782/? I/bt_att: GATTC_SendHandleValueConfirm conn_id=6 handle=0x2c
2020-09-19 14:00:26.007 28360-28360/? I/System.out: shl View.plist_size==361, 1566
2020-09-19 14:00:26.018 28360-28442/? I/SendBroadcastPermission: action:action.character_changed, mPermissionType:0
2020-09-19 14:00:26.024 28360-28360/? I/System.out: shl View.plist_size==361, 1566
2020-09-19 14:00:26.041 28360-28360/? E/vvvvvvvvvvv: reciverMsg： 06,05,b4,00,53,15,00,de,1f,00,8d,1f,00,47,17,00,d7,16,00,89,1a,00,03,1a,00,2a,18,00,5e,15,00,ae,18,00,e7,17,00,99,17,00,64,19,00,ef,1d,00,7f,1d,00,c9,13,00,42,17,00,83,16,00,ec,1f,00,3c,1a,00,ab,18,00,e6,1e,00,1d,1e,00,8a,17,00,8e,1b,00,84,17,00,40,12,00,a7,13,00,1f,16,00,df,1a,00,45,1e,00,68,19,00,66,1b,00,53,1f,00,6c,1d,00,23,19,00,70,1a,00,b3,16,00,b2,12,00,66,18,00,65,24,00,29,1c,00,d9,1a,00,0f,1a,00,b9,1a,00,31,19,00,6f,19,00,20,14,00,02,1a,00,bd,18,00,de,1e,00,0c,1d,00,07,1c,00,5a,1a,00,37,19,00,64,21,00,e8,1f,00,da,24,00,4a,ad,
2020-09-19 14:00:26.041 28360-28360/? I/SendBroadcastPermission: action:com.health.communication.RECEIVER, mPermissionType:0
2020-09-19 14:00:26.048 28360-28360/? I/System.out: shl View.plist_size==361, 1566
2020-09-19 14:00:26.048 28360-28360/? I/System.out: shl View.plist_size==361, 1566
2020-09-19 14:00:26.058 28360-28360/? I/System.out: shl View.plist_size==361, 1566
2020-09-19 14:00:26.063 28360-28614/? E/MainActivity123: key == 1  ---- objs.get(smsg) [6, 5, -76, 0, 83, 21, 0, -34, 31, 0, -115, 31, 0, 71, 23, 0, -41, 22, 0, -119, 26, 0, 3, 26, 0, 42, 24, 0, 94, 21, 0, -82, 24, 0, -25, 23, 0, -103, 23, 0, 100, 25, 0, -17, 29, 0, 127, 29, 0, -55, 19, 0, 66, 23, 0, -125, 22, 0, -20, 31, 0, 60, 26, 0, -85, 24, 0, -26, 30, 0, 29, 30, 0, -118, 23, 0, -114, 27, 0, -124, 23, 0, 64, 18, 0, -89, 19, 0, 31, 22, 0, -33, 26, 0, 69, 30, 0, 104, 25, 0, 102, 27, 0, 83, 31, 0, 108, 29, 0, 35, 25, 0, 112, 26, 0, -77, 22, 0, -78, 18, 0, 102, 24, 0, 101, 36, 0, 41, 28, 0, -39, 26, 0, 15, 26, 0, -71, 26, 0, 49, 25, 0, 111, 25, 0, 32, 20, 0, 2, 26, 0, -67, 24, 0, -34, 30, 0, 12, 29, 0, 7, 28, 0, 90, 26, 0, 55, 25, 0, 100, 33, 0, -24, 31, 0, -38, 36, 0, 74, -83]
2020-09-19 14:00:26.066 28360-28614/? I/smart:  msgs: 06,05,b4,00,53,15,00,de,1f,00,8d,1f,00,47,17,00,d7,16,00,89,1a,00,03,1a,00,2a,18,00,5e,15,00,ae,18,00,e7,17,00,99,17,00,64,19,00,ef,1d,00,7f,1d,00,c9,13,00,42,17,00,83,16,00,ec,1f,00,3c,1a,00,ab,18,00,e6,1e,00,1d,1e,00,8a,17,00,8e,1b,00,84,17,00,40,12,00,a7,13,00,1f,16,00,df,1a,00,45,1e,00,68,19,00,66,1b,00,53,1f,00,6c,1d,00,23,19,00,70,1a,00,b3,16,00,b2,12,00,66,18,00,65,24,00,29,1c,00,d9,1a,00,0f,1a,00,b9,1a,00,31,19,00,6f,19,00,20,14,00,02,1a,00,bd,18,00,de,1e,00,0c,1d,00,07,1c,00,5a,1a,00,37,19,00,64,21,00,e8,1f,00,da,24,00,4a,ad, isMsgClose: false isFront: false
2020-09-19 14:00:26.075 28360-28360/? I/System.out: shl View.plist_size==361, 1586
2020-09-19 14:00:26.090 28360-28360/? I/System.out: shl View.plist_size==361, 1586
2020-09-19 14:00:26.107 28360-28360/? I/System.out: shl View.plist_size==361, 1586
2020-09-19 14:00:26.108 28360-28360/? I/System.out: shl View.plist_size==361, 1586
2020-09-19 14:00:26.124 28360-28360/? I/System.out: shl View.plist_size==361, 1586
2020-09-19 14:00:26.140 28360-28360/? I/System.out: shl View.plist_size==361, 1586
2020-09-19 14:00:26.157 28360-28360/? I/System.out: shl View.plist_size==361, 1586
2020-09-19 14:00:26.174 28360-28360/? I/System.out: shl View.plist_size==361, 1586
2020-09-19 14:00:26.174 28360-28360/? I/System.out: shl View.plist_size==361, 1586
2020-09-19 14:00:26.190 28360-28360/? I/System.out: shl View.plist_size==361, 1586
2020-09-19 14:00:26.207 28360-28360/? I/System.out: shl View.plist_size==361, 1586
2020-09-19 14:00:26.224 28360-28360/? I/System.out: shl View.plist_size==361, 1586
2020-09-19 14:00:26.224 28360-28360/? I/System.out: shl View.plist_size==361, 1586
2020-09-19 14:00:26.240 28360-28360/? I/System.out: shl View.plist_size==361, 1586
2020-09-19 14:00:26.257 28360-28360/? I/System.out: shl View.plist_size==361, 1586
2020-09-19 14:00:26.261 14747-14782/? I/bt_att: GATTC_SendHandleValueConfirm conn_id=3 handle=0x2c
2020-09-19 14:00:26.261 14747-14782/? I/bt_att: GATTC_SendHandleValueConfirm conn_id=4 handle=0x2c
2020-09-19 14:00:26.261 14747-14782/? I/bt_att: GATTC_SendHandleValueConfirm conn_id=5 handle=0x2c
2020-09-19 14:00:26.261 14747-14774/? W/bt_btif: HAL bt_gatt_callbacks->client->notify_cb
2020-09-19 14:00:26.261 14747-14782/? I/bt_att: GATTC_SendHandleValueConfirm conn_id=7 handle=0x2c
2020-09-19 14:00:26.262 14747-14774/? I/bt_btif: BTA_GATTC_SendIndConfirm conn_id=6 handle=0x002c
2020-09-19 14:00:26.262 14747-14782/? I/bt_att: GATTC_SendHandleValueConfirm conn_id=6 handle=0x2c
2020-09-19 14:00:26.274 28360-28360/? I/System.out: shl View.plist_size==361, 1586
2020-09-19 14:00:26.286 28360-28442/? I/SendBroadcastPermission: action:action.character_changed, mPermissionType:0
2020-09-19 14:00:26.290 28360-28360/? I/System.out: shl View.plist_size==361, 1586
2020-09-19 14:00:26.291 28360-28360/? I/System.out: shl View.plist_size==361, 1586
2020-09-19 14:00:26.301 1255-1255/? I/TrafficMonitor: expired arrive. level:-1
2020-09-19 14:00:26.302 1255-1255/? I/TrafficMonitor: update:rxPkts:0,txPkts:0,rxBytes:0,txBytes:0
2020-09-19 14:00:26.302 1255-1255/? I/TrafficMonitor: start expired. level:-1
2020-09-19 14:00:26.302 1255-1255/? I/TrafficMonitor: gettimer:interval=5000
2020-09-19 14:00:26.302 1255-1255/? I/TrafficMonitor: during_ms:5002,period_ms:2000
2020-09-19 14:00:26.303 1255-1255/? I/TrafficMonitor: count:406,rx_sum:0,tx_sum:0,rxBytes:0,during_ms:5002,rx_speed:0.0,tx_speed:0.0,rto:0.0
2020-09-19 14:00:26.308 28360-28360/? E/vvvvvvvvvvv: reciverMsg： 06,05,b4,00,93,29,00,5e,1f,00,5e,21,00,4a,1c,00,69,1e,00,ff,16,00,4b,1c,00,74,1f,00,0d,21,00,1a,1e,00,4d,12,00,b5,11,00,a7,1e,00,24,18,00,e0,10,00,a9,19,00,3d,16,00,3d,16,00,c4,1a,00,c1,16,00,0a,14,00,25,1a,00,74,21,00,9e,1a,00,1b,10,00,65,16,00,d6,19,00,4e,1d,00,31,20,00,86,21,00,d1,2f,00,ed,3d,00,f9,5b,00,8a,60,00,a4,4e,00,95,2e,00,65,14,00,d3,10,00,9b,18,00,c6,1a,00,e8,18,00,e1,1a,00,37,1e,00,6a,20,00,cc,1d,00,1f,12,00,dd,11,00,15,19,00,a1,17,00,09,11,00,3f,0f,00,f6,14,00,5a,16,00,a4,16,00,f2,15,00,00,18,00,a3,15,00,6e,14,00,87,af,
2020-09-19 14:00:26.308 28360-28360/? I/SendBroadcastPermission: action:com.health.communication.RECEIVER, mPermissionType:0
2020-09-19 14:00:26.310 28360-28360/? I/System.out: shl View.plist_size==361, 1586
2020-09-19 14:00:26.326 28360-28360/? E/qob: hrv_evt_handle 3
2020-09-19 14:00:26.326 28360-28360/? I/System.out: shl View.plist_size==361, 1605
2020-09-19 14:00:26.326 28360-28614/? E/MainActivity123: key == 1  ---- objs.get(smsg) [6, 5, -76, 0, -109, 41, 0, 94, 31, 0, 94, 33, 0, 74, 28, 0, 105, 30, 0, -1, 22, 0, 75, 28, 0, 116, 31, 0, 13, 33, 0, 26, 30, 0, 77, 18, 0, -75, 17, 0, -89, 30, 0, 36, 24, 0, -32, 16, 0, -87, 25, 0, 61, 22, 0, 61, 22, 0, -60, 26, 0, -63, 22, 0, 10, 20, 0, 37, 26, 0, 116, 33, 0, -98, 26, 0, 27, 16, 0, 101, 22, 0, -42, 25, 0, 78, 29, 0, 49, 32, 0, -122, 33, 0, -47, 47, 0, -19, 61, 0, -7, 91, 0, -118, 96, 0, -92, 78, 0, -107, 46, 0, 101, 20, 0, -45, 16, 0, -101, 24, 0, -58, 26, 0, -24, 24, 0, -31, 26, 0, 55, 30, 0, 106, 32, 0, -52, 29, 0, 31, 18, 0, -35, 17, 0, 21, 25, 0, -95, 23, 0, 9, 17, 0, 63, 15, 0, -10, 20, 0, 90, 22, 0, -92, 22, 0, -14, 21, 0, 0, 24, 0, -93, 21, 0, 110, 20, 0, -121, -81]
2020-09-19 14:00:26.327 28360-28360/? I/MediaPlayer: [HSM] stayAwake true uid: 10605, pid: 28360
2020-09-19 14:00:26.327 1255-4253/? E/HsmCoreServiceImpl: onTransact in code is: 102
2020-09-19 14:00:26.327 1255-4253/? I/MediaProcessHandler: processOp opType: 0, uid: 10605, pid: 28360
2020-09-19 14:00:26.327 28360-28360/? I/MediaPlayer: Pid:28360 MediaPlayer::start
2020-09-19 14:00:26.329 28360-28614/? I/smart:  msgs: 06,05,b4,00,93,29,00,5e,1f,00,5e,21,00,4a,1c,00,69,1e,00,ff,16,00,4b,1c,00,74,1f,00,0d,21,00,1a,1e,00,4d,12,00,b5,11,00,a7,1e,00,24,18,00,e0,10,00,a9,19,00,3d,16,00,3d,16,00,c4,1a,00,c1,16,00,0a,14,00,25,1a,00,74,21,00,9e,1a,00,1b,10,00,65,16,00,d6,19,00,4e,1d,00,31,20,00,86,21,00,d1,2f,00,ed,3d,00,f9,5b,00,8a,60,00,a4,4e,00,95,2e,00,65,14,00,d3,10,00,9b,18,00,c6,1a,00,e8,18,00,e1,1a,00,37,1e,00,6a,20,00,cc,1d,00,1f,12,00,dd,11,00,15,19,00,a1,17,00,09,11,00,3f,0f,00,f6,14,00,5a,16,00,a4,16,00,f2,15,00,00,18,00,a3,15,00,6e,14,00,87,af, isMsgClose: false isFront: false
2020-09-19 14:00:26.329 550-31736/? I/NuPlayer: NuPlayer::canSeek,mSourceFlags = 15 
2020-09-19 14:00:26.329 676-787/? I/hash_map_utils: key: 'mode' value: ''
2020-09-19 14:00:26.330 676-9809/? I/hash_map_utils: key: 'mode' value: ''
2020-09-19 14:00:26.331 676-1413/? I/APM_AudioPolicyManager: startOutput() output 13, stream 3, session 26745
2020-09-19 14:00:26.331 676-1413/? I/APM_AudioPolicyManager: getNewOutputDevice() selected device 2
2020-09-19 14:00:26.331 676-1413/? I/APM_AudioPolicyManager: setOutputDevice() device 0x0002 delayMs 0 force 1
2020-09-19 14:00:26.331 676-1413/? I/APM_AudioPolicyManager: setOutputDevice() changing to device 0x0002 , muteWaitMs 0
2020-09-19 14:00:26.332 1958-2032/? I/PGServer: report state:2 event type:1 pid:28360 uid:10605 pkg:null to pid: 1255
2020-09-19 14:00:26.333 676-779/? I/audio_hw_primary: out_set_parameters_no_lock device:0x0, out type:0
2020-09-19 14:00:26.333 676-779/? I/audio_hw_primary: out_set_parameters_no_lock device:0x2, out type:0
2020-09-19 14:00:26.333 676-779/? I/audio_hw_primary: call_get_sample_rate: sample_rate = 16000, tty_status = 0
2020-09-19 14:00:26.333 676-779/? I/audio_hw_primary: select_devices++ mode[0]
2020-09-19 14:00:26.333 676-779/? I/audio_hw_primary: select_devices--
2020-09-19 14:00:26.333 676-1413/? I/APM_AudioPolicyManager: setOutputDevice() createAudioPatch returned 0 patchHandle 26924 num_sources 1 num_sinks 1
2020-09-19 14:00:26.334 676-1413/? I/APM_AudioPolicyManager: checkOutputForStrategy() getDeviceForStrategy strategy=3 newDevice=2 oldDevice=2
2020-09-19 14:00:26.334 676-1413/? I/AudioTrackShared: server obtain null buf part1:0 rear:110592 front:110592 mFrameCount:22050
2020-09-19 14:00:26.335 1255-1255/? I/AudioSystem-JNI: listAudioPorts AudioSystem::listAudioPorts numPorts 7 generation 3548 generation1 3548
2020-09-19 14:00:26.336 550-31736/? I/NuPlayer: performSeek before, mIsSeeking should to change to false
2020-09-19 14:00:26.343 550-31827/? I/NuPlayerDecoder: [audio] saw output EOS
2020-09-19 14:00:26.344 28360-28360/? I/System.out: shl View.plist_size==361, 1605
2020-09-19 14:00:26.345 28360-28360/? I/System.out: shl View.plist_size==361, 1605
2020-09-19 14:00:26.358 28360-28360/? I/System.out: shl View.plist_size==361, 1605
2020-09-19 14:00:26.374 28360-28360/? I/System.out: shl View.plist_size==361, 1605
2020-09-19 14:00:26.390 28360-28360/? I/System.out: shl View.plist_size==361, 1605
2020-09-19 14:00:26.407 28360-28360/? I/System.out: shl View.plist_size==361, 1605
2020-09-19 14:00:26.424 28360-28360/? I/System.out: shl View.plist_size==361, 1605
2020-09-19 14:00:26.424 28360-28360/? I/System.out: shl View.plist_size==361, 1605
2020-09-19 14:00:26.440 28360-28360/? I/System.out: shl View.plist_size==361, 1605
2020-09-19 14:00:26.457 28360-28360/? I/System.out: shl View.plist_size==361, 1605
2020-09-19 14:00:26.463 14747-14782/? I/bt_att: GATTC_SendHandleValueConfirm conn_id=3 handle=0x2c
2020-09-19 14:00:26.464 14747-14782/? I/bt_att: GATTC_SendHandleValueConfirm conn_id=4 handle=0x2c
2020-09-19 14:00:26.464 14747-14782/? I/bt_att: GATTC_SendHandleValueConfirm conn_id=5 handle=0x2c
2020-09-19 14:00:26.464 14747-14782/? I/bt_att: GATTC_SendHandleValueConfirm conn_id=7 handle=0x2c
2020-09-19 14:00:26.464 14747-14774/? W/bt_btif: HAL bt_gatt_callbacks->client->notify_cb
2020-09-19 14:00:26.464 14747-14774/? I/bt_btif: BTA_GATTC_SendIndConfirm conn_id=6 handle=0x002c
2020-09-19 14:00:26.464 14747-14782/? I/bt_att: GATTC_SendHandleValueConfirm conn_id=6 handle=0x2c
2020-09-19 14:00:26.474 28360-28360/? I/System.out: shl View.plist_size==361, 1605
2020-09-19 14:00:26.474 28360-28360/? I/System.out: shl View.plist_size==361, 1605
2020-09-19 14:00:26.481 28360-28442/? I/SendBroadcastPermission: action:action.character_changed, mPermissionType:0
2020-09-19 14:00:26.491 28360-28360/? I/System.out: shl View.plist_size==361, 1605
2020-09-19 14:00:26.508 28360-28360/? E/vvvvvvvvvvv: reciverMsg： 06,05,b4,00,7b,16,00,78,16,00,d5,16,00,b3,16,00,ea,1e,00,07,1f,00,15,1c,00,94,14,00,aa,1d,00,37,1d,00,f7,0f,00,35,15,00,eb,15,00,ac,17,00,19,20,00,54,1a,00,06,15,00,01,14,00,26,0f,00,48,17,00,32,26,00,c9,21,00,55,1b,00,e5,1f,00,ee,1a,00,8c,15,00,9a,1f,00,e2,20,00,c9,1e,00,b4,17,00,e4,15,00,59,17,00,32,1b,00,40,25,00,cd,21,00,ef,23,00,5d,22,00,b8,24,00,f2,1d,00,0e,11,00,44,16,00,3f,19,00,e4,1c,00,f1,20,00,37,25,00,33,19,00,c5,1d,00,37,23,00,58,1b,00,32,1c,00,0c,1d,00,bc,18,00,b0,18,00,90,14,00,0a,16,00,01,1b,00,b1,1d,00,0c,13,00,f1,b3,
2020-09-19 14:00:26.508 28360-28360/? I/SendBroadcastPermission: action:com.health.communication.RECEIVER, mPermissionType:0
2020-09-19 14:00:26.510 28360-28360/? I/System.out: shl View.plist_size==361, 1605
2020-09-19 14:00:26.526 28360-28360/? I/System.out: shl View.plist_size==361, 1624
2020-09-19 14:00:26.526 28360-28614/? E/MainActivity123: key == 1  ---- objs.get(smsg) [6, 5, -76, 0, 123, 22, 0, 120, 22, 0, -43, 22, 0, -77, 22, 0, -22, 30, 0, 7, 31, 0, 21, 28, 0, -108, 20, 0, -86, 29, 0, 55, 29, 0, -9, 15, 0, 53, 21, 0, -21, 21, 0, -84, 23, 0, 25, 32, 0, 84, 26, 0, 6, 21, 0, 1, 20, 0, 38, 15, 0, 72, 23, 0, 50, 38, 0, -55, 33, 0, 85, 27, 0, -27, 31, 0, -18, 26, 0, -116, 21, 0, -102, 31, 0, -30, 32, 0, -55, 30, 0, -76, 23, 0, -28, 21, 0, 89, 23, 0, 50, 27, 0, 64, 37, 0, -51, 33, 0, -17, 35, 0, 93, 34, 0, -72, 36, 0, -14, 29, 0, 14, 17, 0, 68, 22, 0, 63, 25, 0, -28, 28, 0, -15, 32, 0, 55, 37, 0, 51, 25, 0, -59, 29, 0, 55, 35, 0, 88, 27, 0, 50, 28, 0, 12, 29, 0, -68, 24, 0, -80, 24, 0, -112, 20, 0, 10, 22, 0, 1, 27, 0, -79, 29, 0, 12, 19, 0, -15, -77]
2020-09-19 14:00:26.528 28360-28614/? I/smart:  msgs: 06,05,b4,00,7b,16,00,78,16,00,d5,16,00,b3,16,00,ea,1e,00,07,1f,00,15,1c,00,94,14,00,aa,1d,00,37,1d,00,f7,0f,00,35,15,00,eb,15,00,ac,17,00,19,20,00,54,1a,00,06,15,00,01,14,00,26,0f,00,48,17,00,32,26,00,c9,21,00,55,1b,00,e5,1f,00,ee,1a,00,8c,15,00,9a,1f,00,e2,20,00,c9,1e,00,b4,17,00,e4,15,00,59,17,00,32,1b,00,40,25,00,cd,21,00,ef,23,00,5d,22,00,b8,24,00,f2,1d,00,0e,11,00,44,16,00,3f,19,00,e4,1c,00,f1,20,00,37,25,00,33,19,00,c5,1d,00,37,23,00,58,1b,00,32,1c,00,0c,1d,00,bc,18,00,b0,18,00,90,14,00,0a,16,00,01,1b,00,b1,1d,00,0c,13,00,f1,b3, isMsgClose: false isFront: false
2020-09-19 14:00:26.540 28360-28360/? I/System.out: shl View.plist_size==361, 1624
2020-09-19 14:00:26.540 28360-28360/? I/System.out: shl View.plist_size==361, 1624
2020-09-19 14:00:26.552 676-779/? I/AudioTrackShared: server obtain null buf part1:0 rear:119808 front:119808 mFrameCount:22050
2020-09-19 14:00:26.557 28360-28360/? I/MediaPlayer: [HSM] stayAwake false uid: 10605, pid: 28360
2020-09-19 14:00:26.558 1255-8298/? E/HsmCoreServiceImpl: onTransact in code is: 102
2020-09-19 14:00:26.558 1255-8298/? I/MediaProcessHandler: processOp opType: 1, uid: 10605, pid: 28360
2020-09-19 14:00:26.558 28360-28360/? I/System.out: shl View.plist_size==361, 1624
2020-09-19 14:00:26.573 28360-28360/? I/System.out: shl View.plist_size==361, 1624
2020-09-19 14:00:26.590 28360-28360/? I/System.out: shl View.plist_size==361, 1624
2020-09-19 14:00:26.607 28360-28360/? I/System.out: shl View.plist_size==361, 1624
2020-09-19 14:00:26.607 28360-28360/? I/System.out: shl View.plist_size==361, 1624
2020-09-19 14:00:26.614 1958-2032/? I/DeviceMonitor: last release audio mix uid:10605 pid:-2
2020-09-19 14:00:26.622 676-689/? I/APM_AudioPolicyManager: stopOutput() output 13, stream 3, session 26745
2020-09-19 14:00:26.623 676-689/? I/APM_AudioPolicyManager: getNewOutputDevice() selected device 0
2020-09-19 14:00:26.623 676-689/? I/APM_AudioPolicyManager: setOutputDevice() device 0x0000 delayMs 80 force 0
2020-09-19 14:00:26.623 676-689/? I/APM_AudioPolicyManager: setOutputDevice() setting same device 0x0000 or null device
2020-09-19 14:00:26.623 676-689/? I/APM_AudioPolicyManager: checkOutputForStrategy() getDeviceForStrategy strategy=3 newDevice=2 oldDevice=2
2020-09-19 14:00:26.624 28360-28360/? I/System.out: shl View.plist_size==361, 1624
2020-09-19 14:00:26.625 1958-2032/? I/PGServer: report state:2 event type:2 pid:28360 uid:10605 pkg:null to pid: 1255
2020-09-19 14:00:26.640 28360-28360/? I/System.out: shl View.plist_size==361, 1624
2020-09-19 14:00:26.657 28360-28360/? I/System.out: shl View.plist_size==361, 1624
2020-09-19 14:00:26.673 28360-28360/? I/System.out: shl View.plist_size==361, 1624
2020-09-19 14:00:26.674 28360-28360/? I/System.out: shl View.plist_size==361, 1624
2020-09-19 14:00:26.690 28360-28360/? I/System.out: shl View.plist_size==361, 1624
2020-09-19 14:00:26.707 28360-28360/? I/System.out: shl View.plist_size==361, 1624
2020-09-19 14:00:26.710 14747-14782/? I/bt_att: GATTC_SendHandleValueConfirm conn_id=3 handle=0x2c
2020-09-19 14:00:26.710 14747-14782/? I/bt_att: GATTC_SendHandleValueConfirm conn_id=4 handle=0x2c
2020-09-19 14:00:26.711 14747-14782/? I/bt_att: GATTC_SendHandleValueConfirm conn_id=5 handle=0x2c
2020-09-19 14:00:26.711 14747-14782/? I/bt_att: GATTC_SendHandleValueConfirm conn_id=7 handle=0x2c
2020-09-19 14:00:26.711 14747-14774/? W/bt_btif: HAL bt_gatt_callbacks->client->notify_cb
2020-09-19 14:00:26.712 14747-14774/? I/bt_btif: BTA_GATTC_SendIndConfirm conn_id=6 handle=0x002c
2020-09-19 14:00:26.712 14747-14782/? I/bt_att: GATTC_SendHandleValueConfirm conn_id=6 handle=0x2c
2020-09-19 14:00:26.724 28360-28360/? I/System.out: shl View.plist_size==361, 1624
2020-09-19 14:00:26.724 28360-28360/? I/System.out: shl View.plist_size==361, 1624
2020-09-19 14:00:26.734 1255-1387/? E/WifiConfigManager: updateConfiguration freq=2412 BSSID=e0:cc:7a:4b:a6:f0 RSSI=-40 "Ss"WPA_PSK
2020-09-19 14:00:26.736 28360-28442/? I/SendBroadcastPermission: action:action.character_changed, mPermissionType:0
2020-09-19 14:00:26.740 28360-28360/? I/System.out: shl View.plist_size==361, 1624
2020-09-19 14:00:26.759 28360-28360/? E/vvvvvvvvvvv: reciverMsg： 06,05,b4,00,c8,0e,00,58,16,00,54,17,00,2e,16,00,01,13,00,98,15,00,e1,10,00,46,0e,00,ec,14,00,4e,16,00,24,18,00,8b,15,00,88,15,00,25,17,00,6c,1f,00,e1,17,00,ed,12,00,60,12,00,00,0f,00,30,10,00,44,15,00,5f,1a,00,1b,0f,00,e4,0e,00,a0,14,00,31,21,00,69,23,00,ac,21,00,37,10,00,56,11,00,03,0e,00,28,16,00,7c,18,00,64,18,00,22,1a,00,e0,1b,00,20,12,00,2c,14,00,7a,17,00,ef,17,00,05,16,00,28,18,00,67,18,00,e1,15,00,ca,1d,00,db,15,00,b8,11,00,f5,13,00,36,15,00,76,14,00,13,16,00,bf,18,00,e1,1a,00,1e,16,00,85,19,00,a3,16,00,55,16,00,f6,1f,00,c3,88,
2020-09-19 14:00:26.759 28360-28360/? I/SendBroadcastPermission: action:com.health.communication.RECEIVER, mPermissionType:0
2020-09-19 14:00:26.762 28360-28360/? I/System.out: shl View.plist_size==361, 1624
2020-09-19 14:00:26.777 28360-28360/? I/System.out: shl View.plist_size==361, 1644
2020-09-19 14:00:26.777 28360-28614/? E/MainActivity123: key == 1  ---- objs.get(smsg) [6, 5, -76, 0, -56, 14, 0, 88, 22, 0, 84, 23, 0, 46, 22, 0, 1, 19, 0, -104, 21, 0, -31, 16, 0, 70, 14, 0, -20, 20, 0, 78, 22, 0, 36, 24, 0, -117, 21, 0, -120, 21, 0, 37, 23, 0, 108, 31, 0, -31, 23, 0, -19, 18, 0, 96, 18, 0, 0, 15, 0, 48, 16, 0, 68, 21, 0, 95, 26, 0, 27, 15, 0, -28, 14, 0, -96, 20, 0, 49, 33, 0, 105, 35, 0, -84, 33, 0, 55, 16, 0, 86, 17, 0, 3, 14, 0, 40, 22, 0, 124, 24, 0, 100, 24, 0, 34, 26, 0, -32, 27, 0, 32, 18, 0, 44, 20, 0, 122, 23, 0, -17, 23, 0, 5, 22, 0, 40, 24, 0, 103, 24, 0, -31, 21, 0, -54, 29, 0, -37, 21, 0, -72, 17, 0, -11, 19, 0, 54, 21, 0, 118, 20, 0, 19, 22, 0, -65, 24, 0, -31, 26, 0, 30, 22, 0, -123, 25, 0, -93, 22, 0, 85, 22, 0, -10, 31, 0, -61, -120]
2020-09-19 14:00:26.777 28360-28360/? I/System.out: shl View.plist_size==361, 1644
2020-09-19 14:00:26.779 28360-28614/? I/smart:  msgs: 06,05,b4,00,c8,0e,00,58,16,00,54,17,00,2e,16,00,01,13,00,98,15,00,e1,10,00,46,0e,00,ec,14,00,4e,16,00,24,18,00,8b,15,00,88,15,00,25,17,00,6c,1f,00,e1,17,00,ed,12,00,60,12,00,00,0f,00,30,10,00,44,15,00,5f,1a,00,1b,0f,00,e4,0e,00,a0,14,00,31,21,00,69,23,00,ac,21,00,37,10,00,56,11,00,03,0e,00,28,16,00,7c,18,00,64,18,00,22,1a,00,e0,1b,00,20,12,00,2c,14,00,7a,17,00,ef,17,00,05,16,00,28,18,00,67,18,00,e1,15,00,ca,1d,00,db,15,00,b8,11,00,f5,13,00,36,15,00,76,14,00,13,16,00,bf,18,00,e1,1a,00,1e,16,00,85,19,00,a3,16,00,55,16,00,f6,1f,00,c3,88, isMsgClose: false isFront: false
2020-09-19 14:00:26.791 28360-28360/? I/System.out: shl View.plist_size==361, 1644
2020-09-19 14:00:26.807 28360-28360/? I/System.out: shl View.plist_size==361, 1644
2020-09-19 14:00:26.824 28360-28360/? I/System.out: shl View.plist_size==361, 1644
2020-09-19 14:00:26.840 28360-28360/? I/System.out: shl View.plist_size==361, 1644
2020-09-19 14:00:26.857 28360-28360/? I/System.out: shl View.plist_size==361, 1644
2020-09-19 14:00:26.857 28360-28360/? I/System.out: shl View.plist_size==361, 1644
2020-09-19 14:00:26.874 28360-28360/? I/System.out: shl View.plist_size==361, 1644
2020-09-19 14:00:26.890 28360-28360/? I/System.out: shl View.plist_size==361, 1644
2020-09-19 14:00:26.907 28360-28360/? I/System.out: shl View.plist_size==361, 1644
2020-09-19 14:00:26.923 28360-28360/? I/System.out: shl View.plist_size==361, 1644
2020-09-19 14:00:26.924 28360-28360/? I/System.out: shl View.plist_size==361, 1644
2020-09-19 14:00:26.935 14747-14782/? I/bt_att: GATTC_SendHandleValueConfirm conn_id=3 handle=0x2c
2020-09-19 14:00:26.935 14747-14782/? I/bt_att: GATTC_SendHandleValueConfirm conn_id=4 handle=0x2c
2020-09-19 14:00:26.936 14747-14782/? I/bt_att: GATTC_SendHandleValueConfirm conn_id=5 handle=0x2c
2020-09-19 14:00:26.936 14747-14782/? I/bt_att: GATTC_SendHandleValueConfirm conn_id=7 handle=0x2c
2020-09-19 14:00:26.936 14747-14774/? W/bt_btif: HAL bt_gatt_callbacks->client->notify_cb
2020-09-19 14:00:26.937 14747-14774/? I/bt_btif: BTA_GATTC_SendIndConfirm conn_id=6 handle=0x002c
2020-09-19 14:00:26.940 14747-14782/? I/bt_att: GATTC_SendHandleValueConfirm conn_id=6 handle=0x2c
2020-09-19 14:00:26.940 28360-28360/? I/System.out: shl View.plist_size==361, 1644
2020-09-19 14:00:26.957 28360-28360/? I/MyBleService: charUUID: be940001-7333-be46-b7ae-689e71722bd5 conning: false mDevAddr: FE:7D:E5:75:9F:89
2020-09-19 14:00:26.957 28360-28360/? I/System.out: shl View.plist_size==361, 1644
2020-09-19 14:00:26.958 28360-28442/? I/SendBroadcastPermission: action:action.character_changed, mPermissionType:0
2020-09-19 14:00:26.974 28360-28360/? I/System.out: shl View.plist_size==361, 1644
2020-09-19 14:00:26.990 28360-28360/? I/System.out: shl View.plist_size==361, 1644
2020-09-19 14:00:26.991 28360-28360/? E/vvvvvvvvvvv: reciverMsg： 06,05,b4,00,26,1e,00,65,16,00,f2,12,00,7f,18,00,47,16,00,91,16,00,3b,15,00,be,12,00,b5,1a,00,7b,1b,00,89,16,00,77,1f,00,f0,26,00,c3,1d,00,d1,05,00,54,0d,00,87,19,00,f1,15,00,7a,1a,00,1a,1c,00,f0,13,00,75,19,00,98,16,00,9d,17,00,e0,1a,00,98,20,00,4e,20,00,1c,1b,00,3d,1d,00,d6,1d,00,e2,15,00,4a,1b,00,56,1b,00,f1,17,00,3d,15,00,81,13,00,a3,13,00,ae,22,00,ab,20,00,7d,1c,00,99,1e,00,7e,1b,00,2a,1f,00,01,1d,00,2c,19,00,70,13,00,77,17,00,f9,16,00,1d,1c,00,39,20,00,6c,1a,00,bb,19,00,67,17,00,35,1c,00,48,1a,00,84,1d,00,93,15,00,3b,18,00,03,71,
2020-09-19 14:00:26.991 28360-28360/? I/SendBroadcastPermission: action:com.health.communication.RECEIVER, mPermissionType:0
2020-09-19 14:00:26.993 28360-28360/? I/System.out: shl View.plist_size==361, 1644
2020-09-19 14:00:27.009 28360-28360/? I/System.out: shl View.plist_size==361, 1663
2020-09-19 14:00:27.009 28360-28614/? E/MainActivity123: key == 1  ---- objs.get(smsg) [6, 5, -76, 0, 38, 30, 0, 101, 22, 0, -14, 18, 0, 127, 24, 0, 71, 22, 0, -111, 22, 0, 59, 21, 0, -66, 18, 0, -75, 26, 0, 123, 27, 0, -119, 22, 0, 119, 31, 0, -16, 38, 0, -61, 29, 0, -47, 5, 0, 84, 13, 0, -121, 25, 0, -15, 21, 0, 122, 26, 0, 26, 28, 0, -16, 19, 0, 117, 25, 0, -104, 22, 0, -99, 23, 0, -32, 26, 0, -104, 32, 0, 78, 32, 0, 28, 27, 0, 61, 29, 0, -42, 29, 0, -30, 21, 0, 74, 27, 0, 86, 27, 0, -15, 23, 0, 61, 21, 0, -127, 19, 0, -93, 19, 0, -82, 34, 0, -85, 32, 0, 125, 28, 0, -103, 30, 0, 126, 27, 0, 42, 31, 0, 1, 29, 0, 44, 25, 0, 112, 19, 0, 119, 23, 0, -7, 22, 0, 29, 28, 0, 57, 32, 0, 108, 26, 0, -69, 25, 0, 103, 23, 0, 53, 28, 0, 72, 26, 0, -124, 29, 0, -109, 21, 0, 59, 24, 0, 3, 113]
2020-09-19 14:00:27.011 28360-28614/? I/smart:  msgs: 06,05,b4,00,26,1e,00,65,16,00,f2,12,00,7f,18,00,47,16,00,91,16,00,3b,15,00,be,12,00,b5,1a,00,7b,1b,00,89,16,00,77,1f,00,f0,26,00,c3,1d,00,d1,05,00,54,0d,00,87,19,00,f1,15,00,7a,1a,00,1a,1c,00,f0,13,00,75,19,00,98,16,00,9d,17,00,e0,1a,00,98,20,00,4e,20,00,1c,1b,00,3d,1d,00,d6,1d,00,e2,15,00,4a,1b,00,56,1b,00,f1,17,00,3d,15,00,81,13,00,a3,13,00,ae,22,00,ab,20,00,7d,1c,00,99,1e,00,7e,1b,00,2a,1f,00,01,1d,00,2c,19,00,70,13,00,77,17,00,f9,16,00,1d,1c,00,39,20,00,6c,1a,00,bb,19,00,67,17,00,35,1c,00,48,1a,00,84,1d,00,93,15,00,3b,18,00,03,71, isMsgClose: false isFront: false
2020-09-19 14:00:27.023 28360-28360/? I/System.out: shl View.plist_size==361, 1663
2020-09-19 14:00:27.039 28360-28360/? I/System.out: shl View.plist_size==361, 1663
2020-09-19 14:00:27.057 28360-28360/? I/System.out: shl View.plist_size==361, 1663
2020-09-19 14:00:27.058 28360-28360/? I/System.out: shl View.plist_size==361, 1663
2020-09-19 14:00:27.073 28360-28360/? I/System.out: shl View.plist_size==361, 1663
2020-09-19 14:00:27.090 28360-28360/? I/System.out: shl View.plist_size==361, 1663
2020-09-19 14:00:27.107 28360-28360/? I/System.out: shl View.plist_size==361, 1663
2020-09-19 14:00:27.107 28360-28360/? I/System.out: shl View.plist_size==361, 1663
2020-09-19 14:00:27.123 28360-28360/? I/System.out: shl View.plist_size==361, 1663
