2020-09-19 14:00:31.457 28360-28360/? E/vvvvvvvvvvv: reciverMsg： 06,05,b4,00,a9,2e,00,dd,2f,00,0e,36,00,fe,2f,00,e7,2c,00,ad,2a,00,98,25,00,4f,2a,00,1f,32,00,fa,30,00,97,2a,00,6d,28,00,a6,2a,00,2b,2e,00,a4,2e,00,de,24,00,b1,1e,00,ee,2b,00,71,30,00,56,31,00,eb,2b,00,35,28,00,19,25,00,f8,25,00,16,24,00,56,22,00,db,35,00,1e,49,00,fd,4f,00,c3,5a,00,33,5f,00,1d,4f,00,dc,3c,00,de,1c,00,ce,19,00,99,27,00,fe,30,00,df,2d,00,4b,23,00,5f,2b,00,59,25,00,c1,1f,00,70,27,00,12,28,00,48,26,00,08,25,00,e6,25,00,47,33,00,59,2a,00,e4,2f,00,3a,27,00,34,23,00,bc,2c,00,4a,33,00,67,30,00,5e,2c,00,85,31,00,0c,30,00,37,64,
2020-09-19 14:00:31.457 28360-28360/? I/SendBroadcastPermission: action:com.health.communication.RECEIVER, mPermissionType:0
2020-09-19 14:00:31.459 28360-28360/? I/System.out: shl View.plist_size==361, 2011
2020-09-19 14:00:31.474 28360-28360/? I/System.out: shl View.plist_size==361, 2030
2020-09-19 14:00:31.474 28360-28614/? E/MainActivity123: key == 1  ---- objs.get(smsg) [6, 5, -76, 0, -87, 46, 0, -35, 47, 0, 14, 54, 0, -2, 47, 0, -25, 44, 0, -83, 42, 0, -104, 37, 0, 79, 42, 0, 31, 50, 0, -6, 48, 0, -105, 42, 0, 109, 40, 0, -90, 42, 0, 43, 46, 0, -92, 46, 0, -34, 36, 0, -79, 30, 0, -18, 43, 0, 113, 48, 0, 86, 49, 0, -21, 43, 0, 53, 40, 0, 25, 37, 0, -8, 37, 0, 22, 36, 0, 86, 34, 0, -37, 53, 0, 30, 73, 0, -3, 79, 0, -61, 90, 0, 51, 95, 0, 29, 79, 0, -36, 60, 0, -34, 28, 0, -50, 25, 0, -103, 39, 0, -2, 48, 0, -33, 45, 0, 75, 35, 0, 95, 43, 0, 89, 37, 0, -63, 31, 0, 112, 39, 0, 18, 40, 0, 72, 38, 0, 8, 37, 0, -26, 37, 0, 71, 51, 0, 89, 42, 0, -28, 47, 0, 58, 39, 0, 52, 35, 0, -68, 44, 0, 74, 51, 0, 103, 48, 0, 94, 44, 0, -123, 49, 0, 12, 48, 0, 55, 100]
2020-09-19 14:00:31.474 28360-28360/? I/System.out: shl View.plist_size==361, 2030
2020-09-19 14:00:31.476 28360-28614/? I/smart:  msgs: 06,05,b4,00,a9,2e,00,dd,2f,00,0e,36,00,fe,2f,00,e7,2c,00,ad,2a,00,98,25,00,4f,2a,00,1f,32,00,fa,30,00,97,2a,00,6d,28,00,a6,2a,00,2b,2e,00,a4,2e,00,de,24,00,b1,1e,00,ee,2b,00,71,30,00,56,31,00,eb,2b,00,35,28,00,19,25,00,f8,25,00,16,24,00,56,22,00,db,35,00,1e,49,00,fd,4f,00,c3,5a,00,33,5f,00,1d,4f,00,dc,3c,00,de,1c,00,ce,19,00,99,27,00,fe,30,00,df,2d,00,4b,23,00,5f,2b,00,59,25,00,c1,1f,00,70,27,00,12,28,00,48,26,00,08,25,00,e6,25,00,47,33,00,59,2a,00,e4,2f,00,3a,27,00,34,23,00,bc,2c,00,4a,33,00,67,30,00,5e,2c,00,85,31,00,0c,30,00,37,64, isMsgClose: false isFront: false
2020-09-19 14:00:31.488 28360-28360/? I/System.out: shl View.plist_size==361, 2030
2020-09-19 14:00:31.506 28360-28360/? I/System.out: shl View.plist_size==361, 2030
2020-09-19 14:00:31.522 28360-28360/? I/System.out: shl View.plist_size==361, 2030
2020-09-19 14:00:31.529 1555-1555/? I/NetworkSpeedManagerEx: mIsStop = false
2020-09-19 14:00:31.532 1555-1555/? I/NetworkSpeedManagerEx: value=0.0speed = 0K/s
2020-09-19 14:00:31.532 1555-1555/? I/NetworkSpeedView: /update(), speed=0K/s parent class:class com.android.systemui.statusbar.HwSystemIcons
2020-09-19 14:00:31.539 28360-28360/? I/System.out: shl View.plist_size==361, 2030
2020-09-19 14:00:31.546 1555-1555/? I/NetworkSpeedManagerEx: mIsStop = false
2020-09-19 14:00:31.549 1555-1555/? I/NetworkSpeedManagerEx: value=0.0speed = 0K/s
2020-09-19 14:00:31.549 1555-1555/? I/NetworkSpeedView: /update(), speed=0K/s parent class:class com.android.systemui.statusbar.HwSystemIcons
2020-09-19 14:00:31.555 28360-28360/? I/System.out: shl View.plist_size==361, 2030
2020-09-19 14:00:31.555 28360-28360/? I/System.out: shl View.plist_size==361, 2030
2020-09-19 14:00:31.572 28360-28360/? I/System.out: shl View.plist_size==361, 2030
2020-09-19 14:00:31.588 28360-28360/? I/System.out: shl View.plist_size==361, 2030
2020-09-19 14:00:31.606 28360-28360/? I/System.out: shl View.plist_size==361, 2030
2020-09-19 14:00:31.622 28360-28360/? I/System.out: shl View.plist_size==361, 2030
2020-09-19 14:00:31.622 28360-28360/? I/System.out: shl View.plist_size==361, 2030
2020-09-19 14:00:31.639 28360-28360/? I/System.out: shl View.plist_size==361, 2030
2020-09-19 14:00:31.656 28360-28360/? I/System.out: shl View.plist_size==361, 2030
2020-09-19 14:00:31.672 28360-28360/? I/System.out: shl View.plist_size==361, 2030
2020-09-19 14:00:31.689 28360-28360/? I/System.out: shl View.plist_size==361, 2030
2020-09-19 14:00:31.689 28360-28360/? I/System.out: shl View.plist_size==361, 2030
2020-09-19 14:00:31.705 14747-14782/? I/bt_att: GATTC_SendHandleValueConfirm conn_id=3 handle=0x2c
2020-09-19 14:00:31.705 14747-14782/? I/bt_att: GATTC_SendHandleValueConfirm conn_id=4 handle=0x2c
2020-09-19 14:00:31.706 14747-14782/? I/bt_att: GATTC_SendHandleValueConfirm conn_id=5 handle=0x2c
2020-09-19 14:00:31.706 14747-14782/? I/bt_att: GATTC_SendHandleValueConfirm conn_id=7 handle=0x2c
2020-09-19 14:00:31.706 14747-14774/? W/bt_btif: HAL bt_gatt_callbacks->client->notify_cb
2020-09-19 14:00:31.706 28360-28360/? I/System.out: shl View.plist_size==361, 2030
2020-09-19 14:00:31.706 14747-14774/? I/bt_btif: BTA_GATTC_SendIndConfirm conn_id=6 handle=0x002c
2020-09-19 14:00:31.707 14747-14782/? I/bt_att: GATTC_SendHandleValueConfirm conn_id=6 handle=0x2c
2020-09-19 14:00:31.722 28360-28360/? I/System.out: shl View.plist_size==361, 2030
2020-09-19 14:00:31.728 28360-28442/? I/SendBroadcastPermission: action:action.character_changed, mPermissionType:0
2020-09-19 14:00:31.738 28360-28360/? I/System.out: shl View.plist_size==361, 2030
2020-09-19 14:00:31.740 28360-28360/? I/System.out: shl View.plist_size==361, 2030
2020-09-19 14:00:31.757 28360-28360/? E/vvvvvvvvvvv: reciverMsg： 06,05,b4,00,f1,2a,00,26,29,00,d2,30,00,41,35,00,e5,34,00,17,2b,00,8d,2e,00,ec,36,00,6c,31,00,f2,28,00,b3,2e,00,d6,2d,00,24,32,00,e5,34,00,34,2e,00,72,32,00,f0,32,00,df,2b,00,83,29,00,d9,33,00,54,2f,00,5a,32,00,69,33,00,9f,35,00,46,36,00,52,36,00,fc,34,00,09,3a,00,38,31,00,36,2f,00,56,33,00,e6,3a,00,77,34,00,d5,30,00,da,31,00,c6,2d,00,80,30,00,58,32,00,cc,31,00,9e,2f,00,33,2e,00,db,2f,00,43,2c,00,e8,28,00,70,28,00,a5,2e,00,b7,2a,00,b6,28,00,8c,27,00,4a,2b,00,11,26,00,fa,2a,00,56,1e,00,e7,1e,00,75,27,00,56,1e,00,bb,26,00,c5,28,00,5d,d8,
2020-09-19 14:00:31.757 28360-28360/? I/SendBroadcastPermission: action:com.health.communication.RECEIVER, mPermissionType:0
2020-09-19 14:00:31.758 28360-28360/? I/System.out: shl View.plist_size==361, 2030
2020-09-19 14:00:31.773 28360-28360/? E/qob: hrv_evt_handle 3
2020-09-19 14:00:31.774 28360-28360/? I/System.out: shl View.plist_size==361, 2050
2020-09-19 14:00:31.775 28360-28614/? E/MainActivity123: key == 1  ---- objs.get(smsg) [6, 5, -76, 0, -15, 42, 0, 38, 41, 0, -46, 48, 0, 65, 53, 0, -27, 52, 0, 23, 43, 0, -115, 46, 0, -20, 54, 0, 108, 49, 0, -14, 40, 0, -77, 46, 0, -42, 45, 0, 36, 50, 0, -27, 52, 0, 52, 46, 0, 114, 50, 0, -16, 50, 0, -33, 43, 0, -125, 41, 0, -39, 51, 0, 84, 47, 0, 90, 50, 0, 105, 51, 0, -97, 53, 0, 70, 54, 0, 82, 54, 0, -4, 52, 0, 9, 58, 0, 56, 49, 0, 54, 47, 0, 86, 51, 0, -26, 58, 0, 119, 52, 0, -43, 48, 0, -38, 49, 0, -58, 45, 0, -128, 48, 0, 88, 50, 0, -52, 49, 0, -98, 47, 0, 51, 46, 0, -37, 47, 0, 67, 44, 0, -24, 40, 0, 112, 40, 0, -91, 46, 0, -73, 42, 0, -74, 40, 0, -116, 39, 0, 74, 43, 0, 17, 38, 0, -6, 42, 0, 86, 30, 0, -25, 30, 0, 117, 39, 0, 86, 30, 0, -69, 38, 0, -59, 40, 0, 93, -40]
2020-09-19 14:00:31.775 28360-28360/? I/MediaPlayer: [HSM] stayAwake true uid: 10605, pid: 28360
2020-09-19 14:00:31.775 1255-15158/? E/HsmCoreServiceImpl: onTransact in code is: 102
2020-09-19 14:00:31.775 1255-15158/? I/MediaProcessHandler: processOp opType: 0, uid: 10605, pid: 28360
2020-09-19 14:00:31.775 28360-28360/? I/MediaPlayer: Pid:28360 MediaPlayer::start
2020-09-19 14:00:31.776 550-31736/? I/NuPlayer: NuPlayer::canSeek,mSourceFlags = 15 
2020-09-19 14:00:31.777 676-1413/? I/hash_map_utils: key: 'mode' value: ''
2020-09-19 14:00:31.777 28360-28614/? I/smart:  msgs: 06,05,b4,00,f1,2a,00,26,29,00,d2,30,00,41,35,00,e5,34,00,17,2b,00,8d,2e,00,ec,36,00,6c,31,00,f2,28,00,b3,2e,00,d6,2d,00,24,32,00,e5,34,00,34,2e,00,72,32,00,f0,32,00,df,2b,00,83,29,00,d9,33,00,54,2f,00,5a,32,00,69,33,00,9f,35,00,46,36,00,52,36,00,fc,34,00,09,3a,00,38,31,00,36,2f,00,56,33,00,e6,3a,00,77,34,00,d5,30,00,da,31,00,c6,2d,00,80,30,00,58,32,00,cc,31,00,9e,2f,00,33,2e,00,db,2f,00,43,2c,00,e8,28,00,70,28,00,a5,2e,00,b7,2a,00,b6,28,00,8c,27,00,4a,2b,00,11,26,00,fa,2a,00,56,1e,00,e7,1e,00,75,27,00,56,1e,00,bb,26,00,c5,28,00,5d,d8, isMsgClose: false isFront: false
2020-09-19 14:00:31.777 676-9809/? I/hash_map_utils: key: 'mode' value: ''
2020-09-19 14:00:31.778 676-1414/? I/APM_AudioPolicyManager: startOutput() output 13, stream 3, session 26745
2020-09-19 14:00:31.778 676-1414/? I/APM_AudioPolicyManager: getNewOutputDevice() selected device 2
2020-09-19 14:00:31.778 676-1414/? I/APM_AudioPolicyManager: setOutputDevice() device 0x0002 delayMs 0 force 1
2020-09-19 14:00:31.778 676-1414/? I/APM_AudioPolicyManager: setOutputDevice() changing to device 0x0002 , muteWaitMs 0
2020-09-19 14:00:31.779 676-779/? I/audio_hw_primary: out_set_parameters_no_lock device:0x0, out type:0
2020-09-19 14:00:31.779 676-779/? I/audio_hw_primary: out_set_parameters_no_lock device:0x2, out type:0
2020-09-19 14:00:31.779 676-779/? I/audio_hw_primary: call_get_sample_rate: sample_rate = 16000, tty_status = 0
2020-09-19 14:00:31.779 676-779/? I/audio_hw_primary: select_devices++ mode[0]
2020-09-19 14:00:31.779 676-779/? I/audio_hw_primary: select_devices--
2020-09-19 14:00:31.779 1958-2032/? I/PGServer: report state:2 event type:1 pid:28360 uid:10605 pkg:null to pid: 1255
2020-09-19 14:00:31.779 676-1414/? I/APM_AudioPolicyManager: setOutputDevice() createAudioPatch returned 0 patchHandle 26964 num_sources 1 num_sinks 1
2020-09-19 14:00:31.780 676-1414/? I/APM_AudioPolicyManager: checkOutputForStrategy() getDeviceForStrategy strategy=3 newDevice=2 oldDevice=2
2020-09-19 14:00:31.780 676-1414/? I/AudioTrackShared: server obtain null buf part1:0 rear:156672 front:156672 mFrameCount:22050
2020-09-19 14:00:31.781 550-31736/? I/NuPlayer: performSeek before, mIsSeeking should to change to false
2020-09-19 14:00:31.781 1255-1255/? I/AudioSystem-JNI: listAudioPorts AudioSystem::listAudioPorts numPorts 7 generation 3553 generation1 3553
2020-09-19 14:00:31.788 550-31827/? I/NuPlayerDecoder: [audio] saw output EOS
2020-09-19 14:00:31.789 28360-28360/? I/System.out: shl View.plist_size==361, 2050
2020-09-19 14:00:31.806 28360-28360/? I/System.out: shl View.plist_size==361, 2050
2020-09-19 14:00:31.806 28360-28360/? I/System.out: shl View.plist_size==361, 2050
2020-09-19 14:00:31.822 28360-28360/? I/System.out: shl View.plist_size==361, 2050
2020-09-19 14:00:31.838 28360-28360/? I/System.out: shl View.plist_size==361, 2050
2020-09-19 14:00:31.856 28360-28360/? I/System.out: shl View.plist_size==361, 2050
2020-09-19 14:00:31.872 28360-28360/? I/System.out: shl View.plist_size==361, 2050
2020-09-19 14:00:31.872 28360-28360/? I/System.out: shl View.plist_size==361, 2050
2020-09-19 14:00:31.888 28360-28360/? I/System.out: shl View.plist_size==361, 2050
2020-09-19 14:00:31.906 28360-28360/? I/System.out: shl View.plist_size==361, 2050
2020-09-19 14:00:31.908 14747-14782/? I/bt_att: GATTC_SendHandleValueConfirm conn_id=3 handle=0x2c
2020-09-19 14:00:31.908 14747-14782/? I/bt_att: GATTC_SendHandleValueConfirm conn_id=4 handle=0x2c
2020-09-19 14:00:31.908 14747-14782/? I/bt_att: GATTC_SendHandleValueConfirm conn_id=5 handle=0x2c
2020-09-19 14:00:31.908 14747-14782/? I/bt_att: GATTC_SendHandleValueConfirm conn_id=7 handle=0x2c
2020-09-19 14:00:31.908 14747-14774/? W/bt_btif: HAL bt_gatt_callbacks->client->notify_cb
2020-09-19 14:00:31.908 14747-14774/? I/bt_btif: BTA_GATTC_SendIndConfirm conn_id=6 handle=0x002c
2020-09-19 14:00:31.908 14747-14782/? I/bt_att: GATTC_SendHandleValueConfirm conn_id=6 handle=0x2c
2020-09-19 14:00:31.922 28360-28360/? I/System.out: shl View.plist_size==361, 2050
2020-09-19 14:00:31.928 28360-28442/? I/SendBroadcastPermission: action:action.character_changed, mPermissionType:0
2020-09-19 14:00:31.938 28360-28360/? I/System.out: shl View.plist_size==361, 2050
2020-09-19 14:00:31.940 28360-28360/? I/System.out: shl View.plist_size==361, 2050
2020-09-19 14:00:31.957 28360-28360/? E/vvvvvvvvvvv: reciverMsg： 06,05,b4,00,a7,27,00,38,1e,00,15,23,00,2e,21,00,19,27,00,6f,23,00,50,1a,00,86,19,00,5c,1f,00,cc,1b,00,a1,1c,00,7c,25,00,ad,23,00,dc,26,00,47,1f,00,6d,1b,00,81,20,00,39,19,00,3c,1d,00,fe,25,00,88,21,00,f7,1d,00,e8,1c,00,df,1d,00,93,21,00,9e,23,00,f7,21,00,c3,1e,00,74,21,00,f3,23,00,5b,24,00,e9,1b,00,5f,18,00,80,1a,00,b6,20,00,bb,18,00,df,1e,00,ab,22,00,6d,26,00,48,17,00,00,18,00,cc,18,00,2b,15,00,a3,18,00,35,18,00,56,1d,00,0b,1d,00,5a,1a,00,fd,17,00,c2,15,00,94,1b,00,8c,22,00,04,27,00,eb,28,00,f2,11,00,02,0e,00,04,25,00,54,21,00,a6,fa,
2020-09-19 14:00:31.957 28360-28360/? I/SendBroadcastPermission: action:com.health.communication.RECEIVER, mPermissionType:0
2020-09-19 14:00:31.959 28360-28360/? I/System.out: shl View.plist_size==361, 2050
2020-09-19 14:00:31.973 28360-28360/? I/System.out: shl View.plist_size==361, 2050
2020-09-19 14:00:31.976 28360-28614/? E/MainActivity123: key == 1  ---- objs.get(smsg) [6, 5, -76, 0, -89, 39, 0, 56, 30, 0, 21, 35, 0, 46, 33, 0, 25, 39, 0, 111, 35, 0, 80, 26, 0, -122, 25, 0, 92, 31, 0, -52, 27, 0, -95, 28, 0, 124, 37, 0, -83, 35, 0, -36, 38, 0, 71, 31, 0, 109, 27, 0, -127, 32, 0, 57, 25, 0, 60, 29, 0, -2, 37, 0, -120, 33, 0, -9, 29, 0, -24, 28, 0, -33, 29, 0, -109, 33, 0, -98, 35, 0, -9, 33, 0, -61, 30, 0, 116, 33, 0, -13, 35, 0, 91, 36, 0, -23, 27, 0, 95, 24, 0, -128, 26, 0, -74, 32, 0, -69, 24, 0, -33, 30, 0, -85, 34, 0, 109, 38, 0, 72, 23, 0, 0, 24, 0, -52, 24, 0, 43, 21, 0, -93, 24, 0, 53, 24, 0, 86, 29, 0, 11, 29, 0, 90, 26, 0, -3, 23, 0, -62, 21, 0, -108, 27, 0, -116, 34, 0, 4, 39, 0, -21, 40, 0, -14, 17, 0, 2, 14, 0, 4, 37, 0, 84, 33, 0, -90, -6]
2020-09-19 14:00:31.978 28360-28614/? I/smart:  msgs: 06,05,b4,00,a7,27,00,38,1e,00,15,23,00,2e,21,00,19,27,00,6f,23,00,50,1a,00,86,19,00,5c,1f,00,cc,1b,00,a1,1c,00,7c,25,00,ad,23,00,dc,26,00,47,1f,00,6d,1b,00,81,20,00,39,19,00,3c,1d,00,fe,25,00,88,21,00,f7,1d,00,e8,1c,00,df,1d,00,93,21,00,9e,23,00,f7,21,00,c3,1e,00,74,21,00,f3,23,00,5b,24,00,e9,1b,00,5f,18,00,80,1a,00,b6,20,00,bb,18,00,df,1e,00,ab,22,00,6d,26,00,48,17,00,00,18,00,cc,18,00,2b,15,00,a3,18,00,35,18,00,56,1d,00,0b,1d,00,5a,1a,00,fd,17,00,c2,15,00,94,1b,00,8c,22,00,04,27,00,eb,28,00,f2,11,00,02,0e,00,04,25,00,54,21,00,a6,fa, isMsgClose: false isFront: false
2020-09-19 14:00:31.989 28360-28360/? I/System.out: shl View.plist_size==361, 2069
2020-09-19 14:00:31.992 676-779/? I/AudioTrackShared: server obtain null buf part1:0 rear:165888 front:165888 mFrameCount:22050
2020-09-19 14:00:32.006 28360-28360/? I/System.out: shl View.plist_size==361, 2069
2020-09-19 14:00:32.006 28360-28360/? I/MediaPlayer: [HSM] stayAwake false uid: 10605, pid: 28360
2020-09-19 14:00:32.006 1255-30339/? E/HsmCoreServiceImpl: onTransact in code is: 102
2020-09-19 14:00:32.006 1255-30339/? I/MediaProcessHandler: processOp opType: 1, uid: 10605, pid: 28360
2020-09-19 14:00:32.007 28360-28360/? I/System.out: shl View.plist_size==361, 2069
2020-09-19 14:00:32.022 28360-28360/? I/System.out: shl View.plist_size==361, 2069
2020-09-19 14:00:32.038 28360-28360/? I/System.out: shl View.plist_size==361, 2069
2020-09-19 14:00:32.054 1958-2032/? I/DeviceMonitor: last release audio mix uid:10605 pid:-2
2020-09-19 14:00:32.056 28360-28360/? I/System.out: shl View.plist_size==361, 2069
2020-09-19 14:00:32.056 28360-28360/? I/System.out: shl View.plist_size==361, 2069
2020-09-19 14:00:32.062 676-689/? I/APM_AudioPolicyManager: stopOutput() output 13, stream 3, session 26745
2020-09-19 14:00:32.063 676-689/? I/APM_AudioPolicyManager: getNewOutputDevice() selected device 0
2020-09-19 14:00:32.063 676-689/? I/APM_AudioPolicyManager: setOutputDevice() device 0x0000 delayMs 80 force 0
2020-09-19 14:00:32.063 676-689/? I/APM_AudioPolicyManager: setOutputDevice() setting same device 0x0000 or null device
2020-09-19 14:00:32.063 676-689/? I/APM_AudioPolicyManager: checkOutputForStrategy() getDeviceForStrategy strategy=3 newDevice=2 oldDevice=2
2020-09-19 14:00:32.065 1958-2032/? I/PGServer: report state:2 event type:2 pid:28360 uid:10605 pkg:null to pid: 1255
2020-09-19 14:00:32.072 28360-28360/? I/System.out: shl View.plist_size==361, 2069
2020-09-19 14:00:32.088 28360-28360/? I/System.out: shl View.plist_size==361, 2069
2020-09-19 14:00:32.106 28360-28360/? I/System.out: shl View.plist_size==361, 2069
2020-09-19 14:00:32.122 28360-28360/? I/System.out: shl View.plist_size==361, 2069
2020-09-19 14:00:32.122 28360-28360/? I/System.out: shl View.plist_size==361, 2069
2020-09-19 14:00:32.133 14747-14782/? I/bt_att: GATTC_SendHandleValueConfirm conn_id=3 handle=0x2c
2020-09-19 14:00:32.134 14747-14782/? I/bt_att: GATTC_SendHandleValueConfirm conn_id=4 handle=0x2c
2020-09-19 14:00:32.134 14747-14782/? I/bt_att: GATTC_SendHandleValueConfirm conn_id=5 handle=0x2c
2020-09-19 14:00:32.134 14747-14782/? I/bt_att: GATTC_SendHandleValueConfirm conn_id=7 handle=0x2c
2020-09-19 14:00:32.134 14747-14774/? W/bt_btif: HAL bt_gatt_callbacks->client->notify_cb
2020-09-19 14:00:32.134 14747-14774/? I/bt_btif: BTA_GATTC_SendIndConfirm conn_id=6 handle=0x002c
2020-09-19 14:00:32.134 14747-14782/? I/bt_att: GATTC_SendHandleValueConfirm conn_id=6 handle=0x2c
2020-09-19 14:00:32.138 28360-28360/? I/System.out: shl View.plist_size==361, 2069
2020-09-19 14:00:32.156 28360-28360/? I/System.out: shl View.plist_size==361, 2069
2020-09-19 14:00:32.158 28360-28442/? I/SendBroadcastPermission: action:action.character_changed, mPermissionType:0
2020-09-19 14:00:32.172 28360-28360/? I/System.out: shl View.plist_size==361, 2069
2020-09-19 14:00:32.188 28360-28360/? I/System.out: shl View.plist_size==361, 2069
2020-09-19 14:00:32.190 28360-28360/? E/vvvvvvvvvvv: reciverMsg： 06,05,b4,00,a3,15,00,34,20,00,83,1c,00,f4,16,00,c5,12,00,76,11,00,9a,19,00,18,1d,00,7e,21,00,d9,1f,00,39,1b,00,52,17,00,27,18,00,53,19,00,f7,25,00,23,20,00,05,15,00,d1,1a,00,dc,1b,00,ea,1d,00,22,1e,00,72,14,00,f9,20,00,05,22,00,e0,22,00,dc,23,00,16,1f,00,a3,1b,00,7c,1d,00,44,20,00,af,13,00,8e,0d,00,73,12,00,90,13,00,0a,1b,00,8a,16,00,02,13,00,fd,13,00,e8,14,00,6a,14,00,84,0e,00,32,0e,00,5e,12,00,60,0f,00,2e,11,00,fa,10,00,f8,14,00,2a,0d,00,86,11,00,6e,18,00,97,1b,00,bc,14,00,9f,0c,00,02,14,00,e5,1b,00,6d,26,00,2d,39,00,34,4f,00,47,79,
2020-09-19 14:00:32.190 28360-28360/? I/SendBroadcastPermission: action:com.health.communication.RECEIVER, mPermissionType:0
2020-09-19 14:00:32.191 28360-28360/? I/System.out: shl View.plist_size==361, 2069
2020-09-19 14:00:32.208 28360-28360/? I/System.out: shl View.plist_size==361, 2088
2020-09-19 14:00:32.208 28360-28614/? E/MainActivity123: key == 1  ---- objs.get(smsg) [6, 5, -76, 0, -93, 21, 0, 52, 32, 0, -125, 28, 0, -12, 22, 0, -59, 18, 0, 118, 17, 0, -102, 25, 0, 24, 29, 0, 126, 33, 0, -39, 31, 0, 57, 27, 0, 82, 23, 0, 39, 24, 0, 83, 25, 0, -9, 37, 0, 35, 32, 0, 5, 21, 0, -47, 26, 0, -36, 27, 0, -22, 29, 0, 34, 30, 0, 114, 20, 0, -7, 32, 0, 5, 34, 0, -32, 34, 0, -36, 35, 0, 22, 31, 0, -93, 27, 0, 124, 29, 0, 68, 32, 0, -81, 19, 0, -114, 13, 0, 115, 18, 0, -112, 19, 0, 10, 27, 0, -118, 22, 0, 2, 19, 0, -3, 19, 0, -24, 20, 0, 106, 20, 0, -124, 14, 0, 50, 14, 0, 94, 18, 0, 96, 15, 0, 46, 17, 0, -6, 16, 0, -8, 20, 0, 42, 13, 0, -122, 17, 0, 110, 24, 0, -105, 27, 0, -68, 20, 0, -97, 12, 0, 2, 20, 0, -27, 27, 0, 109, 38, 0, 45, 57, 0, 52, 79, 0, 71, 121]
2020-09-19 14:00:32.209 28360-28614/? I/smart:  msgs: 06,05,b4,00,a3,15,00,34,20,00,83,1c,00,f4,16,00,c5,12,00,76,11,00,9a,19,00,18,1d,00,7e,21,00,d9,1f,00,39,1b,00,52,17,00,27,18,00,53,19,00,f7,25,00,23,20,00,05,15,00,d1,1a,00,dc,1b,00,ea,1d,00,22,1e,00,72,14,00,f9,20,00,05,22,00,e0,22,00,dc,23,00,16,1f,00,a3,1b,00,7c,1d,00,44,20,00,af,13,00,8e,0d,00,73,12,00,90,13,00,0a,1b,00,8a,16,00,02,13,00,fd,13,00,e8,14,00,6a,14,00,84,0e,00,32,0e,00,5e,12,00,60,0f,00,2e,11,00,fa,10,00,f8,14,00,2a,0d,00,86,11,00,6e,18,00,97,1b,00,bc,14,00,9f,0c,00,02,14,00,e5,1b,00,6d,26,00,2d,39,00,34,4f,00,47,79, isMsgClose: false isFront: false
2020-09-19 14:00:32.222 28360-28360/? I/System.out: shl View.plist_size==361, 2088
2020-09-19 14:00:32.238 28360-28360/? I/System.out: shl View.plist_size==361, 2088
2020-09-19 14:00:32.256 28360-28360/? I/System.out: shl View.plist_size==361, 2088
2020-09-19 14:00:32.256 28360-28360/? I/System.out: shl View.plist_size==361, 2088
2020-09-19 14:00:32.272 28360-28360/? I/System.out: shl View.plist_size==361, 2088
2020-09-19 14:00:32.288 28360-28360/? I/System.out: shl View.plist_size==361, 2088
2020-09-19 14:00:32.306 28360-28360/? I/System.out: shl View.plist_size==361, 2088
2020-09-19 14:00:32.306 28360-28360/? I/System.out: shl View.plist_size==361, 2088
2020-09-19 14:00:32.322 28360-28360/? I/System.out: shl View.plist_size==361, 2088
2020-09-19 14:00:32.338 28360-28360/? I/System.out: shl View.plist_size==361, 2088
2020-09-19 14:00:32.356 28360-28360/? I/System.out: shl View.plist_size==361, 2088
2020-09-19 14:00:32.359 14747-14782/? I/bt_att: GATTC_SendHandleValueConfirm conn_id=3 handle=0x2c
2020-09-19 14:00:32.359 14747-14782/? I/bt_att: GATTC_SendHandleValueConfirm conn_id=4 handle=0x2c
2020-09-19 14:00:32.359 14747-14782/? I/bt_att: GATTC_SendHandleValueConfirm conn_id=5 handle=0x2c
2020-09-19 14:00:32.359 14747-14782/? I/bt_att: GATTC_SendHandleValueConfirm conn_id=7 handle=0x2c
2020-09-19 14:00:32.359 14747-14774/? W/bt_btif: HAL bt_gatt_callbacks->client->notify_cb
2020-09-19 14:00:32.360 14747-14774/? I/bt_btif: BTA_GATTC_SendIndConfirm conn_id=6 handle=0x002c
2020-09-19 14:00:32.360 14747-14782/? I/bt_att: GATTC_SendHandleValueConfirm conn_id=6 handle=0x2c
2020-09-19 14:00:32.372 28360-28360/? I/System.out: shl View.plist_size==361, 2088
2020-09-19 14:00:32.372 28360-28360/? I/System.out: shl View.plist_size==361, 2088
2020-09-19 14:00:32.383 28360-28442/? I/SendBroadcastPermission: action:action.character_changed, mPermissionType:0
2020-09-19 14:00:32.388 28360-28360/? I/System.out: shl View.plist_size==361, 2088
2020-09-19 14:00:32.406 28360-28360/? E/vvvvvvvvvvv: reciverMsg： 06,05,b4,00,f9,54,00,3e,37,00,87,1a,00,cc,09,00,82,0c,00,9e,14,00,58,1e,00,b5,13,00,20,0a,00,27,0d,00,0c,10,00,ff,0c,00,3e,06,00,3f,0a,00,95,0e,00,fa,0c,00,97,0c,00,80,01,00,24,07,00,38,13,00,0a,0c,00,72,0f,00,f4,13,00,cf,07,00,30,09,00,5a,12,00,32,17,00,05,0d,00,b1,06,00,dd,0a,00,3a,14,00,72,11,00,9f,0a,00,52,0b,00,a5,07,00,1d,08,00,36,0b,00,c8,0b,00,c4,0d,00,b2,12,00,6a,15,00,9d,17,00,d7,12,00,28,0a,00,c5,08,00,5d,0a,00,cd,08,00,ee,05,00,c9,0e,00,eb,16,00,5c,0b,00,94,0e,00,79,12,00,c4,0f,00,06,14,00,4b,05,00,1d,0e,00,7f,0b,00,d9,03,
2020-09-19 14:00:32.407 28360-28360/? I/SendBroadcastPermission: action:com.health.communication.RECEIVER, mPermissionType:0
2020-09-19 14:00:32.408 28360-28360/? I/System.out: shl View.plist_size==361, 2088
2020-09-19 14:00:32.424 28360-28360/? I/System.out: shl View.plist_size==361, 2108
2020-09-19 14:00:32.424 28360-28614/? E/MainActivity123: key == 1  ---- objs.get(smsg) [6, 5, -76, 0, -7, 84, 0, 62, 55, 0, -121, 26, 0, -52, 9, 0, -126, 12, 0, -98, 20, 0, 88, 30, 0, -75, 19, 0, 32, 10, 0, 39, 13, 0, 12, 16, 0, -1, 12, 0, 62, 6, 0, 63, 10, 0, -107, 14, 0, -6, 12, 0, -105, 12, 0, -128, 1, 0, 36, 7, 0, 56, 19, 0, 10, 12, 0, 114, 15, 0, -12, 19, 0, -49, 7, 0, 48, 9, 0, 90, 18, 0, 50, 23, 0, 5, 13, 0, -79, 6, 0, -35, 10, 0, 58, 20, 0, 114, 17, 0, -97, 10, 0, 82, 11, 0, -91, 7, 0, 29, 8, 0, 54, 11, 0, -56, 11, 0, -60, 13, 0, -78, 18, 0, 106, 21, 0, -99, 23, 0, -41, 18, 0, 40, 10, 0, -59, 8, 0, 93, 10, 0, -51, 8, 0, -18, 5, 0, -55, 14, 0, -21, 22, 0, 92, 11, 0, -108, 14, 0, 121, 18, 0, -60, 15, 0, 6, 20, 0, 75, 5, 0, 29, 14, 0, 127, 11, 0, -39, 3]
2020-09-19 14:00:32.424 28360-28360/? I/System.out: shl View.plist_size==361, 2108
2020-09-19 14:00:32.425 28360-28614/? I/smart:  msgs: 06,05,b4,00,f9,54,00,3e,37,00,87,1a,00,cc,09,00,82,0c,00,9e,14,00,58,1e,00,b5,13,00,20,0a,00,27,0d,00,0c,10,00,ff,0c,00,3e,06,00,3f,0a,00,95,0e,00,fa,0c,00,97,0c,00,80,01,00,24,07,00,38,13,00,0a,0c,00,72,0f,00,f4,13,00,cf,07,00,30,09,00,5a,12,00,32,17,00,05,0d,00,b1,06,00,dd,0a,00,3a,14,00,72,11,00,9f,0a,00,52,0b,00,a5,07,00,1d,08,00,36,0b,00,c8,0b,00,c4,0d,00,b2,12,00,6a,15,00,9d,17,00,d7,12,00,28,0a,00,c5,08,00,5d,0a,00,cd,08,00,ee,05,00,c9,0e,00,eb,16,00,5c,0b,00,94,0e,00,79,12,00,c4,0f,00,06,14,00,4b,05,00,1d,0e,00,7f,0b,00,d9,03, isMsgClose: false isFront: false
2020-09-19 14:00:32.439 28360-28360/? I/System.out: shl View.plist_size==361, 2108
2020-09-19 14:00:32.455 28360-28360/? I/System.out: shl View.plist_size==361, 2108
2020-09-19 14:00:32.471 28360-28360/? I/System.out: shl View.plist_size==361, 2108
2020-09-19 14:00:32.488 28360-28360/? I/System.out: shl View.plist_size==361, 2108
2020-09-19 14:00:32.506 28360-28360/? I/System.out: shl View.plist_size==361, 2108
2020-09-19 14:00:32.506 28360-28360/? I/System.out: shl View.plist_size==361, 2108
2020-09-19 14:00:32.522 28360-28360/? I/System.out: shl View.plist_size==361, 2108
2020-09-19 14:00:32.538 28360-28360/? I/System.out: shl View.plist_size==361, 2108
2020-09-19 14:00:32.556 28360-28360/? I/System.out: shl View.plist_size==361, 2108
2020-09-19 14:00:32.556 28360-28360/? I/System.out: shl View.plist_size==361, 2108
2020-09-19 14:00:32.572 28360-28360/? I/System.out: shl View.plist_size==361, 2108
2020-09-19 14:00:32.588 28360-28360/? I/System.out: shl View.plist_size==361, 2108
2020-09-19 14:00:32.605 14747-14782/? I/bt_att: GATTC_SendHandleValueConfirm conn_id=3 handle=0x2c
2020-09-19 14:00:32.605 14747-14782/? I/bt_att: GATTC_SendHandleValueConfirm conn_id=4 handle=0x2c
2020-09-19 14:00:32.606 14747-14782/? I/bt_att: GATTC_SendHandleValueConfirm conn_id=5 handle=0x2c
2020-09-19 14:00:32.606 14747-14774/? W/bt_btif: HAL bt_gatt_callbacks->client->notify_cb
2020-09-19 14:00:32.606 28360-28360/? I/System.out: shl View.plist_size==361, 2108
2020-09-19 14:00:32.606 14747-14782/? I/bt_att: GATTC_SendHandleValueConfirm conn_id=7 handle=0x2c
2020-09-19 14:00:32.607 14747-14774/? I/bt_btif: BTA_GATTC_SendIndConfirm conn_id=6 handle=0x002c
2020-09-19 14:00:32.607 14747-14782/? I/bt_att: GATTC_SendHandleValueConfirm conn_id=6 handle=0x2c
2020-09-19 14:00:32.622 28360-28360/? I/System.out: shl View.plist_size==361, 2108
2020-09-19 14:00:32.622 28360-28360/? I/System.out: shl View.plist_size==361, 2108
2020-09-19 14:00:32.632 28360-28442/? I/SendBroadcastPermission: action:action.character_changed, mPermissionType:0
2020-09-19 14:00:32.638 28360-28360/? I/System.out: shl View.plist_size==361, 2108
2020-09-19 14:00:32.656 28360-28360/? E/vvvvvvvvvvv: reciverMsg： 06,05,b4,00,60,0c,00,18,17,00,12,1f,00,93,13,00,4b,10,00,cb,0c,00,c6,0d,00,46,04,00,86,07,00,41,08,00,1f,15,00,15,0c,00,9a,0a,00,73,14,00,ce,05,00,fa,0a,00,10,14,00,3c,0f,00,f4,04,00,38,04,00,6b,0b,00,04,05,00,f5,03,00,3f,03,00,c1,ff,ff,74,09,00,30,0a,00,35,ff,ff,e4,01,00,13,02,00,e7,0c,00,5a,0f,00,46,08,00,cc,02,00,e2,03,00,5d,0e,00,cd,11,00,ec,10,00,30,08,00,62,07,00,95,05,00,a9,03,00,e2,0a,00,dc,05,00,62,06,00,89,0b,00,02,1b,00,8e,23,00,ef,07,00,8e,09,00,23,10,00,59,12,00,ad,10,00,59,0f,00,50,0b,00,72,0d,00,d5,05,00,bc,14,00,6e,e6,
2020-09-19 14:00:32.657 28360-28360/? I/SendBroadcastPermission: action:com.health.communication.RECEIVER, mPermissionType:0
2020-09-19 14:00:32.658 28360-28360/? I/System.out: shl View.plist_size==361, 2108
2020-09-19 14:00:32.673 28360-28360/? E/qob: hrv_evt_handle 3
2020-09-19 14:00:32.674 28360-28360/? I/System.out: shl View.plist_size==361, 2127
2020-09-19 14:00:32.674 28360-28614/? E/MainActivity123: key == 1  ---- objs.get(smsg) [6, 5, -76, 0, 96, 12, 0, 24, 23, 0, 18, 31, 0, -109, 19, 0, 75, 16, 0, -53, 12, 0, -58, 13, 0, 70, 4, 0, -122, 7, 0, 65, 8, 0, 31, 21, 0, 21, 12, 0, -102, 10, 0, 115, 20, 0, -50, 5, 0, -6, 10, 0, 16, 20, 0, 60, 15, 0, -12, 4, 0, 56, 4, 0, 107, 11, 0, 4, 5, 0, -11, 3, 0, 63, 3, 0, -63, -1, -1, 116, 9, 0, 48, 10, 0, 53, -1, -1, -28, 1, 0, 19, 2, 0, -25, 12, 0, 90, 15, 0, 70, 8, 0, -52, 2, 0, -30, 3, 0, 93, 14, 0, -51, 17, 0, -20, 16, 0, 48, 8, 0, 98, 7, 0, -107, 5, 0, -87, 3, 0, -30, 10, 0, -36, 5, 0, 98, 6, 0, -119, 11, 0, 2, 27, 0, -114, 35, 0, -17, 7, 0, -114, 9, 0, 35, 16, 0, 89, 18, 0, -83, 16, 0, 89, 15, 0, 80, 11, 0, 114, 13, 0, -43, 5, 0, -68, 20, 0, 110, -26]
2020-09-19 14:00:32.674 28360-28360/? I/System.out: shl View.plist_size==361, 2127
2020-09-19 14:00:32.675 28360-28360/? I/MediaPlayer: [HSM] stayAwake true uid: 10605, pid: 28360
2020-09-19 14:00:32.675 1255-2000/? E/HsmCoreServiceImpl: onTransact in code is: 102
2020-09-19 14:00:32.675 1255-2000/? I/MediaProcessHandler: processOp opType: 0, uid: 10605, pid: 28360
2020-09-19 14:00:32.675 28360-28360/? I/MediaPlayer: Pid:28360 MediaPlayer::start
2020-09-19 14:00:32.676 28360-28614/? I/smart:  msgs: 06,05,b4,00,60,0c,00,18,17,00,12,1f,00,93,13,00,4b,10,00,cb,0c,00,c6,0d,00,46,04,00,86,07,00,41,08,00,1f,15,00,15,0c,00,9a,0a,00,73,14,00,ce,05,00,fa,0a,00,10,14,00,3c,0f,00,f4,04,00,38,04,00,6b,0b,00,04,05,00,f5,03,00,3f,03,00,c1,ff,ff,74,09,00,30,0a,00,35,ff,ff,e4,01,00,13,02,00,e7,0c,00,5a,0f,00,46,08,00,cc,02,00,e2,03,00,5d,0e,00,cd,11,00,ec,10,00,30,08,00,62,07,00,95,05,00,a9,03,00,e2,0a,00,dc,05,00,62,06,00,89,0b,00,02,1b,00,8e,23,00,ef,07,00,8e,09,00,23,10,00,59,12,00,ad,10,00,59,0f,00,50,0b,00,72,0d,00,d5,05,00,bc,14,00,6e,e6, isMsgClose: false isFront: false
2020-09-19 14:00:32.677 550-31736/? I/NuPlayer: NuPlayer::canSeek,mSourceFlags = 15 
2020-09-19 14:00:32.677 676-676/? I/hash_map_utils: key: 'mode' value: ''
2020-09-19 14:00:32.678 676-28708/? I/hash_map_utils: key: 'mode' value: ''
2020-09-19 14:00:32.678 676-787/? I/APM_AudioPolicyManager: startOutput() output 13, stream 3, session 26745
2020-09-19 14:00:32.678 676-787/? I/APM_AudioPolicyManager: getNewOutputDevice() selected device 2
2020-09-19 14:00:32.678 676-787/? I/APM_AudioPolicyManager: setOutputDevice() device 0x0002 delayMs 0 force 1
2020-09-19 14:00:32.678 676-787/? I/APM_AudioPolicyManager: setOutputDevice() changing to device 0x0002 , muteWaitMs 0
2020-09-19 14:00:32.679 676-779/? I/audio_hw_primary: out_set_parameters_no_lock device:0x0, out type:0
2020-09-19 14:00:32.679 676-779/? I/audio_hw_primary: out_set_parameters_no_lock device:0x2, out type:0
2020-09-19 14:00:32.679 676-779/? I/audio_hw_primary: call_get_sample_rate: sample_rate = 16000, tty_status = 0
2020-09-19 14:00:32.679 676-779/? I/audio_hw_primary: select_devices++ mode[0]
2020-09-19 14:00:32.679 676-779/? I/audio_hw_primary: select_devices--
2020-09-19 14:00:32.679 1958-2032/? I/PGServer: report state:2 event type:1 pid:28360 uid:10605 pkg:null to pid: 1255
2020-09-19 14:00:32.679 676-787/? I/APM_AudioPolicyManager: setOutputDevice() createAudioPatch returned 0 patchHandle 26972 num_sources 1 num_sinks 1
2020-09-19 14:00:32.680 676-787/? I/APM_AudioPolicyManager: checkOutputForStrategy() getDeviceForStrategy strategy=3 newDevice=2 oldDevice=2
2020-09-19 14:00:32.680 676-787/? I/AudioTrackShared: server obtain null buf part1:0 rear:165888 front:165888 mFrameCount:22050
2020-09-19 14:00:32.680 1255-1255/? I/AudioSystem-JNI: listAudioPorts AudioSystem::listAudioPorts numPorts 7 generation 3554 generation1 3554
2020-09-19 14:00:32.681 550-31736/? I/NuPlayer: performSeek before, mIsSeeking should to change to false
2020-09-19 14:00:32.685 550-31827/? I/NuPlayerDecoder: [audio] saw output EOS
2020-09-19 14:00:32.688 28360-28360/? I/System.out: shl View.plist_size==361, 2127
2020-09-19 14:00:32.705 28360-28360/? I/System.out: shl View.plist_size==361, 2127
2020-09-19 14:00:32.721 28360-28360/? I/System.out: shl View.plist_size==361, 2127
2020-09-19 14:00:32.738 28360-28360/? I/System.out: shl View.plist_size==361, 2127
2020-09-19 14:00:32.738 28360-28360/? I/System.out: shl View.plist_size==361, 2127
2020-09-19 14:00:32.752 1255-1387/? E/WifiConfigManager: updateConfiguration freq=2412 BSSID=e0:cc:7a:4b:a6:f0 RSSI=-40 "Ss"WPA_PSK
2020-09-19 14:00:32.756 28360-28360/? I/System.out: shl View.plist_size==361, 2127
2020-09-19 14:00:32.772 28360-28360/? I/System.out: shl View.plist_size==361, 2127
2020-09-19 14:00:32.788 28360-28360/? I/System.out: shl View.plist_size==361, 2127
2020-09-19 14:00:32.806 28360-28360/? I/System.out: shl View.plist_size==361, 2127
2020-09-19 14:00:32.806 28360-28360/? I/System.out: shl View.plist_size==361, 2127
2020-09-19 14:00:32.822 28360-28360/? I/System.out: shl View.plist_size==361, 2127
2020-09-19 14:00:32.830 14747-14782/? I/bt_att: GATTC_SendHandleValueConfirm conn_id=3 handle=0x2c
2020-09-19 14:00:32.830 14747-14782/? I/bt_att: GATTC_SendHandleValueConfirm conn_id=4 handle=0x2c
2020-09-19 14:00:32.831 14747-14782/? I/bt_att: GATTC_SendHandleValueConfirm conn_id=5 handle=0x2c
2020-09-19 14:00:32.831 14747-14782/? I/bt_att: GATTC_SendHandleValueConfirm conn_id=7 handle=0x2c
2020-09-19 14:00:32.831 14747-14774/? W/bt_btif: HAL bt_gatt_callbacks->client->notify_cb
2020-09-19 14:00:32.838 28360-28360/? I/System.out: shl View.plist_size==361, 2127
2020-09-19 14:00:32.848 14747-14774/? I/bt_btif: BTA_GATTC_SendIndConfirm conn_id=6 handle=0x002c
2020-09-19 14:00:32.848 14747-14782/? I/bt_att: GATTC_SendHandleValueConfirm conn_id=6 handle=0x2c
2020-09-19 14:00:32.856 28360-28360/? I/System.out: shl View.plist_size==361, 2127
2020-09-19 14:00:32.872 28360-28360/? I/System.out: shl View.plist_size==361, 2127
2020-09-19 14:00:32.872 28360-28360/? I/System.out: shl View.plist_size==361, 2127
2020-09-19 14:00:32.872 28360-28442/? I/SendBroadcastPermission: action:action.character_changed, mPermissionType:0
2020-09-19 14:00:32.889 28360-28360/? I/System.out: shl View.plist_size==361, 2127
2020-09-19 14:00:32.892 676-779/? I/AudioTrackShared: server obtain null buf part1:0 rear:175104 front:175104 mFrameCount:22050
2020-09-19 14:00:32.901 1255-1444/? E/HwCHRWebMonitor: WebMonitor [mNetWorkIsSuck=0 mUIDIsSuck=]  WebSpeed [WEBSENDSEGS=0  WEBRESENDSEGS=0  WEBRECVSEGS=0  WEBERRSEGS=0  WEBOUTRSTS=0  WEBESTABLISRST=0  WEBRTTDURATION=0  WEBRTTSEGS=0  WEBSRTT=1480  WEBSNDDUPACKS=0  SENDSEGS=0  RESENDSEGS=0  RECVSEGS=0  ERRSEGS=0  OUTRSTS=0  ESTABLISRST=0  RTTDURATION=0  RTTSEGS=0  SNDDUPACKS=0  suckTimes=0 recovage_times=0]
2020-09-19 14:00:32.901 1255-1444/? E/HwCHRWifiRSSIGroupSummery: updateTcpSummery mRSSI:-40  HwCHRWifiRSSIGroup [rssi_index=4, rtt_tcp_packets=5466, rtt_tcp_duration=549994, rtt_lan_duration=8137, rtt_lan_failures=0, rtt_lan_succ=533, rtt_lan_max=155, rtt_lan_min=1,same_area_frequency=0,adjacent_area_frequency=0]
2020-09-19 14:00:32.903 1255-1444/? E/HwCHRWebMonitor: HwCHRWifiPacketCnt [mTXGood=0, mTXbad=0, mRXGood=0] rssi=-40
2020-09-19 14:00:32.903 1255-1444/? E/HwCHRWebMonitor: running processName=com.zhuoting.healthd
2020-09-19 14:00:32.907 28360-28360/? E/vvvvvvvvvvv: reciverMsg： 06,05,b4,00,98,0f,00,08,06,00,72,0c,00,39,15,00,27,0c,00,75,07,00,64,0d,00,52,0e,00,2c,0c,00,97,13,00,20,06,00,db,0b,00,a4,04,00,d0,04,00,01,04,00,15,07,00,7c,0d,00,30,0d,00,61,02,00,9f,09,00,ab,07,00,8c,04,00,8a,0a,00,ce,06,00,23,08,00,d8,02,00,08,07,00,65,03,00,92,02,00,fa,02,00,86,0a,00,4e,02,00,78,00,00,a9,04,00,40,06,00,e4,01,00,ed,04,00,cd,07,00,5a,fb,ff,85,fb,ff,2c,07,00,46,01,00,63,fc,ff,f8,fe,ff,71,ff,ff,8d,03,00,5c,00,00,4e,07,00,50,ff,ff,03,fd,ff,ec,0a,00,11,07,00,41,0f,00,bc,04,00,9e,01,00,60,04,00,31,fb,ff,ec,f9,ff,78,de,
2020-09-19 14:00:32.907 28360-28360/? I/SendBroadcastPermission: action:com.health.communication.RECEIVER, mPermissionType:0
2020-09-19 14:00:32.908 28360-28360/? I/MediaPlayer: [HSM] stayAwake false uid: 10605, pid: 28360
2020-09-19 14:00:32.909 1255-26912/? E/HsmCoreServiceImpl: onTransact in code is: 102
2020-09-19 14:00:32.909 1255-26912/? I/MediaProcessHandler: processOp opType: 1, uid: 10605, pid: 28360
2020-09-19 14:00:32.909 28360-28360/? I/System.out: shl View.plist_size==361, 2127
2020-09-19 14:00:32.912 28360-28360/? I/System.out: shl View.plist_size==361, 2146
2020-09-19 14:00:32.912 28360-28614/? E/MainActivity123: key == 1  ---- objs.get(smsg) [6, 5, -76, 0, -104, 15, 0, 8, 6, 0, 114, 12, 0, 57, 21, 0, 39, 12, 0, 117, 7, 0, 100, 13, 0, 82, 14, 0, 44, 12, 0, -105, 19, 0, 32, 6, 0, -37, 11, 0, -92, 4, 0, -48, 4, 0, 1, 4, 0, 21, 7, 0, 124, 13, 0, 48, 13, 0, 97, 2, 0, -97, 9, 0, -85, 7, 0, -116, 4, 0, -118, 10, 0, -50, 6, 0, 35, 8, 0, -40, 2, 0, 8, 7, 0, 101, 3, 0, -110, 2, 0, -6, 2, 0, -122, 10, 0, 78, 2, 0, 120, 0, 0, -87, 4, 0, 64, 6, 0, -28, 1, 0, -19, 4, 0, -51, 7, 0, 90, -5, -1, -123, -5, -1, 44, 7, 0, 70, 1, 0, 99, -4, -1, -8, -2, -1, 113, -1, -1, -115, 3, 0, 92, 0, 0, 78, 7, 0, 80, -1, -1, 3, -3, -1, -20, 10, 0, 17, 7, 0, 65, 15, 0, -68, 4, 0, -98, 1, 0, 96, 4, 0, 49, -5, -1, -20, -7, -1, 120, -34]
2020-09-19 14:00:32.913 28360-28614/? I/smart:  msgs: 06,05,b4,00,98,0f,00,08,06,00,72,0c,00,39,15,00,27,0c,00,75,07,00,64,0d,00,52,0e,00,2c,0c,00,97,13,00,20,06,00,db,0b,00,a4,04,00,d0,04,00,01,04,00,15,07,00,7c,0d,00,30,0d,00,61,02,00,9f,09,00,ab,07,00,8c,04,00,8a,0a,00,ce,06,00,23,08,00,d8,02,00,08,07,00,65,03,00,92,02,00,fa,02,00,86,0a,00,4e,02,00,78,00,00,a9,04,00,40,06,00,e4,01,00,ed,04,00,cd,07,00,5a,fb,ff,85,fb,ff,2c,07,00,46,01,00,63,fc,ff,f8,fe,ff,71,ff,ff,8d,03,00,5c,00,00,4e,07,00,50,ff,ff,03,fd,ff,ec,0a,00,11,07,00,41,0f,00,bc,04,00,9e,01,00,60,04,00,31,fb,ff,ec,f9,ff,78,de, isMsgClose: false isFront: false
2020-09-19 14:00:32.938 28360-28360/? I/System.out: shl View.plist_size==361, 2146
2020-09-19 14:00:32.939 28360-28360/? I/System.out: shl View.plist_size==361, 2146
2020-09-19 14:00:32.953 1958-2032/? I/DeviceMonitor: last release audio mix uid:10605 pid:-2
2020-09-19 14:00:32.955 28360-28360/? I/MyBleService: charUUID: be940001-7333-be46-b7ae-689e71722bd5 conning: false mDevAddr: FE:7D:E5:75:9F:89
2020-09-19 14:00:32.955 28360-28360/? I/System.out: shl View.plist_size==361, 2146
2020-09-19 14:00:32.962 676-689/? I/APM_AudioPolicyManager: stopOutput() output 13, stream 3, session 26745
2020-09-19 14:00:32.962 676-689/? I/APM_AudioPolicyManager: getNewOutputDevice() selected device 0
2020-09-19 14:00:32.962 676-689/? I/APM_AudioPolicyManager: setOutputDevice() device 0x0000 delayMs 80 force 0
2020-09-19 14:00:32.963 676-689/? I/APM_AudioPolicyManager: setOutputDevice() setting same device 0x0000 or null device
2020-09-19 14:00:32.963 676-689/? I/APM_AudioPolicyManager: checkOutputForStrategy() getDeviceForStrategy strategy=3 newDevice=2 oldDevice=2
2020-09-19 14:00:32.964 1958-2032/? I/PGServer: report state:2 event type:2 pid:28360 uid:10605 pkg:null to pid: 1255
2020-09-19 14:00:32.969 28360-28360/? I/System.out: shl View.plist_size==361, 2146
2020-09-19 14:00:32.988 28360-28360/? I/System.out: shl View.plist_size==361, 2146
2020-09-19 14:00:32.988 28360-28360/? I/System.out: shl View.plist_size==361, 2146
2020-09-19 14:00:33.005 28360-28360/? I/System.out: shl View.plist_size==361, 2146
2020-09-19 14:00:33.024 28360-28360/? I/System.out: shl View.plist_size==361, 2146
2020-09-19 14:00:33.041 28360-28360/? I/System.out: shl View.plist_size==361, 2146
2020-09-19 14:00:33.041 28360-28360/? I/System.out: shl View.plist_size==361, 2146
2020-09-19 14:00:33.056 28360-28360/? I/System.out: shl View.plist_size==361, 2146
2020-09-19 14:00:33.072 28360-28360/? I/System.out: shl View.plist_size==361, 2146
2020-09-19 14:00:33.078 14747-14782/? I/bt_att: GATTC_SendHandleValueConfirm conn_id=3 handle=0x2c
2020-09-19 14:00:33.079 14747-14782/? I/bt_att: GATTC_SendHandleValueConfirm conn_id=4 handle=0x2c
2020-09-19 14:00:33.079 14747-14782/? I/bt_att: GATTC_SendHandleValueConfirm conn_id=5 handle=0x2c
2020-09-19 14:00:33.079 14747-14782/? I/bt_att: GATTC_SendHandleValueConfirm conn_id=7 handle=0x2c
2020-09-19 14:00:33.079 14747-14774/? W/bt_btif: HAL bt_gatt_callbacks->client->notify_cb
2020-09-19 14:00:33.079 14747-14774/? I/bt_btif: BTA_GATTC_SendIndConfirm conn_id=6 handle=0x002c
2020-09-19 14:00:33.079 14747-14782/? I/bt_att: GATTC_SendHandleValueConfirm conn_id=6 handle=0x2c
2020-09-19 14:00:33.088 28360-28360/? I/System.out: shl View.plist_size==361, 2146
2020-09-19 14:00:33.090 28360-28442/? I/SendBroadcastPermission: action:action.character_changed, mPermissionType:0
2020-09-19 14:00:33.106 28360-28360/? I/System.out: shl View.plist_size==361, 2146
2020-09-19 14:00:33.107 28360-28360/? I/System.out: shl View.plist_size==361, 2146
2020-09-19 14:00:33.123 28360-28360/? E/vvvvvvvvvvv: reciverMsg： 06,05,b4,00,48,06,00,2d,0e,00,97,06,00,ac,f9,ff,95,0e,00,84,03,00,d3,02,00,8c,01,00,ab,09,00,d3,0d,00,7d,0b,00,ae,fd,ff,94,02,00,34,05,00,c4,09,00,eb,10,00,a0,07,00,34,02,00,ff,00,00,bc,05,00,f1,0c,00,66,0f,00,f6,08,00,5a,05,00,4a,0b,00,5e,05,00,b3,08,00,e0,02,00,4f,0f,00,a8,11,00,73,02,00,eb,10,00,ee,14,00,6a,14,00,30,19,00,0d,1f,00,94,22,00,23,20,00,cc,17,00,2e,06,00,dc,13,00,4c,14,00,82,13,00,c9,0e,00,a8,13,00,55,06,00,4f,0c,00,2d,1c,00,2b,18,00,9d,08,00,34,0f,00,0c,16,00,41,14,00,94,05,00,db,01,00,64,0f,00,0d,0e,00,29,0d,00,ba,58,
2020-09-19 14:00:33.123 28360-28360/? I/SendBroadcastPermission: action:com.health.communication.RECEIVER, mPermissionType:0
2020-09-19 14:00:33.126 28360-28360/? I/System.out: shl View.plist_size==361, 2146
2020-09-19 14:00:33.141 28360-28360/? I/System.out: shl View.plist_size==361, 2166
2020-09-19 14:00:33.142 28360-28614/? E/MainActivity123: key == 1  ---- objs.get(smsg) [6, 5, -76, 0, 72, 6, 0, 45, 14, 0, -105, 6, 0, -84, -7, -1, -107, 14, 0, -124, 3, 0, -45, 2, 0, -116, 1, 0, -85, 9, 0, -45, 13, 0, 125, 11, 0, -82, -3, -1, -108, 2, 0, 52, 5, 0, -60, 9, 0, -21, 16, 0, -96, 7, 0, 52, 2, 0, -1, 0, 0, -68, 5, 0, -15, 12, 0, 102, 15, 0, -10, 8, 0, 90, 5, 0, 74, 11, 0, 94, 5, 0, -77, 8, 0, -32, 2, 0, 79, 15, 0, -88, 17, 0, 115, 2, 0, -21, 16, 0, -18, 20, 0, 106, 20, 0, 48, 25, 0, 13, 31, 0, -108, 34, 0, 35, 32, 0, -52, 23, 0, 46, 6, 0, -36, 19, 0, 76, 20, 0, -126, 19, 0, -55, 14, 0, -88, 19, 0, 85, 6, 0, 79, 12, 0, 45, 28, 0, 43, 24, 0, -99, 8, 0, 52, 15, 0, 12, 22, 0, 65, 20, 0, -108, 5, 0, -37, 1, 0, 100, 15, 0, 13, 14, 0, 41, 13, 0, -70, 88]
2020-09-19 14:00:33.145 28360-28614/? I/smart:  msgs: 06,05,b4,00,48,06,00,2d,0e,00,97,06,00,ac,f9,ff,95,0e,00,84,03,00,d3,02,00,8c,01,00,ab,09,00,d3,0d,00,7d,0b,00,ae,fd,ff,94,02,00,34,05,00,c4,09,00,eb,10,00,a0,07,00,34,02,00,ff,00,00,bc,05,00,f1,0c,00,66,0f,00,f6,08,00,5a,05,00,4a,0b,00,5e,05,00,b3,08,00,e0,02,00,4f,0f,00,a8,11,00,73,02,00,eb,10,00,ee,14,00,6a,14,00,30,19,00,0d,1f,00,94,22,00,23,20,00,cc,17,00,2e,06,00,dc,13,00,4c,14,00,82,13,00,c9,0e,00,a8,13,00,55,06,00,4f,0c,00,2d,1c,00,2b,18,00,9d,08,00,34,0f,00,0c,16,00,41,14,00,94,05,00,db,01,00,64,0f,00,0d,0e,00,29,0d,00,ba,58, isMsgClose: false isFront: false
2020-09-19 14:00:33.156 28360-28360/? I/System.out: shl View.plist_size==361, 2166
2020-09-19 14:00:33.172 28360-28360/? I/System.out: shl View.plist_size==361, 2166
2020-09-19 14:00:33.172 28360-28360/? I/System.out: shl View.plist_size==361, 2166
2020-09-19 14:00:33.189 28360-28360/? I/System.out: shl View.plist_size==361, 2166
2020-09-19 14:00:33.206 28360-28360/? I/System.out: shl View.plist_size==361, 2166
2020-09-19 14:00:33.222 28360-28360/? I/System.out: shl View.plist_size==361, 2166
2020-09-19 14:00:33.239 28360-28360/? I/System.out: shl View.plist_size==361, 2166
2020-09-19 14:00:33.239 28360-28360/? I/System.out: shl View.plist_size==361, 2166
2020-09-19 14:00:33.256 28360-28360/? I/System.out: shl View.plist_size==361, 2166
2020-09-19 14:00:33.272 28360-28360/? I/System.out: shl View.plist_size==361, 2166
2020-09-19 14:00:33.289 28360-28360/? I/System.out: shl View.plist_size==361, 2166
2020-09-19 14:00:33.303 14747-14782/? I/bt_att: GATTC_SendHandleValueConfirm conn_id=3 handle=0x2c
2020-09-19 14:00:33.303 14747-14782/? I/bt_att: GATTC_SendHandleValueConfirm conn_id=4 handle=0x2c
2020-09-19 14:00:33.303 14747-14782/? I/bt_att: GATTC_SendHandleValueConfirm conn_id=5 handle=0x2c
2020-09-19 14:00:33.303 14747-14782/? I/bt_att: GATTC_SendHandleValueConfirm conn_id=7 handle=0x2c
2020-09-19 14:00:33.303 14747-14774/? W/bt_btif: HAL bt_gatt_callbacks->client->notify_cb
2020-09-19 14:00:33.303 14747-14774/? I/bt_btif: BTA_GATTC_SendIndConfirm conn_id=6 handle=0x002c
2020-09-19 14:00:33.303 14747-14782/? I/bt_att: GATTC_SendHandleValueConfirm conn_id=6 handle=0x2c
2020-09-19 14:00:33.306 28360-28360/? I/System.out: shl View.plist_size==361, 2166
2020-09-19 14:00:33.306 28360-28360/? I/System.out: shl View.plist_size==361, 2166
2020-09-19 14:00:33.320 28360-28442/? I/SendBroadcastPermission: action:action.character_changed, mPermissionType:0
2020-09-19 14:00:33.323 28360-28360/? I/System.out: shl View.plist_size==361, 2166
2020-09-19 14:00:33.340 28360-28360/? E/vvvvvvvvvvv: reciverMsg： 06,05,b4,00,4f,09,00,c4,08,00,a4,07,00,79,08,00,a3,0b,00,98,0f,00,3e,09,00,08,08,00,26,11,00,fa,28,00,b0,3d,00,e8,53,00,2c,5a,00,64,42,00,7d,2a,00,d6,18,00,80,13,00,63,1b,00,c3,14,00,48,08,00,78,0c,00,89,12,00,d0,0e,00,e9,10,00,45,0a,00,bb,0d,00,ed,16,00,3f,15,00,c0,0f,00,7b,10,00,b5,0c,00,8c,0e,00,b4,1d,00,d0,1b,00,09,1f,00,e8,16,00,05,11,00,16,16,00,a5,17,00,90,13,00,57,1b,00,ad,26,00,f9,25,00,6a,29,00,e6,27,00,f5,2d,00,e6,24,00,96,1e,00,ad,2c,00,44,2a,00,7b,2d,00,58,34,00,f8,2d,00,e4,32,00,5f,27,00,ce,30,00,14,3c,00,96,39,00,94,43,
2020-09-19 14:00:33.340 28360-28360/? I/SendBroadcastPermission: action:com.health.communication.RECEIVER, mPermissionType:0
2020-09-19 14:00:33.342 28360-28360/? I/System.out: shl View.plist_size==361, 2166
2020-09-19 14:00:33.358 28360-28360/? E/qob: hrv_evt_handle 3
2020-09-19 14:00:33.359 28360-28360/? I/System.out: shl View.plist_size==361, 2185
2020-09-19 14:00:33.359 28360-28360/? I/System.out: shl View.plist_size==361, 2185
2020-09-19 14:00:33.359 28360-28614/? E/MainActivity123: key == 1  ---- objs.get(smsg) [6, 5, -76, 0, 79, 9, 0, -60, 8, 0, -92, 7, 0, 121, 8, 0, -93, 11, 0, -104, 15, 0, 62, 9, 0, 8, 8, 0, 38, 17, 0, -6, 40, 0, -80, 61, 0, -24, 83, 0, 44, 90, 0, 100, 66, 0, 125, 42, 0, -42, 24, 0, -128, 19, 0, 99, 27, 0, -61, 20, 0, 72, 8, 0, 120, 12, 0, -119, 18, 0, -48, 14, 0, -23, 16, 0, 69, 10, 0, -69, 13, 0, -19, 22, 0, 63, 21, 0, -64, 15, 0, 123, 16, 0, -75, 12, 0, -116, 14, 0, -76, 29, 0, -48, 27, 0, 9, 31, 0, -24, 22, 0, 5, 17, 0, 22, 22, 0, -91, 23, 0, -112, 19, 0, 87, 27, 0, -83, 38, 0, -7, 37, 0, 106, 41, 0, -26, 39, 0, -11, 45, 0, -26, 36, 0, -106, 30, 0, -83, 44, 0, 68, 42, 0, 123, 45, 0, 88, 52, 0, -8, 45, 0, -28, 50, 0, 95, 39, 0, -50, 48, 0, 20, 60, 0, -106, 57, 0, -108, 67]
2020-09-19 14:00:33.359 28360-28360/? I/MediaPlayer: [HSM] stayAwake true uid: 10605, pid: 28360
2020-09-19 14:00:33.359 1255-4088/? E/HsmCoreServiceImpl: onTransact in code is: 102
2020-09-19 14:00:33.359 1255-4088/? I/MediaProcessHandler: processOp opType: 0, uid: 10605, pid: 28360
2020-09-19 14:00:33.360 28360-28360/? I/MediaPlayer: Pid:28360 MediaPlayer::start
2020-09-19 14:00:33.362 676-1413/? I/hash_map_utils: key: 'mode' value: ''
2020-09-19 14:00:33.363 28360-28614/? I/smart:  msgs: 06,05,b4,00,4f,09,00,c4,08,00,a4,07,00,79,08,00,a3,0b,00,98,0f,00,3e,09,00,08,08,00,26,11,00,fa,28,00,b0,3d,00,e8,53,00,2c,5a,00,64,42,00,7d,2a,00,d6,18,00,80,13,00,63,1b,00,c3,14,00,48,08,00,78,0c,00,89,12,00,d0,0e,00,e9,10,00,45,0a,00,bb,0d,00,ed,16,00,3f,15,00,c0,0f,00,7b,10,00,b5,0c,00,8c,0e,00,b4,1d,00,d0,1b,00,09,1f,00,e8,16,00,05,11,00,16,16,00,a5,17,00,90,13,00,57,1b,00,ad,26,00,f9,25,00,6a,29,00,e6,27,00,f5,2d,00,e6,24,00,96,1e,00,ad,2c,00,44,2a,00,7b,2d,00,58,34,00,f8,2d,00,e4,32,00,5f,27,00,ce,30,00,14,3c,00,96,39,00,94,43, isMsgClose: false isFront: false
2020-09-19 14:00:33.363 676-14452/? I/hash_map_utils: key: 'mode' value: ''
2020-09-19 14:00:33.364 676-31097/? I/APM_AudioPolicyManager: startOutput() output 13, stream 3, session 26745
2020-09-19 14:00:33.364 676-31097/? I/APM_AudioPolicyManager: getNewOutputDevice() selected device 2
2020-09-19 14:00:33.364 676-31097/? I/APM_AudioPolicyManager: setOutputDevice() device 0x0002 delayMs 0 force 1
2020-09-19 14:00:33.364 676-31097/? I/APM_AudioPolicyManager: setOutputDevice() changing to device 0x0002 , muteWaitMs 0
2020-09-19 14:00:33.365 550-31736/? I/NuPlayer: NuPlayer::canSeek,mSourceFlags = 15 
2020-09-19 14:00:33.366 1958-2032/? I/PGServer: report state:2 event type:1 pid:28360 uid:10605 pkg:null to pid: 1255
2020-09-19 14:00:33.372 28360-28360/? I/System.out: shl View.plist_size==361, 2185
2020-09-19 14:00:33.372 676-779/? I/audio_hw_primary: out_set_parameters_no_lock device:0x0, out type:0
2020-09-19 14:00:33.372 676-779/? I/audio_hw_primary: out_set_parameters_no_lock device:0x2, out type:0
2020-09-19 14:00:33.373 676-779/? I/audio_hw_primary: call_get_sample_rate: sample_rate = 16000, tty_status = 0
2020-09-19 14:00:33.373 676-779/? I/audio_hw_primary: select_devices++ mode[0]
2020-09-19 14:00:33.373 676-779/? I/audio_hw_primary: select_devices--
2020-09-19 14:00:33.373 676-31097/? I/APM_AudioPolicyManager: setOutputDevice() createAudioPatch returned 0 patchHandle 26980 num_sources 1 num_sinks 1
2020-09-19 14:00:33.373 676-31097/? I/APM_AudioPolicyManager: checkOutputForStrategy() getDeviceForStrategy strategy=3 newDevice=2 oldDevice=2
2020-09-19 14:00:33.374 676-31097/? I/AudioTrackShared: server obtain null buf part1:0 rear:175104 front:175104 mFrameCount:22050
2020-09-19 14:00:33.375 1255-1255/? I/AudioSystem-JNI: listAudioPorts AudioSystem::listAudioPorts numPorts 7 generation 3555 generation1 3555
2020-09-19 14:00:33.376 550-31736/? I/NuPlayer: performSeek before, mIsSeeking should to change to false
2020-09-19 14:00:33.382 550-31827/? I/NuPlayerDecoder: [audio] saw output EOS
2020-09-19 14:00:33.389 28360-28360/? I/System.out: shl View.plist_size==361, 2185
2020-09-19 14:00:33.405 28360-28360/? I/System.out: shl View.plist_size==361, 2185
2020-09-19 14:00:33.422 28360-28360/? I/System.out: shl View.plist_size==361, 2185
2020-09-19 14:00:33.422 28360-28360/? I/System.out: shl View.plist_size==361, 2185
2020-09-19 14:00:33.438 28360-28360/? I/System.out: shl View.plist_size==361, 2185
2020-09-19 14:00:33.456 28360-28360/? I/System.out: shl View.plist_size==361, 2185
2020-09-19 14:00:33.472 28360-28360/? I/System.out: shl View.plist_size==361, 2185
