2020-09-19 13:59:31.394 1555-1555/? I/NetworkSpeedManagerEx: mIsStop = false
2020-09-19 13:59:31.398 1555-1555/? I/NetworkSpeedManagerEx: value=87.333336speed = 87B/s
2020-09-19 13:59:31.398 1555-1555/? I/NetworkSpeedView: /update(), speed=87B/s parent class:class com.android.systemui.statusbar.HwSystemIcons
2020-09-19 13:59:31.418 1555-1555/? I/NetworkSpeedManagerEx: mIsStop = false
2020-09-19 13:59:31.421 1555-1555/? I/NetworkSpeedManagerEx: value=87.333336speed = 87B/s
2020-09-19 13:59:31.421 1555-1555/? I/NetworkSpeedView: /update(), speed=87B/s parent class:class com.android.systemui.statusbar.HwSystemIcons
2020-09-19 13:59:32.265 1255-1255/? I/TrafficMonitor: update:rxPkts:0,txPkts:0,rxBytes:0,txBytes:0
2020-09-19 13:59:32.265 1255-1255/? I/TrafficMonitor: start expired. level:-1
2020-09-19 13:59:32.265 1255-1255/? I/TrafficMonitor: gettimer:interval=2000
2020-09-19 13:59:32.538 1255-1387/? E/WifiConfigManager: updateConfiguration freq=2412 BSSID=e0:cc:7a:4b:a6:f0 RSSI=-41 "Ss"WPA_PSK
2020-09-19 13:59:32.553 1255-1373/? I/HwFingersSnapshooter: handleMotionEvent first finger(0) touch down at (557.0,1355.0)
2020-09-19 13:59:32.602 1255-1444/? E/HwCHRWebMonitor: WebMonitor [mNetWorkIsSuck=0 mUIDIsSuck=]  WebSpeed [WEBSENDSEGS=2  WEBRESENDSEGS=0  WEBRECVSEGS=2  WEBERRSEGS=0  WEBOUTRSTS=0  WEBESTABLISRST=0  WEBRTTDURATION=154  WEBRTTSEGS=1  WEBSRTT=1280  WEBSNDDUPACKS=0  SENDSEGS=0  RESENDSEGS=0  RECVSEGS=0  ERRSEGS=0  OUTRSTS=0  ESTABLISRST=0  RTTDURATION=0  RTTSEGS=0  SNDDUPACKS=0  suckTimes=0 recovage_times=0]
2020-09-19 13:59:32.602 1255-1444/? E/HwCHRWifiRSSIGroupSummery: updateTcpSummery mRSSI:-42  HwCHRWifiRSSIGroup [rssi_index=4, rtt_tcp_packets=5465, rtt_tcp_duration=549792, rtt_lan_duration=8115, rtt_lan_failures=0, rtt_lan_succ=531, rtt_lan_max=155, rtt_lan_min=1,same_area_frequency=0,adjacent_area_frequency=0]
2020-09-19 13:59:32.604 1255-1444/? E/HwCHRWebMonitor: HwCHRWifiPacketCnt [mTXGood=2, mTXbad=0, mRXGood=2] rssi=-42
2020-09-19 13:59:32.605 1255-1444/? E/HwCHRWebMonitor: running processName=com.zhuoting.healthd
2020-09-19 13:59:32.605 1255-1444/? E/HwCHRWebMonitor: HwCHRWifiUIDWebSpeed [appName=com.google.uid.shared:10008 UID=10008  WEBSENDSEGS=2  WEBRESENDSEGS=0  WEBRECVSEGS=2  WEBERRSEGS=0  WEBOUTRSTS=0  WEBESTABLISRST=0  WEBRTTDURATION=154  WEBRTTSEGS=1  WEBSNDDUPACKS=0  suckTimes=0 recovage_times=0]
2020-09-19 13:59:32.628 1255-1373/? I/HwFingersSnapshooter: handleMotionEvent last finger(0) up 
2020-09-19 13:59:32.629 1255-1269/? W/HwPolicyFactoryImpl: mAware is disable
2020-09-19 13:59:32.652 28360-28360/? I/MediaPlayer: setDataSource(56, 31731704, 8461)
2020-09-19 13:59:32.660 550-20227/? I/MediaPlayerService: MediaPlayerService::Client::setDataSource local file://?FileDescriptor=13&Offset=31731704&Length=8461&Path=/data/app/com.zhuoting.healthd-1
2020-09-19 13:59:32.662 550-31737/? W/MediaExtractor: creating media extractor in calling process
2020-09-19 13:59:32.665 550-31737/? I/MediaExtractor: extractor created in uid: 1013 (media)
2020-09-19 13:59:32.665 550-31737/? W/MP3Extractor: [MP3Extractor.cpp:MP3Extractor:427]#, File is Online
2020-09-19 13:59:32.670 28360-28360/? I/System.out: shl screenWidth=1080 scale3.0 screenHeight1812
2020-09-19 13:59:32.670 28360-28360/? I/System.out: shl Is_Ver_or_Hor=0 360
2020-09-19 13:59:32.676 28360-28360/? I/System.out: 5
2020-09-19 13:59:32.677 28360-28360/? I/BleHandler:  sendMsg......true
2020-09-19 13:59:32.677 28360-28360/? I/SendBroadcastPermission: action:com.health.communication.SENDMSG, mPermissionType:0
2020-09-19 13:59:32.679 28360-28360/? E/MyBleService: onReceive: 1
2020-09-19 13:59:32.679 28360-28360/? E/MyBleService:  receive 1.....isConn: true
2020-09-19 13:59:32.680 28360-28360/? E/vvvvvvvvvvv:  sendMsg: 03,02,07,00,02,64,b7, char1UUID: be940001-7333-be46-b7ae-689e71722bd5--mac==FE:7D:E5:75:9F:89
2020-09-19 13:59:32.694 28360-28442/? W/miio-bluetooth: Process BleWriteRequest, status = Service Ready
2020-09-19 13:59:32.937 28360-28360/? I/MyBleService: charUUID: be940001-7333-be46-b7ae-689e71722bd5 conning: false mDevAddr: FE:7D:E5:75:9F:89
2020-09-19 13:59:33.138 14747-14782/? I/bt_att: GATTC_SendHandleValueConfirm conn_id=3 handle=0x27
2020-09-19 13:59:33.139 14747-14782/? I/bt_att: GATTC_SendHandleValueConfirm conn_id=4 handle=0x27
2020-09-19 13:59:33.139 14747-14782/? I/bt_att: GATTC_SendHandleValueConfirm conn_id=5 handle=0x27
2020-09-19 13:59:33.139 14747-14782/? I/bt_att: GATTC_SendHandleValueConfirm conn_id=7 handle=0x27
2020-09-19 13:59:33.139 14747-14774/? W/bt_btif: HAL bt_gatt_callbacks->client->notify_cb
2020-09-19 13:59:33.147 14747-14774/? I/bt_btif: BTA_GATTC_SendIndConfirm conn_id=6 handle=0x0027
2020-09-19 13:59:33.147 14747-14774/? W/bt_btif: HAL bt_gatt_callbacks->client->write_characteristic_cb
2020-09-19 13:59:33.147 14747-14782/? I/bt_att: GATTC_SendHandleValueConfirm conn_id=6 handle=0x27
2020-09-19 13:59:33.149 28360-28442/? I/SendBroadcastPermission: action:action.character_changed, mPermissionType:0
2020-09-19 13:59:33.158 28360-28360/? E/vvvvvvvvvvv: reciverMsg： 03,02,07,00,02,64,b7,
2020-09-19 13:59:33.162 28360-28360/? I/System.out: substring:24
2020-09-19 13:59:33.163 28360-28360/? I/System.out: substring2:69
2020-09-19 13:59:33.164 28360-28360/? E/Crc16Util: 2469
2020-09-19 13:59:33.164 28360-28360/? E/Crc16: 2d00
2020-09-19 13:59:33.164 28360-28360/? I/System.out: 7
2020-09-19 13:59:33.164 28360-28360/? E/crc16: 03090900010302F38B
2020-09-19 13:59:33.164 28360-28360/? E/vvvvvvvvvvv:  sendMsg: 03,09,09,00,01,03,02,f3,8b, char1UUID: be940001-7333-be46-b7ae-689e71722bd5
2020-09-19 13:59:33.172 28360-28442/? W/miio-bluetooth: Process BleWriteRequest, status = Service Ready
2020-09-19 13:59:33.768 14747-14782/? I/bt_att: GATTC_SendHandleValueConfirm conn_id=3 handle=0x27
2020-09-19 13:59:33.768 14747-14782/? I/bt_att: GATTC_SendHandleValueConfirm conn_id=4 handle=0x27
2020-09-19 13:59:33.768 14747-14782/? I/bt_att: GATTC_SendHandleValueConfirm conn_id=5 handle=0x27
2020-09-19 13:59:33.768 14747-14782/? I/bt_att: GATTC_SendHandleValueConfirm conn_id=7 handle=0x27
2020-09-19 13:59:33.768 14747-14774/? W/bt_btif: HAL bt_gatt_callbacks->client->notify_cb
2020-09-19 13:59:33.769 14747-14774/? I/bt_btif: BTA_GATTC_SendIndConfirm conn_id=6 handle=0x0027
2020-09-19 13:59:33.769 14747-14774/? W/bt_btif: HAL bt_gatt_callbacks->client->write_characteristic_cb
2020-09-19 13:59:33.769 14747-14782/? I/bt_att: GATTC_SendHandleValueConfirm conn_id=6 handle=0x27
2020-09-19 13:59:33.772 28360-28442/? I/SendBroadcastPermission: action:action.character_changed, mPermissionType:0
2020-09-19 13:59:33.779 28360-28360/? E/vvvvvvvvvvv: reciverMsg： 03,09,07,00,00,39,89,
2020-09-19 13:59:33.785 28360-28360/? I/System.out: 6
2020-09-19 13:59:33.785 28360-28360/? E/vvvvvvvvvvv:  sendMsg: 03,0b,08,00,01,01,dc,8a, char1UUID: be940001-7333-be46-b7ae-689e71722bd5--mac==FE:7D:E5:75:9F:89
2020-09-19 13:59:33.799 28360-28442/? W/miio-bluetooth: Process BleWriteRequest, status = Service Ready
2020-09-19 13:59:34.128 14747-14782/? I/bt_att: GATTC_SendHandleValueConfirm conn_id=3 handle=0x27
2020-09-19 13:59:34.128 14747-14782/? I/bt_att: GATTC_SendHandleValueConfirm conn_id=4 handle=0x27
2020-09-19 13:59:34.128 14747-14782/? I/bt_att: GATTC_SendHandleValueConfirm conn_id=5 handle=0x27
2020-09-19 13:59:34.129 14747-14782/? I/bt_att: GATTC_SendHandleValueConfirm conn_id=7 handle=0x27
2020-09-19 13:59:34.129 14747-14774/? W/bt_btif: HAL bt_gatt_callbacks->client->notify_cb
2020-09-19 13:59:34.129 14747-14774/? I/bt_btif: BTA_GATTC_SendIndConfirm conn_id=6 handle=0x0027
2020-09-19 13:59:34.130 14747-14782/? I/bt_att: GATTC_SendHandleValueConfirm conn_id=6 handle=0x27
2020-09-19 13:59:34.130 14747-14774/? W/bt_btif: HAL bt_gatt_callbacks->client->write_characteristic_cb
2020-09-19 13:59:34.133 28360-28442/? I/SendBroadcastPermission: action:action.character_changed, mPermissionType:0
2020-09-19 13:59:34.139 28360-28360/? E/vvvvvvvvvvv: reciverMsg： 03,0b,07,00,00,51,64,
2020-09-19 13:59:34.139 28360-28360/? I/SendBroadcastPermission: action:com.health.communication.RECEIVER, mPermissionType:0
2020-09-19 13:59:34.149 28360-28614/? E/MainActivity123: key == 1  ---- objs.get(smsg) [3, 11, 7, 0, 0, 81, 100]
2020-09-19 13:59:34.149 28360-28614/? I/smart:  msgs: 03,0b,07,00,00,51,64, isMsgClose: false isFront: false
2020-09-19 13:59:34.267 1255-1255/? I/TrafficMonitor: update:rxPkts:0,txPkts:0,rxBytes:0,txBytes:0
2020-09-19 13:59:34.267 1255-1255/? I/TrafficMonitor: start expired. level:-1
2020-09-19 13:59:34.267 1255-1255/? I/TrafficMonitor: gettimer:interval=2000
2020-09-19 13:59:34.400 1555-1555/? I/NetworkSpeedManagerEx: mIsStop = false
2020-09-19 13:59:34.403 1555-1555/? I/NetworkSpeedManagerEx: value=0.0speed = 0K/s
2020-09-19 13:59:34.403 1555-1555/? I/NetworkSpeedView: /update(), speed=0K/s parent class:class com.android.systemui.statusbar.HwSystemIcons
2020-09-19 13:59:34.421 1555-1555/? I/NetworkSpeedManagerEx: mIsStop = false
2020-09-19 13:59:34.424 1555-1555/? I/NetworkSpeedManagerEx: value=0.0speed = 0K/s
2020-09-19 13:59:34.424 1555-1555/? I/NetworkSpeedView: /update(), speed=0K/s parent class:class com.android.systemui.statusbar.HwSystemIcons
2020-09-19 13:59:34.898 1255-1387/? E/WifiConfigManager: updateConfiguration freq=2412 BSSID=e0:cc:7a:4b:a6:f0 RSSI=-41 "Ss"WPA_PSK
2020-09-19 13:59:34.901 1255-1255/? I/QosMonitor: queryRtt: rtt_type = 3
2020-09-19 13:59:34.901 1255-1255/? I/WifiProJNI: ######### GET RTT:3 ########
2020-09-19 13:59:34.901 1255-1455/? I/HuaweiWifiWatchdogStateMachine: spd good count:0, add sc:0.0, rate:1.0
2020-09-19 13:59:34.902 1255-1453/? I/QosMonitor: postEventFromNative: msg=100,arg1=4,arg2=9
2020-09-19 13:59:34.902 1255-1453/? W/WifiProJNI: poll before: g_monitor_fd =245
2020-09-19 13:59:34.902 1255-1455/? I/HuaweiWifiWatchdogStateMachine: current mHighDataFlowRate = 1.0
2020-09-19 13:59:34.902 1255-1455/? I/HuaweiWifiWatchdogStateMachine: POta txb txg rxg:0, 3, 0. Lr =0% Totpkt=3
2020-09-19 13:59:34.902 1255-1255/? I/QosMonitor: resetRtt: rtt_type = 3
2020-09-19 13:59:34.902 1255-1255/? I/WifiProJNI: ######### RESET RTT:3 ########
2020-09-19 13:59:34.902 1255-1255/? I/WifiProJNI: ######### CMD_QUERY_PKTS ########
2020-09-19 13:59:34.903 1255-1453/? I/QosMonitor: postEventFromNative: msg=100,arg1=0,arg2=9
2020-09-19 13:59:34.903 1255-1453/? W/WifiProJNI: poll before: g_monitor_fd =245
2020-09-19 13:59:34.903 1255-1255/? I/MQoS: rtt=1280,tcp_tx_pkts=3123400,tcp_rx_pkts=4729922
2020-09-19 13:59:34.904 1255-3307/? I/MQoS: QOS_level:0(0),DataDisable;use level-0
2020-09-19 13:59:34.905 1255-1455/? I/HuaweiWifiWatchdogStateMachine: PTcp RTT:0, rtt pkt=0, tcp_rx=2, tcp_tx=2, tcp_reTran=0, rtRate=0
2020-09-19 13:59:35.262 1255-1255/? I/TrafficMonitor: expired arrive. level:-1
2020-09-19 13:59:35.262 1255-1255/? I/TrafficMonitor: during_ms:2002,period_ms:2000
2020-09-19 13:59:35.262 1255-1255/? I/TrafficMonitor: count:389,rx_sum:0,tx_sum:0,rxBytes:0,during_ms:2002,rx_speed:0.0,tx_speed:0.0,rto:0.0
2020-09-19 13:59:35.350 1555-1555/? W/KeyguardUpdateMonitor: ACTION_BATTERY_CHANGED AMP: 0; Volt: 0
2020-09-19 13:59:35.354 1555-1555/? W/KeyguardUpdateMonitor: ChargingSpeed  Wattage: -1 ST: 5000000 --> 7500000
2020-09-19 13:59:35.354 1555-1555/? I/KgBattery: BatteryInfo updated:  2lPc-1
2020-09-19 13:59:35.354 1555-1555/? W/AppHandler: sendMessage with obj100
2020-09-19 13:59:35.374 1555-1555/? W/HwLockScreenPanel: refreshBatteryInfo: null
2020-09-19 13:59:35.374 1555-1555/? W/KgBattery: getCharge info with type: text
2020-09-19 13:59:35.377 1555-1555/? W/HwLockScreenPanel: Handle message: 100
2020-09-19 13:59:35.543 1255-1387/? E/WifiConfigManager: updateConfiguration freq=2412 BSSID=e0:cc:7a:4b:a6:f0 RSSI=-41 "Ss"WPA_PSK
2020-09-19 13:59:35.937 28360-28360/? I/MyBleService: charUUID: be940001-7333-be46-b7ae-689e71722bd5 conning: false mDevAddr: FE:7D:E5:75:9F:89
2020-09-19 13:59:36.269 1255-1255/? I/TrafficMonitor: update:rxPkts:1,txPkts:2,rxBytes:141,txBytes:385
2020-09-19 13:59:36.269 1255-1255/? I/TrafficMonitor: start expired. level:-1
2020-09-19 13:59:36.269 1255-1255/? I/TrafficMonitor: gettimer:interval=2000
2020-09-19 13:59:37.404 1555-1555/? I/NetworkSpeedManagerEx: mIsStop = false
2020-09-19 13:59:37.410 1555-1555/? I/NetworkSpeedManagerEx: value=175.33333speed = 175B/s
2020-09-19 13:59:37.410 1555-1555/? I/NetworkSpeedView: /update(), speed=175B/s parent class:class com.android.systemui.statusbar.HwSystemIcons
2020-09-19 13:59:37.437 1555-1555/? I/NetworkSpeedManagerEx: mIsStop = false
2020-09-19 13:59:37.442 1555-1555/? I/NetworkSpeedManagerEx: value=175.33333speed = 175B/s
2020-09-19 13:59:37.442 1555-1555/? I/NetworkSpeedView: /update(), speed=175B/s parent class:class com.android.systemui.statusbar.HwSystemIcons
2020-09-19 13:59:37.633 1255-1444/? E/HwCHRWebMonitor: WebMonitor [mNetWorkIsSuck=0 mUIDIsSuck=]  WebSpeed [WEBSENDSEGS=2  WEBRESENDSEGS=0  WEBRECVSEGS=1  WEBERRSEGS=0  WEBOUTRSTS=0  WEBESTABLISRST=0  WEBRTTDURATION=202  WEBRTTSEGS=1  WEBSRTT=1480  WEBSNDDUPACKS=0  SENDSEGS=0  RESENDSEGS=0  RECVSEGS=0  ERRSEGS=0  OUTRSTS=0  ESTABLISRST=0  RTTDURATION=0  RTTSEGS=0  SNDDUPACKS=0  suckTimes=0 recovage_times=0]
2020-09-19 13:59:37.633 1255-1444/? E/HwCHRWifiRSSIGroupSummery: updateTcpSummery mRSSI:-41  HwCHRWifiRSSIGroup [rssi_index=4, rtt_tcp_packets=5466, rtt_tcp_duration=549994, rtt_lan_duration=8115, rtt_lan_failures=0, rtt_lan_succ=531, rtt_lan_max=155, rtt_lan_min=1,same_area_frequency=0,adjacent_area_frequency=0]
2020-09-19 13:59:37.642 1255-1444/? E/HwCHRWebMonitor: HwCHRWifiPacketCnt [mTXGood=2, mTXbad=0, mRXGood=1] rssi=-41
2020-09-19 13:59:37.643 1255-1444/? E/HwCHRWebMonitor: running processName=com.zhuoting.healthd
2020-09-19 13:59:37.645 1255-1444/? E/HwCHRWebMonitor: HwCHRWifiUIDWebSpeed [appName=org.telegram.messenger UID=10611  WEBSENDSEGS=2  WEBRESENDSEGS=0  WEBRECVSEGS=1  WEBERRSEGS=0  WEBOUTRSTS=0  WEBESTABLISRST=0  WEBRTTDURATION=202  WEBRTTSEGS=1  WEBSNDDUPACKS=0  suckTimes=0 recovage_times=0]
2020-09-19 13:59:38.271 1255-1255/? I/TrafficMonitor: update:rxPkts:0,txPkts:0,rxBytes:0,txBytes:0
2020-09-19 13:59:38.272 1255-1255/? I/TrafficMonitor: start expired. level:-1
2020-09-19 13:59:38.272 1255-1255/? I/TrafficMonitor: gettimer:interval=2000
2020-09-19 13:59:38.551 1255-1387/? E/WifiConfigManager: updateConfiguration freq=2412 BSSID=e0:cc:7a:4b:a6:f0 RSSI=-41 "Ss"WPA_PSK
2020-09-19 13:59:38.937 28360-28360/? I/MyBleService: charUUID: be940001-7333-be46-b7ae-689e71722bd5 conning: false mDevAddr: FE:7D:E5:75:9F:89
2020-09-19 13:59:40.273 1255-1255/? I/TrafficMonitor: update:rxPkts:0,txPkts:0,rxBytes:0,txBytes:0
2020-09-19 13:59:40.274 1255-1255/? I/TrafficMonitor: start expired. level:-1
2020-09-19 13:59:40.274 1255-1255/? I/TrafficMonitor: gettimer:interval=2000
2020-09-19 13:59:40.414 1555-1555/? I/NetworkSpeedManagerEx: mIsStop = false
2020-09-19 13:59:40.418 1555-1555/? I/NetworkSpeedManagerEx: value=0.0speed = 0K/s
2020-09-19 13:59:40.418 1555-1555/? I/NetworkSpeedView: /update(), speed=0K/s parent class:class com.android.systemui.statusbar.HwSystemIcons
2020-09-19 13:59:40.437 2503-2503/? I/HwLauncher: SimpleLauncherModeaction= android.intent.action.PACKAGE_CHANGEDpackageName = com.zhuoting.healthd
2020-09-19 13:59:40.438 2503-2589/? I/HwLauncher: SimpleLauncherModemAllAppsList.updatePackage com.zhuoting.healthd
2020-09-19 13:59:40.446 1555-1555/? I/NetworkSpeedManagerEx: mIsStop = false
2020-09-19 13:59:40.450 1555-1555/? I/NetworkSpeedManagerEx: value=0.0speed = 0K/s
2020-09-19 13:59:40.450 1555-1555/? I/NetworkSpeedView: /update(), speed=0K/s parent class:class com.android.systemui.statusbar.HwSystemIcons
2020-09-19 13:59:40.454 2503-2589/? I/HwLauncher: SimpleAllAppsList  updatePackage : package[com.zhuoting.healthd] matched activity's size is 1 and data List size is 0
2020-09-19 13:59:40.465 2503-2589/? I/HwLauncher: Launcher.LauncherProvider  queried count: 0
2020-09-19 13:59:40.467 2503-2589/? I/HwLauncher: SimpleAllAppsList  findAndUpdateInfoInDB : found 0 shortcutInfo for package[com.zhuoting.healthd] in db
2020-09-19 13:59:40.467 2503-2589/? I/HwLauncher: SimpleAllAppsList  updatePackage do not add new SimpleApplicationInfo,It's in normal now. package = com.zhuoting.healthd
2020-09-19 13:59:40.467 2503-2589/? W/HwLauncher: SimpleLauncherModeNobody to tell about the new app.  Launcher is probably loading.
2020-09-19 13:59:40.471 1255-1373/? I/InputReader: Reconfiguring input devices.  changes=0x00000010
2020-09-19 13:59:40.475 13245-13273/? W/ResourceType: For resource 0x7f0f0002, entry index(2) is beyond type entryCount(2)
2020-09-19 13:59:40.475 13245-13273/? W/ResourceType: Failure getting entry for 0x7f0f0002 (t=14 e=2) (error -75)
2020-09-19 13:59:40.476 13245-13273/? W/ResourceType: For resource 0x7f0f0002, entry index(2) is beyond type entryCount(2)
2020-09-19 13:59:40.476 13245-13273/? W/ResourceType: Failure getting entry for 0x7f0f0002 (t=14 e=2) (error -75)
2020-09-19 13:59:40.476 13245-13273/? W/ResourceType: For resource 0x7f0f0002, entry index(2) is beyond type entryCount(2)
2020-09-19 13:59:40.476 13245-13273/? W/ResourceType: Failure getting entry for 0x7f0f0002 (t=14 e=2) (error -75)
2020-09-19 13:59:40.478 13245-13273/? W/ResourceType: For resource 0x7f070135, entry index(309) is beyond type entryCount(11)
2020-09-19 13:59:40.478 13245-13273/? W/ResourceType: Failure getting entry for 0x7f070135 (t=6 e=309) (error -75)
2020-09-19 13:59:40.479 13245-13273/? W/ResourceType: For resource 0x7f070135, entry index(309) is beyond type entryCount(11)
2020-09-19 13:59:40.479 13245-13273/? W/ResourceType: Failure getting entry for 0x7f070135 (t=6 e=309) (error -75)
2020-09-19 13:59:40.479 13245-13273/? W/ResourceType: For resource 0x7f070135, entry index(309) is beyond type entryCount(11)
2020-09-19 13:59:40.479 13245-13273/? W/ResourceType: Failure getting entry for 0x7f070135 (t=6 e=309) (error -75)
2020-09-19 13:59:40.485 13245-13273/? W/ResourceType: For resource 0x7f0801cf, entry index(463) is beyond type entryCount(12)
2020-09-19 13:59:40.485 13245-13273/? W/ResourceType: Failure getting entry for 0x7f0801cf (t=7 e=463) (error -75)
2020-09-19 13:59:40.486 13245-13273/? W/Contacts: AccountTypeManager Skipping extension package com.google.android.apps.plus because it doesn't have the CONTACTS_STRUCTURE metadata
2020-09-19 13:59:40.528 1255-1255/? W/ResourceType: ResTable_typeSpec entry count inconsistent: given 29, previously 30
2020-09-19 13:59:40.528 1255-1255/? W/ResourceType: ResTable_typeSpec entry count inconsistent: given 1216, previously 1315
2020-09-19 13:59:40.528 1255-1255/? W/ResourceType: ResTable_typeSpec entry count inconsistent: given 1290, previously 1311
2020-09-19 13:59:40.528 1255-1255/? W/ResourceType: ResTable_typeSpec entry count inconsistent: given 160, previously 858
2020-09-19 13:59:40.568 1255-1267/? W/ResourceType: ResTable_typeSpec entry count inconsistent: given 30, previously 36
2020-09-19 13:59:40.599 1255-1267/? W/ResourceType: ResTable_typeSpec entry count inconsistent: given 405, previously 413
2020-09-19 13:59:40.600 1255-1267/? W/ResourceType: ResTable_typeSpec entry count inconsistent: given 172, previously 711
2020-09-19 13:59:40.618 1255-1267/? W/SearchableInfo: Invalid searchable metadata for com.paypal.android.p2pmobile/com.paypal.android.foundation.presentation.activity.DeveloperConfigRcsFlagsActivity: Search label must be a resource reference.
2020-09-19 13:59:40.625 1255-1267/? W/Searchables: No global search activity found
2020-09-19 13:59:40.632 1255-1267/? I/SendBroadcastPermission: action:android.search.action.SEARCHABLES_CHANGED, mPermissionType:0
2020-09-19 13:59:40.650 31742-31742/? I/art: Reinit property: dalvik.vm.checkjni= false
2020-09-19 13:59:40.677 412-425/? I/gralloc: alloc_device_alloc:564: Alloc handle(0x708162e500): interfmt=1, stride=64, size=4096, usage=0x100
2020-09-19 13:59:40.684 412-423/? I/gralloc: alloc_device_free:586: Free handle(0x708162e500)
2020-09-19 13:59:40.694 31742-31742/? I/art: Starting a blocking GC AddRemoveAppImageSpace
2020-09-19 13:59:40.719 1255-1267/? I/LocationProviderProxy-fused: bindBestPackage for com.android.location.service.FusedLocationProvider :  found 2, new best component: ComponentInfo{com.google.android.gms/com.google.android.location.fused.FusedLocationService}
2020-09-19 13:59:40.721 1255-1267/? I/FusedProxy: bindBestPackage for com.android.location.service.FusedProvider :  found 1, new best component: ComponentInfo{com.google.android.gms/com.google.android.location.fused.service.FusedProviderService}
2020-09-19 13:59:40.722 1255-1267/? I/GeofenceProxy: bindBestPackage for com.android.location.service.GeofenceProvider :  found 2, new best component: ComponentInfo{com.huawei.geofence/com.huawei.geofence.GeofenceProviderService}
2020-09-19 13:59:40.722 2503-2503/? I/HwLauncher: Model onPackageChanged packageName = com.zhuoting.healthd user = UserHandle{0}
2020-09-19 13:59:40.723 2503-2503/? I/HwLauncher: MutilSelectedIcons onPreHandleUpdatedTask : mIsInMutilSelectMode = false task = 2 packages = [com.zhuoting.healthd] hasHandleInvisiblePanel = false
2020-09-19 13:59:40.723 2503-2503/? I/HwLauncher: Model  enqueuePackageUpdated post task
2020-09-19 13:59:40.723 2503-2503/? I/HwLauncher: PowerSaveLauncherModel onPackageChanged packageName = com.zhuoting.healthd user = UserHandle{0}
2020-09-19 13:59:40.723 2503-2503/? E/HwLauncher: PowerSaveLauncherModel onPackageChanged:  not inPowerSaveLauncher 
2020-09-19 13:59:40.723 2503-2587/? I/HwLauncher: Model  PackageUpdatedTask Op : 2
2020-09-19 13:59:40.723 2503-2587/? I/HwLauncher: Model mAllAppsList.updatePackage com.zhuoting.healthd
2020-09-19 13:59:40.724 2503-2587/? I/HwLauncher: AllIdleAppsList  updatePackage  isCloneApp =  false
2020-09-19 13:59:40.725 2503-2587/? I/HwLauncher: AllIdleAppsList  updatePackage : package[com.zhuoting.healthd] matched activity's size is 1 and data List size is 53
2020-09-19 13:59:40.733 2503-2587/? I/HwResourcesImpl: load icon id : 7f03003f, pkgName : com.zhuoting.healthd
2020-09-19 13:59:40.733 2503-2587/? W/CfgFilePolicy: No config file found for:/themes/diff/icons
2020-09-19 13:59:40.733 2503-2587/? W/CfgFilePolicy: CFG_DIRS length : 11
2020-09-19 13:59:40.733 2503-2587/? I/HwResourcesImpl: icon : com.zhuoting.healthd found in app
2020-09-19 13:59:40.735 2503-2587/? E/HW-JPEG-DEC: [HME_JPEG_DEC_Delete](3321): HME_JPEG_DEC_Delete: decoder_ctx=null
2020-09-19 13:59:40.742 2503-2587/? I/HwLauncher: Launcher.IconCache, cacheLocked  Utilities.createIconBitmap entry.title = MeCare ComponentName:ComponentInfo{com.zhuoting.healthd/com.zhuoting.health.BeginActivity} user:UserHandle{0}
2020-09-19 13:59:40.742 2503-2587/? I/HwLauncher: Model shortcutInfo.title = ShortcutInfo(title=MeCare)ComponentInfo{com.zhuoting.healthd/com.zhuoting.health.BeginActivity}
2020-09-19 13:59:40.742 2503-2503/? I/HwLauncher: Workspace updateShortcuts apps.size() 1
2020-09-19 13:59:40.742 2503-2503/? I/HwLauncher: Launcher.Folder childCount: 9
2020-09-19 13:59:40.742 2503-2503/? E/HideAppsPagedView:  syncPages mCurrentPage = 0
2020-09-19 13:59:40.746 2503-2503/? E/HideAppsPagedView:  syncAppsPageItems page = 0 mNumAppsPages = 1 mCurrentPage = 0
2020-09-19 13:59:40.746 2503-2503/? E/HideAppsPagedView:  createAddIcon count = 0
2020-09-19 13:59:40.749 2503-2503/? E/HW-JPEG-DEC: [HME_JPEG_DEC_Delete](3321): HME_JPEG_DEC_Delete: decoder_ctx=null
2020-09-19 13:59:40.751 2503-2503/? I/HwLauncher: Launcher.Utilities   controlColor == 0
2020-09-19 13:59:40.752 2503-2503/? I/HwLauncher:  FPSMonitor snapToPage whichPage = 0 delta = 0 duration = 300
2020-09-19 13:59:40.799 2503-2503/? I/HwLauncher: Launcher Deferring update until onResume
2020-09-19 13:59:41.270 1255-1255/? I/TrafficMonitor: expired arrive. level:-1
2020-09-19 13:59:41.270 1255-1255/? I/TrafficMonitor: during_ms:2002,period_ms:2000
2020-09-19 13:59:41.270 1255-1255/? I/TrafficMonitor: count:392,rx_sum:0,tx_sum:0,rxBytes:0,during_ms:2002,rx_speed:0.0,tx_speed:0.0,rto:0.0
2020-09-19 13:59:41.567 1255-1387/? E/WifiConfigManager: updateConfiguration freq=2412 BSSID=e0:cc:7a:4b:a6:f0 RSSI=-40 "Ss"WPA_PSK
2020-09-19 13:59:41.938 28360-28360/? I/MyBleService: charUUID: be940001-7333-be46-b7ae-689e71722bd5 conning: false mDevAddr: FE:7D:E5:75:9F:89
2020-09-19 13:59:42.276 1255-1255/? I/TrafficMonitor: update:rxPkts:0,txPkts:0,rxBytes:0,txBytes:0
2020-09-19 13:59:42.276 1255-1255/? I/TrafficMonitor: start expired. level:-1
2020-09-19 13:59:42.276 1255-1255/? I/TrafficMonitor: gettimer:interval=2000
2020-09-19 13:59:42.662 1255-1444/? E/HwCHRWebMonitor: WebMonitor [mNetWorkIsSuck=0 mUIDIsSuck=]  WebSpeed [WEBSENDSEGS=0  WEBRESENDSEGS=0  WEBRECVSEGS=0  WEBERRSEGS=0  WEBOUTRSTS=0  WEBESTABLISRST=0  WEBRTTDURATION=0  WEBRTTSEGS=0  WEBSRTT=1480  WEBSNDDUPACKS=0  SENDSEGS=0  RESENDSEGS=0  RECVSEGS=0  ERRSEGS=0  OUTRSTS=0  ESTABLISRST=0  RTTDURATION=0  RTTSEGS=0  SNDDUPACKS=0  suckTimes=0 recovage_times=0]
2020-09-19 13:59:42.663 1255-1444/? E/HwCHRWifiRSSIGroupSummery: updateTcpSummery mRSSI:-40  HwCHRWifiRSSIGroup [rssi_index=4, rtt_tcp_packets=5466, rtt_tcp_duration=549994, rtt_lan_duration=8115, rtt_lan_failures=0, rtt_lan_succ=531, rtt_lan_max=155, rtt_lan_min=1,same_area_frequency=0,adjacent_area_frequency=0]
2020-09-19 13:59:42.670 1255-1444/? E/HwCHRWebMonitor: HwCHRWifiPacketCnt [mTXGood=0, mTXbad=0, mRXGood=0] rssi=-40
2020-09-19 13:59:42.671 1255-1444/? E/HwCHRWebMonitor: running processName=com.zhuoting.healthd
2020-09-19 13:59:42.898 1255-1387/? E/WifiConfigManager: updateConfiguration freq=2412 BSSID=e0:cc:7a:4b:a6:f0 RSSI=-40 "Ss"WPA_PSK
2020-09-19 13:59:42.900 1255-1255/? I/QosMonitor: queryRtt: rtt_type = 3
2020-09-19 13:59:42.900 1255-1255/? I/WifiProJNI: ######### GET RTT:3 ########
2020-09-19 13:59:42.900 1255-1453/? I/QosMonitor: postEventFromNative: msg=100,arg1=4,arg2=9
2020-09-19 13:59:42.900 1255-1453/? W/WifiProJNI: poll before: g_monitor_fd =245
2020-09-19 13:59:42.900 1255-1455/? I/HuaweiWifiWatchdogStateMachine: spd good count:0, add sc:0.0, rate:1.0
2020-09-19 13:59:42.900 1255-1455/? I/HuaweiWifiWatchdogStateMachine: current mHighDataFlowRate = 1.0
2020-09-19 13:59:42.900 1255-1455/? I/HuaweiWifiWatchdogStateMachine: POta txb txg rxg:0, 5, 0. Lr =0% Totpkt=5
2020-09-19 13:59:42.900 1255-1255/? I/QosMonitor: resetRtt: rtt_type = 3
2020-09-19 13:59:42.900 1255-1255/? I/WifiProJNI: ######### RESET RTT:3 ########
2020-09-19 13:59:42.900 1255-1255/? I/WifiProJNI: ######### CMD_QUERY_PKTS ########
2020-09-19 13:59:42.901 1255-1453/? I/QosMonitor: postEventFromNative: msg=100,arg1=0,arg2=9
2020-09-19 13:59:42.901 1255-1453/? W/WifiProJNI: poll before: g_monitor_fd =245
2020-09-19 13:59:42.901 1255-1255/? I/MQoS: rtt=1480,tcp_tx_pkts=3123402,tcp_rx_pkts=4729923
2020-09-19 13:59:42.901 1255-3307/? I/MQoS: QOS_level:0(0),DataDisable;use level-0
2020-09-19 13:59:42.902 1255-3307/? I/MQoS: skip-low-Level:0(0),DataDisable;use level-0
2020-09-19 13:59:42.903 1255-1455/? I/HuaweiWifiWatchdogStateMachine: PTcp RTT:0, rtt pkt=0, tcp_rx=1, tcp_tx=2, tcp_reTran=0, rtRate=0
2020-09-19 13:59:43.420 1555-1555/? I/NetworkSpeedManagerEx: mIsStop = false
2020-09-19 13:59:43.425 1555-1555/? I/NetworkSpeedManagerEx: value=0.0speed = 0K/s
2020-09-19 13:59:43.426 1555-1555/? I/NetworkSpeedView: /update(), speed=0K/s parent class:class com.android.systemui.statusbar.HwSystemIcons
2020-09-19 13:59:43.451 1555-1555/? I/NetworkSpeedManagerEx: mIsStop = false
2020-09-19 13:59:43.455 1555-1555/? I/NetworkSpeedManagerEx: value=0.0speed = 0K/s
2020-09-19 13:59:43.455 1555-1555/? I/NetworkSpeedView: /update(), speed=0K/s parent class:class com.android.systemui.statusbar.HwSystemIcons
2020-09-19 13:59:44.278 1255-1255/? I/TrafficMonitor: update:rxPkts:0,txPkts:0,rxBytes:0,txBytes:0
2020-09-19 13:59:44.278 1255-1255/? I/TrafficMonitor: start expired. level:-1
2020-09-19 13:59:44.278 1255-1255/? I/TrafficMonitor: gettimer:interval=2000
2020-09-19 13:59:44.580 1255-1387/? E/WifiConfigManager: updateConfiguration freq=2412 BSSID=e0:cc:7a:4b:a6:f0 RSSI=-40 "Ss"WPA_PSK
2020-09-19 13:59:44.938 28360-28360/? I/MyBleService: charUUID: be940001-7333-be46-b7ae-689e71722bd5 conning: false mDevAddr: FE:7D:E5:75:9F:89
2020-09-19 13:59:45.361 23676-31760/? I/wao: Launching job OfflineSearchIndexingJob
2020-09-19 13:59:45.361 23676-31760/? I/waa: Starting Job(OfflineSearchIndexingJob#1.431) (priority=0)
2020-09-19 13:59:45.364 23676-31760/? I/wnp: Job(OfflineSearchIndexingJob#1.431) Started new READ_ONLY transaction readtx1604 [readDatabaseResultsToIndex]
2020-09-19 13:59:45.367 23676-31764/? I/wao: Launching job OfflineSearchIndexingJob
2020-09-19 13:59:45.367 23676-31764/? I/waa: Starting Job(OfflineSearchIndexingJob#3.432) (priority=0)
2020-09-19 13:59:45.369 23676-31764/? I/wnp: Job(OfflineSearchIndexingJob#3.432) Started new READ_ONLY transaction readtx1605 [readDatabaseResultsToIndex]
2020-09-19 13:59:45.386 23676-23767/? I/wnp: Closing transaction readtx1605 [readDatabaseResultsToIndex]: Stats[1 Reads (rows: 1)]
2020-09-19 13:59:45.388 23676-31763/? I/wao: Launching job OfflineSearchIndexingJob
2020-09-19 13:59:45.389 23676-31763/? I/waa: Starting Job(OfflineSearchIndexingJob#0.431) (priority=0)
2020-09-19 13:59:45.390 23676-31763/? I/wnp: Job(OfflineSearchIndexingJob#0.431) Started new READ_ONLY transaction readtx1606 [readDatabaseResultsToIndex]
2020-09-19 13:59:45.391 23676-23753/? I/wnp: Closing transaction readtx1604 [readDatabaseResultsToIndex]: Stats[1 Reads (rows: 1)]
2020-09-19 13:59:45.392 23676-31771/? I/mqc: Job(OfflineSearchIndexingJob#3.432) Already caught up to the current max write_sequence_id
2020-09-19 13:59:45.392 23676-31771/? I/mqc: Job(OfflineSearchIndexingJob#3.432) Scheduling next offline search indexing in 60000 ms
2020-09-19 13:59:45.392 23676-31768/? I/wao: Launching job OfflineSearchIndexingJob
2020-09-19 13:59:45.392 23676-31768/? I/waa: Starting Job(OfflineSearchIndexingJob#2.431) (priority=0)
2020-09-19 13:59:45.393 23676-31768/? I/wnp: Job(OfflineSearchIndexingJob#2.431) Started new READ_ONLY transaction readtx1607 [readDatabaseResultsToIndex]
2020-09-19 13:59:45.394 23676-31767/? I/mqc: Job(OfflineSearchIndexingJob#1.431) Already caught up to the current max write_sequence_id
2020-09-19 13:59:45.394 23676-31767/? I/mqc: Job(OfflineSearchIndexingJob#1.431) Scheduling next offline search indexing in 60000 ms
2020-09-19 13:59:45.394 23676-31760/? I/waa: Job(OfflineSearchIndexingJob#1.431) Finished Job(OfflineSearchIndexingJob#1.431) (32 ms)
2020-09-19 13:59:45.395 23676-31771/? I/waa: Job(OfflineSearchIndexingJob#3.432) Finished Job(OfflineSearchIndexingJob#3.432) (27 ms)
2020-09-19 13:59:45.396 23676-23738/? I/wnp: Closing transaction readtx1606 [readDatabaseResultsToIndex]: Stats[1 Reads (rows: 1)]
2020-09-19 13:59:45.397 23676-31763/? I/mqc: Job(OfflineSearchIndexingJob#0.431) Already caught up to the current max write_sequence_id
2020-09-19 13:59:45.397 23676-31763/? I/mqc: Job(OfflineSearchIndexingJob#0.431) Scheduling next offline search indexing in 60000 ms
2020-09-19 13:59:45.397 23676-31763/? I/waa: Job(OfflineSearchIndexingJob#0.431) Finished Job(OfflineSearchIndexingJob#0.431) (8 ms)
2020-09-19 13:59:45.398 23676-23760/? I/wnp: Closing transaction readtx1607 [readDatabaseResultsToIndex]: Stats[1 Reads (rows: 1)]
2020-09-19 13:59:45.399 23676-31768/? I/mqc: Job(OfflineSearchIndexingJob#2.431) Already caught up to the current max write_sequence_id
2020-09-19 13:59:45.399 23676-31768/? I/mqc: Job(OfflineSearchIndexingJob#2.431) Scheduling next offline search indexing in 60000 ms
2020-09-19 13:59:45.399 23676-31768/? I/waa: Job(OfflineSearchIndexingJob#2.431) Finished Job(OfflineSearchIndexingJob#2.431) (6 ms)
2020-09-19 13:59:45.736 1255-1870/? W/RMS.SmartShrinker: SmartShrinker is runing in pid =31742 reclaim mode = 4
2020-09-19 13:59:46.207 1255-31046/? W/AwareLog: AwareMem_Kill: updateGroupList package: move high frequent=com.android.printspooler, uid=10074
2020-09-19 13:59:46.212 1255-31046/? I/SendBroadcastPermission: action:huawei.intent.action.APP_KILLED_FOR_KARAOKE_ACTION, mPermissionType:0
2020-09-19 13:59:46.215 1255-30338/? E/HsmCoreServiceImpl: onTransact in code is: 102
2020-09-19 13:59:46.215 1255-30338/? I/MediaProcessHandler: processOp opType: 1, uid: 10074, pid: 31742
2020-09-19 13:59:46.215 1255-30338/? W/MediaProcessHandler: remove target not exist, maybe the UI process: uid: 10074, pid: 31742
2020-09-19 13:59:46.279 1255-1255/? I/TrafficMonitor: update:rxPkts:0,txPkts:0,rxBytes:0,txBytes:0
2020-09-19 13:59:46.279 1255-1255/? I/TrafficMonitor: start expired. level:-1
2020-09-19 13:59:46.279 1255-1255/? I/TrafficMonitor: gettimer:interval=2000
2020-09-19 13:59:46.430 1555-1555/? I/NetworkSpeedManagerEx: mIsStop = false
2020-09-19 13:59:46.435 1555-1555/? I/NetworkSpeedManagerEx: value=0.0speed = 0K/s
2020-09-19 13:59:46.435 1555-1555/? I/NetworkSpeedView: /update(), speed=0K/s parent class:class com.android.systemui.statusbar.HwSystemIcons
2020-09-19 13:59:46.456 1555-1555/? I/NetworkSpeedManagerEx: mIsStop = false
2020-09-19 13:59:46.460 1555-1555/? I/NetworkSpeedManagerEx: value=0.0speed = 0K/s
2020-09-19 13:59:46.460 1555-1555/? I/NetworkSpeedView: /update(), speed=0K/s parent class:class com.android.systemui.statusbar.HwSystemIcons
2020-09-19 13:59:46.741 1255-31046/? W/AwareLog: AwareMem_Kill: empty group list!
2020-09-19 13:59:47.277 1255-1255/? I/TrafficMonitor: expired arrive. level:-1
2020-09-19 13:59:47.277 1255-1255/? I/TrafficMonitor: during_ms:2001,period_ms:2000
2020-09-19 13:59:47.277 1255-1255/? I/TrafficMonitor: count:395,rx_sum:0,tx_sum:0,rxBytes:0,during_ms:2001,rx_speed:0.0,tx_speed:0.0,rto:0.0
2020-09-19 13:59:47.590 1255-1387/? E/WifiConfigManager: updateConfiguration freq=2412 BSSID=e0:cc:7a:4b:a6:f0 RSSI=-41 "Ss"WPA_PSK
2020-09-19 13:59:47.693 1255-1444/? E/HwCHRWebMonitor: WebMonitor [mNetWorkIsSuck=0 mUIDIsSuck=]  WebSpeed [WEBSENDSEGS=0  WEBRESENDSEGS=0  WEBRECVSEGS=0  WEBERRSEGS=0  WEBOUTRSTS=0  WEBESTABLISRST=0  WEBRTTDURATION=0  WEBRTTSEGS=0  WEBSRTT=1480  WEBSNDDUPACKS=0  SENDSEGS=0  RESENDSEGS=0  RECVSEGS=0  ERRSEGS=0  OUTRSTS=0  ESTABLISRST=0  RTTDURATION=0  RTTSEGS=0  SNDDUPACKS=0  suckTimes=0 recovage_times=0]
2020-09-19 13:59:47.693 1255-1444/? E/HwCHRWifiRSSIGroupSummery: updateTcpSummery mRSSI:-42  HwCHRWifiRSSIGroup [rssi_index=4, rtt_tcp_packets=5466, rtt_tcp_duration=549994, rtt_lan_duration=8115, rtt_lan_failures=0, rtt_lan_succ=531, rtt_lan_max=155, rtt_lan_min=1,same_area_frequency=0,adjacent_area_frequency=0]
2020-09-19 13:59:47.695 1255-1444/? E/HwCHRWebMonitor: HwCHRWifiPacketCnt [mTXGood=0, mTXbad=0, mRXGood=0] rssi=-42
2020-09-19 13:59:47.696 1255-1444/? E/HwCHRWebMonitor: running processName=com.zhuoting.healthd
2020-09-19 13:59:47.932 1555-1555/? W/KeyguardUpdateMonitor: ACTION_BATTERY_CHANGED AMP: 0; Volt: 0
2020-09-19 13:59:47.937 1555-1555/? W/KeyguardUpdateMonitor: ChargingSpeed  Wattage: -1 ST: 5000000 --> 7500000
2020-09-19 13:59:47.937 1555-1555/? I/KgBattery: BatteryInfo updated:  2lPc-1
2020-09-19 13:59:47.938 1555-1555/? W/AppHandler: sendMessage with obj100
2020-09-19 13:59:47.944 28360-28360/? I/MyBleService: charUUID: be940001-7333-be46-b7ae-689e71722bd5 conning: false mDevAddr: FE:7D:E5:75:9F:89
2020-09-19 13:59:47.960 1555-1555/? W/HwLockScreenPanel: refreshBatteryInfo: null
2020-09-19 13:59:47.960 1555-1555/? W/KgBattery: getCharge info with type: text
2020-09-19 13:59:47.966 1555-1555/? W/HwLockScreenPanel: Handle message: 100
2020-09-19 13:59:48.282 1255-1255/? I/TrafficMonitor: update:rxPkts:0,txPkts:0,rxBytes:0,txBytes:0
2020-09-19 13:59:48.282 1255-1255/? I/TrafficMonitor: start expired. level:-1
2020-09-19 13:59:48.282 1255-1255/? I/TrafficMonitor: gettimer:interval=2000
2020-09-19 13:59:49.438 1555-1555/? I/NetworkSpeedManagerEx: mIsStop = false
2020-09-19 13:59:49.442 1555-1555/? I/NetworkSpeedManagerEx: value=0.0speed = 0K/s
2020-09-19 13:59:49.443 1555-1555/? I/NetworkSpeedView: /update(), speed=0K/s parent class:class com.android.systemui.statusbar.HwSystemIcons
2020-09-19 13:59:49.465 1555-1555/? I/NetworkSpeedManagerEx: mIsStop = false
2020-09-19 13:59:49.469 1555-1555/? I/NetworkSpeedManagerEx: value=0.0speed = 0K/s
2020-09-19 13:59:49.470 1555-1555/? I/NetworkSpeedView: /update(), speed=0K/s parent class:class com.android.systemui.statusbar.HwSystemIcons
2020-09-19 13:59:50.102 1255-1444/? E/HwCHRWifiRSSIGroupSummery: updatArpSummery mRSSI:-42  HwCHRWifiRSSIGroup [rssi_index=4, rtt_tcp_packets=5466, rtt_tcp_duration=549994, rtt_lan_duration=8128, rtt_lan_failures=0, rtt_lan_succ=532, rtt_lan_max=155, rtt_lan_min=1,same_area_frequency=0,adjacent_area_frequency=0]
2020-09-19 13:59:50.231 1255-1275/? I/SendBroadcastPermission: action:android.net.conn.DATA_ACTIVITY_CHANGE, mPermissionType:0
2020-09-19 13:59:50.284 1255-1255/? I/TrafficMonitor: update:rxPkts:0,txPkts:0,rxBytes:0,txBytes:0
2020-09-19 13:59:50.284 1255-1255/? I/TrafficMonitor: start expired. level:-1
2020-09-19 13:59:50.284 1255-1255/? I/TrafficMonitor: gettimer:interval=2000
2020-09-19 13:59:50.609 1255-1387/? E/WifiConfigManager: updateConfiguration freq=2412 BSSID=e0:cc:7a:4b:a6:f0 RSSI=-41 "Ss"WPA_PSK
2020-09-19 13:59:50.771 1255-31046/? W/AwareLog: AwareMem_Kill: empty group list!
2020-09-19 13:59:50.903 1255-1387/? E/WifiConfigManager: updateConfiguration freq=2412 BSSID=e0:cc:7a:4b:a6:f0 RSSI=-41 "Ss"WPA_PSK
2020-09-19 13:59:50.906 1255-1255/? I/QosMonitor: queryRtt: rtt_type = 3
2020-09-19 13:59:50.906 1255-1255/? I/WifiProJNI: ######### GET RTT:3 ########
2020-09-19 13:59:50.906 1255-1453/? I/QosMonitor: postEventFromNative: msg=100,arg1=4,arg2=9
2020-09-19 13:59:50.907 1255-1455/? I/HuaweiWifiWatchdogStateMachine: spd good count:0, add sc:0.0, rate:1.0
2020-09-19 13:59:50.907 1255-1453/? W/WifiProJNI: poll before: g_monitor_fd =245
2020-09-19 13:59:50.907 1255-1455/? I/HuaweiWifiWatchdogStateMachine: current mHighDataFlowRate = 1.0
2020-09-19 13:59:50.907 1255-1455/? I/HuaweiWifiWatchdogStateMachine: POta txb txg rxg:0, 6, 0. Lr =0% Totpkt=6
2020-09-19 13:59:50.907 1255-1255/? I/WifiProJNI: ######### CMD_QUERY_PKTS ########
2020-09-19 13:59:50.907 1255-1453/? I/QosMonitor: postEventFromNative: msg=100,arg1=0,arg2=9
2020-09-19 13:59:50.907 1255-1453/? W/WifiProJNI: poll before: g_monitor_fd =245
2020-09-19 13:59:50.908 1255-1255/? I/MQoS: rtt=1480,tcp_tx_pkts=3123402,tcp_rx_pkts=4729923
2020-09-19 13:59:50.909 1255-3307/? I/MQoS: QOS_level:0(0),DataDisable;use level-0
2020-09-19 13:59:50.910 1255-1455/? I/HuaweiWifiWatchdogStateMachine: PTcp RTT:0, rtt pkt=0, tcp_rx=0, tcp_tx=0, tcp_reTran=0, rtRate=0
2020-09-19 13:59:50.945 28360-28360/? I/MyBleService: charUUID: be940001-7333-be46-b7ae-689e71722bd5 conning: false mDevAddr: FE:7D:E5:75:9F:89
2020-09-19 13:59:52.286 1255-1255/? I/TrafficMonitor: update:rxPkts:0,txPkts:0,rxBytes:0,txBytes:0
2020-09-19 13:59:52.287 1255-1255/? I/TrafficMonitor: start expired. level:-1
2020-09-19 13:59:52.287 1255-1255/? I/TrafficMonitor: gettimer:interval=2000
2020-09-19 13:59:52.446 1555-1555/? I/NetworkSpeedManagerEx: mIsStop = false
2020-09-19 13:59:52.451 1555-1555/? I/NetworkSpeedManagerEx: value=0.0speed = 0K/s
2020-09-19 13:59:52.451 1555-1555/? I/NetworkSpeedView: /update(), speed=0K/s parent class:class com.android.systemui.statusbar.HwSystemIcons
2020-09-19 13:59:52.471 1555-1555/? I/NetworkSpeedManagerEx: mIsStop = false
2020-09-19 13:59:52.475 1555-1555/? I/NetworkSpeedManagerEx: value=0.0speed = 0K/s
2020-09-19 13:59:52.475 1555-1555/? I/NetworkSpeedView: /update(), speed=0K/s parent class:class com.android.systemui.statusbar.HwSystemIcons
2020-09-19 13:59:52.717 1255-1444/? E/HwCHRWebMonitor: WebMonitor [mNetWorkIsSuck=0 mUIDIsSuck=]  WebSpeed [WEBSENDSEGS=0  WEBRESENDSEGS=0  WEBRECVSEGS=0  WEBERRSEGS=0  WEBOUTRSTS=0  WEBESTABLISRST=0  WEBRTTDURATION=0  WEBRTTSEGS=0  WEBSRTT=1480  WEBSNDDUPACKS=0  SENDSEGS=0  RESENDSEGS=0  RECVSEGS=0  ERRSEGS=0  OUTRSTS=0  ESTABLISRST=0  RTTDURATION=0  RTTSEGS=0  SNDDUPACKS=0  suckTimes=0 recovage_times=0]
2020-09-19 13:59:52.718 1255-1444/? E/HwCHRWifiRSSIGroupSummery: updateTcpSummery mRSSI:-41  HwCHRWifiRSSIGroup [rssi_index=4, rtt_tcp_packets=5466, rtt_tcp_duration=549994, rtt_lan_duration=8128, rtt_lan_failures=0, rtt_lan_succ=532, rtt_lan_max=155, rtt_lan_min=1,same_area_frequency=0,adjacent_area_frequency=0]
2020-09-19 13:59:52.726 1255-1444/? E/HwCHRWebMonitor: HwCHRWifiPacketCnt [mTXGood=1, mTXbad=0, mRXGood=1] rssi=-41
2020-09-19 13:59:52.727 1255-1444/? E/HwCHRWebMonitor: running processName=com.zhuoting.healthd
2020-09-19 13:59:53.282 1255-1255/? I/TrafficMonitor: expired arrive. level:-1
2020-09-19 13:59:53.282 1255-1255/? I/TrafficMonitor: during_ms:2002,period_ms:2000
2020-09-19 13:59:53.282 1255-1255/? I/TrafficMonitor: count:398,rx_sum:0,tx_sum:0,rxBytes:0,during_ms:2002,rx_speed:0.0,tx_speed:0.0,rto:0.0
2020-09-19 13:59:53.616 1255-1387/? E/WifiConfigManager: updateConfiguration freq=2412 BSSID=e0:cc:7a:4b:a6:f0 RSSI=-41 "Ss"WPA_PSK
2020-09-19 13:59:53.944 28360-28360/? I/MyBleService: charUUID: be940001-7333-be46-b7ae-689e71722bd5 conning: false mDevAddr: FE:7D:E5:75:9F:89
2020-09-19 13:59:54.169 1255-1255/? I/MQoS: onSignal: mSubId=1,currDataSubID=0
2020-09-19 13:59:54.170 1255-1255/? I/MQoS: received cell-signal:5
2020-09-19 13:59:54.170 1255-22821/? I/SendBroadcastPermission: action:android.intent.action.SIG_STR, mPermissionType:0
2020-09-19 13:59:54.178 1555-1662/? I/HwMobileSignalController: subId:1 phoneType:1 networktype:2 targetClass:1 masterLevel:5 slaveLevel:-1
2020-09-19 13:59:54.288 1255-1255/? I/TrafficMonitor: update:rxPkts:0,txPkts:0,rxBytes:0,txBytes:0
2020-09-19 13:59:54.288 1255-1255/? I/TrafficMonitor: start expired. level:-1
2020-09-19 13:59:54.288 1255-1255/? I/TrafficMonitor: gettimer:interval=2000
2020-09-19 13:59:55.453 1555-1555/? I/NetworkSpeedManagerEx: mIsStop = false
2020-09-19 13:59:55.457 1555-1555/? I/NetworkSpeedManagerEx: value=0.0speed = 0K/s
2020-09-19 13:59:55.457 1555-1555/? I/NetworkSpeedView: /update(), speed=0K/s parent class:class com.android.systemui.statusbar.HwSystemIcons
2020-09-19 13:59:55.481 1555-1555/? I/NetworkSpeedManagerEx: mIsStop = false
2020-09-19 13:59:55.485 1555-1555/? I/NetworkSpeedManagerEx: value=0.0speed = 0K/s
2020-09-19 13:59:55.485 1555-1555/? I/NetworkSpeedView: /update(), speed=0K/s parent class:class com.android.systemui.statusbar.HwSystemIcons
2020-09-19 13:59:56.291 1255-1255/? I/TrafficMonitor: update:rxPkts:0,txPkts:0,rxBytes:0,txBytes:0
2020-09-19 13:59:56.291 1255-1255/? I/TrafficMonitor: start expired. level:-1
2020-09-19 13:59:56.291 1255-1255/? I/TrafficMonitor: gettimer:interval=5000
2020-09-19 13:59:56.631 1255-1387/? E/WifiConfigManager: updateConfiguration freq=2412 BSSID=e0:cc:7a:4b:a6:f0 RSSI=-41 "Ss"WPA_PSK
2020-09-19 13:59:56.945 28360-28360/? I/MyBleService: charUUID: be940001-7333-be46-b7ae-689e71722bd5 conning: false mDevAddr: FE:7D:E5:75:9F:89
2020-09-19 13:59:57.749 1255-1444/? E/HwCHRWebMonitor: WebMonitor [mNetWorkIsSuck=0 mUIDIsSuck=]  WebSpeed [WEBSENDSEGS=0  WEBRESENDSEGS=0  WEBRECVSEGS=0  WEBERRSEGS=0  WEBOUTRSTS=0  WEBESTABLISRST=0  WEBRTTDURATION=0  WEBRTTSEGS=0  WEBSRTT=1480  WEBSNDDUPACKS=0  SENDSEGS=0  RESENDSEGS=0  RECVSEGS=0  ERRSEGS=0  OUTRSTS=0  ESTABLISRST=0  RTTDURATION=0  RTTSEGS=0  SNDDUPACKS=0  suckTimes=0 recovage_times=0]
2020-09-19 13:59:57.749 1255-1444/? E/HwCHRWifiRSSIGroupSummery: updateTcpSummery mRSSI:-41  HwCHRWifiRSSIGroup [rssi_index=4, rtt_tcp_packets=5466, rtt_tcp_duration=549994, rtt_lan_duration=8128, rtt_lan_failures=0, rtt_lan_succ=532, rtt_lan_max=155, rtt_lan_min=1,same_area_frequency=0,adjacent_area_frequency=0]
2020-09-19 13:59:57.759 1255-1444/? E/HwCHRWebMonitor: HwCHRWifiPacketCnt [mTXGood=0, mTXbad=0, mRXGood=0] rssi=-41
2020-09-19 13:59:57.761 1255-1444/? E/HwCHRWebMonitor: running processName=com.zhuoting.healthd
2020-09-19 13:59:58.460 1555-1555/? I/NetworkSpeedManagerEx: mIsStop = false
2020-09-19 13:59:58.465 1555-1555/? I/NetworkSpeedManagerEx: value=0.0speed = 0K/s
2020-09-19 13:59:58.465 1555-1555/? I/NetworkSpeedView: /update(), speed=0K/s parent class:class com.android.systemui.statusbar.HwSystemIcons
2020-09-19 13:59:58.486 1555-1555/? I/NetworkSpeedManagerEx: mIsStop = false
2020-09-19 13:59:58.490 1555-1555/? I/NetworkSpeedManagerEx: value=0.0speed = 0K/s
2020-09-19 13:59:58.490 1555-1555/? I/NetworkSpeedView: /update(), speed=0K/s parent class:class com.android.systemui.statusbar.HwSystemIcons
2020-09-19 13:59:58.804 1255-31046/? W/AwareLog: AwareMem_Kill: empty group list!
2020-09-19 13:59:58.918 1255-1387/? E/WifiConfigManager: updateConfiguration freq=2412 BSSID=e0:cc:7a:4b:a6:f0 RSSI=-41 "Ss"WPA_PSK
2020-09-19 13:59:58.920 1255-1255/? I/QosMonitor: queryRtt: rtt_type = 3
2020-09-19 13:59:58.920 1255-1255/? I/WifiProJNI: ######### GET RTT:3 ########
2020-09-19 13:59:58.920 1255-1455/? I/HuaweiWifiWatchdogStateMachine: spd good count:0, add sc:0.0, rate:1.0
2020-09-19 13:59:58.920 1255-1455/? I/HuaweiWifiWatchdogStateMachine: current mHighDataFlowRate = 1.0
2020-09-19 13:59:58.920 1255-1455/? I/HuaweiWifiWatchdogStateMachine: POta txb txg rxg:0, 6, 0. Lr =0% Totpkt=6
2020-09-19 13:59:58.921 1255-1453/? I/QosMonitor: postEventFromNative: msg=100,arg1=4,arg2=9
2020-09-19 13:59:58.921 1255-1453/? W/WifiProJNI: poll before: g_monitor_fd =245
2020-09-19 13:59:58.921 1255-1255/? I/WifiProJNI: ######### CMD_QUERY_PKTS ########
2020-09-19 13:59:58.922 1255-1453/? I/QosMonitor: postEventFromNative: msg=100,arg1=0,arg2=9
2020-09-19 13:59:58.922 1255-1453/? W/WifiProJNI: poll before: g_monitor_fd =245
2020-09-19 13:59:58.922 1255-1255/? I/MQoS: rtt=1480,tcp_tx_pkts=3123402,tcp_rx_pkts=4729923
2020-09-19 13:59:58.923 1255-1455/? I/HuaweiWifiWatchdogStateMachine: PTcp RTT:0, rtt pkt=0, tcp_rx=0, tcp_tx=0, tcp_reTran=0, rtRate=0
2020-09-19 13:59:58.923 1255-3307/? I/MQoS: QOS_level:0(0),DataDisable;use level-0
2020-09-19 13:59:59.289 1255-1255/? I/TrafficMonitor: expired arrive. level:-1
2020-09-19 13:59:59.289 1255-1255/? I/TrafficMonitor: during_ms:2004,period_ms:2000
2020-09-19 13:59:59.289 1255-1255/? I/TrafficMonitor: count:400,rx_sum:0,tx_sum:0,rxBytes:0,during_ms:2004,rx_speed:0.0,tx_speed:0.0,rto:0.0
2020-09-19 13:59:59.637 1255-1387/? E/WifiConfigManager: updateConfiguration freq=2412 BSSID=e0:cc:7a:4b:a6:f0 RSSI=-41 "Ss"WPA_PSK
2020-09-19 13:59:59.672 1255-1275/? I/EventHub: EventHub monitor: no key events in the past 12343s, no motion events in the past 27s
2020-09-19 13:59:59.945 28360-28360/? I/MyBleService: charUUID: be940001-7333-be46-b7ae-689e71722bd5 conning: false mDevAddr: FE:7D:E5:75:9F:89
2020-09-19 14:00:00.012 1255-1255/? W/RMS.SmartShrinker: SmartShrinker is runing in pid =23676 reclaim mode = 4
2020-09-19 14:00:00.029 1555-1555/? W/HwKeyguardDragHelper: AnimationBlocked
2020-09-19 14:00:00.029 2350-2350/? I/HourObserver: enter into updateHourScrnOnOffTimeStatsResult, mIsScrnOnNow = true, mScrnSwitchTime = 1600510942533, nowTime = 1600513200008, delta = 2257475, mScrnOnAccTime = 496750, mScrnOffAccTime = 845775
2020-09-19 14:00:00.029 2350-2350/? I/HourObserver: left updateHourScrnOnOffTimeStatsResult, mScrnSwitchTime = 1600513200008, mScrnOnAccTime = 2754225, mScrnOffAccTime = 845775
2020-09-19 14:00:00.032 2350-31786/? I/HourObserver: in hourEndWork, set hourEndWorkHandled to false
2020-09-19 14:00:00.044 1555-1555/? W/HwKeyguardDragHelper: AnimationBlocked
2020-09-19 14:00:00.048 1555-1555/? I/EventCenter: EventCenter Get :android.intent.action.TIME_TICK
2020-09-19 14:00:00.051 1555-1555/? E/DateLunarView: mDateString is: Sat, 19 Sep
2020-09-19 14:00:00.054 1555-1555/? E/DateLunarView: mDateString is: Sat, 19 Sep
2020-09-19 14:00:00.064 2503-2503/? I/HwLauncher: Model  onReceive intent=Intent { act=android.intent.action.TIME_TICK flg=0x50000014 (has extras) }
2020-09-19 14:00:00.065 2503-2503/? I/HwLauncher: Model  onReceive user=UserHandle{0}
2020-09-19 14:00:00.066 1255-30336/? W/RMS.SmartShrinker: SmartShrinker is runing in pid =31052 reclaim mode = 4
2020-09-19 14:00:00.066 1255-30336/? W/RMS.SmartShrinker: SmartShrinker is runing in pid =22015 reclaim mode = 4
2020-09-19 14:00:00.092 1255-30336/? W/RMS.SmartShrinker: SmartShrinker is runing in pid =2503 reclaim mode = 4
2020-09-19 14:00:00.102 1555-1555/? W/HwKeyguardDragHelper: AnimationBlocked
2020-09-19 14:00:00.122 1871-11698/? W/CallLogProvider: Invalid dateShowVVM parameter: null
2020-09-19 14:00:00.147 2350-31786/? I/iMonitor: create: 903001000
2020-09-19 14:00:00.154 2350-31786/? I/iMonitor: send: 903001000
2020-09-19 14:00:00.154 556-794/? I/logserver: handle_exception_events enter
2020-09-19 14:00:00.154 2350-31786/? W/HourObserver: ---invoked sendEventToServer to send basicInfoMap
2020-09-19 14:00:00.168 1255-1255/? I/MQoS: onSignal: mSubId=1,currDataSubID=0
2020-09-19 14:00:00.168 1255-1255/? I/MQoS: received cell-signal:5
2020-09-19 14:00:00.168 1255-22821/? I/SendBroadcastPermission: action:android.intent.action.SIG_STR, mPermissionType:0
2020-09-19 14:00:00.178 2350-31786/? I/iMonitor: create: 903001001
2020-09-19 14:00:00.187 1555-1662/? I/HwMobileSignalController: subId:1 phoneType:1 networktype:2 targetClass:1 masterLevel:5 slaveLevel:-1
2020-09-19 14:00:00.190 2350-31786/? I/iMonitor: send: 903001001
2020-09-19 14:00:00.190 556-794/? I/logserver: handle_exception_events enter
2020-09-19 14:00:00.191 2350-31786/? I/iMonitor: create: 903001002
2020-09-19 14:00:00.195 2350-31786/? I/iMonitor: send: 903001002
2020-09-19 14:00:00.195 556-794/? I/logserver: handle_exception_events enter
2020-09-19 14:00:00.198 2350-31786/? I/iMonitor: create: 903001005
2020-09-19 14:00:00.203 2350-31786/? I/iMonitor: send: 903001005
2020-09-19 14:00:00.203 556-794/? I/logserver: handle_exception_events enter
2020-09-19 14:00:00.204 2350-31786/? I/iMonitor: create: 903001005
2020-09-19 14:00:00.212 2350-31786/? I/iMonitor: send: 903001005
2020-09-19 14:00:00.212 556-794/? I/logserver: handle_exception_events enter
2020-09-19 14:00:00.213 2350-31786/? I/iMonitor: create: 903001005
