2020-09-19 14:00:15.456 28360-28360/? I/System.out: shl View.plist_size==361, 716
2020-09-19 14:00:15.473 28360-28360/? I/System.out: shl View.plist_size==361, 716
2020-09-19 14:00:15.489 28360-28360/? I/System.out: shl View.plist_size==361, 716
2020-09-19 14:00:15.506 28360-28360/? I/System.out: shl View.plist_size==361, 716
2020-09-19 14:00:15.506 28360-28360/? I/System.out: shl View.plist_size==361, 716
2020-09-19 14:00:15.523 28360-28360/? I/System.out: shl View.plist_size==361, 716
2020-09-19 14:00:15.539 28360-28360/? I/System.out: shl View.plist_size==361, 716
2020-09-19 14:00:15.556 28360-28360/? I/System.out: shl View.plist_size==361, 716
2020-09-19 14:00:15.573 28360-28360/? I/System.out: shl View.plist_size==361, 716
2020-09-19 14:00:15.573 28360-28360/? I/System.out: shl View.plist_size==361, 716
2020-09-19 14:00:15.589 28360-28360/? I/System.out: shl View.plist_size==361, 716
2020-09-19 14:00:15.606 28360-28360/? I/System.out: shl View.plist_size==361, 716
2020-09-19 14:00:15.618 14747-14782/? I/bt_att: GATTC_SendHandleValueConfirm conn_id=3 handle=0x2c
2020-09-19 14:00:15.618 14747-14782/? I/bt_att: GATTC_SendHandleValueConfirm conn_id=4 handle=0x2c
2020-09-19 14:00:15.618 14747-14782/? I/bt_att: GATTC_SendHandleValueConfirm conn_id=5 handle=0x2c
2020-09-19 14:00:15.618 14747-14782/? I/bt_att: GATTC_SendHandleValueConfirm conn_id=7 handle=0x2c
2020-09-19 14:00:15.618 14747-14774/? W/bt_btif: HAL bt_gatt_callbacks->client->notify_cb
2020-09-19 14:00:15.619 14747-14774/? I/bt_btif: BTA_GATTC_SendIndConfirm conn_id=6 handle=0x002c
2020-09-19 14:00:15.619 14747-14782/? I/bt_att: GATTC_SendHandleValueConfirm conn_id=6 handle=0x2c
2020-09-19 14:00:15.623 28360-28360/? I/System.out: shl View.plist_size==361, 716
2020-09-19 14:00:15.639 28360-28360/? I/System.out: shl View.plist_size==361, 716
2020-09-19 14:00:15.640 28360-28360/? I/System.out: shl View.plist_size==361, 716
2020-09-19 14:00:15.643 28360-28442/? I/SendBroadcastPermission: action:action.character_changed, mPermissionType:0
2020-09-19 14:00:15.657 28360-28360/? I/System.out: shl View.plist_size==361, 716
2020-09-19 14:00:15.674 28360-28360/? E/vvvvvvvvvvv: reciverMsg： 06,05,b4,00,1b,2e,00,73,27,00,24,28,00,24,2d,00,d3,36,00,00,31,00,72,29,00,a2,32,00,d8,3b,00,ab,37,00,1a,2f,00,75,29,00,ee,25,00,f4,30,00,92,37,00,a3,30,00,30,27,00,62,2c,00,57,2f,00,c9,25,00,71,29,00,34,33,00,42,28,00,ba,2a,00,e0,27,00,1a,29,00,04,34,00,f0,2e,00,00,29,00,89,30,00,5a,34,00,df,2a,00,5e,2d,00,01,30,00,9d,2e,00,3d,34,00,e6,34,00,75,2b,00,a2,27,00,ea,2e,00,ce,35,00,ab,33,00,7b,25,00,33,21,00,79,2c,00,80,34,00,6c,30,00,b6,2d,00,97,2e,00,8e,32,00,8d,34,00,a8,2d,00,d9,2c,00,f0,31,00,14,38,00,f2,34,00,46,32,00,4b,2d,00,37,fb,
2020-09-19 14:00:15.674 28360-28360/? I/SendBroadcastPermission: action:com.health.communication.RECEIVER, mPermissionType:0
2020-09-19 14:00:15.675 28360-28360/? I/System.out: shl View.plist_size==361, 716
2020-09-19 14:00:15.676 28360-28360/? I/System.out: shl View.plist_size==361, 716
2020-09-19 14:00:15.691 28360-28360/? I/System.out: shl View.plist_size==361, 735
2020-09-19 14:00:15.692 28360-28614/? E/MainActivity123: key == 1  ---- objs.get(smsg) [6, 5, -76, 0, 27, 46, 0, 115, 39, 0, 36, 40, 0, 36, 45, 0, -45, 54, 0, 0, 49, 0, 114, 41, 0, -94, 50, 0, -40, 59, 0, -85, 55, 0, 26, 47, 0, 117, 41, 0, -18, 37, 0, -12, 48, 0, -110, 55, 0, -93, 48, 0, 48, 39, 0, 98, 44, 0, 87, 47, 0, -55, 37, 0, 113, 41, 0, 52, 51, 0, 66, 40, 0, -70, 42, 0, -32, 39, 0, 26, 41, 0, 4, 52, 0, -16, 46, 0, 0, 41, 0, -119, 48, 0, 90, 52, 0, -33, 42, 0, 94, 45, 0, 1, 48, 0, -99, 46, 0, 61, 52, 0, -26, 52, 0, 117, 43, 0, -94, 39, 0, -22, 46, 0, -50, 53, 0, -85, 51, 0, 123, 37, 0, 51, 33, 0, 121, 44, 0, -128, 52, 0, 108, 48, 0, -74, 45, 0, -105, 46, 0, -114, 50, 0, -115, 52, 0, -88, 45, 0, -39, 44, 0, -16, 49, 0, 20, 56, 0, -14, 52, 0, 70, 50, 0, 75, 45, 0, 55, -5]
2020-09-19 14:00:15.693 28360-28614/? I/smart:  msgs: 06,05,b4,00,1b,2e,00,73,27,00,24,28,00,24,2d,00,d3,36,00,00,31,00,72,29,00,a2,32,00,d8,3b,00,ab,37,00,1a,2f,00,75,29,00,ee,25,00,f4,30,00,92,37,00,a3,30,00,30,27,00,62,2c,00,57,2f,00,c9,25,00,71,29,00,34,33,00,42,28,00,ba,2a,00,e0,27,00,1a,29,00,04,34,00,f0,2e,00,00,29,00,89,30,00,5a,34,00,df,2a,00,5e,2d,00,01,30,00,9d,2e,00,3d,34,00,e6,34,00,75,2b,00,a2,27,00,ea,2e,00,ce,35,00,ab,33,00,7b,25,00,33,21,00,79,2c,00,80,34,00,6c,30,00,b6,2d,00,97,2e,00,8e,32,00,8d,34,00,a8,2d,00,d9,2c,00,f0,31,00,14,38,00,f2,34,00,46,32,00,4b,2d,00,37,fb, isMsgClose: false isFront: false
2020-09-19 14:00:15.706 28360-28360/? I/System.out: shl View.plist_size==361, 735
2020-09-19 14:00:15.722 28360-28360/? I/System.out: shl View.plist_size==361, 735
2020-09-19 14:00:15.739 28360-28360/? I/System.out: shl View.plist_size==361, 735
2020-09-19 14:00:15.756 28360-28360/? I/System.out: shl View.plist_size==361, 735
2020-09-19 14:00:15.756 28360-28360/? I/System.out: shl View.plist_size==361, 735
2020-09-19 14:00:15.768 1255-1266/? W/RMS.SmartShrinker: SmartShrinker is runing in pid =31809 reclaim mode = 4
2020-09-19 14:00:15.773 28360-28360/? I/System.out: shl View.plist_size==361, 735
2020-09-19 14:00:15.789 28360-28360/? I/System.out: shl View.plist_size==361, 735
2020-09-19 14:00:15.806 28360-28360/? I/System.out: shl View.plist_size==361, 735
2020-09-19 14:00:15.822 28360-28360/? I/System.out: shl View.plist_size==361, 735
2020-09-19 14:00:15.823 28360-28360/? I/System.out: shl View.plist_size==361, 735
2020-09-19 14:00:15.839 28360-28360/? I/System.out: shl View.plist_size==361, 735
2020-09-19 14:00:15.856 28360-28360/? I/System.out: shl View.plist_size==361, 735
2020-09-19 14:00:15.872 28360-28360/? I/System.out: shl View.plist_size==361, 735
2020-09-19 14:00:15.873 28360-28360/? I/System.out: shl View.plist_size==361, 735
2020-09-19 14:00:15.887 14747-14782/? I/bt_att: GATTC_SendHandleValueConfirm conn_id=3 handle=0x2c
2020-09-19 14:00:15.887 14747-14782/? I/bt_att: GATTC_SendHandleValueConfirm conn_id=4 handle=0x2c
2020-09-19 14:00:15.888 14747-14782/? I/bt_att: GATTC_SendHandleValueConfirm conn_id=5 handle=0x2c
2020-09-19 14:00:15.888 14747-14782/? I/bt_att: GATTC_SendHandleValueConfirm conn_id=7 handle=0x2c
2020-09-19 14:00:15.888 14747-14774/? W/bt_btif: HAL bt_gatt_callbacks->client->notify_cb
2020-09-19 14:00:15.888 14747-14774/? I/bt_btif: BTA_GATTC_SendIndConfirm conn_id=6 handle=0x002c
2020-09-19 14:00:15.888 14747-14782/? I/bt_att: GATTC_SendHandleValueConfirm conn_id=6 handle=0x2c
2020-09-19 14:00:15.889 28360-28360/? I/System.out: shl View.plist_size==361, 735
2020-09-19 14:00:15.899 28360-28442/? I/SendBroadcastPermission: action:action.character_changed, mPermissionType:0
2020-09-19 14:00:15.906 28360-28360/? I/System.out: shl View.plist_size==361, 735
2020-09-19 14:00:15.924 28360-28360/? E/vvvvvvvvvvv: reciverMsg： 06,05,b4,00,fe,2e,00,c9,2c,00,03,2d,00,1c,2b,00,40,21,00,64,2b,00,ef,35,00,76,35,00,1b,31,00,f1,28,00,49,31,00,78,36,00,47,2c,00,a9,2d,00,a7,2a,00,8f,31,00,bd,38,00,31,31,00,6a,2e,00,0d,2f,00,01,30,00,14,35,00,f3,35,00,1f,32,00,c8,36,00,49,33,00,3f,33,00,a1,36,00,72,3d,00,53,3a,00,4d,30,00,8b,33,00,5c,35,00,6a,32,00,03,2f,00,81,2e,00,8f,2a,00,b5,27,00,25,2f,00,79,2a,00,38,37,00,9b,2a,00,fc,2d,00,63,33,00,81,2e,00,6b,2d,00,d1,2d,00,b8,2a,00,bc,28,00,dd,2e,00,21,2a,00,f8,2e,00,3e,2f,00,60,2a,00,c8,36,00,94,49,00,58,5b,00,a7,64,00,c4,4c,
2020-09-19 14:00:15.924 28360-28360/? I/SendBroadcastPermission: action:com.health.communication.RECEIVER, mPermissionType:0
2020-09-19 14:00:15.925 28360-28360/? I/System.out: shl View.plist_size==361, 735
2020-09-19 14:00:15.926 28360-28360/? I/System.out: shl View.plist_size==361, 735
2020-09-19 14:00:15.942 28360-28360/? I/System.out: shl View.plist_size==361, 754
2020-09-19 14:00:15.942 28360-28614/? E/MainActivity123: key == 1  ---- objs.get(smsg) [6, 5, -76, 0, -2, 46, 0, -55, 44, 0, 3, 45, 0, 28, 43, 0, 64, 33, 0, 100, 43, 0, -17, 53, 0, 118, 53, 0, 27, 49, 0, -15, 40, 0, 73, 49, 0, 120, 54, 0, 71, 44, 0, -87, 45, 0, -89, 42, 0, -113, 49, 0, -67, 56, 0, 49, 49, 0, 106, 46, 0, 13, 47, 0, 1, 48, 0, 20, 53, 0, -13, 53, 0, 31, 50, 0, -56, 54, 0, 73, 51, 0, 63, 51, 0, -95, 54, 0, 114, 61, 0, 83, 58, 0, 77, 48, 0, -117, 51, 0, 92, 53, 0, 106, 50, 0, 3, 47, 0, -127, 46, 0, -113, 42, 0, -75, 39, 0, 37, 47, 0, 121, 42, 0, 56, 55, 0, -101, 42, 0, -4, 45, 0, 99, 51, 0, -127, 46, 0, 107, 45, 0, -47, 45, 0, -72, 42, 0, -68, 40, 0, -35, 46, 0, 33, 42, 0, -8, 46, 0, 62, 47, 0, 96, 42, 0, -56, 54, 0, -108, 73, 0, 88, 91, 0, -89, 100, 0, -60, 76]
2020-09-19 14:00:15.944 28360-28614/? I/smart:  msgs: 06,05,b4,00,fe,2e,00,c9,2c,00,03,2d,00,1c,2b,00,40,21,00,64,2b,00,ef,35,00,76,35,00,1b,31,00,f1,28,00,49,31,00,78,36,00,47,2c,00,a9,2d,00,a7,2a,00,8f,31,00,bd,38,00,31,31,00,6a,2e,00,0d,2f,00,01,30,00,14,35,00,f3,35,00,1f,32,00,c8,36,00,49,33,00,3f,33,00,a1,36,00,72,3d,00,53,3a,00,4d,30,00,8b,33,00,5c,35,00,6a,32,00,03,2f,00,81,2e,00,8f,2a,00,b5,27,00,25,2f,00,79,2a,00,38,37,00,9b,2a,00,fc,2d,00,63,33,00,81,2e,00,6b,2d,00,d1,2d,00,b8,2a,00,bc,28,00,dd,2e,00,21,2a,00,f8,2e,00,3e,2f,00,60,2a,00,c8,36,00,94,49,00,58,5b,00,a7,64,00,c4,4c, isMsgClose: false isFront: false
2020-09-19 14:00:15.956 28360-28360/? I/System.out: shl View.plist_size==361, 754
2020-09-19 14:00:15.972 28360-28360/? I/System.out: shl View.plist_size==361, 754
2020-09-19 14:00:15.989 28360-28360/? I/System.out: shl View.plist_size==361, 754
2020-09-19 14:00:16.006 28360-28360/? I/System.out: shl View.plist_size==361, 754
2020-09-19 14:00:16.006 28360-28360/? I/System.out: shl View.plist_size==361, 754
2020-09-19 14:00:16.022 28360-28360/? I/System.out: shl View.plist_size==361, 754
2020-09-19 14:00:16.039 28360-28360/? I/System.out: shl View.plist_size==361, 754
2020-09-19 14:00:16.056 28360-28360/? I/System.out: shl View.plist_size==361, 754
2020-09-19 14:00:16.067 14747-14782/? I/bt_att: GATTC_SendHandleValueConfirm conn_id=3 handle=0x2c
2020-09-19 14:00:16.068 14747-14782/? I/bt_att: GATTC_SendHandleValueConfirm conn_id=4 handle=0x2c
2020-09-19 14:00:16.068 14747-14782/? I/bt_att: GATTC_SendHandleValueConfirm conn_id=5 handle=0x2c
2020-09-19 14:00:16.068 14747-14782/? I/bt_att: GATTC_SendHandleValueConfirm conn_id=7 handle=0x2c
2020-09-19 14:00:16.068 14747-14774/? W/bt_btif: HAL bt_gatt_callbacks->client->notify_cb
2020-09-19 14:00:16.068 14747-14774/? I/bt_btif: BTA_GATTC_SendIndConfirm conn_id=6 handle=0x002c
2020-09-19 14:00:16.068 14747-14782/? I/bt_att: GATTC_SendHandleValueConfirm conn_id=6 handle=0x2c
2020-09-19 14:00:16.073 28360-28360/? I/System.out: shl View.plist_size==361, 754
2020-09-19 14:00:16.073 28360-28360/? I/System.out: shl View.plist_size==361, 754
2020-09-19 14:00:16.079 28360-28442/? I/SendBroadcastPermission: action:action.character_changed, mPermissionType:0
2020-09-19 14:00:16.090 28360-28360/? I/System.out: shl View.plist_size==361, 754
2020-09-19 14:00:16.107 28360-28360/? E/vvvvvvvvvvv: reciverMsg： 06,05,b4,00,61,78,00,1e,6f,00,79,4d,00,46,35,00,84,35,00,c1,2d,00,51,31,00,d2,32,00,68,31,00,96,2f,00,d1,2c,00,29,2d,00,51,2d,00,a4,26,00,52,2a,00,92,30,00,e7,29,00,14,2c,00,f0,2a,00,37,29,00,07,32,00,42,3a,00,0d,37,00,47,2f,00,7f,2c,00,f7,29,00,fb,26,00,d8,29,00,2f,2c,00,79,2d,00,26,32,00,3c,33,00,09,34,00,52,32,00,bb,31,00,2d,34,00,a6,34,00,cd,32,00,2c,2c,00,a9,32,00,e9,36,00,ad,30,00,d6,2b,00,36,32,00,ab,3a,00,47,3a,00,a2,38,00,0e,3a,00,de,38,00,d7,33,00,c4,35,00,d1,36,00,da,32,00,6d,36,00,4d,3a,00,e8,2d,00,79,2f,00,0d,37,00,26,8c,
2020-09-19 14:00:16.107 28360-28360/? I/SendBroadcastPermission: action:com.health.communication.RECEIVER, mPermissionType:0
2020-09-19 14:00:16.109 28360-28360/? I/System.out: shl View.plist_size==361, 754
2020-09-19 14:00:16.122 28360-28360/? I/System.out: shl View.plist_size==361, 754
2020-09-19 14:00:16.124 28360-28360/? E/qob: hrv_evt_handle 3
2020-09-19 14:00:16.125 28360-28360/? I/System.out: shl View.plist_size==361, 774
2020-09-19 14:00:16.126 28360-28614/? E/MainActivity123: key == 1  ---- objs.get(smsg) [6, 5, -76, 0, 97, 120, 0, 30, 111, 0, 121, 77, 0, 70, 53, 0, -124, 53, 0, -63, 45, 0, 81, 49, 0, -46, 50, 0, 104, 49, 0, -106, 47, 0, -47, 44, 0, 41, 45, 0, 81, 45, 0, -92, 38, 0, 82, 42, 0, -110, 48, 0, -25, 41, 0, 20, 44, 0, -16, 42, 0, 55, 41, 0, 7, 50, 0, 66, 58, 0, 13, 55, 0, 71, 47, 0, 127, 44, 0, -9, 41, 0, -5, 38, 0, -40, 41, 0, 47, 44, 0, 121, 45, 0, 38, 50, 0, 60, 51, 0, 9, 52, 0, 82, 50, 0, -69, 49, 0, 45, 52, 0, -90, 52, 0, -51, 50, 0, 44, 44, 0, -87, 50, 0, -23, 54, 0, -83, 48, 0, -42, 43, 0, 54, 50, 0, -85, 58, 0, 71, 58, 0, -94, 56, 0, 14, 58, 0, -34, 56, 0, -41, 51, 0, -60, 53, 0, -47, 54, 0, -38, 50, 0, 109, 54, 0, 77, 58, 0, -24, 45, 0, 121, 47, 0, 13, 55, 0, 38, -116]
2020-09-19 14:00:16.129 28360-28614/? I/smart:  msgs: 06,05,b4,00,61,78,00,1e,6f,00,79,4d,00,46,35,00,84,35,00,c1,2d,00,51,31,00,d2,32,00,68,31,00,96,2f,00,d1,2c,00,29,2d,00,51,2d,00,a4,26,00,52,2a,00,92,30,00,e7,29,00,14,2c,00,f0,2a,00,37,29,00,07,32,00,42,3a,00,0d,37,00,47,2f,00,7f,2c,00,f7,29,00,fb,26,00,d8,29,00,2f,2c,00,79,2d,00,26,32,00,3c,33,00,09,34,00,52,32,00,bb,31,00,2d,34,00,a6,34,00,cd,32,00,2c,2c,00,a9,32,00,e9,36,00,ad,30,00,d6,2b,00,36,32,00,ab,3a,00,47,3a,00,a2,38,00,0e,3a,00,de,38,00,d7,33,00,c4,35,00,d1,36,00,da,32,00,6d,36,00,4d,3a,00,e8,2d,00,79,2f,00,0d,37,00,26,8c, isMsgClose: false isFront: false
2020-09-19 14:00:16.139 28360-28360/? I/MediaPlayer: [HSM] stayAwake true uid: 10605, pid: 28360
2020-09-19 14:00:16.140 1255-26911/? E/HsmCoreServiceImpl: onTransact in code is: 102
2020-09-19 14:00:16.140 1255-26911/? I/MediaProcessHandler: processOp opType: 0, uid: 10605, pid: 28360
2020-09-19 14:00:16.140 28360-28360/? I/MediaPlayer: Pid:28360 MediaPlayer::start
2020-09-19 14:00:16.142 550-31736/? I/NuPlayer: NuPlayer::canSeek,mSourceFlags = 15 
2020-09-19 14:00:16.142 28360-28360/? I/System.out: shl View.plist_size==361, 774
2020-09-19 14:00:16.143 676-28708/? I/hash_map_utils: key: 'mode' value: ''
2020-09-19 14:00:16.144 676-676/? I/hash_map_utils: key: 'mode' value: ''
2020-09-19 14:00:16.145 676-1414/? I/APM_AudioPolicyManager: startOutput() output 13, stream 3, session 26745
2020-09-19 14:00:16.145 676-1414/? I/APM_AudioPolicyManager: getNewOutputDevice() selected device 2
2020-09-19 14:00:16.145 676-1414/? I/APM_AudioPolicyManager: setOutputDevice() device 0x0002 delayMs 0 force 1
2020-09-19 14:00:16.145 676-1414/? I/APM_AudioPolicyManager: setOutputDevice() changing to device 0x0002 , muteWaitMs 0
2020-09-19 14:00:16.148 1958-2032/? I/PGServer: report state:2 event type:1 pid:28360 uid:10605 pkg:null to pid: 1255
2020-09-19 14:00:16.153 676-779/? I/audio_hw_primary: out_set_parameters_no_lock device:0x0, out type:0
2020-09-19 14:00:16.153 676-779/? I/audio_hw_primary: out_set_parameters_no_lock device:0x2, out type:0
2020-09-19 14:00:16.153 676-779/? I/audio_hw_primary: call_get_sample_rate: sample_rate = 16000, tty_status = 0
2020-09-19 14:00:16.153 676-779/? I/audio_hw_primary: select_devices++ mode[0]
2020-09-19 14:00:16.153 676-779/? I/audio_hw_primary: select_devices--
2020-09-19 14:00:16.153 676-1414/? I/APM_AudioPolicyManager: setOutputDevice() createAudioPatch returned 0 patchHandle 26844 num_sources 1 num_sinks 1
2020-09-19 14:00:16.154 676-1414/? I/APM_AudioPolicyManager: checkOutputForStrategy() getDeviceForStrategy strategy=3 newDevice=2 oldDevice=2
2020-09-19 14:00:16.154 676-1414/? I/AudioTrackShared: server obtain null buf part1:0 rear:18432 front:18432 mFrameCount:22050
2020-09-19 14:00:16.156 1255-1255/? I/AudioSystem-JNI: listAudioPorts AudioSystem::listAudioPorts numPorts 7 generation 3538 generation1 3538
2020-09-19 14:00:16.156 28360-28360/? I/System.out: shl View.plist_size==361, 774
2020-09-19 14:00:16.161 550-31736/? I/NuPlayer: performSeek before, mIsSeeking should to change to false
2020-09-19 14:00:16.172 28360-28360/? I/System.out: shl View.plist_size==361, 774
2020-09-19 14:00:16.176 550-31827/? I/NuPlayerDecoder: [audio] saw output EOS
2020-09-19 14:00:16.190 28360-28360/? I/System.out: shl View.plist_size==361, 774
2020-09-19 14:00:16.190 28360-28360/? I/System.out: shl View.plist_size==361, 774
2020-09-19 14:00:16.206 28360-28360/? I/System.out: shl View.plist_size==361, 774
2020-09-19 14:00:16.222 28360-28360/? I/System.out: shl View.plist_size==361, 774
2020-09-19 14:00:16.239 28360-28360/? I/System.out: shl View.plist_size==361, 774
2020-09-19 14:00:16.256 28360-28360/? I/System.out: shl View.plist_size==361, 774
2020-09-19 14:00:16.256 28360-28360/? I/System.out: shl View.plist_size==361, 774
2020-09-19 14:00:16.272 28360-28360/? I/System.out: shl View.plist_size==361, 774
2020-09-19 14:00:16.289 28360-28360/? I/System.out: shl View.plist_size==361, 774
2020-09-19 14:00:16.296 1255-1255/? I/TrafficMonitor: expired arrive. level:-1
2020-09-19 14:00:16.298 1255-1255/? I/TrafficMonitor: update:rxPkts:0,txPkts:0,rxBytes:0,txBytes:0
2020-09-19 14:00:16.298 1255-1255/? I/TrafficMonitor: start expired. level:-1
2020-09-19 14:00:16.298 1255-1255/? I/TrafficMonitor: gettimer:interval=5000
2020-09-19 14:00:16.298 1255-1255/? I/TrafficMonitor: during_ms:5002,period_ms:2000
2020-09-19 14:00:16.298 1255-1255/? I/TrafficMonitor: count:404,rx_sum:0,tx_sum:0,rxBytes:0,during_ms:5002,rx_speed:0.0,tx_speed:0.0,rto:0.0
2020-09-19 14:00:16.306 28360-28360/? I/System.out: shl View.plist_size==361, 774
2020-09-19 14:00:16.315 14747-14782/? I/bt_att: GATTC_SendHandleValueConfirm conn_id=3 handle=0x2c
2020-09-19 14:00:16.315 14747-14782/? I/bt_att: GATTC_SendHandleValueConfirm conn_id=4 handle=0x2c
2020-09-19 14:00:16.316 14747-14782/? I/bt_att: GATTC_SendHandleValueConfirm conn_id=5 handle=0x2c
2020-09-19 14:00:16.316 14747-14782/? I/bt_att: GATTC_SendHandleValueConfirm conn_id=7 handle=0x2c
2020-09-19 14:00:16.316 14747-14774/? W/bt_btif: HAL bt_gatt_callbacks->client->notify_cb
2020-09-19 14:00:16.316 14747-14774/? I/bt_btif: BTA_GATTC_SendIndConfirm conn_id=6 handle=0x002c
2020-09-19 14:00:16.317 14747-14782/? I/bt_att: GATTC_SendHandleValueConfirm conn_id=6 handle=0x2c
2020-09-19 14:00:16.322 28360-28360/? I/System.out: shl View.plist_size==361, 774
2020-09-19 14:00:16.323 28360-28360/? I/System.out: shl View.plist_size==361, 774
2020-09-19 14:00:16.339 28360-28360/? I/System.out: shl View.plist_size==361, 774
2020-09-19 14:00:16.342 28360-28442/? I/SendBroadcastPermission: action:action.character_changed, mPermissionType:0
2020-09-19 14:00:16.357 28360-28360/? I/System.out: shl View.plist_size==361, 774
2020-09-19 14:00:16.372 676-779/? I/AudioTrackShared: server obtain null buf part1:0 rear:27648 front:27648 mFrameCount:22050
2020-09-19 14:00:16.374 28360-28360/? E/vvvvvvvvvvv: reciverMsg： 06,05,b4,00,a9,39,00,34,3d,00,f9,3f,00,14,42,00,85,42,00,e2,35,00,d8,34,00,cc,3e,00,68,41,00,c0,3c,00,4a,32,00,ac,38,00,67,3c,00,36,39,00,38,39,00,3d,35,00,41,3c,00,53,3b,00,d6,36,00,74,37,00,28,3d,00,37,3d,00,91,31,00,13,32,00,af,2e,00,b2,34,00,b8,3a,00,9c,3a,00,d4,30,00,44,31,00,00,32,00,40,2f,00,e8,35,00,32,32,00,e9,34,00,64,32,00,0b,38,00,d3,39,00,f8,2f,00,3b,29,00,dd,3a,00,7d,39,00,64,35,00,87,36,00,ff,3a,00,ad,3d,00,06,37,00,5e,33,00,b8,3e,00,35,3a,00,74,30,00,17,33,00,b1,33,00,90,33,00,83,35,00,ca,34,00,ec,3c,00,04,40,00,b0,be,
2020-09-19 14:00:16.374 28360-28360/? I/SendBroadcastPermission: action:com.health.communication.RECEIVER, mPermissionType:0
2020-09-19 14:00:16.375 28360-28360/? I/System.out: shl View.plist_size==361, 774
2020-09-19 14:00:16.376 28360-28360/? I/System.out: shl View.plist_size==361, 774
2020-09-19 14:00:16.391 28360-28360/? I/MediaPlayer: [HSM] stayAwake false uid: 10605, pid: 28360
2020-09-19 14:00:16.391 28360-28614/? E/MainActivity123: key == 1  ---- objs.get(smsg) [6, 5, -76, 0, -87, 57, 0, 52, 61, 0, -7, 63, 0, 20, 66, 0, -123, 66, 0, -30, 53, 0, -40, 52, 0, -52, 62, 0, 104, 65, 0, -64, 60, 0, 74, 50, 0, -84, 56, 0, 103, 60, 0, 54, 57, 0, 56, 57, 0, 61, 53, 0, 65, 60, 0, 83, 59, 0, -42, 54, 0, 116, 55, 0, 40, 61, 0, 55, 61, 0, -111, 49, 0, 19, 50, 0, -81, 46, 0, -78, 52, 0, -72, 58, 0, -100, 58, 0, -44, 48, 0, 68, 49, 0, 0, 50, 0, 64, 47, 0, -24, 53, 0, 50, 50, 0, -23, 52, 0, 100, 50, 0, 11, 56, 0, -45, 57, 0, -8, 47, 0, 59, 41, 0, -35, 58, 0, 125, 57, 0, 100, 53, 0, -121, 54, 0, -1, 58, 0, -83, 61, 0, 6, 55, 0, 94, 51, 0, -72, 62, 0, 53, 58, 0, 116, 48, 0, 23, 51, 0, -79, 51, 0, -112, 51, 0, -125, 53, 0, -54, 52, 0, -20, 60, 0, 4, 64, 0, -80, -66]
2020-09-19 14:00:16.392 1255-1927/? E/HsmCoreServiceImpl: onTransact in code is: 102
2020-09-19 14:00:16.392 1255-1927/? I/MediaProcessHandler: processOp opType: 1, uid: 10605, pid: 28360
2020-09-19 14:00:16.392 28360-28360/? I/System.out: shl View.plist_size==361, 793
2020-09-19 14:00:16.393 28360-28614/? I/smart:  msgs: 06,05,b4,00,a9,39,00,34,3d,00,f9,3f,00,14,42,00,85,42,00,e2,35,00,d8,34,00,cc,3e,00,68,41,00,c0,3c,00,4a,32,00,ac,38,00,67,3c,00,36,39,00,38,39,00,3d,35,00,41,3c,00,53,3b,00,d6,36,00,74,37,00,28,3d,00,37,3d,00,91,31,00,13,32,00,af,2e,00,b2,34,00,b8,3a,00,9c,3a,00,d4,30,00,44,31,00,00,32,00,40,2f,00,e8,35,00,32,32,00,e9,34,00,64,32,00,0b,38,00,d3,39,00,f8,2f,00,3b,29,00,dd,3a,00,7d,39,00,64,35,00,87,36,00,ff,3a,00,ad,3d,00,06,37,00,5e,33,00,b8,3e,00,35,3a,00,74,30,00,17,33,00,b1,33,00,90,33,00,83,35,00,ca,34,00,ec,3c,00,04,40,00,b0,be, isMsgClose: false isFront: false
2020-09-19 14:00:16.406 28360-28360/? I/System.out: shl View.plist_size==361, 793
2020-09-19 14:00:16.422 28360-28360/? I/System.out: shl View.plist_size==361, 793
2020-09-19 14:00:16.433 1958-2032/? I/DeviceMonitor: last release audio mix uid:10605 pid:-2
2020-09-19 14:00:16.439 28360-28360/? I/System.out: shl View.plist_size==361, 793
2020-09-19 14:00:16.439 28360-28360/? I/System.out: shl View.plist_size==361, 793
2020-09-19 14:00:16.442 676-689/? I/APM_AudioPolicyManager: stopOutput() output 13, stream 3, session 26745
2020-09-19 14:00:16.443 676-689/? I/APM_AudioPolicyManager: getNewOutputDevice() selected device 0
2020-09-19 14:00:16.443 676-689/? I/APM_AudioPolicyManager: setOutputDevice() device 0x0000 delayMs 80 force 0
2020-09-19 14:00:16.443 676-689/? I/APM_AudioPolicyManager: setOutputDevice() setting same device 0x0000 or null device
2020-09-19 14:00:16.443 676-689/? I/APM_AudioPolicyManager: checkOutputForStrategy() getDeviceForStrategy strategy=3 newDevice=2 oldDevice=2
2020-09-19 14:00:16.444 1958-2032/? I/PGServer: report state:2 event type:2 pid:28360 uid:10605 pkg:null to pid: 1255
2020-09-19 14:00:16.456 28360-28360/? I/System.out: shl View.plist_size==361, 793
2020-09-19 14:00:16.472 28360-28360/? I/System.out: shl View.plist_size==361, 793
2020-09-19 14:00:16.489 28360-28360/? I/System.out: shl View.plist_size==361, 793
2020-09-19 14:00:16.502 1555-1555/? I/NetworkSpeedManagerEx: mIsStop = false
2020-09-19 14:00:16.505 1555-1555/? I/NetworkSpeedManagerEx: value=0.0speed = 0K/s
2020-09-19 14:00:16.506 1555-1555/? I/NetworkSpeedView: /update(), speed=0K/s parent class:class com.android.systemui.statusbar.HwSystemIcons
2020-09-19 14:00:16.506 28360-28360/? I/System.out: shl View.plist_size==361, 793
2020-09-19 14:00:16.506 28360-28360/? I/System.out: shl View.plist_size==361, 793
2020-09-19 14:00:16.522 28360-28360/? I/System.out: shl View.plist_size==361, 793
2020-09-19 14:00:16.524 1555-1555/? I/NetworkSpeedManagerEx: mIsStop = false
2020-09-19 14:00:16.530 1555-1555/? I/NetworkSpeedManagerEx: value=0.0speed = 0K/s
2020-09-19 14:00:16.530 1555-1555/? I/NetworkSpeedView: /update(), speed=0K/s parent class:class com.android.systemui.statusbar.HwSystemIcons
2020-09-19 14:00:16.539 28360-28360/? I/System.out: shl View.plist_size==361, 793
2020-09-19 14:00:16.540 14747-14782/? I/bt_att: GATTC_SendHandleValueConfirm conn_id=3 handle=0x2c
2020-09-19 14:00:16.540 14747-14782/? I/bt_att: GATTC_SendHandleValueConfirm conn_id=4 handle=0x2c
2020-09-19 14:00:16.541 14747-14782/? I/bt_att: GATTC_SendHandleValueConfirm conn_id=5 handle=0x2c
2020-09-19 14:00:16.541 14747-14782/? I/bt_att: GATTC_SendHandleValueConfirm conn_id=7 handle=0x2c
2020-09-19 14:00:16.541 14747-14774/? W/bt_btif: HAL bt_gatt_callbacks->client->notify_cb
2020-09-19 14:00:16.541 14747-14774/? I/bt_btif: BTA_GATTC_SendIndConfirm conn_id=6 handle=0x002c
2020-09-19 14:00:16.541 14747-14782/? I/bt_att: GATTC_SendHandleValueConfirm conn_id=6 handle=0x2c
2020-09-19 14:00:16.556 28360-28360/? I/System.out: shl View.plist_size==361, 793
2020-09-19 14:00:16.558 28360-28442/? I/SendBroadcastPermission: action:action.character_changed, mPermissionType:0
2020-09-19 14:00:16.572 28360-28360/? I/System.out: shl View.plist_size==361, 793
2020-09-19 14:00:16.574 28360-28360/? I/System.out: shl View.plist_size==361, 793
2020-09-19 14:00:16.590 28360-28360/? E/vvvvvvvvvvv: reciverMsg： 06,05,b4,00,b8,3d,00,28,3a,00,57,33,00,30,31,00,67,38,00,19,3d,00,24,43,00,af,3a,00,36,34,00,8d,35,00,b7,35,00,40,35,00,3b,35,00,ce,2e,00,ff,3a,00,a6,3a,00,83,3a,00,a4,37,00,cc,36,00,a7,36,00,58,3a,00,26,3b,00,c5,2e,00,4a,2d,00,f1,3a,00,d6,38,00,58,38,00,9f,3f,00,ee,35,00,f0,2d,00,1b,2f,00,39,37,00,0b,38,00,99,39,00,ff,3b,00,f4,3b,00,5e,34,00,85,2f,00,5a,2e,00,58,39,00,f9,3a,00,d2,2e,00,a1,34,00,32,36,00,54,39,00,42,3c,00,b0,2f,00,45,33,00,02,32,00,e9,34,00,ab,34,00,50,38,00,bf,2d,00,f3,2a,00,c7,31,00,f1,39,00,fc,36,00,fb,36,00,b2,2c,
2020-09-19 14:00:16.590 28360-28360/? I/SendBroadcastPermission: action:com.health.communication.RECEIVER, mPermissionType:0
2020-09-19 14:00:16.592 28360-28360/? I/System.out: shl View.plist_size==361, 793
2020-09-19 14:00:16.606 28360-28360/? I/System.out: shl View.plist_size==361, 793
2020-09-19 14:00:16.609 28360-28614/? E/MainActivity123: key == 1  ---- objs.get(smsg) [6, 5, -76, 0, -72, 61, 0, 40, 58, 0, 87, 51, 0, 48, 49, 0, 103, 56, 0, 25, 61, 0, 36, 67, 0, -81, 58, 0, 54, 52, 0, -115, 53, 0, -73, 53, 0, 64, 53, 0, 59, 53, 0, -50, 46, 0, -1, 58, 0, -90, 58, 0, -125, 58, 0, -92, 55, 0, -52, 54, 0, -89, 54, 0, 88, 58, 0, 38, 59, 0, -59, 46, 0, 74, 45, 0, -15, 58, 0, -42, 56, 0, 88, 56, 0, -97, 63, 0, -18, 53, 0, -16, 45, 0, 27, 47, 0, 57, 55, 0, 11, 56, 0, -103, 57, 0, -1, 59, 0, -12, 59, 0, 94, 52, 0, -123, 47, 0, 90, 46, 0, 88, 57, 0, -7, 58, 0, -46, 46, 0, -95, 52, 0, 50, 54, 0, 84, 57, 0, 66, 60, 0, -80, 47, 0, 69, 51, 0, 2, 50, 0, -23, 52, 0, -85, 52, 0, 80, 56, 0, -65, 45, 0, -13, 42, 0, -57, 49, 0, -15, 57, 0, -4, 54, 0, -5, 54, 0, -78, 44]
2020-09-19 14:00:16.612 28360-28614/? I/smart:  msgs: 06,05,b4,00,b8,3d,00,28,3a,00,57,33,00,30,31,00,67,38,00,19,3d,00,24,43,00,af,3a,00,36,34,00,8d,35,00,b7,35,00,40,35,00,3b,35,00,ce,2e,00,ff,3a,00,a6,3a,00,83,3a,00,a4,37,00,cc,36,00,a7,36,00,58,3a,00,26,3b,00,c5,2e,00,4a,2d,00,f1,3a,00,d6,38,00,58,38,00,9f,3f,00,ee,35,00,f0,2d,00,1b,2f,00,39,37,00,0b,38,00,99,39,00,ff,3b,00,f4,3b,00,5e,34,00,85,2f,00,5a,2e,00,58,39,00,f9,3a,00,d2,2e,00,a1,34,00,32,36,00,54,39,00,42,3c,00,b0,2f,00,45,33,00,02,32,00,e9,34,00,ab,34,00,50,38,00,bf,2d,00,f3,2a,00,c7,31,00,f1,39,00,fc,36,00,fb,36,00,b2,2c, isMsgClose: false isFront: false
2020-09-19 14:00:16.622 28360-28360/? I/System.out: shl View.plist_size==361, 812
2020-09-19 14:00:16.623 28360-28360/? I/System.out: shl View.plist_size==361, 812
2020-09-19 14:00:16.639 28360-28360/? I/System.out: shl View.plist_size==361, 812
2020-09-19 14:00:16.656 28360-28360/? I/System.out: shl View.plist_size==361, 812
2020-09-19 14:00:16.672 28360-28360/? I/System.out: shl View.plist_size==361, 812
2020-09-19 14:00:16.689 28360-28360/? I/System.out: shl View.plist_size==361, 812
2020-09-19 14:00:16.689 28360-28360/? I/System.out: shl View.plist_size==361, 812
2020-09-19 14:00:16.706 28360-28360/? I/System.out: shl View.plist_size==361, 812
2020-09-19 14:00:16.722 28360-28360/? I/System.out: shl View.plist_size==361, 812
2020-09-19 14:00:16.739 28360-28360/? I/System.out: shl View.plist_size==361, 812
2020-09-19 14:00:16.756 28360-28360/? I/System.out: shl View.plist_size==361, 812
2020-09-19 14:00:16.756 28360-28360/? I/System.out: shl View.plist_size==361, 812
2020-09-19 14:00:16.772 28360-28360/? I/System.out: shl View.plist_size==361, 812
2020-09-19 14:00:16.788 14747-14782/? I/bt_att: GATTC_SendHandleValueConfirm conn_id=3 handle=0x2c
2020-09-19 14:00:16.788 14747-14782/? I/bt_att: GATTC_SendHandleValueConfirm conn_id=4 handle=0x2c
2020-09-19 14:00:16.788 14747-14782/? I/bt_att: GATTC_SendHandleValueConfirm conn_id=5 handle=0x2c
2020-09-19 14:00:16.788 14747-14782/? I/bt_att: GATTC_SendHandleValueConfirm conn_id=7 handle=0x2c
2020-09-19 14:00:16.788 14747-14774/? W/bt_btif: HAL bt_gatt_callbacks->client->notify_cb
2020-09-19 14:00:16.788 14747-14774/? I/bt_btif: BTA_GATTC_SendIndConfirm conn_id=6 handle=0x002c
2020-09-19 14:00:16.788 14747-14782/? I/bt_att: GATTC_SendHandleValueConfirm conn_id=6 handle=0x2c
2020-09-19 14:00:16.789 28360-28360/? I/System.out: shl View.plist_size==361, 812
2020-09-19 14:00:16.805 28360-28442/? I/SendBroadcastPermission: action:action.character_changed, mPermissionType:0
2020-09-19 14:00:16.806 28360-28360/? I/System.out: shl View.plist_size==361, 812
2020-09-19 14:00:16.806 28360-28360/? I/System.out: shl View.plist_size==361, 812
2020-09-19 14:00:16.823 28360-28360/? I/System.out: shl View.plist_size==361, 812
2020-09-19 14:00:16.825 539-539/? E/Thermal-daemon: [ap] temp_new :31  temp_old :30
2020-09-19 14:00:16.826 539-539/? E/ThermalBinder: mThermalService is NULL!
2020-09-19 14:00:16.826 539-539/? E/Thermal-daemon: Report temperature: [ap] temp :31  report_threshold:1
2020-09-19 14:00:16.840 28360-28360/? E/vvvvvvvvvvv: reciverMsg： 06,05,b4,00,c8,34,00,37,36,00,fd,32,00,e6,36,00,30,38,00,06,35,00,16,30,00,df,2d,00,96,36,00,f9,3a,00,a9,2d,00,0e,2e,00,fa,32,00,ae,31,00,a0,35,00,64,34,00,12,32,00,31,35,00,34,3d,00,0a,3e,00,f1,31,00,95,34,00,ab,34,00,e9,2f,00,32,30,00,22,2e,00,e9,33,00,cb,31,00,35,32,00,c9,31,00,fc,35,00,08,39,00,bc,36,00,26,32,00,d7,2d,00,a5,2b,00,d4,32,00,db,3f,00,e6,3c,00,d2,2b,00,63,29,00,bb,36,00,ad,40,00,39,32,00,af,31,00,4a,46,00,6a,37,00,59,35,00,45,33,00,a2,39,00,0a,45,00,7d,3b,00,22,30,00,e5,32,00,f7,2e,00,cd,33,00,60,31,00,9f,30,00,49,68,
2020-09-19 14:00:16.840 28360-28360/? I/SendBroadcastPermission: action:com.health.communication.RECEIVER, mPermissionType:0
2020-09-19 14:00:16.842 28360-28360/? I/System.out: shl View.plist_size==361, 812
2020-09-19 14:00:16.858 28360-28360/? I/System.out: shl View.plist_size==361, 832
2020-09-19 14:00:16.858 28360-28614/? E/MainActivity123: key == 1  ---- objs.get(smsg) [6, 5, -76, 0, -56, 52, 0, 55, 54, 0, -3, 50, 0, -26, 54, 0, 48, 56, 0, 6, 53, 0, 22, 48, 0, -33, 45, 0, -106, 54, 0, -7, 58, 0, -87, 45, 0, 14, 46, 0, -6, 50, 0, -82, 49, 0, -96, 53, 0, 100, 52, 0, 18, 50, 0, 49, 53, 0, 52, 61, 0, 10, 62, 0, -15, 49, 0, -107, 52, 0, -85, 52, 0, -23, 47, 0, 50, 48, 0, 34, 46, 0, -23, 51, 0, -53, 49, 0, 53, 50, 0, -55, 49, 0, -4, 53, 0, 8, 57, 0, -68, 54, 0, 38, 50, 0, -41, 45, 0, -91, 43, 0, -44, 50, 0, -37, 63, 0, -26, 60, 0, -46, 43, 0, 99, 41, 0, -69, 54, 0, -83, 64, 0, 57, 50, 0, -81, 49, 0, 74, 70, 0, 106, 55, 0, 89, 53, 0, 69, 51, 0, -94, 57, 0, 10, 69, 0, 125, 59, 0, 34, 48, 0, -27, 50, 0, -9, 46, 0, -51, 51, 0, 96, 49, 0, -97, 48, 0, 73, 104]
2020-09-19 14:00:16.860 28360-28614/? I/smart:  msgs: 06,05,b4,00,c8,34,00,37,36,00,fd,32,00,e6,36,00,30,38,00,06,35,00,16,30,00,df,2d,00,96,36,00,f9,3a,00,a9,2d,00,0e,2e,00,fa,32,00,ae,31,00,a0,35,00,64,34,00,12,32,00,31,35,00,34,3d,00,0a,3e,00,f1,31,00,95,34,00,ab,34,00,e9,2f,00,32,30,00,22,2e,00,e9,33,00,cb,31,00,35,32,00,c9,31,00,fc,35,00,08,39,00,bc,36,00,26,32,00,d7,2d,00,a5,2b,00,d4,32,00,db,3f,00,e6,3c,00,d2,2b,00,63,29,00,bb,36,00,ad,40,00,39,32,00,af,31,00,4a,46,00,6a,37,00,59,35,00,45,33,00,a2,39,00,0a,45,00,7d,3b,00,22,30,00,e5,32,00,f7,2e,00,cd,33,00,60,31,00,9f,30,00,49,68, isMsgClose: false isFront: false
2020-09-19 14:00:16.872 28360-28360/? I/System.out: shl View.plist_size==361, 832
2020-09-19 14:00:16.873 28360-28360/? I/System.out: shl View.plist_size==361, 832
2020-09-19 14:00:16.889 28360-28360/? I/System.out: shl View.plist_size==361, 832
2020-09-19 14:00:16.905 28360-28360/? I/System.out: shl View.plist_size==361, 832
2020-09-19 14:00:16.922 28360-28360/? I/System.out: shl View.plist_size==361, 832
2020-09-19 14:00:16.940 28360-28360/? I/System.out: shl View.plist_size==361, 832
2020-09-19 14:00:16.940 28360-28360/? I/System.out: shl View.plist_size==361, 832
2020-09-19 14:00:16.956 28360-28360/? I/System.out: shl View.plist_size==361, 832
2020-09-19 14:00:16.972 28360-28360/? I/System.out: shl View.plist_size==361, 832
2020-09-19 14:00:16.989 28360-28360/? I/System.out: shl View.plist_size==361, 832
2020-09-19 14:00:17.005 28360-28360/? I/System.out: shl View.plist_size==361, 832
2020-09-19 14:00:17.006 28360-28360/? I/System.out: shl View.plist_size==361, 832
2020-09-19 14:00:17.014 14747-14782/? I/bt_att: GATTC_SendHandleValueConfirm conn_id=3 handle=0x2c
2020-09-19 14:00:17.015 14747-14782/? I/bt_att: GATTC_SendHandleValueConfirm conn_id=4 handle=0x2c
2020-09-19 14:00:17.015 14747-14782/? I/bt_att: GATTC_SendHandleValueConfirm conn_id=5 handle=0x2c
2020-09-19 14:00:17.015 14747-14774/? W/bt_btif: HAL bt_gatt_callbacks->client->notify_cb
2020-09-19 14:00:17.015 14747-14782/? I/bt_att: GATTC_SendHandleValueConfirm conn_id=7 handle=0x2c
2020-09-19 14:00:17.016 14747-14774/? I/bt_btif: BTA_GATTC_SendIndConfirm conn_id=6 handle=0x002c
2020-09-19 14:00:17.016 14747-14782/? I/bt_att: GATTC_SendHandleValueConfirm conn_id=6 handle=0x2c
2020-09-19 14:00:17.023 28360-28360/? I/System.out: shl View.plist_size==361, 832
2020-09-19 14:00:17.040 28360-28360/? I/System.out: shl View.plist_size==361, 832
2020-09-19 14:00:17.042 28360-28442/? I/SendBroadcastPermission: action:action.character_changed, mPermissionType:0
2020-09-19 14:00:17.056 28360-28360/? I/System.out: shl View.plist_size==361, 832
2020-09-19 14:00:17.058 28360-28360/? I/System.out: shl View.plist_size==361, 832
2020-09-19 14:00:17.074 28360-28360/? E/vvvvvvvvvvv: reciverMsg： 06,05,b4,00,2b,30,00,42,32,00,6d,39,00,77,3e,00,1b,37,00,50,2d,00,01,30,00,7b,3b,00,9f,32,00,9b,2c,00,ac,31,00,77,37,00,35,3b,00,b2,2f,00,22,2f,00,a3,38,00,e2,48,00,d7,5d,00,7f,6a,00,4c,6b,00,1a,5e,00,10,42,00,4f,2e,00,d3,26,00,14,2e,00,79,3f,00,67,3e,00,08,32,00,bd,35,00,5a,29,00,eb,2c,00,4b,31,00,3d,38,00,23,34,00,41,2d,00,b3,33,00,60,37,00,40,37,00,9a,34,00,0c,2f,00,0d,30,00,03,34,00,24,36,00,1b,32,00,9e,2f,00,24,39,00,89,3d,00,4b,39,00,fb,32,00,56,2e,00,da,2e,00,d0,2c,00,1a,38,00,a4,39,00,09,33,00,e5,3a,00,88,38,00,ff,34,00,fc,c1,
2020-09-19 14:00:17.074 28360-28360/? I/SendBroadcastPermission: action:com.health.communication.RECEIVER, mPermissionType:0
2020-09-19 14:00:17.075 28360-28360/? I/System.out: shl View.plist_size==361, 832
2020-09-19 14:00:17.091 28360-28360/? E/qob: hrv_evt_handle 3
2020-09-19 14:00:17.091 28360-28360/? I/System.out: shl View.plist_size==361, 851
2020-09-19 14:00:17.092 28360-28614/? E/MainActivity123: key == 1  ---- objs.get(smsg) [6, 5, -76, 0, 43, 48, 0, 66, 50, 0, 109, 57, 0, 119, 62, 0, 27, 55, 0, 80, 45, 0, 1, 48, 0, 123, 59, 0, -97, 50, 0, -101, 44, 0, -84, 49, 0, 119, 55, 0, 53, 59, 0, -78, 47, 0, 34, 47, 0, -93, 56, 0, -30, 72, 0, -41, 93, 0, 127, 106, 0, 76, 107, 0, 26, 94, 0, 16, 66, 0, 79, 46, 0, -45, 38, 0, 20, 46, 0, 121, 63, 0, 103, 62, 0, 8, 50, 0, -67, 53, 0, 90, 41, 0, -21, 44, 0, 75, 49, 0, 61, 56, 0, 35, 52, 0, 65, 45, 0, -77, 51, 0, 96, 55, 0, 64, 55, 0, -102, 52, 0, 12, 47, 0, 13, 48, 0, 3, 52, 0, 36, 54, 0, 27, 50, 0, -98, 47, 0, 36, 57, 0, -119, 61, 0, 75, 57, 0, -5, 50, 0, 86, 46, 0, -38, 46, 0, -48, 44, 0, 26, 56, 0, -92, 57, 0, 9, 51, 0, -27, 58, 0, -120, 56, 0, -1, 52, 0, -4, -63]
2020-09-19 14:00:17.092 28360-28360/? I/MediaPlayer: [HSM] stayAwake true uid: 10605, pid: 28360
2020-09-19 14:00:17.092 1255-1976/? E/HsmCoreServiceImpl: onTransact in code is: 102
2020-09-19 14:00:17.092 1255-1976/? I/MediaProcessHandler: processOp opType: 0, uid: 10605, pid: 28360
2020-09-19 14:00:17.093 28360-28360/? I/MediaPlayer: Pid:28360 MediaPlayer::start
2020-09-19 14:00:17.093 28360-28614/? I/smart:  msgs: 06,05,b4,00,2b,30,00,42,32,00,6d,39,00,77,3e,00,1b,37,00,50,2d,00,01,30,00,7b,3b,00,9f,32,00,9b,2c,00,ac,31,00,77,37,00,35,3b,00,b2,2f,00,22,2f,00,a3,38,00,e2,48,00,d7,5d,00,7f,6a,00,4c,6b,00,1a,5e,00,10,42,00,4f,2e,00,d3,26,00,14,2e,00,79,3f,00,67,3e,00,08,32,00,bd,35,00,5a,29,00,eb,2c,00,4b,31,00,3d,38,00,23,34,00,41,2d,00,b3,33,00,60,37,00,40,37,00,9a,34,00,0c,2f,00,0d,30,00,03,34,00,24,36,00,1b,32,00,9e,2f,00,24,39,00,89,3d,00,4b,39,00,fb,32,00,56,2e,00,da,2e,00,d0,2c,00,1a,38,00,a4,39,00,09,33,00,e5,3a,00,88,38,00,ff,34,00,fc,c1, isMsgClose: false isFront: false
2020-09-19 14:00:17.094 550-31736/? I/NuPlayer: NuPlayer::canSeek,mSourceFlags = 15 
2020-09-19 14:00:17.094 676-1414/? I/hash_map_utils: key: 'mode' value: ''
2020-09-19 14:00:17.095 676-787/? I/hash_map_utils: key: 'mode' value: ''
2020-09-19 14:00:17.095 676-9809/? I/APM_AudioPolicyManager: startOutput() output 13, stream 3, session 26745
2020-09-19 14:00:17.095 676-9809/? I/APM_AudioPolicyManager: getNewOutputDevice() selected device 2
2020-09-19 14:00:17.095 676-9809/? I/APM_AudioPolicyManager: setOutputDevice() device 0x0002 delayMs 0 force 1
2020-09-19 14:00:17.095 676-9809/? I/APM_AudioPolicyManager: setOutputDevice() changing to device 0x0002 , muteWaitMs 0
2020-09-19 14:00:17.096 676-779/? I/audio_hw_primary: out_set_parameters_no_lock device:0x0, out type:0
2020-09-19 14:00:17.096 676-779/? I/audio_hw_primary: out_set_parameters_no_lock device:0x2, out type:0
2020-09-19 14:00:17.096 676-779/? I/audio_hw_primary: call_get_sample_rate: sample_rate = 16000, tty_status = 0
2020-09-19 14:00:17.096 676-779/? I/audio_hw_primary: select_devices++ mode[0]
2020-09-19 14:00:17.096 676-779/? I/audio_hw_primary: select_devices--
2020-09-19 14:00:17.096 676-9809/? I/APM_AudioPolicyManager: setOutputDevice() createAudioPatch returned 0 patchHandle 26852 num_sources 1 num_sinks 1
2020-09-19 14:00:17.097 676-9809/? I/APM_AudioPolicyManager: checkOutputForStrategy() getDeviceForStrategy strategy=3 newDevice=2 oldDevice=2
2020-09-19 14:00:17.097 676-9809/? I/AudioTrackShared: server obtain null buf part1:0 rear:27648 front:27648 mFrameCount:22050
2020-09-19 14:00:17.098 550-31736/? I/NuPlayer: performSeek before, mIsSeeking should to change to false
2020-09-19 14:00:17.098 1255-1255/? I/AudioSystem-JNI: listAudioPorts AudioSystem::listAudioPorts numPorts 7 generation 3539 generation1 3539
2020-09-19 14:00:17.098 1958-2032/? I/PGServer: report state:2 event type:1 pid:28360 uid:10605 pkg:null to pid: 1255
2020-09-19 14:00:17.103 550-31827/? I/NuPlayerDecoder: [audio] saw output EOS
2020-09-19 14:00:17.106 28360-28360/? I/System.out: shl View.plist_size==361, 851
2020-09-19 14:00:17.123 28360-28360/? I/System.out: shl View.plist_size==361, 851
2020-09-19 14:00:17.123 28360-28360/? I/System.out: shl View.plist_size==361, 851
2020-09-19 14:00:17.139 28360-28360/? I/System.out: shl View.plist_size==361, 851
2020-09-19 14:00:17.155 28360-28360/? I/System.out: shl View.plist_size==361, 851
2020-09-19 14:00:17.172 28360-28360/? I/System.out: shl View.plist_size==361, 851
2020-09-19 14:00:17.189 28360-28360/? I/System.out: shl View.plist_size==361, 851
2020-09-19 14:00:17.189 28360-28360/? I/System.out: shl View.plist_size==361, 851
2020-09-19 14:00:17.205 28360-28360/? I/System.out: shl View.plist_size==361, 851
2020-09-19 14:00:17.222 28360-28360/? I/System.out: shl View.plist_size==361, 851
2020-09-19 14:00:17.239 28360-28360/? I/System.out: shl View.plist_size==361, 851
2020-09-19 14:00:17.256 28360-28360/? I/System.out: shl View.plist_size==361, 851
2020-09-19 14:00:17.256 28360-28360/? I/System.out: shl View.plist_size==361, 851
2020-09-19 14:00:17.260 14747-14782/? I/bt_att: GATTC_SendHandleValueConfirm conn_id=3 handle=0x2c
2020-09-19 14:00:17.260 14747-14782/? I/bt_att: GATTC_SendHandleValueConfirm conn_id=4 handle=0x2c
2020-09-19 14:00:17.260 14747-14782/? I/bt_att: GATTC_SendHandleValueConfirm conn_id=5 handle=0x2c
2020-09-19 14:00:17.260 14747-14782/? I/bt_att: GATTC_SendHandleValueConfirm conn_id=7 handle=0x2c
2020-09-19 14:00:17.260 14747-14774/? W/bt_btif: HAL bt_gatt_callbacks->client->notify_cb
2020-09-19 14:00:17.261 14747-14774/? I/bt_btif: BTA_GATTC_SendIndConfirm conn_id=6 handle=0x002c
2020-09-19 14:00:17.261 14747-14782/? I/bt_att: GATTC_SendHandleValueConfirm conn_id=6 handle=0x2c
2020-09-19 14:00:17.272 28360-28442/? I/SendBroadcastPermission: action:action.character_changed, mPermissionType:0
2020-09-19 14:00:17.272 28360-28360/? I/System.out: shl View.plist_size==361, 851
2020-09-19 14:00:17.290 28360-28360/? I/System.out: shl View.plist_size==361, 851
2020-09-19 14:00:17.307 28360-28360/? E/vvvvvvvvvvv: reciverMsg： 06,05,b4,00,2b,2f,00,74,2f,00,8c,39,00,61,41,00,47,3e,00,cb,37,00,1d,2d,00,ea,33,00,6e,3b,00,ce,37,00,3d,39,00,c3,32,00,f4,35,00,23,3c,00,73,41,00,4a,3c,00,45,3c,00,97,36,00,aa,38,00,4d,39,00,21,34,00,db,34,00,c1,3c,00,f0,44,00,81,3a,00,5a,3c,00,e0,3f,00,41,3f,00,e5,39,00,87,35,00,3b,34,00,7b,32,00,76,36,00,4e,3f,00,57,3e,00,75,32,00,37,2d,00,b7,2c,00,8f,34,00,37,3d,00,80,36,00,d0,30,00,3b,33,00,dc,32,00,45,3d,00,80,26,00,00,30,00,e3,3a,00,40,30,00,d2,2f,00,d8,2f,00,4f,39,00,f7,36,00,94,2f,00,2a,2a,00,50,33,00,ae,3a,00,df,34,00,29,89,
2020-09-19 14:00:17.307 28360-28360/? I/SendBroadcastPermission: action:com.health.communication.RECEIVER, mPermissionType:0
2020-09-19 14:00:17.308 28360-28360/? I/System.out: shl View.plist_size==361, 851
2020-09-19 14:00:17.309 28360-28360/? I/System.out: shl View.plist_size==361, 851
2020-09-19 14:00:17.312 676-779/? I/AudioTrackShared: server obtain null buf part1:0 rear:36864 front:36864 mFrameCount:22050
2020-09-19 14:00:17.324 28360-28360/? I/MediaPlayer: [HSM] stayAwake false uid: 10605, pid: 28360
2020-09-19 14:00:17.324 28360-28614/? E/MainActivity123: key == 1  ---- objs.get(smsg) [6, 5, -76, 0, 43, 47, 0, 116, 47, 0, -116, 57, 0, 97, 65, 0, 71, 62, 0, -53, 55, 0, 29, 45, 0, -22, 51, 0, 110, 59, 0, -50, 55, 0, 61, 57, 0, -61, 50, 0, -12, 53, 0, 35, 60, 0, 115, 65, 0, 74, 60, 0, 69, 60, 0, -105, 54, 0, -86, 56, 0, 77, 57, 0, 33, 52, 0, -37, 52, 0, -63, 60, 0, -16, 68, 0, -127, 58, 0, 90, 60, 0, -32, 63, 0, 65, 63, 0, -27, 57, 0, -121, 53, 0, 59, 52, 0, 123, 50, 0, 118, 54, 0, 78, 63, 0, 87, 62, 0, 117, 50, 0, 55, 45, 0, -73, 44, 0, -113, 52, 0, 55, 61, 0, -128, 54, 0, -48, 48, 0, 59, 51, 0, -36, 50, 0, 69, 61, 0, -128, 38, 0, 0, 48, 0, -29, 58, 0, 64, 48, 0, -46, 47, 0, -40, 47, 0, 79, 57, 0, -9, 54, 0, -108, 47, 0, 42, 42, 0, 80, 51, 0, -82, 58, 0, -33, 52, 0, 41, -119]
2020-09-19 14:00:17.325 1255-1265/? E/HsmCoreServiceImpl: onTransact in code is: 102
2020-09-19 14:00:17.325 1255-1265/? I/MediaProcessHandler: processOp opType: 1, uid: 10605, pid: 28360
2020-09-19 14:00:17.325 28360-28360/? I/System.out: shl View.plist_size==361, 870
2020-09-19 14:00:17.327 28360-28614/? I/smart:  msgs: 06,05,b4,00,2b,2f,00,74,2f,00,8c,39,00,61,41,00,47,3e,00,cb,37,00,1d,2d,00,ea,33,00,6e,3b,00,ce,37,00,3d,39,00,c3,32,00,f4,35,00,23,3c,00,73,41,00,4a,3c,00,45,3c,00,97,36,00,aa,38,00,4d,39,00,21,34,00,db,34,00,c1,3c,00,f0,44,00,81,3a,00,5a,3c,00,e0,3f,00,41,3f,00,e5,39,00,87,35,00,3b,34,00,7b,32,00,76,36,00,4e,3f,00,57,3e,00,75,32,00,37,2d,00,b7,2c,00,8f,34,00,37,3d,00,80,36,00,d0,30,00,3b,33,00,dc,32,00,45,3d,00,80,26,00,00,30,00,e3,3a,00,40,30,00,d2,2f,00,d8,2f,00,4f,39,00,f7,36,00,94,2f,00,2a,2a,00,50,33,00,ae,3a,00,df,34,00,29,89, isMsgClose: false isFront: false
2020-09-19 14:00:17.339 28360-28360/? I/System.out: shl View.plist_size==361, 870
2020-09-19 14:00:17.355 28360-28360/? I/System.out: shl View.plist_size==361, 870
2020-09-19 14:00:17.372 28360-28360/? I/System.out: shl View.plist_size==361, 870
2020-09-19 14:00:17.373 28360-28360/? I/System.out: shl View.plist_size==361, 870
2020-09-19 14:00:17.374 1958-2032/? I/DeviceMonitor: last release audio mix uid:10605 pid:-2
2020-09-19 14:00:17.382 676-689/? I/APM_AudioPolicyManager: stopOutput() output 13, stream 3, session 26745
2020-09-19 14:00:17.383 676-689/? I/APM_AudioPolicyManager: getNewOutputDevice() selected device 0
2020-09-19 14:00:17.383 676-689/? I/APM_AudioPolicyManager: setOutputDevice() device 0x0000 delayMs 80 force 0
2020-09-19 14:00:17.383 676-689/? I/APM_AudioPolicyManager: setOutputDevice() setting same device 0x0000 or null device
2020-09-19 14:00:17.383 676-689/? I/APM_AudioPolicyManager: checkOutputForStrategy() getDeviceForStrategy strategy=3 newDevice=2 oldDevice=2
2020-09-19 14:00:17.385 1958-2032/? I/PGServer: report state:2 event type:2 pid:28360 uid:10605 pkg:null to pid: 1255
2020-09-19 14:00:17.389 28360-28360/? I/System.out: shl View.plist_size==361, 870
2020-09-19 14:00:17.405 28360-28360/? I/System.out: shl View.plist_size==361, 870
2020-09-19 14:00:17.422 28360-28360/? I/System.out: shl View.plist_size==361, 870
2020-09-19 14:00:17.439 28360-28360/? I/System.out: shl View.plist_size==361, 870
2020-09-19 14:00:17.439 28360-28360/? I/System.out: shl View.plist_size==361, 870
2020-09-19 14:00:17.455 28360-28360/? I/System.out: shl View.plist_size==361, 870
2020-09-19 14:00:17.472 28360-28360/? I/System.out: shl View.plist_size==361, 870
2020-09-19 14:00:17.485 14747-14782/? I/bt_att: GATTC_SendHandleValueConfirm conn_id=3 handle=0x2c
2020-09-19 14:00:17.485 14747-14782/? I/bt_att: GATTC_SendHandleValueConfirm conn_id=4 handle=0x2c
2020-09-19 14:00:17.485 14747-14782/? I/bt_att: GATTC_SendHandleValueConfirm conn_id=5 handle=0x2c
2020-09-19 14:00:17.485 14747-14782/? I/bt_att: GATTC_SendHandleValueConfirm conn_id=7 handle=0x2c
2020-09-19 14:00:17.485 14747-14774/? W/bt_btif: HAL bt_gatt_callbacks->client->notify_cb
2020-09-19 14:00:17.486 14747-14774/? I/bt_btif: BTA_GATTC_SendIndConfirm conn_id=6 handle=0x002c
2020-09-19 14:00:17.486 14747-14782/? I/bt_att: GATTC_SendHandleValueConfirm conn_id=6 handle=0x2c
2020-09-19 14:00:17.489 28360-28360/? I/System.out: shl View.plist_size==361, 870
2020-09-19 14:00:17.505 28360-28360/? I/System.out: shl View.plist_size==361, 870
2020-09-19 14:00:17.506 28360-28360/? I/System.out: shl View.plist_size==361, 870
2020-09-19 14:00:17.508 28360-28442/? I/SendBroadcastPermission: action:action.character_changed, mPermissionType:0
2020-09-19 14:00:17.523 28360-28360/? I/System.out: shl View.plist_size==361, 870
2020-09-19 14:00:17.541 28360-28360/? E/vvvvvvvvvvv: reciverMsg： 06,05,b4,00,e5,33,00,87,2f,00,50,38,00,b2,3e,00,ca,31,00,b3,29,00,49,2e,00,d3,33,00,e8,38,00,ae,38,00,59,3c,00,a4,37,00,8f,2a,00,da,37,00,79,3a,00,f2,35,00,12,32,00,ac,34,00,f5,35,00,06,30,00,96,29,00,ee,31,00,7e,3a,00,f6,3e,00,fc,32,00,03,31,00,de,32,00,f3,29,00,21,35,00,ea,33,00,fc,29,00,cd,38,00,1a,3d,00,8f,38,00,8a,36,00,d3,2e,00,64,29,00,b6,30,00,e0,36,00,45,3a,00,b3,35,00,3c,31,00,af,2d,00,99,2e,00,0d,32,00,4c,32,00,f3,33,00,23,33,00,62,36,00,e1,30,00,8c,2c,00,71,32,00,b9,35,00,5f,39,00,50,31,00,d3,2e,00,95,34,00,5d,37,00,04,fa,
2020-09-19 14:00:17.541 28360-28360/? I/SendBroadcastPermission: action:com.health.communication.RECEIVER, mPermissionType:0
2020-09-19 14:00:17.543 28360-28360/? I/System.out: shl View.plist_size==361, 870
2020-09-19 14:00:17.543 28360-28360/? I/System.out: shl View.plist_size==361, 870
2020-09-19 14:00:17.558 28360-28360/? I/System.out: shl View.plist_size==361, 890
2020-09-19 14:00:17.558 28360-28614/? E/MainActivity123: key == 1  ---- objs.get(smsg) [6, 5, -76, 0, -27, 51, 0, -121, 47, 0, 80, 56, 0, -78, 62, 0, -54, 49, 0, -77, 41, 0, 73, 46, 0, -45, 51, 0, -24, 56, 0, -82, 56, 0, 89, 60, 0, -92, 55, 0, -113, 42, 0, -38, 55, 0, 121, 58, 0, -14, 53, 0, 18, 50, 0, -84, 52, 0, -11, 53, 0, 6, 48, 0, -106, 41, 0, -18, 49, 0, 126, 58, 0, -10, 62, 0, -4, 50, 0, 3, 49, 0, -34, 50, 0, -13, 41, 0, 33, 53, 0, -22, 51, 0, -4, 41, 0, -51, 56, 0, 26, 61, 0, -113, 56, 0, -118, 54, 0, -45, 46, 0, 100, 41, 0, -74, 48, 0, -32, 54, 0, 69, 58, 0, -77, 53, 0, 60, 49, 0, -81, 45, 0, -103, 46, 0, 13, 50, 0, 76, 50, 0, -13, 51, 0, 35, 51, 0, 98, 54, 0, -31, 48, 0, -116, 44, 0, 113, 50, 0, -71, 53, 0, 95, 57, 0, 80, 49, 0, -45, 46, 0, -107, 52, 0, 93, 55, 0, 4, -6]
2020-09-19 14:00:17.560 28360-28614/? I/smart:  msgs: 06,05,b4,00,e5,33,00,87,2f,00,50,38,00,b2,3e,00,ca,31,00,b3,29,00,49,2e,00,d3,33,00,e8,38,00,ae,38,00,59,3c,00,a4,37,00,8f,2a,00,da,37,00,79,3a,00,f2,35,00,12,32,00,ac,34,00,f5,35,00,06,30,00,96,29,00,ee,31,00,7e,3a,00,f6,3e,00,fc,32,00,03,31,00,de,32,00,f3,29,00,21,35,00,ea,33,00,fc,29,00,cd,38,00,1a,3d,00,8f,38,00,8a,36,00,d3,2e,00,64,29,00,b6,30,00,e0,36,00,45,3a,00,b3,35,00,3c,31,00,af,2d,00,99,2e,00,0d,32,00,4c,32,00,f3,33,00,23,33,00,62,36,00,e1,30,00,8c,2c,00,71,32,00,b9,35,00,5f,39,00,50,31,00,d3,2e,00,95,34,00,5d,37,00,04,fa, isMsgClose: false isFront: false
2020-09-19 14:00:17.572 28360-28360/? I/System.out: shl View.plist_size==361, 890
2020-09-19 14:00:17.589 28360-28360/? I/System.out: shl View.plist_size==361, 890
2020-09-19 14:00:17.605 28360-28360/? I/System.out: shl View.plist_size==361, 890
2020-09-19 14:00:17.622 28360-28360/? I/System.out: shl View.plist_size==361, 890
2020-09-19 14:00:17.622 28360-28360/? I/System.out: shl View.plist_size==361, 890
2020-09-19 14:00:17.639 28360-28360/? I/System.out: shl View.plist_size==361, 890
2020-09-19 14:00:17.656 28360-28360/? I/System.out: shl View.plist_size==361, 890
2020-09-19 14:00:17.672 28360-28360/? I/System.out: shl View.plist_size==361, 890
2020-09-19 14:00:17.689 28360-28360/? I/System.out: shl View.plist_size==361, 890
2020-09-19 14:00:17.689 28360-28360/? I/System.out: shl View.plist_size==361, 890
2020-09-19 14:00:17.705 1255-1387/? E/WifiConfigManager: updateConfiguration freq=2412 BSSID=e0:cc:7a:4b:a6:f0 RSSI=-39 "Ss"WPA_PSK
2020-09-19 14:00:17.706 28360-28360/? I/System.out: shl View.plist_size==361, 890
2020-09-19 14:00:17.722 28360-28360/? I/System.out: shl View.plist_size==361, 890
2020-09-19 14:00:17.734 14747-14782/? I/bt_att: GATTC_SendHandleValueConfirm conn_id=3 handle=0x2c
2020-09-19 14:00:17.734 14747-14782/? I/bt_att: GATTC_SendHandleValueConfirm conn_id=4 handle=0x2c
2020-09-19 14:00:17.734 14747-14782/? I/bt_att: GATTC_SendHandleValueConfirm conn_id=5 handle=0x2c
