2020-09-19 14:00:29.323 28360-28360/? I/System.out: shl View.plist_size==361, 1837
2020-09-19 14:00:29.326 28360-28442/? I/SendBroadcastPermission: action:action.character_changed, mPermissionType:0
2020-09-19 14:00:29.341 28360-28360/? I/System.out: shl View.plist_size==361, 1837
2020-09-19 14:00:29.358 28360-28360/? E/vvvvvvvvvvv: reciverMsg： 06,05,b4,00,f1,0d,00,c2,0a,00,35,00,00,91,f8,ff,c6,f7,ff,53,ff,ff,b5,01,00,01,07,00,f2,fa,ff,99,fe,ff,5f,f9,ff,38,03,00,37,fb,ff,10,f9,ff,e6,02,00,65,0c,00,6d,f1,ff,58,f4,ff,e4,00,00,12,00,00,49,f3,ff,b5,eb,ff,23,f2,ff,97,0c,00,a7,04,00,19,fa,ff,57,fe,ff,22,0f,00,c9,05,00,d3,f3,ff,4b,f6,ff,3c,05,00,87,16,00,eb,1b,00,e6,0a,00,31,f6,ff,aa,f1,ff,a8,0d,00,d5,0b,00,c7,fd,ff,52,fd,ff,b5,f5,ff,0c,f2,ff,03,f7,ff,c2,03,00,0a,fe,ff,30,fd,ff,30,ff,ff,b3,f9,ff,65,f8,ff,99,04,00,b5,fe,ff,e3,ff,ff,2d,f8,ff,36,fa,ff,9a,f4,ff,52,fc,ff,bb,05,00,9a,2d,
2020-09-19 14:00:29.358 28360-28360/? I/SendBroadcastPermission: action:com.health.communication.RECEIVER, mPermissionType:0
2020-09-19 14:00:29.360 28360-28360/? I/System.out: shl View.plist_size==361, 1837
2020-09-19 14:00:29.360 28360-28360/? I/System.out: shl View.plist_size==361, 1837
2020-09-19 14:00:29.376 28360-28360/? I/System.out: shl View.plist_size==361, 1856
2020-09-19 14:00:29.377 28360-28614/? E/MainActivity123: key == 1  ---- objs.get(smsg) [6, 5, -76, 0, -15, 13, 0, -62, 10, 0, 53, 0, 0, -111, -8, -1, -58, -9, -1, 83, -1, -1, -75, 1, 0, 1, 7, 0, -14, -6, -1, -103, -2, -1, 95, -7, -1, 56, 3, 0, 55, -5, -1, 16, -7, -1, -26, 2, 0, 101, 12, 0, 109, -15, -1, 88, -12, -1, -28, 0, 0, 18, 0, 0, 73, -13, -1, -75, -21, -1, 35, -14, -1, -105, 12, 0, -89, 4, 0, 25, -6, -1, 87, -2, -1, 34, 15, 0, -55, 5, 0, -45, -13, -1, 75, -10, -1, 60, 5, 0, -121, 22, 0, -21, 27, 0, -26, 10, 0, 49, -10, -1, -86, -15, -1, -88, 13, 0, -43, 11, 0, -57, -3, -1, 82, -3, -1, -75, -11, -1, 12, -14, -1, 3, -9, -1, -62, 3, 0, 10, -2, -1, 48, -3, -1, 48, -1, -1, -77, -7, -1, 101, -8, -1, -103, 4, 0, -75, -2, -1, -29, -1, -1, 45, -8, -1, 54, -6, -1, -102, -12, -1, 82, -4, -1, -69, 5, 0, -102, 45]
2020-09-19 14:00:29.381 28360-28614/? I/smart:  msgs: 06,05,b4,00,f1,0d,00,c2,0a,00,35,00,00,91,f8,ff,c6,f7,ff,53,ff,ff,b5,01,00,01,07,00,f2,fa,ff,99,fe,ff,5f,f9,ff,38,03,00,37,fb,ff,10,f9,ff,e6,02,00,65,0c,00,6d,f1,ff,58,f4,ff,e4,00,00,12,00,00,49,f3,ff,b5,eb,ff,23,f2,ff,97,0c,00,a7,04,00,19,fa,ff,57,fe,ff,22,0f,00,c9,05,00,d3,f3,ff,4b,f6,ff,3c,05,00,87,16,00,eb,1b,00,e6,0a,00,31,f6,ff,aa,f1,ff,a8,0d,00,d5,0b,00,c7,fd,ff,52,fd,ff,b5,f5,ff,0c,f2,ff,03,f7,ff,c2,03,00,0a,fe,ff,30,fd,ff,30,ff,ff,b3,f9,ff,65,f8,ff,99,04,00,b5,fe,ff,e3,ff,ff,2d,f8,ff,36,fa,ff,9a,f4,ff,52,fc,ff,bb,05,00,9a,2d, isMsgClose: false isFront: false
2020-09-19 14:00:29.390 28360-28360/? I/System.out: shl View.plist_size==361, 1856
2020-09-19 14:00:29.407 28360-28360/? I/System.out: shl View.plist_size==361, 1856
2020-09-19 14:00:29.423 28360-28360/? I/System.out: shl View.plist_size==361, 1856
2020-09-19 14:00:29.423 28360-28360/? I/System.out: shl View.plist_size==361, 1856
2020-09-19 14:00:29.440 28360-28360/? I/System.out: shl View.plist_size==361, 1856
2020-09-19 14:00:29.457 28360-28360/? I/System.out: shl View.plist_size==361, 1856
2020-09-19 14:00:29.473 28360-28360/? I/System.out: shl View.plist_size==361, 1856
2020-09-19 14:00:29.490 28360-28360/? I/System.out: shl View.plist_size==361, 1856
2020-09-19 14:00:29.490 28360-28360/? I/System.out: shl View.plist_size==361, 1856
2020-09-19 14:00:29.507 28360-28360/? I/System.out: shl View.plist_size==361, 1856
2020-09-19 14:00:29.523 14747-14782/? I/bt_att: GATTC_SendHandleValueConfirm conn_id=3 handle=0x2c
2020-09-19 14:00:29.523 28360-28360/? I/System.out: shl View.plist_size==361, 1856
2020-09-19 14:00:29.523 14747-14782/? I/bt_att: GATTC_SendHandleValueConfirm conn_id=4 handle=0x2c
2020-09-19 14:00:29.523 14747-14782/? I/bt_att: GATTC_SendHandleValueConfirm conn_id=5 handle=0x2c
2020-09-19 14:00:29.523 14747-14782/? I/bt_att: GATTC_SendHandleValueConfirm conn_id=7 handle=0x2c
2020-09-19 14:00:29.523 14747-14774/? W/bt_btif: HAL bt_gatt_callbacks->client->notify_cb
2020-09-19 14:00:29.524 14747-14774/? I/bt_btif: BTA_GATTC_SendIndConfirm conn_id=6 handle=0x002c
2020-09-19 14:00:29.524 14747-14782/? I/bt_att: GATTC_SendHandleValueConfirm conn_id=6 handle=0x2c
2020-09-19 14:00:29.539 28360-28360/? I/System.out: shl View.plist_size==361, 1856
2020-09-19 14:00:29.551 28360-28442/? I/SendBroadcastPermission: action:action.character_changed, mPermissionType:0
2020-09-19 14:00:29.556 28360-28360/? I/System.out: shl View.plist_size==361, 1856
2020-09-19 14:00:29.558 28360-28360/? I/System.out: shl View.plist_size==361, 1856
2020-09-19 14:00:29.574 28360-28360/? E/vvvvvvvvvvv: reciverMsg： 06,05,b4,00,6f,ff,ff,21,f4,ff,86,f3,ff,07,f8,ff,64,0b,00,39,0e,00,e6,1a,00,a4,3b,00,da,4f,00,3b,4b,00,ce,2d,00,c5,06,00,6e,f1,ff,2b,fc,ff,e7,f4,ff,38,f1,ff,42,f0,ff,fb,09,00,db,f2,ff,88,02,00,1e,fc,ff,b0,06,00,36,05,00,e8,f6,ff,ff,ee,ff,12,f3,ff,e2,f5,ff,c1,f5,ff,7a,05,00,98,01,00,32,f0,ff,5b,f3,ff,c6,ff,ff,52,f8,ff,54,0a,00,12,fd,ff,63,ef,ff,5c,ef,ff,d4,ee,ff,a0,fb,ff,e7,03,00,bc,fe,ff,e3,f4,ff,2c,f4,ff,ea,01,00,fa,01,00,59,f7,ff,08,f0,ff,d6,fd,ff,5f,fe,ff,68,f8,ff,96,02,00,fa,ff,ff,55,f8,ff,78,f9,ff,4b,08,00,d5,ff,ff,44,00,00,71,9e,
2020-09-19 14:00:29.574 28360-28360/? I/SendBroadcastPermission: action:com.health.communication.RECEIVER, mPermissionType:0
2020-09-19 14:00:29.576 28360-28360/? I/System.out: shl View.plist_size==361, 1856
2020-09-19 14:00:29.591 28360-28360/? E/qob: hrv_evt_handle 3
2020-09-19 14:00:29.592 28360-28360/? I/System.out: shl View.plist_size==361, 1876
2020-09-19 14:00:29.592 28360-28614/? E/MainActivity123: key == 1  ---- objs.get(smsg) [6, 5, -76, 0, 111, -1, -1, 33, -12, -1, -122, -13, -1, 7, -8, -1, 100, 11, 0, 57, 14, 0, -26, 26, 0, -92, 59, 0, -38, 79, 0, 59, 75, 0, -50, 45, 0, -59, 6, 0, 110, -15, -1, 43, -4, -1, -25, -12, -1, 56, -15, -1, 66, -16, -1, -5, 9, 0, -37, -14, -1, -120, 2, 0, 30, -4, -1, -80, 6, 0, 54, 5, 0, -24, -10, -1, -1, -18, -1, 18, -13, -1, -30, -11, -1, -63, -11, -1, 122, 5, 0, -104, 1, 0, 50, -16, -1, 91, -13, -1, -58, -1, -1, 82, -8, -1, 84, 10, 0, 18, -3, -1, 99, -17, -1, 92, -17, -1, -44, -18, -1, -96, -5, -1, -25, 3, 0, -68, -2, -1, -29, -12, -1, 44, -12, -1, -22, 1, 0, -6, 1, 0, 89, -9, -1, 8, -16, -1, -42, -3, -1, 95, -2, -1, 104, -8, -1, -106, 2, 0, -6, -1, -1, 85, -8, -1, 120, -7, -1, 75, 8, 0, -43, -1, -1, 68, 0, 0, 113, -98]
2020-09-19 14:00:29.592 28360-28360/? I/MediaPlayer: [HSM] stayAwake true uid: 10605, pid: 28360
2020-09-19 14:00:29.593 1255-4088/? E/HsmCoreServiceImpl: onTransact in code is: 102
2020-09-19 14:00:29.593 1255-4088/? I/MediaProcessHandler: processOp opType: 0, uid: 10605, pid: 28360
2020-09-19 14:00:29.593 28360-28360/? I/MediaPlayer: Pid:28360 MediaPlayer::start
2020-09-19 14:00:29.594 28360-28614/? I/smart:  msgs: 06,05,b4,00,6f,ff,ff,21,f4,ff,86,f3,ff,07,f8,ff,64,0b,00,39,0e,00,e6,1a,00,a4,3b,00,da,4f,00,3b,4b,00,ce,2d,00,c5,06,00,6e,f1,ff,2b,fc,ff,e7,f4,ff,38,f1,ff,42,f0,ff,fb,09,00,db,f2,ff,88,02,00,1e,fc,ff,b0,06,00,36,05,00,e8,f6,ff,ff,ee,ff,12,f3,ff,e2,f5,ff,c1,f5,ff,7a,05,00,98,01,00,32,f0,ff,5b,f3,ff,c6,ff,ff,52,f8,ff,54,0a,00,12,fd,ff,63,ef,ff,5c,ef,ff,d4,ee,ff,a0,fb,ff,e7,03,00,bc,fe,ff,e3,f4,ff,2c,f4,ff,ea,01,00,fa,01,00,59,f7,ff,08,f0,ff,d6,fd,ff,5f,fe,ff,68,f8,ff,96,02,00,fa,ff,ff,55,f8,ff,78,f9,ff,4b,08,00,d5,ff,ff,44,00,00,71,9e, isMsgClose: false isFront: false
2020-09-19 14:00:29.595 550-31736/? I/NuPlayer: NuPlayer::canSeek,mSourceFlags = 15 
2020-09-19 14:00:29.595 676-9809/? I/hash_map_utils: key: 'mode' value: ''
2020-09-19 14:00:29.595 676-676/? I/hash_map_utils: key: 'mode' value: ''
2020-09-19 14:00:29.595 676-1414/? I/APM_AudioPolicyManager: startOutput() output 13, stream 3, session 26745
2020-09-19 14:00:29.595 676-1414/? I/APM_AudioPolicyManager: getNewOutputDevice() selected device 2
2020-09-19 14:00:29.595 676-1414/? I/APM_AudioPolicyManager: setOutputDevice() device 0x0002 delayMs 0 force 1
2020-09-19 14:00:29.596 676-1414/? I/APM_AudioPolicyManager: setOutputDevice() changing to device 0x0002 , muteWaitMs 0
2020-09-19 14:00:29.597 1958-2032/? I/PGServer: report state:2 event type:1 pid:28360 uid:10605 pkg:null to pid: 1255
2020-09-19 14:00:29.597 676-779/? I/audio_hw_primary: out_set_parameters_no_lock device:0x0, out type:0
2020-09-19 14:00:29.597 676-779/? I/audio_hw_primary: out_set_parameters_no_lock device:0x2, out type:0
2020-09-19 14:00:29.597 676-779/? I/audio_hw_primary: call_get_sample_rate: sample_rate = 16000, tty_status = 0
2020-09-19 14:00:29.597 676-779/? I/audio_hw_primary: select_devices++ mode[0]
2020-09-19 14:00:29.597 676-779/? I/audio_hw_primary: select_devices--
2020-09-19 14:00:29.597 676-1414/? I/APM_AudioPolicyManager: setOutputDevice() createAudioPatch returned 0 patchHandle 26948 num_sources 1 num_sinks 1
2020-09-19 14:00:29.598 676-1414/? I/APM_AudioPolicyManager: checkOutputForStrategy() getDeviceForStrategy strategy=3 newDevice=2 oldDevice=2
2020-09-19 14:00:29.598 676-1414/? I/AudioTrackShared: server obtain null buf part1:0 rear:138240 front:138240 mFrameCount:22050
2020-09-19 14:00:29.598 1255-1255/? I/AudioSystem-JNI: listAudioPorts AudioSystem::listAudioPorts numPorts 7 generation 3551 generation1 3551
2020-09-19 14:00:29.599 550-31736/? I/NuPlayer: performSeek before, mIsSeeking should to change to false
2020-09-19 14:00:29.603 550-31827/? I/NuPlayerDecoder: [audio] saw output EOS
2020-09-19 14:00:29.607 28360-28360/? I/System.out: shl View.plist_size==361, 1876
2020-09-19 14:00:29.607 28360-28360/? I/System.out: shl View.plist_size==361, 1876
2020-09-19 14:00:29.623 28360-28360/? I/System.out: shl View.plist_size==361, 1876
2020-09-19 14:00:29.639 28360-28360/? I/System.out: shl View.plist_size==361, 1876
2020-09-19 14:00:29.656 28360-28360/? I/System.out: shl View.plist_size==361, 1876
2020-09-19 14:00:29.672 1255-1275/? I/EventHub: EventHub monitor: no key events in the past 12373s, no motion events in the past 57s
2020-09-19 14:00:29.673 28360-28360/? I/System.out: shl View.plist_size==361, 1876
2020-09-19 14:00:29.673 28360-28360/? I/System.out: shl View.plist_size==361, 1876
2020-09-19 14:00:29.689 28360-28360/? I/System.out: shl View.plist_size==361, 1876
2020-09-19 14:00:29.706 28360-28360/? I/System.out: shl View.plist_size==361, 1876
2020-09-19 14:00:29.722 28360-28360/? I/System.out: shl View.plist_size==361, 1876
2020-09-19 14:00:29.739 28360-28360/? I/System.out: shl View.plist_size==361, 1876
2020-09-19 14:00:29.740 28360-28360/? I/System.out: shl View.plist_size==361, 1876
2020-09-19 14:00:29.745 1255-1387/? E/WifiConfigManager: updateConfiguration freq=2412 BSSID=e0:cc:7a:4b:a6:f0 RSSI=-41 "Ss"WPA_PSK
2020-09-19 14:00:29.756 28360-28360/? I/System.out: shl View.plist_size==361, 1876
2020-09-19 14:00:29.772 28360-28360/? I/System.out: shl View.plist_size==361, 1876
2020-09-19 14:00:29.789 28360-28360/? I/System.out: shl View.plist_size==361, 1876
2020-09-19 14:00:29.792 14747-14782/? I/bt_att: GATTC_SendHandleValueConfirm conn_id=3 handle=0x2c
2020-09-19 14:00:29.793 14747-14782/? I/bt_att: GATTC_SendHandleValueConfirm conn_id=4 handle=0x2c
2020-09-19 14:00:29.793 14747-14782/? I/bt_att: GATTC_SendHandleValueConfirm conn_id=5 handle=0x2c
2020-09-19 14:00:29.793 14747-14782/? I/bt_att: GATTC_SendHandleValueConfirm conn_id=7 handle=0x2c
2020-09-19 14:00:29.793 14747-14774/? W/bt_btif: HAL bt_gatt_callbacks->client->notify_cb
2020-09-19 14:00:29.793 14747-14774/? I/bt_btif: BTA_GATTC_SendIndConfirm conn_id=6 handle=0x002c
2020-09-19 14:00:29.793 14747-14782/? I/bt_att: GATTC_SendHandleValueConfirm conn_id=6 handle=0x2c
2020-09-19 14:00:29.804 28360-28442/? I/SendBroadcastPermission: action:action.character_changed, mPermissionType:0
2020-09-19 14:00:29.807 28360-28360/? I/System.out: shl View.plist_size==361, 1876
2020-09-19 14:00:29.807 28360-28360/? I/System.out: shl View.plist_size==361, 1876
2020-09-19 14:00:29.812 676-779/? I/AudioTrackShared: server obtain null buf part1:0 rear:147456 front:147456 mFrameCount:22050
2020-09-19 14:00:29.824 28360-28360/? E/vvvvvvvvvvv: reciverMsg： 06,05,b4,00,ad,01,00,e9,01,00,11,fd,ff,d2,00,00,d2,03,00,7f,06,00,94,09,00,3f,fd,ff,28,fa,ff,89,fc,ff,40,0e,00,d8,09,00,ad,fe,ff,c8,09,00,d2,07,00,64,ff,ff,39,0d,00,42,0f,00,b1,fc,ff,1d,fb,ff,55,03,00,29,ff,ff,fa,f9,ff,ee,03,00,83,06,00,db,0e,00,2b,0a,00,1d,fe,ff,aa,fc,ff,3b,f0,ff,aa,f0,ff,27,00,00,60,fb,ff,d3,fe,ff,8d,fb,ff,c4,f7,ff,b4,01,00,fa,00,00,d5,fa,ff,d2,e5,ff,ec,00,00,ce,10,00,8d,0e,00,40,03,00,4f,f1,ff,94,fa,ff,e4,06,00,92,03,00,91,fa,ff,2e,f7,ff,3e,eb,ff,d9,fe,ff,6b,08,00,ec,ff,ff,39,f4,ff,59,02,00,7e,09,00,bd,f9,ff,e9,bd,
2020-09-19 14:00:29.824 28360-28360/? I/SendBroadcastPermission: action:com.health.communication.RECEIVER, mPermissionType:0
2020-09-19 14:00:29.825 28360-28360/? I/MediaPlayer: [HSM] stayAwake false uid: 10605, pid: 28360
2020-09-19 14:00:29.826 1255-1927/? E/HsmCoreServiceImpl: onTransact in code is: 102
2020-09-19 14:00:29.826 1255-1927/? I/MediaProcessHandler: processOp opType: 1, uid: 10605, pid: 28360
2020-09-19 14:00:29.826 28360-28360/? I/System.out: shl View.plist_size==361, 1876
2020-09-19 14:00:29.829 28360-28614/? E/MainActivity123: key == 1  ---- objs.get(smsg) [6, 5, -76, 0, -83, 1, 0, -23, 1, 0, 17, -3, -1, -46, 0, 0, -46, 3, 0, 127, 6, 0, -108, 9, 0, 63, -3, -1, 40, -6, -1, -119, -4, -1, 64, 14, 0, -40, 9, 0, -83, -2, -1, -56, 9, 0, -46, 7, 0, 100, -1, -1, 57, 13, 0, 66, 15, 0, -79, -4, -1, 29, -5, -1, 85, 3, 0, 41, -1, -1, -6, -7, -1, -18, 3, 0, -125, 6, 0, -37, 14, 0, 43, 10, 0, 29, -2, -1, -86, -4, -1, 59, -16, -1, -86, -16, -1, 39, 0, 0, 96, -5, -1, -45, -2, -1, -115, -5, -1, -60, -9, -1, -76, 1, 0, -6, 0, 0, -43, -6, -1, -46, -27, -1, -20, 0, 0, -50, 16, 0, -115, 14, 0, 64, 3, 0, 79, -15, -1, -108, -6, -1, -28, 6, 0, -110, 3, 0, -111, -6, -1, 46, -9, -1, 62, -21, -1, -39, -2, -1, 107, 8, 0, -20, -1, -1, 57, -12, -1, 89, 2, 0, 126, 9, 0, -67, -7, -1, -23, -67]
2020-09-19 14:00:29.830 28360-28614/? I/smart:  msgs: 06,05,b4,00,ad,01,00,e9,01,00,11,fd,ff,d2,00,00,d2,03,00,7f,06,00,94,09,00,3f,fd,ff,28,fa,ff,89,fc,ff,40,0e,00,d8,09,00,ad,fe,ff,c8,09,00,d2,07,00,64,ff,ff,39,0d,00,42,0f,00,b1,fc,ff,1d,fb,ff,55,03,00,29,ff,ff,fa,f9,ff,ee,03,00,83,06,00,db,0e,00,2b,0a,00,1d,fe,ff,aa,fc,ff,3b,f0,ff,aa,f0,ff,27,00,00,60,fb,ff,d3,fe,ff,8d,fb,ff,c4,f7,ff,b4,01,00,fa,00,00,d5,fa,ff,d2,e5,ff,ec,00,00,ce,10,00,8d,0e,00,40,03,00,4f,f1,ff,94,fa,ff,e4,06,00,92,03,00,91,fa,ff,2e,f7,ff,3e,eb,ff,d9,fe,ff,6b,08,00,ec,ff,ff,39,f4,ff,59,02,00,7e,09,00,bd,f9,ff,e9,bd, isMsgClose: false isFront: false
2020-09-19 14:00:29.839 28360-28360/? I/System.out: shl View.plist_size==361, 1895
2020-09-19 14:00:29.856 28360-28360/? I/System.out: shl View.plist_size==361, 1895
2020-09-19 14:00:29.857 28360-28360/? I/System.out: shl View.plist_size==361, 1895
2020-09-19 14:00:29.873 28360-28360/? I/System.out: shl View.plist_size==361, 1895
2020-09-19 14:00:29.874 1958-2032/? I/DeviceMonitor: last release audio mix uid:10605 pid:-2
2020-09-19 14:00:29.882 676-689/? I/APM_AudioPolicyManager: stopOutput() output 13, stream 3, session 26745
2020-09-19 14:00:29.883 676-689/? I/APM_AudioPolicyManager: getNewOutputDevice() selected device 0
2020-09-19 14:00:29.883 676-689/? I/APM_AudioPolicyManager: setOutputDevice() device 0x0000 delayMs 80 force 0
2020-09-19 14:00:29.883 676-689/? I/APM_AudioPolicyManager: setOutputDevice() setting same device 0x0000 or null device
2020-09-19 14:00:29.883 676-689/? I/APM_AudioPolicyManager: checkOutputForStrategy() getDeviceForStrategy strategy=3 newDevice=2 oldDevice=2
2020-09-19 14:00:29.885 1958-2032/? I/PGServer: report state:2 event type:2 pid:28360 uid:10605 pkg:null to pid: 1255
2020-09-19 14:00:29.889 28360-28360/? I/System.out: shl View.plist_size==361, 1895
2020-09-19 14:00:29.906 28360-28360/? I/System.out: shl View.plist_size==361, 1895
2020-09-19 14:00:29.923 28360-28360/? I/System.out: shl View.plist_size==361, 1895
2020-09-19 14:00:29.923 28360-28360/? I/System.out: shl View.plist_size==361, 1895
2020-09-19 14:00:29.939 28360-28360/? I/System.out: shl View.plist_size==361, 1895
2020-09-19 14:00:29.957 28360-28360/? I/MyBleService: charUUID: be940001-7333-be46-b7ae-689e71722bd5 conning: false mDevAddr: FE:7D:E5:75:9F:89
2020-09-19 14:00:29.957 28360-28360/? I/System.out: shl View.plist_size==361, 1895
2020-09-19 14:00:29.973 28360-28360/? I/System.out: shl View.plist_size==361, 1895
2020-09-19 14:00:29.989 28360-28360/? I/System.out: shl View.plist_size==361, 1895
2020-09-19 14:00:29.990 28360-28360/? I/System.out: shl View.plist_size==361, 1895
2020-09-19 14:00:30.007 28360-28360/? I/System.out: shl View.plist_size==361, 1895
2020-09-19 14:00:30.018 14747-14782/? I/bt_att: GATTC_SendHandleValueConfirm conn_id=3 handle=0x2c
2020-09-19 14:00:30.018 14747-14782/? I/bt_att: GATTC_SendHandleValueConfirm conn_id=4 handle=0x2c
2020-09-19 14:00:30.018 14747-14782/? I/bt_att: GATTC_SendHandleValueConfirm conn_id=5 handle=0x2c
2020-09-19 14:00:30.018 14747-14782/? I/bt_att: GATTC_SendHandleValueConfirm conn_id=7 handle=0x2c
2020-09-19 14:00:30.018 14747-14774/? W/bt_btif: HAL bt_gatt_callbacks->client->notify_cb
2020-09-19 14:00:30.019 14747-14774/? I/bt_btif: BTA_GATTC_SendIndConfirm conn_id=6 handle=0x002c
2020-09-19 14:00:30.019 14747-14782/? I/bt_att: GATTC_SendHandleValueConfirm conn_id=6 handle=0x2c
2020-09-19 14:00:30.023 28360-28360/? I/System.out: shl View.plist_size==361, 1895
2020-09-19 14:00:30.039 28360-28360/? I/System.out: shl View.plist_size==361, 1895
2020-09-19 14:00:30.043 28360-28442/? I/SendBroadcastPermission: action:action.character_changed, mPermissionType:0
2020-09-19 14:00:30.056 28360-28360/? I/System.out: shl View.plist_size==361, 1895
2020-09-19 14:00:30.057 28360-28360/? I/System.out: shl View.plist_size==361, 1895
2020-09-19 14:00:30.073 28360-28360/? E/vvvvvvvvvvv: reciverMsg： 06,05,b4,00,05,f3,ff,22,f6,ff,71,06,00,06,00,00,33,fa,ff,8d,06,00,6d,02,00,d2,09,00,4b,09,00,a4,05,00,0a,01,00,27,f3,ff,3f,fa,ff,df,0d,00,d0,05,00,5e,fa,ff,de,f8,ff,e3,0b,00,e4,19,00,31,0e,00,36,06,00,42,05,00,f2,04,00,34,07,00,50,08,00,81,00,00,7b,00,00,67,13,00,cc,1e,00,54,0e,00,6b,16,00,ee,0a,00,ad,f8,ff,0e,0a,00,48,0e,00,8d,0b,00,bc,06,00,36,1b,00,14,f7,ff,31,19,00,72,1e,00,13,1e,00,b6,0c,00,68,16,00,08,1c,00,4e,08,00,9c,17,00,42,1d,00,d2,0e,00,e5,21,00,04,1c,00,76,0e,00,04,0d,00,7b,18,00,41,16,00,b9,15,00,2f,15,00,09,10,00,bf,7b,
2020-09-19 14:00:30.074 28360-28360/? I/SendBroadcastPermission: action:com.health.communication.RECEIVER, mPermissionType:0
2020-09-19 14:00:30.075 28360-28360/? I/System.out: shl View.plist_size==361, 1895
2020-09-19 14:00:30.091 28360-28360/? I/System.out: shl View.plist_size==361, 1914
2020-09-19 14:00:30.091 28360-28614/? E/MainActivity123: key == 1  ---- objs.get(smsg) [6, 5, -76, 0, 5, -13, -1, 34, -10, -1, 113, 6, 0, 6, 0, 0, 51, -6, -1, -115, 6, 0, 109, 2, 0, -46, 9, 0, 75, 9, 0, -92, 5, 0, 10, 1, 0, 39, -13, -1, 63, -6, -1, -33, 13, 0, -48, 5, 0, 94, -6, -1, -34, -8, -1, -29, 11, 0, -28, 25, 0, 49, 14, 0, 54, 6, 0, 66, 5, 0, -14, 4, 0, 52, 7, 0, 80, 8, 0, -127, 0, 0, 123, 0, 0, 103, 19, 0, -52, 30, 0, 84, 14, 0, 107, 22, 0, -18, 10, 0, -83, -8, -1, 14, 10, 0, 72, 14, 0, -115, 11, 0, -68, 6, 0, 54, 27, 0, 20, -9, -1, 49, 25, 0, 114, 30, 0, 19, 30, 0, -74, 12, 0, 104, 22, 0, 8, 28, 0, 78, 8, 0, -100, 23, 0, 66, 29, 0, -46, 14, 0, -27, 33, 0, 4, 28, 0, 118, 14, 0, 4, 13, 0, 123, 24, 0, 65, 22, 0, -71, 21, 0, 47, 21, 0, 9, 16, 0, -65, 123]
2020-09-19 14:00:30.093 28360-28614/? I/smart:  msgs: 06,05,b4,00,05,f3,ff,22,f6,ff,71,06,00,06,00,00,33,fa,ff,8d,06,00,6d,02,00,d2,09,00,4b,09,00,a4,05,00,0a,01,00,27,f3,ff,3f,fa,ff,df,0d,00,d0,05,00,5e,fa,ff,de,f8,ff,e3,0b,00,e4,19,00,31,0e,00,36,06,00,42,05,00,f2,04,00,34,07,00,50,08,00,81,00,00,7b,00,00,67,13,00,cc,1e,00,54,0e,00,6b,16,00,ee,0a,00,ad,f8,ff,0e,0a,00,48,0e,00,8d,0b,00,bc,06,00,36,1b,00,14,f7,ff,31,19,00,72,1e,00,13,1e,00,b6,0c,00,68,16,00,08,1c,00,4e,08,00,9c,17,00,42,1d,00,d2,0e,00,e5,21,00,04,1c,00,76,0e,00,04,0d,00,7b,18,00,41,16,00,b9,15,00,2f,15,00,09,10,00,bf,7b, isMsgClose: false isFront: false
2020-09-19 14:00:30.107 28360-28360/? I/System.out: shl View.plist_size==361, 1914
2020-09-19 14:00:30.107 28360-28360/? I/System.out: shl View.plist_size==361, 1914
2020-09-19 14:00:30.122 28360-28360/? I/System.out: shl View.plist_size==361, 1914
2020-09-19 14:00:30.139 28360-28360/? I/System.out: shl View.plist_size==361, 1914
2020-09-19 14:00:30.156 28360-28360/? I/System.out: shl View.plist_size==361, 1914
2020-09-19 14:00:30.172 28360-28360/? I/System.out: shl View.plist_size==361, 1914
2020-09-19 14:00:30.173 28360-28360/? I/System.out: shl View.plist_size==361, 1914
2020-09-19 14:00:30.189 28360-28360/? I/System.out: shl View.plist_size==361, 1914
2020-09-19 14:00:30.206 28360-28360/? I/System.out: shl View.plist_size==361, 1914
2020-09-19 14:00:30.222 28360-28360/? I/System.out: shl View.plist_size==361, 1914
2020-09-19 14:00:30.239 28360-28360/? I/System.out: shl View.plist_size==361, 1914
2020-09-19 14:00:30.239 28360-28360/? I/System.out: shl View.plist_size==361, 1914
2020-09-19 14:00:30.243 14747-14782/? I/bt_att: GATTC_SendHandleValueConfirm conn_id=3 handle=0x2c
2020-09-19 14:00:30.243 14747-14782/? I/bt_att: GATTC_SendHandleValueConfirm conn_id=4 handle=0x2c
2020-09-19 14:00:30.243 14747-14782/? I/bt_att: GATTC_SendHandleValueConfirm conn_id=5 handle=0x2c
2020-09-19 14:00:30.243 14747-14782/? I/bt_att: GATTC_SendHandleValueConfirm conn_id=7 handle=0x2c
2020-09-19 14:00:30.244 14747-14774/? W/bt_btif: HAL bt_gatt_callbacks->client->notify_cb
2020-09-19 14:00:30.244 14747-14774/? I/bt_btif: BTA_GATTC_SendIndConfirm conn_id=6 handle=0x002c
2020-09-19 14:00:30.244 14747-14782/? I/bt_att: GATTC_SendHandleValueConfirm conn_id=6 handle=0x2c
2020-09-19 14:00:30.257 28360-28360/? I/System.out: shl View.plist_size==361, 1914
2020-09-19 14:00:30.264 28360-28442/? I/SendBroadcastPermission: action:action.character_changed, mPermissionType:0
2020-09-19 14:00:30.272 28360-28360/? I/System.out: shl View.plist_size==361, 1914
2020-09-19 14:00:30.290 28360-28360/? E/vvvvvvvvvvv: reciverMsg： 06,05,b4,00,6c,0a,00,a7,16,00,ea,1d,00,ec,20,00,6b,11,00,50,18,00,77,19,00,54,1b,00,a2,18,00,7c,10,00,81,14,00,83,21,00,fa,11,00,f5,11,00,9e,17,00,dc,0f,00,f8,07,00,6e,1c,00,63,18,00,99,13,00,29,14,00,ca,17,00,c1,18,00,eb,10,00,b5,06,00,df,12,00,10,1d,00,b8,15,00,06,08,00,a6,03,00,f0,15,00,d7,17,00,90,1b,00,b1,0a,00,f3,02,00,46,16,00,d6,1a,00,eb,0f,00,09,10,00,20,05,00,35,0e,00,b0,10,00,99,10,00,20,14,00,1e,12,00,7d,10,00,2f,17,00,0b,17,00,aa,0a,00,b4,0e,00,09,21,00,e1,27,00,1b,19,00,e4,18,00,d8,07,00,de,0a,00,93,12,00,ed,15,00,c0,83,
2020-09-19 14:00:30.290 28360-28360/? I/SendBroadcastPermission: action:com.health.communication.RECEIVER, mPermissionType:0
2020-09-19 14:00:30.292 28360-28360/? I/System.out: shl View.plist_size==361, 1914
2020-09-19 14:00:30.292 28360-28360/? I/System.out: shl View.plist_size==361, 1914
2020-09-19 14:00:30.308 28360-28360/? I/System.out: shl View.plist_size==361, 1934
2020-09-19 14:00:30.308 28360-28614/? E/MainActivity123: key == 1  ---- objs.get(smsg) [6, 5, -76, 0, 108, 10, 0, -89, 22, 0, -22, 29, 0, -20, 32, 0, 107, 17, 0, 80, 24, 0, 119, 25, 0, 84, 27, 0, -94, 24, 0, 124, 16, 0, -127, 20, 0, -125, 33, 0, -6, 17, 0, -11, 17, 0, -98, 23, 0, -36, 15, 0, -8, 7, 0, 110, 28, 0, 99, 24, 0, -103, 19, 0, 41, 20, 0, -54, 23, 0, -63, 24, 0, -21, 16, 0, -75, 6, 0, -33, 18, 0, 16, 29, 0, -72, 21, 0, 6, 8, 0, -90, 3, 0, -16, 21, 0, -41, 23, 0, -112, 27, 0, -79, 10, 0, -13, 2, 0, 70, 22, 0, -42, 26, 0, -21, 15, 0, 9, 16, 0, 32, 5, 0, 53, 14, 0, -80, 16, 0, -103, 16, 0, 32, 20, 0, 30, 18, 0, 125, 16, 0, 47, 23, 0, 11, 23, 0, -86, 10, 0, -76, 14, 0, 9, 33, 0, -31, 39, 0, 27, 25, 0, -28, 24, 0, -40, 7, 0, -34, 10, 0, -109, 18, 0, -19, 21, 0, -64, -125]
2020-09-19 14:00:30.310 28360-28614/? I/smart:  msgs: 06,05,b4,00,6c,0a,00,a7,16,00,ea,1d,00,ec,20,00,6b,11,00,50,18,00,77,19,00,54,1b,00,a2,18,00,7c,10,00,81,14,00,83,21,00,fa,11,00,f5,11,00,9e,17,00,dc,0f,00,f8,07,00,6e,1c,00,63,18,00,99,13,00,29,14,00,ca,17,00,c1,18,00,eb,10,00,b5,06,00,df,12,00,10,1d,00,b8,15,00,06,08,00,a6,03,00,f0,15,00,d7,17,00,90,1b,00,b1,0a,00,f3,02,00,46,16,00,d6,1a,00,eb,0f,00,09,10,00,20,05,00,35,0e,00,b0,10,00,99,10,00,20,14,00,1e,12,00,7d,10,00,2f,17,00,0b,17,00,aa,0a,00,b4,0e,00,09,21,00,e1,27,00,1b,19,00,e4,18,00,d8,07,00,de,0a,00,93,12,00,ed,15,00,c0,83, isMsgClose: false isFront: false
2020-09-19 14:00:30.322 28360-28360/? I/System.out: shl View.plist_size==361, 1934
2020-09-19 14:00:30.339 28360-28360/? I/System.out: shl View.plist_size==361, 1934
2020-09-19 14:00:30.351 28360-28437/? I/MyBleService: ensureCollectorRunning
2020-09-19 14:00:30.355 28360-28437/? I/MyBleService: ensureCollectorRunning........................
2020-09-19 14:00:30.357 28360-28360/? I/System.out: shl View.plist_size==361, 1934
2020-09-19 14:00:30.357 28360-28360/? I/System.out: shl View.plist_size==361, 1934
2020-09-19 14:00:30.373 28360-28360/? I/System.out: shl View.plist_size==361, 1934
2020-09-19 14:00:30.389 28360-28360/? I/System.out: shl View.plist_size==361, 1934
2020-09-19 14:00:30.406 28360-28360/? I/System.out: shl View.plist_size==361, 1934
2020-09-19 14:00:30.422 28360-28360/? I/System.out: shl View.plist_size==361, 1934
2020-09-19 14:00:30.423 28360-28360/? I/System.out: shl View.plist_size==361, 1934
2020-09-19 14:00:30.439 28360-28360/? I/System.out: shl View.plist_size==361, 1934
2020-09-19 14:00:30.456 28360-28360/? I/System.out: shl View.plist_size==361, 1934
2020-09-19 14:00:30.472 28360-28360/? I/System.out: shl View.plist_size==361, 1934
2020-09-19 14:00:30.489 28360-28360/? I/System.out: shl View.plist_size==361, 1934
2020-09-19 14:00:30.489 28360-28360/? I/System.out: shl View.plist_size==361, 1934
2020-09-19 14:00:30.490 14747-14782/? I/bt_att: GATTC_SendHandleValueConfirm conn_id=3 handle=0x2c
2020-09-19 14:00:30.490 14747-14782/? I/bt_att: GATTC_SendHandleValueConfirm conn_id=4 handle=0x2c
2020-09-19 14:00:30.491 14747-14782/? I/bt_att: GATTC_SendHandleValueConfirm conn_id=5 handle=0x2c
2020-09-19 14:00:30.491 14747-14782/? I/bt_att: GATTC_SendHandleValueConfirm conn_id=7 handle=0x2c
2020-09-19 14:00:30.491 14747-14774/? W/bt_btif: HAL bt_gatt_callbacks->client->notify_cb
2020-09-19 14:00:30.491 14747-14774/? I/bt_btif: BTA_GATTC_SendIndConfirm conn_id=6 handle=0x002c
2020-09-19 14:00:30.492 14747-14782/? I/bt_att: GATTC_SendHandleValueConfirm conn_id=6 handle=0x2c
2020-09-19 14:00:30.507 28360-28360/? I/System.out: shl View.plist_size==361, 1934
2020-09-19 14:00:30.518 28360-28442/? I/SendBroadcastPermission: action:action.character_changed, mPermissionType:0
2020-09-19 14:00:30.522 28360-28360/? I/System.out: shl View.plist_size==361, 1934
2020-09-19 14:00:30.540 28360-28360/? E/vvvvvvvvvvv: reciverMsg： 06,05,b4,00,3e,17,00,6c,02,00,bf,fe,ff,bb,04,00,74,0d,00,11,0e,00,ec,0c,00,80,04,00,03,0a,00,36,11,00,4d,09,00,6c,01,00,b5,04,00,3d,05,00,4c,12,00,bc,0c,00,a2,00,00,eb,09,00,76,09,00,78,04,00,10,13,00,7c,0d,00,bb,0c,00,4c,17,00,c2,06,00,ef,17,00,fc,39,00,7a,5b,00,b2,62,00,ad,3c,00,48,27,00,cd,0e,00,fa,0c,00,95,18,00,e2,18,00,ef,0f,00,bc,0d,00,f2,1a,00,7c,12,00,8d,09,00,39,06,00,ee,0f,00,2f,0d,00,21,0d,00,eb,0e,00,f8,0b,00,e5,07,00,d6,16,00,30,11,00,b0,11,00,8c,0a,00,50,08,00,f9,10,00,44,17,00,18,0a,00,b0,15,00,39,10,00,d4,fc,ff,f1,3f,
2020-09-19 14:00:30.540 28360-28360/? I/SendBroadcastPermission: action:com.health.communication.RECEIVER, mPermissionType:0
2020-09-19 14:00:30.542 28360-28360/? I/System.out: shl View.plist_size==361, 1934
2020-09-19 14:00:30.542 28360-28360/? I/System.out: shl View.plist_size==361, 1934
2020-09-19 14:00:30.558 28360-28360/? I/System.out: shl View.plist_size==361, 1953
2020-09-19 14:00:30.558 28360-28614/? E/MainActivity123: key == 1  ---- objs.get(smsg) [6, 5, -76, 0, 62, 23, 0, 108, 2, 0, -65, -2, -1, -69, 4, 0, 116, 13, 0, 17, 14, 0, -20, 12, 0, -128, 4, 0, 3, 10, 0, 54, 17, 0, 77, 9, 0, 108, 1, 0, -75, 4, 0, 61, 5, 0, 76, 18, 0, -68, 12, 0, -94, 0, 0, -21, 9, 0, 118, 9, 0, 120, 4, 0, 16, 19, 0, 124, 13, 0, -69, 12, 0, 76, 23, 0, -62, 6, 0, -17, 23, 0, -4, 57, 0, 122, 91, 0, -78, 98, 0, -83, 60, 0, 72, 39, 0, -51, 14, 0, -6, 12, 0, -107, 24, 0, -30, 24, 0, -17, 15, 0, -68, 13, 0, -14, 26, 0, 124, 18, 0, -115, 9, 0, 57, 6, 0, -18, 15, 0, 47, 13, 0, 33, 13, 0, -21, 14, 0, -8, 11, 0, -27, 7, 0, -42, 22, 0, 48, 17, 0, -80, 17, 0, -116, 10, 0, 80, 8, 0, -7, 16, 0, 68, 23, 0, 24, 10, 0, -80, 21, 0, 57, 16, 0, -44, -4, -1, -15, 63]
2020-09-19 14:00:30.561 28360-28614/? I/smart:  msgs: 06,05,b4,00,3e,17,00,6c,02,00,bf,fe,ff,bb,04,00,74,0d,00,11,0e,00,ec,0c,00,80,04,00,03,0a,00,36,11,00,4d,09,00,6c,01,00,b5,04,00,3d,05,00,4c,12,00,bc,0c,00,a2,00,00,eb,09,00,76,09,00,78,04,00,10,13,00,7c,0d,00,bb,0c,00,4c,17,00,c2,06,00,ef,17,00,fc,39,00,7a,5b,00,b2,62,00,ad,3c,00,48,27,00,cd,0e,00,fa,0c,00,95,18,00,e2,18,00,ef,0f,00,bc,0d,00,f2,1a,00,7c,12,00,8d,09,00,39,06,00,ee,0f,00,2f,0d,00,21,0d,00,eb,0e,00,f8,0b,00,e5,07,00,d6,16,00,30,11,00,b0,11,00,8c,0a,00,50,08,00,f9,10,00,44,17,00,18,0a,00,b0,15,00,39,10,00,d4,fc,ff,f1,3f, isMsgClose: false isFront: false
2020-09-19 14:00:30.572 28360-28360/? I/System.out: shl View.plist_size==361, 1953
2020-09-19 14:00:30.589 28360-28360/? I/System.out: shl View.plist_size==361, 1953
2020-09-19 14:00:30.606 28360-28360/? I/System.out: shl View.plist_size==361, 1953
2020-09-19 14:00:30.606 28360-28360/? I/System.out: shl View.plist_size==361, 1953
2020-09-19 14:00:30.622 28360-28360/? I/System.out: shl View.plist_size==361, 1953
2020-09-19 14:00:30.639 28360-28360/? I/System.out: shl View.plist_size==361, 1953
2020-09-19 14:00:30.656 28360-28360/? I/System.out: shl View.plist_size==361, 1953
2020-09-19 14:00:30.672 28360-28360/? I/System.out: shl View.plist_size==361, 1953
2020-09-19 14:00:30.673 28360-28360/? I/System.out: shl View.plist_size==361, 1953
2020-09-19 14:00:30.689 28360-28360/? I/System.out: shl View.plist_size==361, 1953
2020-09-19 14:00:30.706 28360-28360/? I/System.out: shl View.plist_size==361, 1953
2020-09-19 14:00:30.715 14747-14782/? I/bt_att: GATTC_SendHandleValueConfirm conn_id=3 handle=0x2c
2020-09-19 14:00:30.715 14747-14782/? I/bt_att: GATTC_SendHandleValueConfirm conn_id=4 handle=0x2c
2020-09-19 14:00:30.716 14747-14782/? I/bt_att: GATTC_SendHandleValueConfirm conn_id=5 handle=0x2c
2020-09-19 14:00:30.716 14747-14782/? I/bt_att: GATTC_SendHandleValueConfirm conn_id=7 handle=0x2c
2020-09-19 14:00:30.716 14747-14774/? W/bt_btif: HAL bt_gatt_callbacks->client->notify_cb
2020-09-19 14:00:30.716 14747-14774/? I/bt_btif: BTA_GATTC_SendIndConfirm conn_id=6 handle=0x002c
2020-09-19 14:00:30.716 14747-14782/? I/bt_att: GATTC_SendHandleValueConfirm conn_id=6 handle=0x2c
2020-09-19 14:00:30.722 28360-28360/? I/System.out: shl View.plist_size==361, 1953
2020-09-19 14:00:30.739 28360-28360/? I/System.out: shl View.plist_size==361, 1953
2020-09-19 14:00:30.739 28360-28360/? I/System.out: shl View.plist_size==361, 1953
2020-09-19 14:00:30.742 28360-28442/? I/SendBroadcastPermission: action:action.character_changed, mPermissionType:0
2020-09-19 14:00:30.757 28360-28360/? I/System.out: shl View.plist_size==361, 1953
2020-09-19 14:00:30.773 28360-28360/? E/vvvvvvvvvvv: reciverMsg： 06,05,b4,00,c7,11,00,72,17,00,b9,03,00,f8,0b,00,4f,0f,00,5a,0e,00,13,10,00,3d,0b,00,e5,13,00,0d,18,00,d2,0f,00,83,1d,00,ec,15,00,a1,0e,00,33,14,00,4a,09,00,78,07,00,fc,0f,00,b1,21,00,68,1d,00,d1,0e,00,d6,08,00,3f,0e,00,8e,21,00,11,20,00,39,15,00,d5,1c,00,ea,12,00,25,16,00,6f,15,00,3b,14,00,73,11,00,7b,17,00,f0,12,00,cb,18,00,c8,16,00,7e,12,00,72,1a,00,27,1e,00,92,1d,00,4f,1a,00,d5,02,00,55,0d,00,f6,15,00,29,1d,00,e6,13,00,84,0a,00,55,0a,00,a5,06,00,7d,0e,00,96,0a,00,e9,13,00,ef,11,00,a5,12,00,c4,06,00,bb,0d,00,a6,14,00,04,0e,00,53,16,
2020-09-19 14:00:30.774 28360-28360/? I/SendBroadcastPermission: action:com.health.communication.RECEIVER, mPermissionType:0
2020-09-19 14:00:30.776 28360-28360/? I/System.out: shl View.plist_size==361, 1953
2020-09-19 14:00:30.789 28360-28360/? I/System.out: shl View.plist_size==361, 1953
2020-09-19 14:00:30.790 28360-28360/? E/qob: hrv_evt_handle 3
2020-09-19 14:00:30.792 28360-28614/? E/MainActivity123: key == 1  ---- objs.get(smsg) [6, 5, -76, 0, -57, 17, 0, 114, 23, 0, -71, 3, 0, -8, 11, 0, 79, 15, 0, 90, 14, 0, 19, 16, 0, 61, 11, 0, -27, 19, 0, 13, 24, 0, -46, 15, 0, -125, 29, 0, -20, 21, 0, -95, 14, 0, 51, 20, 0, 74, 9, 0, 120, 7, 0, -4, 15, 0, -79, 33, 0, 104, 29, 0, -47, 14, 0, -42, 8, 0, 63, 14, 0, -114, 33, 0, 17, 32, 0, 57, 21, 0, -43, 28, 0, -22, 18, 0, 37, 22, 0, 111, 21, 0, 59, 20, 0, 115, 17, 0, 123, 23, 0, -16, 18, 0, -53, 24, 0, -56, 22, 0, 126, 18, 0, 114, 26, 0, 39, 30, 0, -110, 29, 0, 79, 26, 0, -43, 2, 0, 85, 13, 0, -10, 21, 0, 41, 29, 0, -26, 19, 0, -124, 10, 0, 85, 10, 0, -91, 6, 0, 125, 14, 0, -106, 10, 0, -23, 19, 0, -17, 17, 0, -91, 18, 0, -60, 6, 0, -69, 13, 0, -90, 20, 0, 4, 14, 0, 83, 22]
2020-09-19 14:00:30.793 28360-28614/? I/smart:  msgs: 06,05,b4,00,c7,11,00,72,17,00,b9,03,00,f8,0b,00,4f,0f,00,5a,0e,00,13,10,00,3d,0b,00,e5,13,00,0d,18,00,d2,0f,00,83,1d,00,ec,15,00,a1,0e,00,33,14,00,4a,09,00,78,07,00,fc,0f,00,b1,21,00,68,1d,00,d1,0e,00,d6,08,00,3f,0e,00,8e,21,00,11,20,00,39,15,00,d5,1c,00,ea,12,00,25,16,00,6f,15,00,3b,14,00,73,11,00,7b,17,00,f0,12,00,cb,18,00,c8,16,00,7e,12,00,72,1a,00,27,1e,00,92,1d,00,4f,1a,00,d5,02,00,55,0d,00,f6,15,00,29,1d,00,e6,13,00,84,0a,00,55,0a,00,a5,06,00,7d,0e,00,96,0a,00,e9,13,00,ef,11,00,a5,12,00,c4,06,00,bb,0d,00,a6,14,00,04,0e,00,53,16, isMsgClose: false isFront: false
2020-09-19 14:00:30.806 28360-28360/? I/System.out: shl View.plist_size==361, 1972
2020-09-19 14:00:30.806 28360-28360/? I/MediaPlayer: [HSM] stayAwake true uid: 10605, pid: 28360
2020-09-19 14:00:30.807 1255-22817/? E/HsmCoreServiceImpl: onTransact in code is: 102
2020-09-19 14:00:30.807 1255-22817/? I/MediaProcessHandler: processOp opType: 0, uid: 10605, pid: 28360
2020-09-19 14:00:30.807 28360-28360/? I/MediaPlayer: Pid:28360 MediaPlayer::start
2020-09-19 14:00:30.808 550-31736/? I/NuPlayer: NuPlayer::canSeek,mSourceFlags = 15 
2020-09-19 14:00:30.808 28360-28360/? I/System.out: shl View.plist_size==361, 1972
2020-09-19 14:00:30.808 676-28708/? I/hash_map_utils: key: 'mode' value: ''
2020-09-19 14:00:30.809 676-14452/? I/hash_map_utils: key: 'mode' value: ''
2020-09-19 14:00:30.809 676-1413/? I/APM_AudioPolicyManager: startOutput() output 13, stream 3, session 26745
2020-09-19 14:00:30.809 676-1413/? I/APM_AudioPolicyManager: getNewOutputDevice() selected device 2
2020-09-19 14:00:30.809 676-1413/? I/APM_AudioPolicyManager: setOutputDevice() device 0x0002 delayMs 0 force 1
2020-09-19 14:00:30.809 676-1413/? I/APM_AudioPolicyManager: setOutputDevice() changing to device 0x0002 , muteWaitMs 0
2020-09-19 14:00:30.811 1958-2032/? I/PGServer: report state:2 event type:1 pid:28360 uid:10605 pkg:null to pid: 1255
2020-09-19 14:00:30.812 676-779/? I/audio_hw_primary: out_set_parameters_no_lock device:0x0, out type:0
2020-09-19 14:00:30.812 676-779/? I/audio_hw_primary: out_set_parameters_no_lock device:0x2, out type:0
2020-09-19 14:00:30.813 676-779/? I/audio_hw_primary: call_get_sample_rate: sample_rate = 16000, tty_status = 0
2020-09-19 14:00:30.813 676-779/? I/audio_hw_primary: select_devices++ mode[0]
2020-09-19 14:00:30.813 676-779/? I/audio_hw_primary: select_devices--
2020-09-19 14:00:30.813 676-1413/? I/APM_AudioPolicyManager: setOutputDevice() createAudioPatch returned 0 patchHandle 26956 num_sources 1 num_sinks 1
2020-09-19 14:00:30.813 676-1413/? I/APM_AudioPolicyManager: checkOutputForStrategy() getDeviceForStrategy strategy=3 newDevice=2 oldDevice=2
2020-09-19 14:00:30.813 676-1413/? I/AudioTrackShared: server obtain null buf part1:0 rear:147456 front:147456 mFrameCount:22050
2020-09-19 14:00:30.814 1255-1255/? I/AudioSystem-JNI: listAudioPorts AudioSystem::listAudioPorts numPorts 7 generation 3552 generation1 3552
2020-09-19 14:00:30.814 550-31736/? I/NuPlayer: performSeek before, mIsSeeking should to change to false
2020-09-19 14:00:30.819 550-31827/? I/NuPlayerDecoder: [audio] saw output EOS
2020-09-19 14:00:30.822 28360-28360/? I/System.out: shl View.plist_size==361, 1972
2020-09-19 14:00:30.839 28360-28360/? I/System.out: shl View.plist_size==361, 1972
2020-09-19 14:00:30.856 28360-28360/? I/System.out: shl View.plist_size==361, 1972
2020-09-19 14:00:30.856 28360-28360/? I/System.out: shl View.plist_size==361, 1972
2020-09-19 14:00:30.872 28360-28360/? I/System.out: shl View.plist_size==361, 1972
2020-09-19 14:00:30.889 28360-28360/? I/System.out: shl View.plist_size==361, 1972
2020-09-19 14:00:30.906 28360-28360/? I/System.out: shl View.plist_size==361, 1972
2020-09-19 14:00:30.922 28360-28360/? I/System.out: shl View.plist_size==361, 1972
2020-09-19 14:00:30.922 28360-28360/? I/System.out: shl View.plist_size==361, 1972
2020-09-19 14:00:30.937 1255-1387/? E/WifiConfigManager: updateConfiguration freq=2412 BSSID=e0:cc:7a:4b:a6:f0 RSSI=-41 "Ss"WPA_PSK
2020-09-19 14:00:30.939 1255-1255/? I/QosMonitor: queryRtt: rtt_type = 3
2020-09-19 14:00:30.939 1255-1255/? I/WifiProJNI: ######### GET RTT:3 ########
2020-09-19 14:00:30.939 1255-1455/? I/HuaweiWifiWatchdogStateMachine: spd good count:0, add sc:0.0, rate:1.0
2020-09-19 14:00:30.939 1255-1455/? I/HuaweiWifiWatchdogStateMachine: current mHighDataFlowRate = 1.0
2020-09-19 14:00:30.939 1255-1455/? I/HuaweiWifiWatchdogStateMachine: POta txb txg rxg:0, 7, 0. Lr =0% Totpkt=7
2020-09-19 14:00:30.939 28360-28360/? I/System.out: shl View.plist_size==361, 1972
2020-09-19 14:00:30.939 1255-1453/? I/QosMonitor: postEventFromNative: msg=100,arg1=4,arg2=9
2020-09-19 14:00:30.939 1255-1453/? W/WifiProJNI: poll before: g_monitor_fd =245
2020-09-19 14:00:30.939 1255-1255/? I/WifiProJNI: ######### CMD_QUERY_PKTS ########
2020-09-19 14:00:30.940 1255-1453/? I/QosMonitor: postEventFromNative: msg=100,arg1=0,arg2=9
2020-09-19 14:00:30.941 1255-1453/? W/WifiProJNI: poll before: g_monitor_fd =245
2020-09-19 14:00:30.941 1255-1255/? I/MQoS: rtt=1480,tcp_tx_pkts=3123402,tcp_rx_pkts=4729923
2020-09-19 14:00:30.942 1255-3307/? I/MQoS: QOS_level:0(0),DataDisable;use level-0
2020-09-19 14:00:30.942 14747-14782/? I/bt_att: GATTC_SendHandleValueConfirm conn_id=3 handle=0x2c
2020-09-19 14:00:30.942 1255-1455/? I/HuaweiWifiWatchdogStateMachine: PTcp RTT:0, rtt pkt=0, tcp_rx=0, tcp_tx=0, tcp_reTran=0, rtRate=0
2020-09-19 14:00:30.942 14747-14782/? I/bt_att: GATTC_SendHandleValueConfirm conn_id=4 handle=0x2c
2020-09-19 14:00:30.942 14747-14782/? I/bt_att: GATTC_SendHandleValueConfirm conn_id=5 handle=0x2c
2020-09-19 14:00:30.942 14747-14782/? I/bt_att: GATTC_SendHandleValueConfirm conn_id=7 handle=0x2c
2020-09-19 14:00:30.942 14747-14774/? W/bt_btif: HAL bt_gatt_callbacks->client->notify_cb
2020-09-19 14:00:30.943 14747-14774/? I/bt_btif: BTA_GATTC_SendIndConfirm conn_id=6 handle=0x002c
2020-09-19 14:00:30.943 14747-14782/? I/bt_att: GATTC_SendHandleValueConfirm conn_id=6 handle=0x2c
2020-09-19 14:00:30.956 28360-28360/? I/System.out: shl View.plist_size==361, 1972
2020-09-19 14:00:30.965 28360-28442/? I/SendBroadcastPermission: action:action.character_changed, mPermissionType:0
2020-09-19 14:00:30.972 28360-28360/? I/System.out: shl View.plist_size==361, 1972
2020-09-19 14:00:30.990 28360-28360/? E/vvvvvvvvvvv: reciverMsg： 06,05,b4,00,70,05,00,1a,0d,00,2d,11,00,89,0f,00,44,0d,00,66,0a,00,bc,09,00,6c,0e,00,3f,10,00,66,0f,00,86,05,00,1e,0d,00,e2,1e,00,fc,17,00,45,19,00,be,14,00,40,17,00,a7,1a,00,81,1f,00,5d,13,00,43,09,00,e6,11,00,2e,19,00,1f,1f,00,a3,15,00,25,1b,00,0a,18,00,82,15,00,63,0f,00,66,09,00,50,11,00,5b,20,00,35,27,00,70,25,00,7b,18,00,39,14,00,ce,1f,00,59,29,00,41,26,00,25,20,00,35,1c,00,2a,18,00,8d,0f,00,dc,20,00,41,2e,00,8c,18,00,1f,1e,00,bb,19,00,5d,22,00,f6,28,00,3b,24,00,48,20,00,7d,24,00,1d,1e,00,f1,22,00,7d,29,00,6e,29,00,ce,19,00,4f,26,
2020-09-19 14:00:30.990 28360-28360/? I/SendBroadcastPermission: action:com.health.communication.RECEIVER, mPermissionType:0
2020-09-19 14:00:30.991 28360-28360/? I/System.out: shl View.plist_size==361, 1972
2020-09-19 14:00:30.992 28360-28360/? I/System.out: shl View.plist_size==361, 1972
2020-09-19 14:00:31.008 28360-28360/? I/System.out: shl View.plist_size==361, 1992
2020-09-19 14:00:31.008 28360-28614/? E/MainActivity123: key == 1  ---- objs.get(smsg) [6, 5, -76, 0, 112, 5, 0, 26, 13, 0, 45, 17, 0, -119, 15, 0, 68, 13, 0, 102, 10, 0, -68, 9, 0, 108, 14, 0, 63, 16, 0, 102, 15, 0, -122, 5, 0, 30, 13, 0, -30, 30, 0, -4, 23, 0, 69, 25, 0, -66, 20, 0, 64, 23, 0, -89, 26, 0, -127, 31, 0, 93, 19, 0, 67, 9, 0, -26, 17, 0, 46, 25, 0, 31, 31, 0, -93, 21, 0, 37, 27, 0, 10, 24, 0, -126, 21, 0, 99, 15, 0, 102, 9, 0, 80, 17, 0, 91, 32, 0, 53, 39, 0, 112, 37, 0, 123, 24, 0, 57, 20, 0, -50, 31, 0, 89, 41, 0, 65, 38, 0, 37, 32, 0, 53, 28, 0, 42, 24, 0, -115, 15, 0, -36, 32, 0, 65, 46, 0, -116, 24, 0, 31, 30, 0, -69, 25, 0, 93, 34, 0, -10, 40, 0, 59, 36, 0, 72, 32, 0, 125, 36, 0, 29, 30, 0, -15, 34, 0, 125, 41, 0, 110, 41, 0, -50, 25, 0, 79, 38]
2020-09-19 14:00:31.010 28360-28614/? I/smart:  msgs: 06,05,b4,00,70,05,00,1a,0d,00,2d,11,00,89,0f,00,44,0d,00,66,0a,00,bc,09,00,6c,0e,00,3f,10,00,66,0f,00,86,05,00,1e,0d,00,e2,1e,00,fc,17,00,45,19,00,be,14,00,40,17,00,a7,1a,00,81,1f,00,5d,13,00,43,09,00,e6,11,00,2e,19,00,1f,1f,00,a3,15,00,25,1b,00,0a,18,00,82,15,00,63,0f,00,66,09,00,50,11,00,5b,20,00,35,27,00,70,25,00,7b,18,00,39,14,00,ce,1f,00,59,29,00,41,26,00,25,20,00,35,1c,00,2a,18,00,8d,0f,00,dc,20,00,41,2e,00,8c,18,00,1f,1e,00,bb,19,00,5d,22,00,f6,28,00,3b,24,00,48,20,00,7d,24,00,1d,1e,00,f1,22,00,7d,29,00,6e,29,00,ce,19,00,4f,26, isMsgClose: false isFront: false
2020-09-19 14:00:31.022 28360-28360/? I/System.out: shl View.plist_size==361, 1992
2020-09-19 14:00:31.032 676-779/? I/AudioTrackShared: server obtain null buf part1:0 rear:156672 front:156672 mFrameCount:22050
2020-09-19 14:00:31.038 28360-28360/? I/System.out: shl View.plist_size==361, 1992
2020-09-19 14:00:31.039 28360-28360/? I/MediaPlayer: [HSM] stayAwake false uid: 10605, pid: 28360
2020-09-19 14:00:31.039 1255-1266/? E/HsmCoreServiceImpl: onTransact in code is: 102
2020-09-19 14:00:31.039 1255-1266/? I/MediaProcessHandler: processOp opType: 1, uid: 10605, pid: 28360
2020-09-19 14:00:31.056 28360-28360/? I/System.out: shl View.plist_size==361, 1992
2020-09-19 14:00:31.056 28360-28360/? I/System.out: shl View.plist_size==361, 1992
2020-09-19 14:00:31.072 28360-28360/? I/System.out: shl View.plist_size==361, 1992
2020-09-19 14:00:31.088 28360-28360/? I/System.out: shl View.plist_size==361, 1992
2020-09-19 14:00:31.094 1958-2032/? I/DeviceMonitor: last release audio mix uid:10605 pid:-2
2020-09-19 14:00:31.102 676-689/? I/APM_AudioPolicyManager: stopOutput() output 13, stream 3, session 26745
2020-09-19 14:00:31.103 676-689/? I/APM_AudioPolicyManager: getNewOutputDevice() selected device 0
2020-09-19 14:00:31.103 676-689/? I/APM_AudioPolicyManager: setOutputDevice() device 0x0000 delayMs 80 force 0
2020-09-19 14:00:31.103 676-689/? I/APM_AudioPolicyManager: setOutputDevice() setting same device 0x0000 or null device
2020-09-19 14:00:31.103 676-689/? I/APM_AudioPolicyManager: checkOutputForStrategy() getDeviceForStrategy strategy=3 newDevice=2 oldDevice=2
2020-09-19 14:00:31.105 1958-2032/? I/PGServer: report state:2 event type:2 pid:28360 uid:10605 pkg:null to pid: 1255
2020-09-19 14:00:31.107 28360-28360/? I/System.out: shl View.plist_size==361, 1992
2020-09-19 14:00:31.107 28360-28360/? I/System.out: shl View.plist_size==361, 1992
2020-09-19 14:00:31.122 28360-28360/? I/System.out: shl View.plist_size==361, 1992
2020-09-19 14:00:31.139 28360-28360/? I/System.out: shl View.plist_size==361, 1992
2020-09-19 14:00:31.156 28360-28360/? I/System.out: shl View.plist_size==361, 1992
2020-09-19 14:00:31.172 28360-28360/? I/System.out: shl View.plist_size==361, 1992
2020-09-19 14:00:31.172 28360-28360/? I/System.out: shl View.plist_size==361, 1992
2020-09-19 14:00:31.189 28360-28360/? I/System.out: shl View.plist_size==361, 1992
2020-09-19 14:00:31.206 28360-28360/? I/System.out: shl View.plist_size==361, 1992
2020-09-19 14:00:31.222 28360-28360/? I/System.out: shl View.plist_size==361, 1992
2020-09-19 14:00:31.234 14747-14782/? I/bt_att: GATTC_SendHandleValueConfirm conn_id=3 handle=0x2c
2020-09-19 14:00:31.234 14747-14782/? I/bt_att: GATTC_SendHandleValueConfirm conn_id=4 handle=0x2c
2020-09-19 14:00:31.234 14747-14782/? I/bt_att: GATTC_SendHandleValueConfirm conn_id=5 handle=0x2c
2020-09-19 14:00:31.234 14747-14782/? I/bt_att: GATTC_SendHandleValueConfirm conn_id=7 handle=0x2c
2020-09-19 14:00:31.234 14747-14774/? W/bt_btif: HAL bt_gatt_callbacks->client->notify_cb
2020-09-19 14:00:31.235 14747-14774/? I/bt_btif: BTA_GATTC_SendIndConfirm conn_id=6 handle=0x002c
2020-09-19 14:00:31.235 14747-14782/? I/bt_att: GATTC_SendHandleValueConfirm conn_id=6 handle=0x2c
2020-09-19 14:00:31.239 28360-28360/? I/System.out: shl View.plist_size==361, 1992
2020-09-19 14:00:31.239 28360-28360/? I/System.out: shl View.plist_size==361, 1992
2020-09-19 14:00:31.256 28360-28360/? I/System.out: shl View.plist_size==361, 1992
2020-09-19 14:00:31.261 28360-28442/? I/SendBroadcastPermission: action:action.character_changed, mPermissionType:0
2020-09-19 14:00:31.273 28360-28360/? I/System.out: shl View.plist_size==361, 1992
2020-09-19 14:00:31.290 28360-28360/? E/vvvvvvvvvvv: reciverMsg： 06,05,b4,00,06,0f,00,78,19,00,ad,1e,00,a3,1f,00,7a,1e,00,9c,35,00,84,31,00,0c,2b,00,47,2e,00,bc,1a,00,77,29,00,18,23,00,6d,1a,00,fb,1e,00,92,27,00,d0,2e,00,62,2e,00,aa,2a,00,ee,22,00,7f,1f,00,95,27,00,c1,27,00,e4,29,00,70,25,00,25,2a,00,c4,27,00,b6,23,00,12,31,00,82,32,00,2b,2b,00,0f,2a,00,83,32,00,89,2f,00,96,27,00,c9,27,00,98,29,00,23,32,00,61,2f,00,a2,20,00,43,30,00,ef,36,00,83,37,00,9f,34,00,1e,35,00,8f,34,00,5c,35,00,86,39,00,64,32,00,4e,2d,00,fe,28,00,73,25,00,6b,36,00,5d,3c,00,52,3b,00,b6,39,00,fa,3b,00,73,34,00,44,30,00,d7,6b,
2020-09-19 14:00:31.290 28360-28360/? I/SendBroadcastPermission: action:com.health.communication.RECEIVER, mPermissionType:0
2020-09-19 14:00:31.291 28360-28360/? I/System.out: shl View.plist_size==361, 1992
2020-09-19 14:00:31.292 28360-28360/? I/System.out: shl View.plist_size==361, 1992
2020-09-19 14:00:31.303 1255-1255/? I/TrafficMonitor: expired arrive. level:-1
2020-09-19 14:00:31.304 1255-1255/? I/TrafficMonitor: update:rxPkts:2,txPkts:0,rxBytes:128,txBytes:0
2020-09-19 14:00:31.304 1255-1255/? I/TrafficMonitor: start expired. level:-1
2020-09-19 14:00:31.304 1255-1255/? I/TrafficMonitor: gettimer:interval=5000
2020-09-19 14:00:31.304 1255-1255/? I/TrafficMonitor: during_ms:5001,period_ms:2000
2020-09-19 14:00:31.304 1255-1255/? I/TrafficMonitor: count:407,rx_sum:2,tx_sum:0,rxBytes:128,during_ms:5001,rx_speed:25.59488102379524,tx_speed:0.0,rto:0.0
2020-09-19 14:00:31.308 28360-28360/? I/System.out: shl View.plist_size==361, 2011
2020-09-19 14:00:31.308 28360-28614/? E/MainActivity123: key == 1  ---- objs.get(smsg) [6, 5, -76, 0, 6, 15, 0, 120, 25, 0, -83, 30, 0, -93, 31, 0, 122, 30, 0, -100, 53, 0, -124, 49, 0, 12, 43, 0, 71, 46, 0, -68, 26, 0, 119, 41, 0, 24, 35, 0, 109, 26, 0, -5, 30, 0, -110, 39, 0, -48, 46, 0, 98, 46, 0, -86, 42, 0, -18, 34, 0, 127, 31, 0, -107, 39, 0, -63, 39, 0, -28, 41, 0, 112, 37, 0, 37, 42, 0, -60, 39, 0, -74, 35, 0, 18, 49, 0, -126, 50, 0, 43, 43, 0, 15, 42, 0, -125, 50, 0, -119, 47, 0, -106, 39, 0, -55, 39, 0, -104, 41, 0, 35, 50, 0, 97, 47, 0, -94, 32, 0, 67, 48, 0, -17, 54, 0, -125, 55, 0, -97, 52, 0, 30, 53, 0, -113, 52, 0, 92, 53, 0, -122, 57, 0, 100, 50, 0, 78, 45, 0, -2, 40, 0, 115, 37, 0, 107, 54, 0, 93, 60, 0, 82, 59, 0, -74, 57, 0, -6, 59, 0, 115, 52, 0, 68, 48, 0, -41, 107]
2020-09-19 14:00:31.310 28360-28614/? I/smart:  msgs: 06,05,b4,00,06,0f,00,78,19,00,ad,1e,00,a3,1f,00,7a,1e,00,9c,35,00,84,31,00,0c,2b,00,47,2e,00,bc,1a,00,77,29,00,18,23,00,6d,1a,00,fb,1e,00,92,27,00,d0,2e,00,62,2e,00,aa,2a,00,ee,22,00,7f,1f,00,95,27,00,c1,27,00,e4,29,00,70,25,00,25,2a,00,c4,27,00,b6,23,00,12,31,00,82,32,00,2b,2b,00,0f,2a,00,83,32,00,89,2f,00,96,27,00,c9,27,00,98,29,00,23,32,00,61,2f,00,a2,20,00,43,30,00,ef,36,00,83,37,00,9f,34,00,1e,35,00,8f,34,00,5c,35,00,86,39,00,64,32,00,4e,2d,00,fe,28,00,73,25,00,6b,36,00,5d,3c,00,52,3b,00,b6,39,00,fa,3b,00,73,34,00,44,30,00,d7,6b, isMsgClose: false isFront: false
2020-09-19 14:00:31.322 28360-28360/? I/System.out: shl View.plist_size==361, 2011
2020-09-19 14:00:31.338 28360-28360/? I/System.out: shl View.plist_size==361, 2011
2020-09-19 14:00:31.356 28360-28360/? I/System.out: shl View.plist_size==361, 2011
2020-09-19 14:00:31.356 28360-28360/? I/System.out: shl View.plist_size==361, 2011
2020-09-19 14:00:31.372 28360-28360/? I/System.out: shl View.plist_size==361, 2011
2020-09-19 14:00:31.388 28360-28360/? I/System.out: shl View.plist_size==361, 2011
2020-09-19 14:00:31.406 28360-28360/? I/System.out: shl View.plist_size==361, 2011
2020-09-19 14:00:31.413 14747-14782/? I/bt_att: GATTC_SendHandleValueConfirm conn_id=3 handle=0x2c
2020-09-19 14:00:31.413 14747-14782/? I/bt_att: GATTC_SendHandleValueConfirm conn_id=4 handle=0x2c
2020-09-19 14:00:31.413 14747-14782/? I/bt_att: GATTC_SendHandleValueConfirm conn_id=5 handle=0x2c
2020-09-19 14:00:31.413 14747-14782/? I/bt_att: GATTC_SendHandleValueConfirm conn_id=7 handle=0x2c
2020-09-19 14:00:31.413 14747-14774/? W/bt_btif: HAL bt_gatt_callbacks->client->notify_cb
2020-09-19 14:00:31.414 14747-14774/? I/bt_btif: BTA_GATTC_SendIndConfirm conn_id=6 handle=0x002c
2020-09-19 14:00:31.414 14747-14782/? I/bt_att: GATTC_SendHandleValueConfirm conn_id=6 handle=0x2c
2020-09-19 14:00:31.422 28360-28360/? I/System.out: shl View.plist_size==361, 2011
2020-09-19 14:00:31.422 28360-28360/? I/System.out: shl View.plist_size==361, 2011
2020-09-19 14:00:31.430 28360-28442/? I/SendBroadcastPermission: action:action.character_changed, mPermissionType:0
2020-09-19 14:00:31.439 28360-28360/? I/System.out: shl View.plist_size==361, 2011
