2020-09-19 14:00:13.522 1555-1555/? I/NetworkSpeedView: /update(), speed=0K/s parent class:class com.android.systemui.statusbar.HwSystemIcons
2020-09-19 14:00:13.528 28360-28360/? E/vvvvvvvvvvv: reciverMsg： 06,05,b4,00,f6,25,00,c6,23,00,34,28,00,f7,28,00,c3,23,00,28,23,00,d3,28,00,70,29,00,a9,27,00,bb,25,00,00,2a,00,5f,2a,00,7e,26,00,8c,22,00,61,2a,00,31,29,00,93,21,00,df,2c,00,be,27,00,bd,29,00,51,2a,00,ce,22,00,dc,28,00,31,2f,00,0f,2b,00,2e,28,00,4e,2c,00,46,2b,00,34,24,00,6f,26,00,34,2b,00,e2,30,00,8e,2e,00,35,2a,00,13,24,00,6e,25,00,fb,28,00,02,2b,00,e6,2f,00,13,2a,00,e1,2a,00,5c,2c,00,08,28,00,e4,26,00,7a,27,00,4f,26,00,24,32,00,86,31,00,b9,24,00,48,29,00,bc,2a,00,dd,29,00,ca,2b,00,3d,2c,00,bf,25,00,db,2c,00,c4,2f,00,81,2b,00,6d,d9,
2020-09-19 14:00:13.528 28360-28360/? I/SendBroadcastPermission: action:com.health.communication.RECEIVER, mPermissionType:0
2020-09-19 14:00:13.531 28360-28360/? I/System.out: shl View.plist_size==361, 542
2020-09-19 14:00:13.545 28360-28360/? I/System.out: shl View.plist_size==361, 561
2020-09-19 14:00:13.546 28360-28614/? E/MainActivity123: key == 1  ---- objs.get(smsg) [6, 5, -76, 0, -10, 37, 0, -58, 35, 0, 52, 40, 0, -9, 40, 0, -61, 35, 0, 40, 35, 0, -45, 40, 0, 112, 41, 0, -87, 39, 0, -69, 37, 0, 0, 42, 0, 95, 42, 0, 126, 38, 0, -116, 34, 0, 97, 42, 0, 49, 41, 0, -109, 33, 0, -33, 44, 0, -66, 39, 0, -67, 41, 0, 81, 42, 0, -50, 34, 0, -36, 40, 0, 49, 47, 0, 15, 43, 0, 46, 40, 0, 78, 44, 0, 70, 43, 0, 52, 36, 0, 111, 38, 0, 52, 43, 0, -30, 48, 0, -114, 46, 0, 53, 42, 0, 19, 36, 0, 110, 37, 0, -5, 40, 0, 2, 43, 0, -26, 47, 0, 19, 42, 0, -31, 42, 0, 92, 44, 0, 8, 40, 0, -28, 38, 0, 122, 39, 0, 79, 38, 0, 36, 50, 0, -122, 49, 0, -71, 36, 0, 72, 41, 0, -68, 42, 0, -35, 41, 0, -54, 43, 0, 61, 44, 0, -65, 37, 0, -37, 44, 0, -60, 47, 0, -127, 43, 0, 109, -39]
2020-09-19 14:00:13.546 28360-28360/? I/System.out: shl View.plist_size==361, 561
2020-09-19 14:00:13.549 28360-28614/? I/smart:  msgs: 06,05,b4,00,f6,25,00,c6,23,00,34,28,00,f7,28,00,c3,23,00,28,23,00,d3,28,00,70,29,00,a9,27,00,bb,25,00,00,2a,00,5f,2a,00,7e,26,00,8c,22,00,61,2a,00,31,29,00,93,21,00,df,2c,00,be,27,00,bd,29,00,51,2a,00,ce,22,00,dc,28,00,31,2f,00,0f,2b,00,2e,28,00,4e,2c,00,46,2b,00,34,24,00,6f,26,00,34,2b,00,e2,30,00,8e,2e,00,35,2a,00,13,24,00,6e,25,00,fb,28,00,02,2b,00,e6,2f,00,13,2a,00,e1,2a,00,5c,2c,00,08,28,00,e4,26,00,7a,27,00,4f,26,00,24,32,00,86,31,00,b9,24,00,48,29,00,bc,2a,00,dd,29,00,ca,2b,00,3d,2c,00,bf,25,00,db,2c,00,c4,2f,00,81,2b,00,6d,d9, isMsgClose: false isFront: false
2020-09-19 14:00:13.560 28360-28360/? I/System.out: shl View.plist_size==361, 561
2020-09-19 14:00:13.577 28360-28360/? I/System.out: shl View.plist_size==361, 561
2020-09-19 14:00:13.593 28360-28360/? I/System.out: shl View.plist_size==361, 561
2020-09-19 14:00:13.609 28360-28360/? I/System.out: shl View.plist_size==361, 561
2020-09-19 14:00:13.627 28360-28360/? I/System.out: shl View.plist_size==361, 561
2020-09-19 14:00:13.627 28360-28360/? I/System.out: shl View.plist_size==361, 561
2020-09-19 14:00:13.643 28360-28360/? I/System.out: shl View.plist_size==361, 561
2020-09-19 14:00:13.659 28360-28360/? I/System.out: shl View.plist_size==361, 561
2020-09-19 14:00:13.677 28360-28360/? I/System.out: shl View.plist_size==361, 561
2020-09-19 14:00:13.677 28360-28360/? I/System.out: shl View.plist_size==361, 561
2020-09-19 14:00:13.693 28360-28360/? I/System.out: shl View.plist_size==361, 561
2020-09-19 14:00:13.705 14747-14782/? I/bt_att: GATTC_SendHandleValueConfirm conn_id=3 handle=0x2c
2020-09-19 14:00:13.706 14747-14782/? I/bt_att: GATTC_SendHandleValueConfirm conn_id=4 handle=0x2c
2020-09-19 14:00:13.706 14747-14782/? I/bt_att: GATTC_SendHandleValueConfirm conn_id=5 handle=0x2c
2020-09-19 14:00:13.706 14747-14782/? I/bt_att: GATTC_SendHandleValueConfirm conn_id=7 handle=0x2c
2020-09-19 14:00:13.706 14747-14774/? W/bt_btif: HAL bt_gatt_callbacks->client->notify_cb
2020-09-19 14:00:13.707 14747-14774/? I/bt_btif: BTA_GATTC_SendIndConfirm conn_id=6 handle=0x002c
2020-09-19 14:00:13.707 14747-14782/? I/bt_att: GATTC_SendHandleValueConfirm conn_id=6 handle=0x2c
2020-09-19 14:00:13.710 28360-28360/? I/System.out: shl View.plist_size==361, 561
2020-09-19 14:00:13.727 28360-28360/? I/System.out: shl View.plist_size==361, 561
2020-09-19 14:00:13.732 28360-28442/? I/SendBroadcastPermission: action:action.character_changed, mPermissionType:0
2020-09-19 14:00:13.743 28360-28360/? I/System.out: shl View.plist_size==361, 561
2020-09-19 14:00:13.744 28360-28360/? I/System.out: shl View.plist_size==361, 561
2020-09-19 14:00:13.760 28360-28360/? E/vvvvvvvvvvv: reciverMsg： 06,05,b4,00,ae,2e,00,ba,29,00,18,27,00,b8,26,00,59,2d,00,fd,26,00,b2,2c,00,c8,2e,00,1c,32,00,9e,2b,00,67,29,00,58,2f,00,99,30,00,df,30,00,9c,2e,00,d5,28,00,af,2c,00,56,30,00,68,30,00,80,31,00,eb,2a,00,10,2b,00,8b,38,00,a9,37,00,6a,39,00,48,30,00,bc,2a,00,f3,2a,00,06,2c,00,10,28,00,53,30,00,f9,29,00,a4,26,00,b0,2e,00,ef,2d,00,2b,29,00,e1,2c,00,6d,25,00,8d,24,00,54,2b,00,7c,32,00,43,30,00,22,26,00,82,2a,00,cd,28,00,63,2a,00,89,2a,00,3c,2b,00,b1,2d,00,81,29,00,60,29,00,4e,2b,00,60,33,00,ab,3c,00,6c,4f,00,ff,61,00,a8,67,00,bb,45,00,d4,80,
2020-09-19 14:00:13.760 28360-28360/? I/SendBroadcastPermission: action:com.health.communication.RECEIVER, mPermissionType:0
2020-09-19 14:00:13.762 28360-28360/? I/System.out: shl View.plist_size==361, 561
2020-09-19 14:00:13.779 28360-28360/? I/System.out: shl View.plist_size==361, 580
2020-09-19 14:00:13.779 28360-28614/? E/MainActivity123: key == 1  ---- objs.get(smsg) [6, 5, -76, 0, -82, 46, 0, -70, 41, 0, 24, 39, 0, -72, 38, 0, 89, 45, 0, -3, 38, 0, -78, 44, 0, -56, 46, 0, 28, 50, 0, -98, 43, 0, 103, 41, 0, 88, 47, 0, -103, 48, 0, -33, 48, 0, -100, 46, 0, -43, 40, 0, -81, 44, 0, 86, 48, 0, 104, 48, 0, -128, 49, 0, -21, 42, 0, 16, 43, 0, -117, 56, 0, -87, 55, 0, 106, 57, 0, 72, 48, 0, -68, 42, 0, -13, 42, 0, 6, 44, 0, 16, 40, 0, 83, 48, 0, -7, 41, 0, -92, 38, 0, -80, 46, 0, -17, 45, 0, 43, 41, 0, -31, 44, 0, 109, 37, 0, -115, 36, 0, 84, 43, 0, 124, 50, 0, 67, 48, 0, 34, 38, 0, -126, 42, 0, -51, 40, 0, 99, 42, 0, -119, 42, 0, 60, 43, 0, -79, 45, 0, -127, 41, 0, 96, 41, 0, 78, 43, 0, 96, 51, 0, -85, 60, 0, 108, 79, 0, -1, 97, 0, -88, 103, 0, -69, 69, 0, -44, -128]
2020-09-19 14:00:13.781 28360-28614/? I/smart:  msgs: 06,05,b4,00,ae,2e,00,ba,29,00,18,27,00,b8,26,00,59,2d,00,fd,26,00,b2,2c,00,c8,2e,00,1c,32,00,9e,2b,00,67,29,00,58,2f,00,99,30,00,df,30,00,9c,2e,00,d5,28,00,af,2c,00,56,30,00,68,30,00,80,31,00,eb,2a,00,10,2b,00,8b,38,00,a9,37,00,6a,39,00,48,30,00,bc,2a,00,f3,2a,00,06,2c,00,10,28,00,53,30,00,f9,29,00,a4,26,00,b0,2e,00,ef,2d,00,2b,29,00,e1,2c,00,6d,25,00,8d,24,00,54,2b,00,7c,32,00,43,30,00,22,26,00,82,2a,00,cd,28,00,63,2a,00,89,2a,00,3c,2b,00,b1,2d,00,81,29,00,60,29,00,4e,2b,00,60,33,00,ab,3c,00,6c,4f,00,ff,61,00,a8,67,00,bb,45,00,d4,80, isMsgClose: false isFront: false
2020-09-19 14:00:13.793 28360-28360/? I/System.out: shl View.plist_size==361, 580
2020-09-19 14:00:13.809 28360-28360/? I/System.out: shl View.plist_size==361, 580
2020-09-19 14:00:13.810 28360-28360/? I/System.out: shl View.plist_size==361, 580
2020-09-19 14:00:13.826 28360-28360/? I/System.out: shl View.plist_size==361, 580
2020-09-19 14:00:13.843 28360-28360/? I/System.out: shl View.plist_size==361, 580
2020-09-19 14:00:13.859 28360-28360/? I/System.out: shl View.plist_size==361, 580
2020-09-19 14:00:13.877 28360-28360/? I/System.out: shl View.plist_size==361, 580
2020-09-19 14:00:13.877 28360-28360/? I/System.out: shl View.plist_size==361, 580
2020-09-19 14:00:13.893 28360-28360/? I/System.out: shl View.plist_size==361, 580
2020-09-19 14:00:13.910 28360-28360/? I/System.out: shl View.plist_size==361, 580
2020-09-19 14:00:13.927 28360-28360/? I/System.out: shl View.plist_size==361, 580
2020-09-19 14:00:13.928 28360-28360/? I/System.out: shl View.plist_size==361, 580
2020-09-19 14:00:13.943 28360-28360/? I/System.out: shl View.plist_size==361, 580
2020-09-19 14:00:13.954 14747-14782/? I/bt_att: GATTC_SendHandleValueConfirm conn_id=3 handle=0x2c
2020-09-19 14:00:13.954 14747-14782/? I/bt_att: GATTC_SendHandleValueConfirm conn_id=4 handle=0x2c
2020-09-19 14:00:13.954 14747-14782/? I/bt_att: GATTC_SendHandleValueConfirm conn_id=5 handle=0x2c
2020-09-19 14:00:13.954 14747-14782/? I/bt_att: GATTC_SendHandleValueConfirm conn_id=7 handle=0x2c
2020-09-19 14:00:13.955 14747-14774/? W/bt_btif: HAL bt_gatt_callbacks->client->notify_cb
2020-09-19 14:00:13.955 14747-14774/? I/bt_btif: BTA_GATTC_SendIndConfirm conn_id=6 handle=0x002c
2020-09-19 14:00:13.955 14747-14782/? I/bt_att: GATTC_SendHandleValueConfirm conn_id=6 handle=0x2c
2020-09-19 14:00:13.960 28360-28360/? I/System.out: shl View.plist_size==361, 580
2020-09-19 14:00:13.977 28360-28360/? I/System.out: shl View.plist_size==361, 580
2020-09-19 14:00:13.981 28360-28442/? I/SendBroadcastPermission: action:action.character_changed, mPermissionType:0
2020-09-19 14:00:13.993 28360-28360/? I/System.out: shl View.plist_size==361, 580
2020-09-19 14:00:13.994 28360-28360/? I/System.out: shl View.plist_size==361, 580
2020-09-19 14:00:14.010 28360-28360/? E/vvvvvvvvvvv: reciverMsg： 06,05,b4,00,2c,2c,00,f5,19,00,76,20,00,0e,29,00,00,2d,00,b8,2a,00,ae,29,00,f1,28,00,2e,2a,00,41,2e,00,c4,2d,00,04,28,00,ad,2a,00,c9,2b,00,6a,27,00,b9,29,00,33,2b,00,9c,2f,00,2f,2a,00,9f,28,00,fe,29,00,1d,2b,00,47,33,00,02,2c,00,8b,2b,00,71,29,00,fe,2e,00,0a,32,00,8b,2b,00,df,2f,00,7a,36,00,13,2e,00,f3,2f,00,dc,31,00,9b,34,00,e9,2e,00,2e,30,00,87,2b,00,fd,30,00,e0,2e,00,2d,31,00,7d,33,00,b9,33,00,4a,2e,00,c4,30,00,e2,32,00,53,31,00,b2,2f,00,f9,2e,00,06,31,00,4e,33,00,8c,33,00,6c,35,00,34,35,00,50,37,00,77,34,00,04,32,00,ed,33,00,e6,20,
2020-09-19 14:00:14.011 28360-28360/? I/SendBroadcastPermission: action:com.health.communication.RECEIVER, mPermissionType:0
2020-09-19 14:00:14.012 28360-28360/? I/System.out: shl View.plist_size==361, 580
2020-09-19 14:00:14.036 28360-28360/? E/qob: hrv_evt_handle 3
2020-09-19 14:00:14.037 28360-28360/? I/System.out: shl View.plist_size==361, 600
2020-09-19 14:00:14.037 28360-28614/? E/MainActivity123: key == 1  ---- objs.get(smsg) [6, 5, -76, 0, 44, 44, 0, -11, 25, 0, 118, 32, 0, 14, 41, 0, 0, 45, 0, -72, 42, 0, -82, 41, 0, -15, 40, 0, 46, 42, 0, 65, 46, 0, -60, 45, 0, 4, 40, 0, -83, 42, 0, -55, 43, 0, 106, 39, 0, -71, 41, 0, 51, 43, 0, -100, 47, 0, 47, 42, 0, -97, 40, 0, -2, 41, 0, 29, 43, 0, 71, 51, 0, 2, 44, 0, -117, 43, 0, 113, 41, 0, -2, 46, 0, 10, 50, 0, -117, 43, 0, -33, 47, 0, 122, 54, 0, 19, 46, 0, -13, 47, 0, -36, 49, 0, -101, 52, 0, -23, 46, 0, 46, 48, 0, -121, 43, 0, -3, 48, 0, -32, 46, 0, 45, 49, 0, 125, 51, 0, -71, 51, 0, 74, 46, 0, -60, 48, 0, -30, 50, 0, 83, 49, 0, -78, 47, 0, -7, 46, 0, 6, 49, 0, 78, 51, 0, -116, 51, 0, 108, 53, 0, 52, 53, 0, 80, 55, 0, 119, 52, 0, 4, 50, 0, -19, 51, 0, -26, 32]
2020-09-19 14:00:14.037 28360-28360/? I/System.out: shl View.plist_size==361, 600
2020-09-19 14:00:14.037 28360-28360/? I/MediaPlayer: [HSM] stayAwake true uid: 10605, pid: 28360
2020-09-19 14:00:14.038 1255-22817/? E/HsmCoreServiceImpl: onTransact in code is: 102
2020-09-19 14:00:14.038 1255-22817/? I/MediaProcessHandler: processOp opType: 0, uid: 10605, pid: 28360
2020-09-19 14:00:14.038 28360-28360/? I/MediaPlayer: Pid:28360 MediaPlayer::start
2020-09-19 14:00:14.038 28360-28614/? I/smart:  msgs: 06,05,b4,00,2c,2c,00,f5,19,00,76,20,00,0e,29,00,00,2d,00,b8,2a,00,ae,29,00,f1,28,00,2e,2a,00,41,2e,00,c4,2d,00,04,28,00,ad,2a,00,c9,2b,00,6a,27,00,b9,29,00,33,2b,00,9c,2f,00,2f,2a,00,9f,28,00,fe,29,00,1d,2b,00,47,33,00,02,2c,00,8b,2b,00,71,29,00,fe,2e,00,0a,32,00,8b,2b,00,df,2f,00,7a,36,00,13,2e,00,f3,2f,00,dc,31,00,9b,34,00,e9,2e,00,2e,30,00,87,2b,00,fd,30,00,e0,2e,00,2d,31,00,7d,33,00,b9,33,00,4a,2e,00,c4,30,00,e2,32,00,53,31,00,b2,2f,00,f9,2e,00,06,31,00,4e,33,00,8c,33,00,6c,35,00,34,35,00,50,37,00,77,34,00,04,32,00,ed,33,00,e6,20, isMsgClose: false isFront: false
2020-09-19 14:00:14.055 28360-28360/? I/System.out: shl View.plist_size==361, 600
2020-09-19 14:00:14.063 550-31736/? W/Utils: File is Online
2020-09-19 14:00:14.064 550-31736/? W/HwExtendedMediaDirect: canCreateDirectPcmStream: high resolution audio feature not enable 
2020-09-19 14:00:14.064 550-31736/? I/GenericSource: start  needStop = 0 
2020-09-19 14:00:14.066 550-31736/? W/Utils: File is Online
2020-09-19 14:00:14.066 550-31736/? W/HwExtendedMediaDirect: canCreateDirectPcmStream: high resolution audio feature not enable 
2020-09-19 14:00:14.070 550-31828/? I/MediaPlayerService: MediaPlayerService::getOMX
2020-09-19 14:00:14.072 550-31828/? I/OMXMaster: makeComponentInstance(OMX.google.mp3.decoder) in mediaserver process
2020-09-19 14:00:14.073 28360-28360/? I/System.out: shl View.plist_size==361, 600
2020-09-19 14:00:14.074 28360-28360/? I/System.out: shl View.plist_size==361, 600
2020-09-19 14:00:14.090 28360-28360/? I/System.out: shl View.plist_size==361, 600
2020-09-19 14:00:14.107 28360-28360/? I/System.out: shl View.plist_size==361, 600
2020-09-19 14:00:14.123 28360-28360/? I/System.out: shl View.plist_size==361, 600
2020-09-19 14:00:14.124 28360-28360/? I/System.out: shl View.plist_size==361, 600
2020-09-19 14:00:14.140 28360-28360/? I/System.out: shl View.plist_size==361, 600
2020-09-19 14:00:14.142 550-31828/? I/ACodec: In onAllocateComponent create compenent, codec name: OMX.google.mp3.decoder
2020-09-19 14:00:14.143 550-31828/? E/OMXNodeInstance: setConfig(226199f:google.mp3.decoder, ConfigPriority(0x6f800002)) ERROR: Undefined(0x80001001)
2020-09-19 14:00:14.143 550-31828/? I/ACodec: codec does not support config priority (err -2147483648)
2020-09-19 14:00:14.143 550-31828/? I/MediaCodec: MediaCodec will operate in async mode
2020-09-19 14:00:14.144 550-31829/? W/SimpleSoftOMXComponent: checkTransitions port is not populate
2020-09-19 14:00:14.144 550-31828/? W/SimpleSoftOMXComponent: checkTransitions port is not populate
2020-09-19 14:00:14.145 550-31829/? E/HwExtendedUtils: Warning: base time clock is rollback!!
2020-09-19 14:00:14.156 28360-28360/? I/System.out: shl View.plist_size==361, 600
2020-09-19 14:00:14.165 676-28708/? I/APM_AudioPolicyManager: getOutput() device 2, stream 3, samplingRate 0, format 0, channelMask 3, flags 0
2020-09-19 14:00:14.165 676-28708/? I/APM_AudioPolicyManager: getOutputForDevice() returns output 13
2020-09-19 14:00:14.166 676-14452/? I/APM_AudioPolicyManager: getOutput() device 2, stream 3, samplingRate 0, format 0, channelMask 3, flags 0
2020-09-19 14:00:14.166 676-14452/? I/APM_AudioPolicyManager: getOutputForDevice() returns output 13
2020-09-19 14:00:14.167 676-676/? I/APM_AudioPolicyManager: getOutputForAttr() attr usage=0 content=0 flags=0
2020-09-19 14:00:14.168 676-676/? I/APM_AudioPolicyManager: getOutput() device 2, stream 3, samplingRate 44100, format 1, channelMask 3, flags 0
2020-09-19 14:00:14.168 676-676/? I/APM_AudioPolicyManager: getOutputForDevice() returns output 13
2020-09-19 14:00:14.168 676-676/? I/APM_AudioPolicyManager: getOutputForAttr() returns output 13 stream 3
2020-09-19 14:00:14.170 676-9809/? I/hash_map_utils: key: 'mode' value: ''
2020-09-19 14:00:14.171 676-9809/? I/AudioMixer: NumTracks(2)
2020-09-19 14:00:14.171 676-9809/? I/AudioMixer: Pid:676 add track (0)
2020-09-19 14:00:14.173 28360-28360/? I/System.out: shl View.plist_size==361, 600
2020-09-19 14:00:14.173 676-9809/? I/APM_AudioPolicyManager: startOutput() output 13, stream 3, session 26745
2020-09-19 14:00:14.174 676-9809/? I/APM_AudioPolicyManager: getNewOutputDevice() selected device 2
2020-09-19 14:00:14.174 676-9809/? I/APM_AudioPolicyManager: setOutputDevice() device 0x0002 delayMs 0 force 1
2020-09-19 14:00:14.174 676-9809/? I/APM_AudioPolicyManager: setOutputDevice() changing to device 0x0002 , muteWaitMs 0
2020-09-19 14:00:14.176 676-779/? I/audio_hw_primary: out_set_parameters_no_lock device:0x0, out type:0
2020-09-19 14:00:14.176 676-779/? I/audio_hw_primary: out_set_parameters_no_lock device:0x2, out type:0
2020-09-19 14:00:14.176 676-779/? I/audio_hw_primary: call_get_sample_rate: sample_rate = 16000, tty_status = 0
2020-09-19 14:00:14.176 676-779/? I/audio_hw_primary: select_devices++ mode[0]
2020-09-19 14:00:14.176 676-779/? I/audio_hw_primary: select_devices--
2020-09-19 14:00:14.177 676-9809/? I/APM_AudioPolicyManager: setOutputDevice() createAudioPatch returned 0 patchHandle 26828 num_sources 1 num_sinks 1
2020-09-19 14:00:14.177 1958-2032/? I/PGServer: report state:2 event type:1 pid:28360 uid:10605 pkg:null to pid: 1255
2020-09-19 14:00:14.178 676-9809/? I/APM_AudioPolicyManager: checkOutputForStrategy() getDeviceForStrategy strategy=3 newDevice=2 oldDevice=2
2020-09-19 14:00:14.178 676-779/? I/audio_hw_primary: start_output_stream++: out_type = 0, out_device = 2,out->pcm[PCM_CARD] = 0x0, out->voice_pcm = 0x0
2020-09-19 14:00:14.179 14747-14782/? I/bt_att: GATTC_SendHandleValueConfirm conn_id=3 handle=0x2c
2020-09-19 14:00:14.180 14747-14782/? I/bt_att: GATTC_SendHandleValueConfirm conn_id=4 handle=0x2c
2020-09-19 14:00:14.180 14747-14782/? I/bt_att: GATTC_SendHandleValueConfirm conn_id=5 handle=0x2c
2020-09-19 14:00:14.180 14747-14782/? I/bt_att: GATTC_SendHandleValueConfirm conn_id=7 handle=0x2c
2020-09-19 14:00:14.180 14747-14774/? W/bt_btif: HAL bt_gatt_callbacks->client->notify_cb
2020-09-19 14:00:14.180 14747-14774/? I/bt_btif: BTA_GATTC_SendIndConfirm conn_id=6 handle=0x002c
2020-09-19 14:00:14.181 14747-14782/? I/bt_att: GATTC_SendHandleValueConfirm conn_id=6 handle=0x2c
2020-09-19 14:00:14.183 1255-1255/? I/AudioSystem-JNI: listAudioPorts AudioSystem::listAudioPorts numPorts 7 generation 3536 generation1 3536
2020-09-19 14:00:14.187 676-779/? I/audio_hw_primary: select_devices++ mode[0]
2020-09-19 14:00:14.187 676-779/? I/audio_hw_primary: select_devices() devices 0x2 input src 0 output route media-speaker input route none
2020-09-19 14:00:14.187 676-779/? I/dsp_common: dsp_common_control_algo:set device = 2
2020-09-19 14:00:14.192 28360-28360/? I/System.out: shl View.plist_size==361, 600
2020-09-19 14:00:14.192 550-31827/? I/NuPlayerDecoder: [audio] saw output EOS
2020-09-19 14:00:14.192 28360-28360/? I/System.out: shl View.plist_size==361, 600
2020-09-19 14:00:14.197 28360-28442/? I/SendBroadcastPermission: action:action.character_changed, mPermissionType:0
2020-09-19 14:00:14.208 28360-28360/? I/System.out: shl View.plist_size==361, 600
2020-09-19 14:00:14.210 676-779/? I/dsp_common: dsp_common_control_algo:set device = 2
2020-09-19 14:00:14.212 676-779/? I/TFA9895_SPK: tfa9895 power on scene = 0, lastScene= 0
2020-09-19 14:00:14.224 28360-28360/? E/vvvvvvvvvvv: reciverMsg： 06,05,b4,00,9a,2d,00,e1,33,00,25,36,00,1a,34,00,d0,2c,00,73,2d,00,e6,36,00,ce,37,00,17,31,00,48,2f,00,e2,2c,00,73,29,00,1a,2e,00,fd,29,00,be,31,00,58,37,00,74,2c,00,3b,2f,00,72,29,00,aa,27,00,ff,25,00,6a,28,00,90,2b,00,12,26,00,c6,1f,00,81,2e,00,6b,2d,00,a6,28,00,c1,2e,00,37,2c,00,4c,1f,00,e1,24,00,47,2c,00,41,23,00,32,26,00,57,2b,00,f6,2c,00,c4,2c,00,f3,2a,00,ce,26,00,82,26,00,cf,28,00,24,2d,00,f5,27,00,be,2d,00,0c,3b,00,80,30,00,2e,29,00,78,24,00,89,23,00,d8,28,00,c8,2c,00,e6,2d,00,e3,31,00,49,2b,00,cb,28,00,63,2d,00,20,30,00,a0,de,
2020-09-19 14:00:14.224 28360-28360/? I/SendBroadcastPermission: action:com.health.communication.RECEIVER, mPermissionType:0
2020-09-19 14:00:14.226 28360-28360/? I/System.out: shl View.plist_size==361, 600
2020-09-19 14:00:14.240 28360-28360/? I/System.out: shl View.plist_size==361, 600
2020-09-19 14:00:14.243 28360-28614/? E/MainActivity123: key == 1  ---- objs.get(smsg) [6, 5, -76, 0, -102, 45, 0, -31, 51, 0, 37, 54, 0, 26, 52, 0, -48, 44, 0, 115, 45, 0, -26, 54, 0, -50, 55, 0, 23, 49, 0, 72, 47, 0, -30, 44, 0, 115, 41, 0, 26, 46, 0, -3, 41, 0, -66, 49, 0, 88, 55, 0, 116, 44, 0, 59, 47, 0, 114, 41, 0, -86, 39, 0, -1, 37, 0, 106, 40, 0, -112, 43, 0, 18, 38, 0, -58, 31, 0, -127, 46, 0, 107, 45, 0, -90, 40, 0, -63, 46, 0, 55, 44, 0, 76, 31, 0, -31, 36, 0, 71, 44, 0, 65, 35, 0, 50, 38, 0, 87, 43, 0, -10, 44, 0, -60, 44, 0, -13, 42, 0, -50, 38, 0, -126, 38, 0, -49, 40, 0, 36, 45, 0, -11, 39, 0, -66, 45, 0, 12, 59, 0, -128, 48, 0, 46, 41, 0, 120, 36, 0, -119, 35, 0, -40, 40, 0, -56, 44, 0, -26, 45, 0, -29, 49, 0, 73, 43, 0, -53, 40, 0, 99, 45, 0, 32, 48, 0, -96, -34]
2020-09-19 14:00:14.245 28360-28614/? I/smart:  msgs: 06,05,b4,00,9a,2d,00,e1,33,00,25,36,00,1a,34,00,d0,2c,00,73,2d,00,e6,36,00,ce,37,00,17,31,00,48,2f,00,e2,2c,00,73,29,00,1a,2e,00,fd,29,00,be,31,00,58,37,00,74,2c,00,3b,2f,00,72,29,00,aa,27,00,ff,25,00,6a,28,00,90,2b,00,12,26,00,c6,1f,00,81,2e,00,6b,2d,00,a6,28,00,c1,2e,00,37,2c,00,4c,1f,00,e1,24,00,47,2c,00,41,23,00,32,26,00,57,2b,00,f6,2c,00,c4,2c,00,f3,2a,00,ce,26,00,82,26,00,cf,28,00,24,2d,00,f5,27,00,be,2d,00,0c,3b,00,80,30,00,2e,29,00,78,24,00,89,23,00,d8,28,00,c8,2c,00,e6,2d,00,e3,31,00,49,2b,00,cb,28,00,63,2d,00,20,30,00,a0,de, isMsgClose: false isFront: false
2020-09-19 14:00:14.256 28360-28360/? I/System.out: shl View.plist_size==361, 619
2020-09-19 14:00:14.256 28360-28360/? I/System.out: shl View.plist_size==361, 619
2020-09-19 14:00:14.273 28360-28360/? I/System.out: shl View.plist_size==361, 619
2020-09-19 14:00:14.289 28360-28360/? I/System.out: shl View.plist_size==361, 619
2020-09-19 14:00:14.290 676-779/? I/TFA9895_SPK: tfa9895 spk power on!
2020-09-19 14:00:14.290 676-779/? I/audio_hw_primary: select_devices--
2020-09-19 14:00:14.290 676-779/? I/audio_hw_primary: start_output_stream--
2020-09-19 14:00:14.306 28360-28360/? I/System.out: shl View.plist_size==361, 619
2020-09-19 14:00:14.323 28360-28360/? I/System.out: shl View.plist_size==361, 619
2020-09-19 14:00:14.323 28360-28360/? I/System.out: shl View.plist_size==361, 619
2020-09-19 14:00:14.339 28360-28360/? I/System.out: shl View.plist_size==361, 619
2020-09-19 14:00:14.356 28360-28360/? I/System.out: shl View.plist_size==361, 619
2020-09-19 14:00:14.373 28360-28360/? I/System.out: shl View.plist_size==361, 619
2020-09-19 14:00:14.389 28360-28360/? I/System.out: shl View.plist_size==361, 619
2020-09-19 14:00:14.390 28360-28360/? I/System.out: shl View.plist_size==361, 619
2020-09-19 14:00:14.406 28360-28360/? I/System.out: shl View.plist_size==361, 619
2020-09-19 14:00:14.406 28360-28360/? I/MediaPlayer: [HSM] stayAwake false uid: 10605, pid: 28360
2020-09-19 14:00:14.407 1255-1870/? E/HsmCoreServiceImpl: onTransact in code is: 102
2020-09-19 14:00:14.407 1255-1870/? I/MediaProcessHandler: processOp opType: 1, uid: 10605, pid: 28360
2020-09-19 14:00:14.423 28360-28360/? I/System.out: shl View.plist_size==361, 619
2020-09-19 14:00:14.425 14747-14782/? I/bt_att: GATTC_SendHandleValueConfirm conn_id=3 handle=0x2c
2020-09-19 14:00:14.425 14747-14782/? I/bt_att: GATTC_SendHandleValueConfirm conn_id=4 handle=0x2c
2020-09-19 14:00:14.425 14747-14782/? I/bt_att: GATTC_SendHandleValueConfirm conn_id=5 handle=0x2c
2020-09-19 14:00:14.425 14747-14782/? I/bt_att: GATTC_SendHandleValueConfirm conn_id=7 handle=0x2c
2020-09-19 14:00:14.425 14747-14774/? W/bt_btif: HAL bt_gatt_callbacks->client->notify_cb
2020-09-19 14:00:14.426 14747-14774/? I/bt_btif: BTA_GATTC_SendIndConfirm conn_id=6 handle=0x002c
2020-09-19 14:00:14.426 14747-14782/? I/bt_att: GATTC_SendHandleValueConfirm conn_id=6 handle=0x2c
2020-09-19 14:00:14.437 28360-28442/? I/SendBroadcastPermission: action:action.character_changed, mPermissionType:0
2020-09-19 14:00:14.439 28360-28360/? I/System.out: shl View.plist_size==361, 619
2020-09-19 14:00:14.441 28360-28360/? I/System.out: shl View.plist_size==361, 619
2020-09-19 14:00:14.458 28360-28360/? E/vvvvvvvvvvv: reciverMsg： 06,05,b4,00,46,2d,00,f9,2e,00,00,33,00,25,36,00,a0,2f,00,cf,29,00,8f,24,00,ee,26,00,49,30,00,f3,2f,00,11,2b,00,68,2e,00,e9,2e,00,f8,30,00,e2,31,00,86,2f,00,f3,30,00,ff,30,00,8b,30,00,f5,28,00,45,31,00,b7,2d,00,17,31,00,86,35,00,60,2c,00,ea,2b,00,ec,30,00,7c,30,00,ef,30,00,a4,2e,00,79,37,00,75,38,00,eb,2f,00,02,30,00,5d,32,00,ce,2e,00,04,2b,00,f1,2c,00,81,35,00,75,36,00,66,30,00,4f,35,00,fd,3a,00,8e,37,00,cc,31,00,85,2f,00,7d,2c,00,a4,32,00,4b,32,00,4b,34,00,04,37,00,6c,35,00,5e,32,00,2d,2b,00,45,30,00,14,36,00,6f,31,00,d2,33,00,0d,a4,
2020-09-19 14:00:14.458 28360-28360/? I/SendBroadcastPermission: action:com.health.communication.RECEIVER, mPermissionType:0
2020-09-19 14:00:14.461 28360-28360/? I/System.out: shl View.plist_size==361, 619
2020-09-19 14:00:14.473 676-779/? I/AudioTrackShared: server obtain null buf part1:0 rear:9216 front:9216 mFrameCount:22050
2020-09-19 14:00:14.475 28360-28360/? I/System.out: shl View.plist_size==361, 638
2020-09-19 14:00:14.476 28360-28614/? E/MainActivity123: key == 1  ---- objs.get(smsg) [6, 5, -76, 0, 70, 45, 0, -7, 46, 0, 0, 51, 0, 37, 54, 0, -96, 47, 0, -49, 41, 0, -113, 36, 0, -18, 38, 0, 73, 48, 0, -13, 47, 0, 17, 43, 0, 104, 46, 0, -23, 46, 0, -8, 48, 0, -30, 49, 0, -122, 47, 0, -13, 48, 0, -1, 48, 0, -117, 48, 0, -11, 40, 0, 69, 49, 0, -73, 45, 0, 23, 49, 0, -122, 53, 0, 96, 44, 0, -22, 43, 0, -20, 48, 0, 124, 48, 0, -17, 48, 0, -92, 46, 0, 121, 55, 0, 117, 56, 0, -21, 47, 0, 2, 48, 0, 93, 50, 0, -50, 46, 0, 4, 43, 0, -15, 44, 0, -127, 53, 0, 117, 54, 0, 102, 48, 0, 79, 53, 0, -3, 58, 0, -114, 55, 0, -52, 49, 0, -123, 47, 0, 125, 44, 0, -92, 50, 0, 75, 50, 0, 75, 52, 0, 4, 55, 0, 108, 53, 0, 94, 50, 0, 45, 43, 0, 69, 48, 0, 20, 54, 0, 111, 49, 0, -46, 51, 0, 13, -92]
2020-09-19 14:00:14.477 28360-28614/? I/smart:  msgs: 06,05,b4,00,46,2d,00,f9,2e,00,00,33,00,25,36,00,a0,2f,00,cf,29,00,8f,24,00,ee,26,00,49,30,00,f3,2f,00,11,2b,00,68,2e,00,e9,2e,00,f8,30,00,e2,31,00,86,2f,00,f3,30,00,ff,30,00,8b,30,00,f5,28,00,45,31,00,b7,2d,00,17,31,00,86,35,00,60,2c,00,ea,2b,00,ec,30,00,7c,30,00,ef,30,00,a4,2e,00,79,37,00,75,38,00,eb,2f,00,02,30,00,5d,32,00,ce,2e,00,04,2b,00,f1,2c,00,81,35,00,75,36,00,66,30,00,4f,35,00,fd,3a,00,8e,37,00,cc,31,00,85,2f,00,7d,2c,00,a4,32,00,4b,32,00,4b,34,00,04,37,00,6c,35,00,5e,32,00,2d,2b,00,45,30,00,14,36,00,6f,31,00,d2,33,00,0d,a4, isMsgClose: false isFront: false
2020-09-19 14:00:14.490 28360-28360/? I/System.out: shl View.plist_size==361, 638
2020-09-19 14:00:14.506 28360-28360/? I/System.out: shl View.plist_size==361, 638
2020-09-19 14:00:14.506 28360-28360/? I/System.out: shl View.plist_size==361, 638
2020-09-19 14:00:14.523 28360-28360/? I/System.out: shl View.plist_size==361, 638
2020-09-19 14:00:14.534 1958-2032/? I/DeviceMonitor: last release audio mix uid:10605 pid:-2
2020-09-19 14:00:14.539 28360-28360/? I/System.out: shl View.plist_size==361, 638
2020-09-19 14:00:14.542 676-689/? I/APM_AudioPolicyManager: stopOutput() output 13, stream 3, session 26745
2020-09-19 14:00:14.543 676-689/? I/APM_AudioPolicyManager: getNewOutputDevice() selected device 0
2020-09-19 14:00:14.543 676-689/? I/APM_AudioPolicyManager: setOutputDevice() device 0x0000 delayMs 80 force 0
2020-09-19 14:00:14.543 676-689/? I/APM_AudioPolicyManager: setOutputDevice() setting same device 0x0000 or null device
2020-09-19 14:00:14.543 676-689/? I/APM_AudioPolicyManager: checkOutputForStrategy() getDeviceForStrategy strategy=3 newDevice=2 oldDevice=2
2020-09-19 14:00:14.544 1958-2032/? I/PGServer: report state:2 event type:2 pid:28360 uid:10605 pkg:null to pid: 1255
2020-09-19 14:00:14.556 28360-28360/? I/System.out: shl View.plist_size==361, 638
2020-09-19 14:00:14.573 28360-28360/? I/System.out: shl View.plist_size==361, 638
2020-09-19 14:00:14.573 28360-28360/? I/System.out: shl View.plist_size==361, 638
2020-09-19 14:00:14.589 28360-28360/? I/System.out: shl View.plist_size==361, 638
2020-09-19 14:00:14.606 28360-28360/? I/System.out: shl View.plist_size==361, 638
2020-09-19 14:00:14.623 28360-28360/? I/System.out: shl View.plist_size==361, 638
2020-09-19 14:00:14.639 28360-28360/? I/System.out: shl View.plist_size==361, 638
2020-09-19 14:00:14.640 28360-28360/? I/System.out: shl View.plist_size==361, 638
2020-09-19 14:00:14.651 14747-14782/? I/bt_att: GATTC_SendHandleValueConfirm conn_id=3 handle=0x2c
2020-09-19 14:00:14.651 14747-14782/? I/bt_att: GATTC_SendHandleValueConfirm conn_id=4 handle=0x2c
2020-09-19 14:00:14.651 14747-14782/? I/bt_att: GATTC_SendHandleValueConfirm conn_id=5 handle=0x2c
2020-09-19 14:00:14.651 14747-14782/? I/bt_att: GATTC_SendHandleValueConfirm conn_id=7 handle=0x2c
2020-09-19 14:00:14.651 14747-14774/? W/bt_btif: HAL bt_gatt_callbacks->client->notify_cb
2020-09-19 14:00:14.651 14747-14774/? I/bt_btif: BTA_GATTC_SendIndConfirm conn_id=6 handle=0x002c
2020-09-19 14:00:14.651 14747-14782/? I/bt_att: GATTC_SendHandleValueConfirm conn_id=6 handle=0x2c
2020-09-19 14:00:14.656 28360-28360/? I/System.out: shl View.plist_size==361, 638
2020-09-19 14:00:14.662 28360-28442/? I/SendBroadcastPermission: action:action.character_changed, mPermissionType:0
2020-09-19 14:00:14.673 28360-28360/? I/System.out: shl View.plist_size==361, 638
2020-09-19 14:00:14.691 28360-28360/? E/vvvvvvvvvvv: reciverMsg： 06,05,b4,00,b5,3a,00,b0,3f,00,58,3a,00,60,35,00,63,30,00,24,34,00,ba,3d,00,f1,39,00,31,34,00,43,30,00,a5,32,00,da,35,00,ea,33,00,a0,36,00,b4,35,00,cd,37,00,34,37,00,89,3b,00,3e,3e,00,1f,3a,00,89,32,00,f0,31,00,64,3d,00,f0,3c,00,31,3b,00,b6,35,00,6f,38,00,bb,35,00,97,38,00,bb,3e,00,c6,36,00,9b,3c,00,29,37,00,02,33,00,de,38,00,48,37,00,69,36,00,88,3a,00,9d,3f,00,16,3f,00,10,39,00,e5,39,00,c5,35,00,f1,3f,00,ac,3c,00,db,38,00,54,48,00,28,41,00,e7,37,00,67,41,00,36,3f,00,cb,44,00,1f,45,00,6f,44,00,37,49,00,9b,42,00,d6,3f,00,74,28,00,b7,90,
2020-09-19 14:00:14.691 28360-28360/? I/SendBroadcastPermission: action:com.health.communication.RECEIVER, mPermissionType:0
2020-09-19 14:00:14.692 28360-28360/? I/System.out: shl View.plist_size==361, 638
2020-09-19 14:00:14.693 28360-28360/? I/System.out: shl View.plist_size==361, 638
2020-09-19 14:00:14.698 1255-1387/? E/WifiConfigManager: updateConfiguration freq=2412 BSSID=e0:cc:7a:4b:a6:f0 RSSI=-39 "Ss"WPA_PSK
2020-09-19 14:00:14.708 28360-28360/? I/System.out: shl View.plist_size==361, 658
2020-09-19 14:00:14.708 28360-28614/? E/MainActivity123: key == 1  ---- objs.get(smsg) [6, 5, -76, 0, -75, 58, 0, -80, 63, 0, 88, 58, 0, 96, 53, 0, 99, 48, 0, 36, 52, 0, -70, 61, 0, -15, 57, 0, 49, 52, 0, 67, 48, 0, -91, 50, 0, -38, 53, 0, -22, 51, 0, -96, 54, 0, -76, 53, 0, -51, 55, 0, 52, 55, 0, -119, 59, 0, 62, 62, 0, 31, 58, 0, -119, 50, 0, -16, 49, 0, 100, 61, 0, -16, 60, 0, 49, 59, 0, -74, 53, 0, 111, 56, 0, -69, 53, 0, -105, 56, 0, -69, 62, 0, -58, 54, 0, -101, 60, 0, 41, 55, 0, 2, 51, 0, -34, 56, 0, 72, 55, 0, 105, 54, 0, -120, 58, 0, -99, 63, 0, 22, 63, 0, 16, 57, 0, -27, 57, 0, -59, 53, 0, -15, 63, 0, -84, 60, 0, -37, 56, 0, 84, 72, 0, 40, 65, 0, -25, 55, 0, 103, 65, 0, 54, 63, 0, -53, 68, 0, 31, 69, 0, 111, 68, 0, 55, 73, 0, -101, 66, 0, -42, 63, 0, 116, 40, 0, -73, -112]
2020-09-19 14:00:14.710 28360-28614/? I/smart:  msgs: 06,05,b4,00,b5,3a,00,b0,3f,00,58,3a,00,60,35,00,63,30,00,24,34,00,ba,3d,00,f1,39,00,31,34,00,43,30,00,a5,32,00,da,35,00,ea,33,00,a0,36,00,b4,35,00,cd,37,00,34,37,00,89,3b,00,3e,3e,00,1f,3a,00,89,32,00,f0,31,00,64,3d,00,f0,3c,00,31,3b,00,b6,35,00,6f,38,00,bb,35,00,97,38,00,bb,3e,00,c6,36,00,9b,3c,00,29,37,00,02,33,00,de,38,00,48,37,00,69,36,00,88,3a,00,9d,3f,00,16,3f,00,10,39,00,e5,39,00,c5,35,00,f1,3f,00,ac,3c,00,db,38,00,54,48,00,28,41,00,e7,37,00,67,41,00,36,3f,00,cb,44,00,1f,45,00,6f,44,00,37,49,00,9b,42,00,d6,3f,00,74,28,00,b7,90, isMsgClose: false isFront: false
2020-09-19 14:00:14.723 28360-28360/? I/System.out: shl View.plist_size==361, 658
2020-09-19 14:00:14.739 28360-28360/? I/System.out: shl View.plist_size==361, 658
2020-09-19 14:00:14.756 28360-28360/? I/System.out: shl View.plist_size==361, 658
2020-09-19 14:00:14.757 28360-28360/? I/System.out: shl View.plist_size==361, 658
2020-09-19 14:00:14.773 28360-28360/? I/System.out: shl View.plist_size==361, 658
2020-09-19 14:00:14.789 28360-28360/? I/System.out: shl View.plist_size==361, 658
2020-09-19 14:00:14.806 28360-28360/? I/System.out: shl View.plist_size==361, 658
2020-09-19 14:00:14.823 28360-28360/? I/System.out: shl View.plist_size==361, 658
2020-09-19 14:00:14.823 28360-28360/? I/System.out: shl View.plist_size==361, 658
2020-09-19 14:00:14.833 1255-31046/? W/AwareLog: AwareMem_Kill: empty group list!
2020-09-19 14:00:14.839 28360-28360/? I/System.out: shl View.plist_size==361, 658
2020-09-19 14:00:14.856 28360-28360/? I/System.out: shl View.plist_size==361, 658
2020-09-19 14:00:14.873 28360-28360/? I/System.out: shl View.plist_size==361, 658
2020-09-19 14:00:14.873 28360-28360/? I/System.out: shl View.plist_size==361, 658
2020-09-19 14:00:14.889 28360-28360/? I/System.out: shl View.plist_size==361, 658
2020-09-19 14:00:14.898 14747-14782/? I/bt_att: GATTC_SendHandleValueConfirm conn_id=3 handle=0x2c
2020-09-19 14:00:14.898 14747-14782/? I/bt_att: GATTC_SendHandleValueConfirm conn_id=4 handle=0x2c
2020-09-19 14:00:14.898 14747-14782/? I/bt_att: GATTC_SendHandleValueConfirm conn_id=5 handle=0x2c
2020-09-19 14:00:14.898 14747-14782/? I/bt_att: GATTC_SendHandleValueConfirm conn_id=7 handle=0x2c
2020-09-19 14:00:14.898 14747-14774/? W/bt_btif: HAL bt_gatt_callbacks->client->notify_cb
2020-09-19 14:00:14.898 14747-14774/? I/bt_btif: BTA_GATTC_SendIndConfirm conn_id=6 handle=0x002c
2020-09-19 14:00:14.898 14747-14782/? I/bt_att: GATTC_SendHandleValueConfirm conn_id=6 handle=0x2c
2020-09-19 14:00:14.906 28360-28360/? I/System.out: shl View.plist_size==361, 658
2020-09-19 14:00:14.909 28360-28442/? I/SendBroadcastPermission: action:action.character_changed, mPermissionType:0
2020-09-19 14:00:14.923 1255-1387/? E/WifiConfigManager: updateConfiguration freq=2412 BSSID=e0:cc:7a:4b:a6:f0 RSSI=-39 "Ss"WPA_PSK
2020-09-19 14:00:14.924 28360-28360/? I/System.out: shl View.plist_size==361, 658
2020-09-19 14:00:14.924 1255-1455/? I/HuaweiWifiWatchdogStateMachine: spd good count:0, add sc:0.0, rate:1.0
2020-09-19 14:00:14.924 1255-1455/? I/HuaweiWifiWatchdogStateMachine: current mHighDataFlowRate = 1.0
2020-09-19 14:00:14.924 1255-1455/? I/HuaweiWifiWatchdogStateMachine: POta txb txg rxg:0, 6, 0. Lr =0% Totpkt=6
2020-09-19 14:00:14.925 1255-1255/? I/QosMonitor: queryRtt: rtt_type = 3
2020-09-19 14:00:14.926 1255-1255/? I/WifiProJNI: ######### GET RTT:3 ########
2020-09-19 14:00:14.926 1255-1255/? I/WifiProJNI: ######### CMD_QUERY_PKTS ########
2020-09-19 14:00:14.926 1255-1453/? I/QosMonitor: postEventFromNative: msg=100,arg1=4,arg2=9
2020-09-19 14:00:14.926 1255-1453/? W/WifiProJNI: poll before: g_monitor_fd =245
2020-09-19 14:00:14.926 1255-1453/? I/QosMonitor: postEventFromNative: msg=100,arg1=0,arg2=9
2020-09-19 14:00:14.926 1255-1453/? W/WifiProJNI: poll before: g_monitor_fd =245
2020-09-19 14:00:14.926 1255-1255/? I/MQoS: rtt=1480,tcp_tx_pkts=3123402,tcp_rx_pkts=4729923
2020-09-19 14:00:14.927 1255-3307/? I/MQoS: QOS_level:0(0),DataDisable;use level-0
2020-09-19 14:00:14.927 1255-3307/? I/MQoS: skip-low-Level:0(0),DataDisable;use level-0
2020-09-19 14:00:14.927 1255-1455/? I/HuaweiWifiWatchdogStateMachine: PTcp RTT:0, rtt pkt=0, tcp_rx=0, tcp_tx=0, tcp_reTran=0, rtRate=0
2020-09-19 14:00:14.941 28360-28360/? E/vvvvvvvvvvv: reciverMsg： 06,05,b4,00,63,2b,00,41,33,00,29,30,00,21,3d,00,92,3d,00,74,40,00,cd,38,00,59,33,00,17,30,00,11,3f,00,9f,3d,00,06,30,00,c5,33,00,20,3a,00,8e,3e,00,bb,31,00,7c,28,00,c4,32,00,79,39,00,fc,3c,00,c6,2c,00,31,2b,00,93,32,00,38,2f,00,35,47,00,4d,5f,00,b6,7b,00,15,8a,00,c1,64,00,ba,48,00,00,36,00,99,37,00,94,36,00,f2,39,00,3f,34,00,f9,36,00,a9,3b,00,a5,3a,00,c1,37,00,22,32,00,30,38,00,26,38,00,c0,31,00,b8,2f,00,d1,2c,00,0c,2f,00,67,38,00,89,33,00,d5,30,00,21,2e,00,c1,33,00,08,3b,00,10,3c,00,c4,40,00,54,35,00,34,26,00,a7,1c,00,75,28,00,7c,c9,
2020-09-19 14:00:14.941 28360-28360/? I/SendBroadcastPermission: action:com.health.communication.RECEIVER, mPermissionType:0
2020-09-19 14:00:14.943 28360-28360/? I/System.out: shl View.plist_size==361, 658
2020-09-19 14:00:14.943 28360-28360/? I/System.out: shl View.plist_size==361, 658
2020-09-19 14:00:14.958 28360-28360/? E/qob: hrv_evt_handle 3
2020-09-19 14:00:14.959 28360-28360/? I/MyBleService: charUUID: be940001-7333-be46-b7ae-689e71722bd5 conning: false mDevAddr: FE:7D:E5:75:9F:89
2020-09-19 14:00:14.959 28360-28360/? I/System.out: shl View.plist_size==361, 677
2020-09-19 14:00:14.959 28360-28614/? E/MainActivity123: key == 1  ---- objs.get(smsg) [6, 5, -76, 0, 99, 43, 0, 65, 51, 0, 41, 48, 0, 33, 61, 0, -110, 61, 0, 116, 64, 0, -51, 56, 0, 89, 51, 0, 23, 48, 0, 17, 63, 0, -97, 61, 0, 6, 48, 0, -59, 51, 0, 32, 58, 0, -114, 62, 0, -69, 49, 0, 124, 40, 0, -60, 50, 0, 121, 57, 0, -4, 60, 0, -58, 44, 0, 49, 43, 0, -109, 50, 0, 56, 47, 0, 53, 71, 0, 77, 95, 0, -74, 123, 0, 21, -118, 0, -63, 100, 0, -70, 72, 0, 0, 54, 0, -103, 55, 0, -108, 54, 0, -14, 57, 0, 63, 52, 0, -7, 54, 0, -87, 59, 0, -91, 58, 0, -63, 55, 0, 34, 50, 0, 48, 56, 0, 38, 56, 0, -64, 49, 0, -72, 47, 0, -47, 44, 0, 12, 47, 0, 103, 56, 0, -119, 51, 0, -43, 48, 0, 33, 46, 0, -63, 51, 0, 8, 59, 0, 16, 60, 0, -60, 64, 0, 84, 53, 0, 52, 38, 0, -89, 28, 0, 117, 40, 0, 124, -55]
2020-09-19 14:00:14.959 28360-28360/? I/MediaPlayer: [HSM] stayAwake true uid: 10605, pid: 28360
2020-09-19 14:00:14.959 1255-4253/? E/HsmCoreServiceImpl: onTransact in code is: 102
2020-09-19 14:00:14.960 1255-4253/? I/MediaProcessHandler: processOp opType: 0, uid: 10605, pid: 28360
2020-09-19 14:00:14.960 28360-28360/? I/MediaPlayer: Pid:28360 MediaPlayer::start
2020-09-19 14:00:14.960 28360-28614/? I/smart:  msgs: 06,05,b4,00,63,2b,00,41,33,00,29,30,00,21,3d,00,92,3d,00,74,40,00,cd,38,00,59,33,00,17,30,00,11,3f,00,9f,3d,00,06,30,00,c5,33,00,20,3a,00,8e,3e,00,bb,31,00,7c,28,00,c4,32,00,79,39,00,fc,3c,00,c6,2c,00,31,2b,00,93,32,00,38,2f,00,35,47,00,4d,5f,00,b6,7b,00,15,8a,00,c1,64,00,ba,48,00,00,36,00,99,37,00,94,36,00,f2,39,00,3f,34,00,f9,36,00,a9,3b,00,a5,3a,00,c1,37,00,22,32,00,30,38,00,26,38,00,c0,31,00,b8,2f,00,d1,2c,00,0c,2f,00,67,38,00,89,33,00,d5,30,00,21,2e,00,c1,33,00,08,3b,00,10,3c,00,c4,40,00,54,35,00,34,26,00,a7,1c,00,75,28,00,7c,c9, isMsgClose: false isFront: false
2020-09-19 14:00:14.961 550-31736/? I/NuPlayer: NuPlayer::canSeek,mSourceFlags = 15 
2020-09-19 14:00:14.962 676-14452/? I/hash_map_utils: key: 'mode' value: ''
2020-09-19 14:00:14.962 676-676/? I/hash_map_utils: key: 'mode' value: ''
2020-09-19 14:00:14.962 676-9809/? I/APM_AudioPolicyManager: startOutput() output 13, stream 3, session 26745
2020-09-19 14:00:14.963 676-9809/? I/APM_AudioPolicyManager: getNewOutputDevice() selected device 2
2020-09-19 14:00:14.963 676-9809/? I/APM_AudioPolicyManager: setOutputDevice() device 0x0002 delayMs 0 force 1
2020-09-19 14:00:14.963 676-9809/? I/APM_AudioPolicyManager: setOutputDevice() changing to device 0x0002 , muteWaitMs 0
2020-09-19 14:00:14.965 1958-2032/? I/PGServer: report state:2 event type:1 pid:28360 uid:10605 pkg:null to pid: 1255
2020-09-19 14:00:14.972 676-779/? I/audio_hw_primary: out_set_parameters_no_lock device:0x0, out type:0
2020-09-19 14:00:14.972 676-779/? I/audio_hw_primary: out_set_parameters_no_lock device:0x2, out type:0
2020-09-19 14:00:14.973 676-779/? I/audio_hw_primary: call_get_sample_rate: sample_rate = 16000, tty_status = 0
2020-09-19 14:00:14.973 676-779/? I/audio_hw_primary: select_devices++ mode[0]
2020-09-19 14:00:14.973 676-779/? I/audio_hw_primary: select_devices--
2020-09-19 14:00:14.973 28360-28360/? I/System.out: shl View.plist_size==361, 677
2020-09-19 14:00:14.973 676-9809/? I/APM_AudioPolicyManager: setOutputDevice() createAudioPatch returned 0 patchHandle 26836 num_sources 1 num_sinks 1
2020-09-19 14:00:14.973 676-9809/? I/APM_AudioPolicyManager: checkOutputForStrategy() getDeviceForStrategy strategy=3 newDevice=2 oldDevice=2
2020-09-19 14:00:14.973 676-9809/? I/AudioTrackShared: server obtain null buf part1:0 rear:9216 front:9216 mFrameCount:22050
2020-09-19 14:00:14.975 550-31736/? I/NuPlayer: performSeek before, mIsSeeking should to change to false
2020-09-19 14:00:14.975 1255-1255/? I/AudioSystem-JNI: listAudioPorts AudioSystem::listAudioPorts numPorts 7 generation 3537 generation1 3537
2020-09-19 14:00:14.980 550-31827/? I/NuPlayerDecoder: [audio] saw output EOS
2020-09-19 14:00:14.989 28360-28360/? I/System.out: shl View.plist_size==361, 677
2020-09-19 14:00:15.007 28360-28360/? I/System.out: shl View.plist_size==361, 677
2020-09-19 14:00:15.007 28360-28360/? I/System.out: shl View.plist_size==361, 677
2020-09-19 14:00:15.022 28360-28360/? I/System.out: shl View.plist_size==361, 677
2020-09-19 14:00:15.039 28360-28360/? I/System.out: shl View.plist_size==361, 677
2020-09-19 14:00:15.056 28360-28360/? I/System.out: shl View.plist_size==361, 677
2020-09-19 14:00:15.073 28360-28360/? I/System.out: shl View.plist_size==361, 677
2020-09-19 14:00:15.073 28360-28360/? I/System.out: shl View.plist_size==361, 677
2020-09-19 14:00:15.089 28360-28360/? I/System.out: shl View.plist_size==361, 677
2020-09-19 14:00:15.106 28360-28360/? I/System.out: shl View.plist_size==361, 677
2020-09-19 14:00:15.123 28360-28360/? I/System.out: shl View.plist_size==361, 677
2020-09-19 14:00:15.123 28360-28360/? I/System.out: shl View.plist_size==361, 677
2020-09-19 14:00:15.124 14747-14782/? I/bt_att: GATTC_SendHandleValueConfirm conn_id=3 handle=0x2c
2020-09-19 14:00:15.124 14747-14782/? I/bt_att: GATTC_SendHandleValueConfirm conn_id=4 handle=0x2c
2020-09-19 14:00:15.124 14747-14782/? I/bt_att: GATTC_SendHandleValueConfirm conn_id=5 handle=0x2c
2020-09-19 14:00:15.124 14747-14782/? I/bt_att: GATTC_SendHandleValueConfirm conn_id=7 handle=0x2c
2020-09-19 14:00:15.124 14747-14774/? W/bt_btif: HAL bt_gatt_callbacks->client->notify_cb
2020-09-19 14:00:15.125 14747-14774/? I/bt_btif: BTA_GATTC_SendIndConfirm conn_id=6 handle=0x002c
2020-09-19 14:00:15.125 14747-14782/? I/bt_att: GATTC_SendHandleValueConfirm conn_id=6 handle=0x2c
2020-09-19 14:00:15.139 28360-28360/? I/System.out: shl View.plist_size==361, 677
2020-09-19 14:00:15.151 28360-28442/? I/SendBroadcastPermission: action:action.character_changed, mPermissionType:0
2020-09-19 14:00:15.156 28360-28360/? I/System.out: shl View.plist_size==361, 677
2020-09-19 14:00:15.174 28360-28360/? E/vvvvvvvvvvv: reciverMsg： 06,05,b4,00,89,35,00,96,3a,00,a3,3c,00,69,35,00,02,2c,00,76,2d,00,27,31,00,56,32,00,e7,2f,00,a8,39,00,30,39,00,4a,34,00,18,2a,00,ec,2d,00,c9,33,00,cf,30,00,68,35,00,fe,33,00,0d,33,00,e4,32,00,b7,37,00,3e,32,00,8c,2f,00,ee,37,00,7b,37,00,16,30,00,a1,38,00,20,39,00,01,35,00,09,38,00,7f,42,00,ce,3b,00,aa,39,00,f5,36,00,c9,32,00,e1,34,00,be,33,00,ad,27,00,40,2d,00,55,2e,00,9a,32,00,b0,2f,00,1a,36,00,7f,2a,00,af,25,00,35,2b,00,3f,2d,00,a0,2f,00,e6,31,00,ea,2f,00,da,34,00,ae,31,00,04,28,00,b8,2d,00,70,30,00,5f,27,00,e1,1f,00,77,24,00,2c,ed,
2020-09-19 14:00:15.174 28360-28360/? I/SendBroadcastPermission: action:com.health.communication.RECEIVER, mPermissionType:0
2020-09-19 14:00:15.176 28360-28360/? I/System.out: shl View.plist_size==361, 677
2020-09-19 14:00:15.176 28360-28360/? I/System.out: shl View.plist_size==361, 677
2020-09-19 14:00:15.191 28360-28360/? I/System.out: shl View.plist_size==361, 696
2020-09-19 14:00:15.192 28360-28614/? E/MainActivity123: key == 1  ---- objs.get(smsg) [6, 5, -76, 0, -119, 53, 0, -106, 58, 0, -93, 60, 0, 105, 53, 0, 2, 44, 0, 118, 45, 0, 39, 49, 0, 86, 50, 0, -25, 47, 0, -88, 57, 0, 48, 57, 0, 74, 52, 0, 24, 42, 0, -20, 45, 0, -55, 51, 0, -49, 48, 0, 104, 53, 0, -2, 51, 0, 13, 51, 0, -28, 50, 0, -73, 55, 0, 62, 50, 0, -116, 47, 0, -18, 55, 0, 123, 55, 0, 22, 48, 0, -95, 56, 0, 32, 57, 0, 1, 53, 0, 9, 56, 0, 127, 66, 0, -50, 59, 0, -86, 57, 0, -11, 54, 0, -55, 50, 0, -31, 52, 0, -66, 51, 0, -83, 39, 0, 64, 45, 0, 85, 46, 0, -102, 50, 0, -80, 47, 0, 26, 54, 0, 127, 42, 0, -81, 37, 0, 53, 43, 0, 63, 45, 0, -96, 47, 0, -26, 49, 0, -22, 47, 0, -38, 52, 0, -82, 49, 0, 4, 40, 0, -72, 45, 0, 112, 48, 0, 95, 39, 0, -31, 31, 0, 119, 36, 0, 44, -19]
2020-09-19 14:00:15.192 28360-28360/? I/MediaPlayer: [HSM] stayAwake false uid: 10605, pid: 28360
2020-09-19 14:00:15.192 1255-26954/? E/HsmCoreServiceImpl: onTransact in code is: 102
2020-09-19 14:00:15.192 1255-26954/? I/MediaProcessHandler: processOp opType: 1, uid: 10605, pid: 28360
2020-09-19 14:00:15.193 676-779/? I/AudioTrackShared: server obtain null buf part1:0 rear:18432 front:18432 mFrameCount:22050
2020-09-19 14:00:15.193 28360-28614/? I/smart:  msgs: 06,05,b4,00,89,35,00,96,3a,00,a3,3c,00,69,35,00,02,2c,00,76,2d,00,27,31,00,56,32,00,e7,2f,00,a8,39,00,30,39,00,4a,34,00,18,2a,00,ec,2d,00,c9,33,00,cf,30,00,68,35,00,fe,33,00,0d,33,00,e4,32,00,b7,37,00,3e,32,00,8c,2f,00,ee,37,00,7b,37,00,16,30,00,a1,38,00,20,39,00,01,35,00,09,38,00,7f,42,00,ce,3b,00,aa,39,00,f5,36,00,c9,32,00,e1,34,00,be,33,00,ad,27,00,40,2d,00,55,2e,00,9a,32,00,b0,2f,00,1a,36,00,7f,2a,00,af,25,00,35,2b,00,3f,2d,00,a0,2f,00,e6,31,00,ea,2f,00,da,34,00,ae,31,00,04,28,00,b8,2d,00,70,30,00,5f,27,00,e1,1f,00,77,24,00,2c,ed, isMsgClose: false isFront: false
2020-09-19 14:00:15.206 28360-28360/? I/System.out: shl View.plist_size==361, 696
2020-09-19 14:00:15.223 28360-28360/? I/System.out: shl View.plist_size==361, 696
2020-09-19 14:00:15.239 28360-28360/? I/System.out: shl View.plist_size==361, 696
2020-09-19 14:00:15.254 1958-2032/? I/DeviceMonitor: last release audio mix uid:10605 pid:-2
2020-09-19 14:00:15.256 28360-28360/? I/System.out: shl View.plist_size==361, 696
2020-09-19 14:00:15.256 28360-28360/? I/System.out: shl View.plist_size==361, 696
2020-09-19 14:00:15.262 676-689/? I/APM_AudioPolicyManager: stopOutput() output 13, stream 3, session 26745
2020-09-19 14:00:15.263 676-689/? I/APM_AudioPolicyManager: getNewOutputDevice() selected device 0
2020-09-19 14:00:15.263 676-689/? I/APM_AudioPolicyManager: setOutputDevice() device 0x0000 delayMs 80 force 0
2020-09-19 14:00:15.263 676-689/? I/APM_AudioPolicyManager: setOutputDevice() setting same device 0x0000 or null device
2020-09-19 14:00:15.263 676-689/? I/APM_AudioPolicyManager: checkOutputForStrategy() getDeviceForStrategy strategy=3 newDevice=2 oldDevice=2
2020-09-19 14:00:15.265 1958-2032/? I/PGServer: report state:2 event type:2 pid:28360 uid:10605 pkg:null to pid: 1255
2020-09-19 14:00:15.273 28360-28360/? I/System.out: shl View.plist_size==361, 696
2020-09-19 14:00:15.289 28360-28360/? I/System.out: shl View.plist_size==361, 696
2020-09-19 14:00:15.306 28360-28360/? I/System.out: shl View.plist_size==361, 696
2020-09-19 14:00:15.323 28360-28360/? I/System.out: shl View.plist_size==361, 696
2020-09-19 14:00:15.323 28360-28360/? I/System.out: shl View.plist_size==361, 696
2020-09-19 14:00:15.339 28360-28360/? I/System.out: shl View.plist_size==361, 696
2020-09-19 14:00:15.356 28360-28360/? I/System.out: shl View.plist_size==361, 696
2020-09-19 14:00:15.370 14747-14782/? I/bt_att: GATTC_SendHandleValueConfirm conn_id=3 handle=0x2c
2020-09-19 14:00:15.370 14747-14782/? I/bt_att: GATTC_SendHandleValueConfirm conn_id=4 handle=0x2c
2020-09-19 14:00:15.371 14747-14782/? I/bt_att: GATTC_SendHandleValueConfirm conn_id=5 handle=0x2c
2020-09-19 14:00:15.371 14747-14782/? I/bt_att: GATTC_SendHandleValueConfirm conn_id=7 handle=0x2c
2020-09-19 14:00:15.371 14747-14774/? W/bt_btif: HAL bt_gatt_callbacks->client->notify_cb
2020-09-19 14:00:15.372 14747-14774/? I/bt_btif: BTA_GATTC_SendIndConfirm conn_id=6 handle=0x002c
2020-09-19 14:00:15.372 14747-14782/? I/bt_att: GATTC_SendHandleValueConfirm conn_id=6 handle=0x2c
2020-09-19 14:00:15.373 28360-28360/? I/System.out: shl View.plist_size==361, 696
2020-09-19 14:00:15.373 28360-28360/? I/System.out: shl View.plist_size==361, 696
2020-09-19 14:00:15.389 28360-28360/? I/System.out: shl View.plist_size==361, 696
2020-09-19 14:00:15.395 28360-28442/? I/SendBroadcastPermission: action:action.character_changed, mPermissionType:0
2020-09-19 14:00:15.407 28360-28360/? I/System.out: shl View.plist_size==361, 696
2020-09-19 14:00:15.424 28360-28360/? E/vvvvvvvvvvv: reciverMsg： 06,05,b4,00,ac,22,00,f6,28,00,0e,2d,00,f8,29,00,84,21,00,b7,2c,00,f6,30,00,04,30,00,0c,36,00,77,31,00,7e,2d,00,0d,2e,00,d9,2c,00,af,2e,00,af,31,00,0e,33,00,aa,2a,00,78,31,00,75,30,00,e5,2e,00,f7,2f,00,24,35,00,76,32,00,05,32,00,9a,37,00,e0,31,00,f2,31,00,b6,2e,00,7a,32,00,8c,36,00,a4,33,00,29,2c,00,fe,2b,00,f3,36,00,e3,2e,00,48,39,00,62,3a,00,a3,36,00,9d,2c,00,41,32,00,15,2b,00,66,2d,00,e6,3c,00,f2,33,00,47,33,00,20,33,00,d3,31,00,9d,2c,00,2c,29,00,48,30,00,15,38,00,32,39,00,40,35,00,2b,2f,00,55,2f,00,c2,30,00,e4,31,00,29,32,00,5d,07,
2020-09-19 14:00:15.424 28360-28360/? I/SendBroadcastPermission: action:com.health.communication.RECEIVER, mPermissionType:0
2020-09-19 14:00:15.426 28360-28360/? I/System.out: shl View.plist_size==361, 696
2020-09-19 14:00:15.426 28360-28360/? I/System.out: shl View.plist_size==361, 696
2020-09-19 14:00:15.442 28360-28360/? I/System.out: shl View.plist_size==361, 716
2020-09-19 14:00:15.442 28360-28614/? E/MainActivity123: key == 1  ---- objs.get(smsg) [6, 5, -76, 0, -84, 34, 0, -10, 40, 0, 14, 45, 0, -8, 41, 0, -124, 33, 0, -73, 44, 0, -10, 48, 0, 4, 48, 0, 12, 54, 0, 119, 49, 0, 126, 45, 0, 13, 46, 0, -39, 44, 0, -81, 46, 0, -81, 49, 0, 14, 51, 0, -86, 42, 0, 120, 49, 0, 117, 48, 0, -27, 46, 0, -9, 47, 0, 36, 53, 0, 118, 50, 0, 5, 50, 0, -102, 55, 0, -32, 49, 0, -14, 49, 0, -74, 46, 0, 122, 50, 0, -116, 54, 0, -92, 51, 0, 41, 44, 0, -2, 43, 0, -13, 54, 0, -29, 46, 0, 72, 57, 0, 98, 58, 0, -93, 54, 0, -99, 44, 0, 65, 50, 0, 21, 43, 0, 102, 45, 0, -26, 60, 0, -14, 51, 0, 71, 51, 0, 32, 51, 0, -45, 49, 0, -99, 44, 0, 44, 41, 0, 72, 48, 0, 21, 56, 0, 50, 57, 0, 64, 53, 0, 43, 47, 0, 85, 47, 0, -62, 48, 0, -28, 49, 0, 41, 50, 0, 93, 7]
2020-09-19 14:00:15.445 28360-28614/? I/smart:  msgs: 06,05,b4,00,ac,22,00,f6,28,00,0e,2d,00,f8,29,00,84,21,00,b7,2c,00,f6,30,00,04,30,00,0c,36,00,77,31,00,7e,2d,00,0d,2e,00,d9,2c,00,af,2e,00,af,31,00,0e,33,00,aa,2a,00,78,31,00,75,30,00,e5,2e,00,f7,2f,00,24,35,00,76,32,00,05,32,00,9a,37,00,e0,31,00,f2,31,00,b6,2e,00,7a,32,00,8c,36,00,a4,33,00,29,2c,00,fe,2b,00,f3,36,00,e3,2e,00,48,39,00,62,3a,00,a3,36,00,9d,2c,00,41,32,00,15,2b,00,66,2d,00,e6,3c,00,f2,33,00,47,33,00,20,33,00,d3,31,00,9d,2c,00,2c,29,00,48,30,00,15,38,00,32,39,00,40,35,00,2b,2f,00,55,2f,00,c2,30,00,e4,31,00,29,32,00,5d,07, isMsgClose: false isFront: false
