2020-09-19 14:00:17.734 14747-14782/? I/bt_att: GATTC_SendHandleValueConfirm conn_id=7 handle=0x2c
2020-09-19 14:00:17.734 14747-14774/? W/bt_btif: HAL bt_gatt_callbacks->client->notify_cb
2020-09-19 14:00:17.735 14747-14774/? I/bt_btif: BTA_GATTC_SendIndConfirm conn_id=6 handle=0x002c
2020-09-19 14:00:17.735 14747-14782/? I/bt_att: GATTC_SendHandleValueConfirm conn_id=6 handle=0x2c
2020-09-19 14:00:17.739 28360-28360/? I/System.out: shl View.plist_size==361, 890
2020-09-19 14:00:17.756 28360-28360/? I/System.out: shl View.plist_size==361, 890
2020-09-19 14:00:17.756 28360-28360/? I/System.out: shl View.plist_size==361, 890
2020-09-19 14:00:17.762 28360-28442/? I/SendBroadcastPermission: action:action.character_changed, mPermissionType:0
2020-09-19 14:00:17.773 28360-28360/? I/System.out: shl View.plist_size==361, 890
2020-09-19 14:00:17.790 28360-28360/? E/vvvvvvvvvvv: reciverMsg： 06,05,b4,00,ed,2f,00,2d,27,00,2b,2b,00,a8,2d,00,c7,30,00,13,38,00,a5,34,00,83,31,00,d8,33,00,5e,2e,00,d6,36,00,b5,35,00,10,34,00,c6,35,00,c9,30,00,76,2a,00,80,2c,00,6c,2b,00,d9,28,00,88,2a,00,a5,30,00,06,36,00,68,2e,00,a6,35,00,47,3e,00,94,44,00,56,31,00,b1,2c,00,5e,28,00,6f,31,00,a9,43,00,d0,30,00,2e,2b,00,a8,2f,00,29,32,00,4a,36,00,ff,34,00,10,2d,00,8c,2b,00,af,2e,00,3f,2f,00,c7,2d,00,64,2e,00,63,2b,00,03,30,00,30,32,00,53,2d,00,d6,2b,00,f8,2b,00,f4,2d,00,32,29,00,96,23,00,96,2e,00,61,33,00,f5,34,00,61,33,00,d6,2d,00,bf,2f,00,73,13,
2020-09-19 14:00:17.791 28360-28360/? I/SendBroadcastPermission: action:com.health.communication.RECEIVER, mPermissionType:0
2020-09-19 14:00:17.792 28360-28360/? I/System.out: shl View.plist_size==361, 890
2020-09-19 14:00:17.793 28360-28360/? I/System.out: shl View.plist_size==361, 890
2020-09-19 14:00:17.808 28360-28360/? I/System.out: shl View.plist_size==361, 909
2020-09-19 14:00:17.808 28360-28614/? E/MainActivity123: key == 1  ---- objs.get(smsg) [6, 5, -76, 0, -19, 47, 0, 45, 39, 0, 43, 43, 0, -88, 45, 0, -57, 48, 0, 19, 56, 0, -91, 52, 0, -125, 49, 0, -40, 51, 0, 94, 46, 0, -42, 54, 0, -75, 53, 0, 16, 52, 0, -58, 53, 0, -55, 48, 0, 118, 42, 0, -128, 44, 0, 108, 43, 0, -39, 40, 0, -120, 42, 0, -91, 48, 0, 6, 54, 0, 104, 46, 0, -90, 53, 0, 71, 62, 0, -108, 68, 0, 86, 49, 0, -79, 44, 0, 94, 40, 0, 111, 49, 0, -87, 67, 0, -48, 48, 0, 46, 43, 0, -88, 47, 0, 41, 50, 0, 74, 54, 0, -1, 52, 0, 16, 45, 0, -116, 43, 0, -81, 46, 0, 63, 47, 0, -57, 45, 0, 100, 46, 0, 99, 43, 0, 3, 48, 0, 48, 50, 0, 83, 45, 0, -42, 43, 0, -8, 43, 0, -12, 45, 0, 50, 41, 0, -106, 35, 0, -106, 46, 0, 97, 51, 0, -11, 52, 0, 97, 51, 0, -42, 45, 0, -65, 47, 0, 115, 19]
2020-09-19 14:00:17.809 28360-28614/? I/smart:  msgs: 06,05,b4,00,ed,2f,00,2d,27,00,2b,2b,00,a8,2d,00,c7,30,00,13,38,00,a5,34,00,83,31,00,d8,33,00,5e,2e,00,d6,36,00,b5,35,00,10,34,00,c6,35,00,c9,30,00,76,2a,00,80,2c,00,6c,2b,00,d9,28,00,88,2a,00,a5,30,00,06,36,00,68,2e,00,a6,35,00,47,3e,00,94,44,00,56,31,00,b1,2c,00,5e,28,00,6f,31,00,a9,43,00,d0,30,00,2e,2b,00,a8,2f,00,29,32,00,4a,36,00,ff,34,00,10,2d,00,8c,2b,00,af,2e,00,3f,2f,00,c7,2d,00,64,2e,00,63,2b,00,03,30,00,30,32,00,53,2d,00,d6,2b,00,f8,2b,00,f4,2d,00,32,29,00,96,23,00,96,2e,00,61,33,00,f5,34,00,61,33,00,d6,2d,00,bf,2f,00,73,13, isMsgClose: false isFront: false
2020-09-19 14:00:17.822 28360-28360/? I/System.out: shl View.plist_size==361, 909
2020-09-19 14:00:17.835 1255-1444/? E/HwCHRWebMonitor: WebMonitor [mNetWorkIsSuck=0 mUIDIsSuck=]  WebSpeed [WEBSENDSEGS=0  WEBRESENDSEGS=0  WEBRECVSEGS=0  WEBERRSEGS=0  WEBOUTRSTS=0  WEBESTABLISRST=0  WEBRTTDURATION=0  WEBRTTSEGS=0  WEBSRTT=1480  WEBSNDDUPACKS=0  SENDSEGS=0  RESENDSEGS=0  RECVSEGS=0  ERRSEGS=0  OUTRSTS=0  ESTABLISRST=0  RTTDURATION=0  RTTSEGS=0  SNDDUPACKS=0  suckTimes=0 recovage_times=0]
2020-09-19 14:00:17.835 1255-1444/? E/HwCHRWifiRSSIGroupSummery: updateTcpSummery mRSSI:-40  HwCHRWifiRSSIGroup [rssi_index=4, rtt_tcp_packets=5466, rtt_tcp_duration=549994, rtt_lan_duration=8128, rtt_lan_failures=0, rtt_lan_succ=532, rtt_lan_max=155, rtt_lan_min=1,same_area_frequency=0,adjacent_area_frequency=0]
2020-09-19 14:00:17.836 1255-1444/? E/HwCHRWebMonitor: HwCHRWifiPacketCnt [mTXGood=0, mTXbad=0, mRXGood=0] rssi=-40
2020-09-19 14:00:17.837 1255-1444/? E/HwCHRWebMonitor: running processName=com.zhuoting.healthd
2020-09-19 14:00:17.839 28360-28360/? I/System.out: shl View.plist_size==361, 909
2020-09-19 14:00:17.855 28360-28360/? I/System.out: shl View.plist_size==361, 909
2020-09-19 14:00:17.872 28360-28360/? I/System.out: shl View.plist_size==361, 909
2020-09-19 14:00:17.872 28360-28360/? I/System.out: shl View.plist_size==361, 909
2020-09-19 14:00:17.889 28360-28360/? I/System.out: shl View.plist_size==361, 909
2020-09-19 14:00:17.905 28360-28360/? I/System.out: shl View.plist_size==361, 909
2020-09-19 14:00:17.922 28360-28360/? I/System.out: shl View.plist_size==361, 909
2020-09-19 14:00:17.939 28360-28360/? I/System.out: shl View.plist_size==361, 909
2020-09-19 14:00:17.940 28360-28360/? I/System.out: shl View.plist_size==361, 909
2020-09-19 14:00:17.955 28360-28360/? I/MyBleService: charUUID: be940001-7333-be46-b7ae-689e71722bd5 conning: false mDevAddr: FE:7D:E5:75:9F:89
2020-09-19 14:00:17.955 28360-28360/? I/System.out: shl View.plist_size==361, 909
2020-09-19 14:00:17.958 14747-14782/? I/bt_att: GATTC_SendHandleValueConfirm conn_id=3 handle=0x2c
2020-09-19 14:00:17.958 14747-14782/? I/bt_att: GATTC_SendHandleValueConfirm conn_id=4 handle=0x2c
2020-09-19 14:00:17.958 14747-14782/? I/bt_att: GATTC_SendHandleValueConfirm conn_id=5 handle=0x2c
2020-09-19 14:00:17.958 14747-14782/? I/bt_att: GATTC_SendHandleValueConfirm conn_id=7 handle=0x2c
2020-09-19 14:00:17.958 14747-14774/? W/bt_btif: HAL bt_gatt_callbacks->client->notify_cb
2020-09-19 14:00:17.958 14747-14774/? I/bt_btif: BTA_GATTC_SendIndConfirm conn_id=6 handle=0x002c
2020-09-19 14:00:17.958 14747-14782/? I/bt_att: GATTC_SendHandleValueConfirm conn_id=6 handle=0x2c
2020-09-19 14:00:17.972 28360-28360/? I/System.out: shl View.plist_size==361, 909
2020-09-19 14:00:17.983 28360-28442/? I/SendBroadcastPermission: action:action.character_changed, mPermissionType:0
2020-09-19 14:00:17.989 28360-28360/? I/System.out: shl View.plist_size==361, 909
2020-09-19 14:00:18.005 28360-28360/? I/System.out: shl View.plist_size==361, 909
2020-09-19 14:00:18.007 28360-28360/? E/vvvvvvvvvvv: reciverMsg： 06,05,b4,00,61,3a,00,a4,4f,00,d8,59,00,33,63,00,93,55,00,7e,3c,00,cb,2d,00,d2,28,00,e8,20,00,a0,2e,00,56,35,00,51,2c,00,39,28,00,fa,29,00,65,2a,00,28,30,00,7e,29,00,cf,28,00,59,26,00,b2,2f,00,8e,2a,00,f5,2c,00,4a,2a,00,3c,2c,00,d7,2f,00,87,2f,00,a5,2e,00,49,29,00,63,28,00,c2,2e,00,43,30,00,a8,30,00,1d,2b,00,0a,2a,00,58,2d,00,4c,31,00,64,2f,00,09,2e,00,c4,29,00,f7,29,00,cd,31,00,1c,35,00,0b,33,00,47,2e,00,ae,28,00,55,2f,00,5d,37,00,c5,2c,00,01,24,00,a8,31,00,96,3e,00,b0,38,00,da,2e,00,e4,29,00,c7,33,00,63,36,00,ff,37,00,b4,34,00,65,2d,
2020-09-19 14:00:18.007 28360-28360/? I/SendBroadcastPermission: action:com.health.communication.RECEIVER, mPermissionType:0
2020-09-19 14:00:18.009 28360-28360/? I/System.out: shl View.plist_size==361, 909
2020-09-19 14:00:18.024 28360-28360/? I/System.out: shl View.plist_size==361, 928
2020-09-19 14:00:18.024 28360-28614/? E/MainActivity123: key == 1  ---- objs.get(smsg) [6, 5, -76, 0, 97, 58, 0, -92, 79, 0, -40, 89, 0, 51, 99, 0, -109, 85, 0, 126, 60, 0, -53, 45, 0, -46, 40, 0, -24, 32, 0, -96, 46, 0, 86, 53, 0, 81, 44, 0, 57, 40, 0, -6, 41, 0, 101, 42, 0, 40, 48, 0, 126, 41, 0, -49, 40, 0, 89, 38, 0, -78, 47, 0, -114, 42, 0, -11, 44, 0, 74, 42, 0, 60, 44, 0, -41, 47, 0, -121, 47, 0, -91, 46, 0, 73, 41, 0, 99, 40, 0, -62, 46, 0, 67, 48, 0, -88, 48, 0, 29, 43, 0, 10, 42, 0, 88, 45, 0, 76, 49, 0, 100, 47, 0, 9, 46, 0, -60, 41, 0, -9, 41, 0, -51, 49, 0, 28, 53, 0, 11, 51, 0, 71, 46, 0, -82, 40, 0, 85, 47, 0, 93, 55, 0, -59, 44, 0, 1, 36, 0, -88, 49, 0, -106, 62, 0, -80, 56, 0, -38, 46, 0, -28, 41, 0, -57, 51, 0, 99, 54, 0, -1, 55, 0, -76, 52, 0, 101, 45]
2020-09-19 14:00:18.026 28360-28614/? I/smart:  msgs: 06,05,b4,00,61,3a,00,a4,4f,00,d8,59,00,33,63,00,93,55,00,7e,3c,00,cb,2d,00,d2,28,00,e8,20,00,a0,2e,00,56,35,00,51,2c,00,39,28,00,fa,29,00,65,2a,00,28,30,00,7e,29,00,cf,28,00,59,26,00,b2,2f,00,8e,2a,00,f5,2c,00,4a,2a,00,3c,2c,00,d7,2f,00,87,2f,00,a5,2e,00,49,29,00,63,28,00,c2,2e,00,43,30,00,a8,30,00,1d,2b,00,0a,2a,00,58,2d,00,4c,31,00,64,2f,00,09,2e,00,c4,29,00,f7,29,00,cd,31,00,1c,35,00,0b,33,00,47,2e,00,ae,28,00,55,2f,00,5d,37,00,c5,2c,00,01,24,00,a8,31,00,96,3e,00,b0,38,00,da,2e,00,e4,29,00,c7,33,00,63,36,00,ff,37,00,b4,34,00,65,2d, isMsgClose: false isFront: false
2020-09-19 14:00:18.039 28360-28360/? I/System.out: shl View.plist_size==361, 928
2020-09-19 14:00:18.055 28360-28360/? I/System.out: shl View.plist_size==361, 928
2020-09-19 14:00:18.056 28360-28360/? I/System.out: shl View.plist_size==361, 928
2020-09-19 14:00:18.072 28360-28360/? I/System.out: shl View.plist_size==361, 928
2020-09-19 14:00:18.089 28360-28360/? I/System.out: shl View.plist_size==361, 928
2020-09-19 14:00:18.105 28360-28360/? I/System.out: shl View.plist_size==361, 928
2020-09-19 14:00:18.122 28360-28360/? I/System.out: shl View.plist_size==361, 928
2020-09-19 14:00:18.122 28360-28360/? I/System.out: shl View.plist_size==361, 928
2020-09-19 14:00:18.139 28360-28360/? I/System.out: shl View.plist_size==361, 928
2020-09-19 14:00:18.155 28360-28360/? I/System.out: shl View.plist_size==361, 928
2020-09-19 14:00:18.172 28360-28360/? I/System.out: shl View.plist_size==361, 928
2020-09-19 14:00:18.189 28360-28360/? I/System.out: shl View.plist_size==361, 928
2020-09-19 14:00:18.189 28360-28360/? I/System.out: shl View.plist_size==361, 928
2020-09-19 14:00:18.205 14747-14782/? I/bt_att: GATTC_SendHandleValueConfirm conn_id=3 handle=0x2c
2020-09-19 14:00:18.205 14747-14782/? I/bt_att: GATTC_SendHandleValueConfirm conn_id=4 handle=0x2c
2020-09-19 14:00:18.205 28360-28360/? I/System.out: shl View.plist_size==361, 928
2020-09-19 14:00:18.206 14747-14782/? I/bt_att: GATTC_SendHandleValueConfirm conn_id=5 handle=0x2c
2020-09-19 14:00:18.206 14747-14774/? W/bt_btif: HAL bt_gatt_callbacks->client->notify_cb
2020-09-19 14:00:18.206 14747-14782/? I/bt_att: GATTC_SendHandleValueConfirm conn_id=7 handle=0x2c
2020-09-19 14:00:18.207 14747-14774/? I/bt_btif: BTA_GATTC_SendIndConfirm conn_id=6 handle=0x002c
2020-09-19 14:00:18.207 14747-14782/? I/bt_att: GATTC_SendHandleValueConfirm conn_id=6 handle=0x2c
2020-09-19 14:00:18.222 28360-28360/? I/System.out: shl View.plist_size==361, 928
2020-09-19 14:00:18.232 28360-28442/? I/SendBroadcastPermission: action:action.character_changed, mPermissionType:0
2020-09-19 14:00:18.239 28360-28360/? I/System.out: shl View.plist_size==361, 928
2020-09-19 14:00:18.255 28360-28360/? I/System.out: shl View.plist_size==361, 928
2020-09-19 14:00:18.257 28360-28360/? E/vvvvvvvvvvv: reciverMsg： 06,05,b4,00,62,2e,00,d5,33,00,1f,30,00,25,33,00,56,30,00,dc,34,00,a2,33,00,9d,3c,00,55,3a,00,15,36,00,8c,2c,00,e3,30,00,e8,34,00,a6,33,00,d8,2f,00,ce,31,00,d1,31,00,ca,2b,00,64,2c,00,27,2e,00,58,2e,00,5f,2a,00,91,2a,00,75,2c,00,16,2d,00,07,31,00,c2,27,00,3f,24,00,24,2e,00,96,28,00,5a,1b,00,9f,20,00,d4,27,00,03,2e,00,23,27,00,3a,23,00,c1,2a,00,ab,27,00,69,26,00,15,23,00,ed,26,00,72,23,00,de,29,00,8e,31,00,42,2a,00,46,29,00,d4,2f,00,da,35,00,fa,2d,00,2a,24,00,2c,23,00,67,22,00,20,27,00,ac,2e,00,bf,28,00,17,23,00,7f,2a,00,38,2e,00,8e,d3,
2020-09-19 14:00:18.257 28360-28360/? I/SendBroadcastPermission: action:com.health.communication.RECEIVER, mPermissionType:0
2020-09-19 14:00:18.259 28360-28360/? I/System.out: shl View.plist_size==361, 928
2020-09-19 14:00:18.273 28360-28360/? E/qob: hrv_evt_handle 3
2020-09-19 14:00:18.274 28360-28360/? I/System.out: shl View.plist_size==361, 948
2020-09-19 14:00:18.275 28360-28614/? E/MainActivity123: key == 1  ---- objs.get(smsg) [6, 5, -76, 0, 98, 46, 0, -43, 51, 0, 31, 48, 0, 37, 51, 0, 86, 48, 0, -36, 52, 0, -94, 51, 0, -99, 60, 0, 85, 58, 0, 21, 54, 0, -116, 44, 0, -29, 48, 0, -24, 52, 0, -90, 51, 0, -40, 47, 0, -50, 49, 0, -47, 49, 0, -54, 43, 0, 100, 44, 0, 39, 46, 0, 88, 46, 0, 95, 42, 0, -111, 42, 0, 117, 44, 0, 22, 45, 0, 7, 49, 0, -62, 39, 0, 63, 36, 0, 36, 46, 0, -106, 40, 0, 90, 27, 0, -97, 32, 0, -44, 39, 0, 3, 46, 0, 35, 39, 0, 58, 35, 0, -63, 42, 0, -85, 39, 0, 105, 38, 0, 21, 35, 0, -19, 38, 0, 114, 35, 0, -34, 41, 0, -114, 49, 0, 66, 42, 0, 70, 41, 0, -44, 47, 0, -38, 53, 0, -6, 45, 0, 42, 36, 0, 44, 35, 0, 103, 34, 0, 32, 39, 0, -84, 46, 0, -65, 40, 0, 23, 35, 0, 127, 42, 0, 56, 46, 0, -114, -45]
2020-09-19 14:00:18.275 28360-28360/? I/MediaPlayer: [HSM] stayAwake true uid: 10605, pid: 28360
2020-09-19 14:00:18.275 1255-1870/? E/HsmCoreServiceImpl: onTransact in code is: 102
2020-09-19 14:00:18.275 1255-1870/? I/MediaProcessHandler: processOp opType: 0, uid: 10605, pid: 28360
2020-09-19 14:00:18.276 28360-28360/? I/MediaPlayer: Pid:28360 MediaPlayer::start
2020-09-19 14:00:18.276 28360-28614/? I/smart:  msgs: 06,05,b4,00,62,2e,00,d5,33,00,1f,30,00,25,33,00,56,30,00,dc,34,00,a2,33,00,9d,3c,00,55,3a,00,15,36,00,8c,2c,00,e3,30,00,e8,34,00,a6,33,00,d8,2f,00,ce,31,00,d1,31,00,ca,2b,00,64,2c,00,27,2e,00,58,2e,00,5f,2a,00,91,2a,00,75,2c,00,16,2d,00,07,31,00,c2,27,00,3f,24,00,24,2e,00,96,28,00,5a,1b,00,9f,20,00,d4,27,00,03,2e,00,23,27,00,3a,23,00,c1,2a,00,ab,27,00,69,26,00,15,23,00,ed,26,00,72,23,00,de,29,00,8e,31,00,42,2a,00,46,29,00,d4,2f,00,da,35,00,fa,2d,00,2a,24,00,2c,23,00,67,22,00,20,27,00,ac,2e,00,bf,28,00,17,23,00,7f,2a,00,38,2e,00,8e,d3, isMsgClose: false isFront: false
2020-09-19 14:00:18.277 550-31736/? I/NuPlayer: NuPlayer::canSeek,mSourceFlags = 15 
2020-09-19 14:00:18.277 676-676/? I/hash_map_utils: key: 'mode' value: ''
2020-09-19 14:00:18.278 676-31097/? I/hash_map_utils: key: 'mode' value: ''
2020-09-19 14:00:18.278 676-1413/? I/APM_AudioPolicyManager: startOutput() output 13, stream 3, session 26745
2020-09-19 14:00:18.279 676-1413/? I/APM_AudioPolicyManager: getNewOutputDevice() selected device 2
2020-09-19 14:00:18.279 676-1413/? I/APM_AudioPolicyManager: setOutputDevice() device 0x0002 delayMs 0 force 1
2020-09-19 14:00:18.279 676-1413/? I/APM_AudioPolicyManager: setOutputDevice() changing to device 0x0002 , muteWaitMs 0
2020-09-19 14:00:18.279 676-779/? I/audio_hw_primary: out_set_parameters_no_lock device:0x0, out type:0
2020-09-19 14:00:18.279 676-779/? I/audio_hw_primary: out_set_parameters_no_lock device:0x2, out type:0
2020-09-19 14:00:18.280 676-779/? I/audio_hw_primary: call_get_sample_rate: sample_rate = 16000, tty_status = 0
2020-09-19 14:00:18.280 676-779/? I/audio_hw_primary: select_devices++ mode[0]
2020-09-19 14:00:18.280 676-779/? I/audio_hw_primary: select_devices--
2020-09-19 14:00:18.280 676-1413/? I/APM_AudioPolicyManager: setOutputDevice() createAudioPatch returned 0 patchHandle 26860 num_sources 1 num_sinks 1
2020-09-19 14:00:18.280 676-1413/? I/APM_AudioPolicyManager: checkOutputForStrategy() getDeviceForStrategy strategy=3 newDevice=2 oldDevice=2
2020-09-19 14:00:18.280 676-1413/? I/AudioTrackShared: server obtain null buf part1:0 rear:36864 front:36864 mFrameCount:22050
2020-09-19 14:00:18.281 1958-2032/? I/PGServer: report state:2 event type:1 pid:28360 uid:10605 pkg:null to pid: 1255
2020-09-19 14:00:18.282 550-31736/? I/NuPlayer: performSeek before, mIsSeeking should to change to false
2020-09-19 14:00:18.282 1255-1255/? I/AudioSystem-JNI: listAudioPorts AudioSystem::listAudioPorts numPorts 7 generation 3540 generation1 3540
2020-09-19 14:00:18.286 550-31827/? I/NuPlayerDecoder: [audio] saw output EOS
2020-09-19 14:00:18.289 28360-28360/? I/System.out: shl View.plist_size==361, 948
2020-09-19 14:00:18.306 28360-28360/? I/System.out: shl View.plist_size==361, 948
2020-09-19 14:00:18.306 28360-28360/? I/System.out: shl View.plist_size==361, 948
2020-09-19 14:00:18.322 28360-28360/? I/System.out: shl View.plist_size==361, 948
2020-09-19 14:00:18.339 28360-28360/? I/System.out: shl View.plist_size==361, 948
2020-09-19 14:00:18.355 28360-28360/? I/System.out: shl View.plist_size==361, 948
2020-09-19 14:00:18.372 28360-28360/? I/System.out: shl View.plist_size==361, 948
2020-09-19 14:00:18.372 28360-28360/? I/System.out: shl View.plist_size==361, 948
2020-09-19 14:00:18.389 28360-28360/? I/System.out: shl View.plist_size==361, 948
2020-09-19 14:00:18.405 28360-28360/? I/System.out: shl View.plist_size==361, 948
2020-09-19 14:00:18.422 28360-28360/? I/System.out: shl View.plist_size==361, 948
2020-09-19 14:00:18.439 28360-28360/? I/System.out: shl View.plist_size==361, 948
2020-09-19 14:00:18.439 28360-28360/? I/System.out: shl View.plist_size==361, 948
2020-09-19 14:00:18.453 14747-14782/? I/bt_att: GATTC_SendHandleValueConfirm conn_id=3 handle=0x2c
2020-09-19 14:00:18.454 14747-14782/? I/bt_att: GATTC_SendHandleValueConfirm conn_id=4 handle=0x2c
2020-09-19 14:00:18.454 14747-14782/? I/bt_att: GATTC_SendHandleValueConfirm conn_id=5 handle=0x2c
2020-09-19 14:00:18.454 14747-14782/? I/bt_att: GATTC_SendHandleValueConfirm conn_id=7 handle=0x2c
2020-09-19 14:00:18.454 14747-14774/? W/bt_btif: HAL bt_gatt_callbacks->client->notify_cb
2020-09-19 14:00:18.454 14747-14774/? I/bt_btif: BTA_GATTC_SendIndConfirm conn_id=6 handle=0x002c
2020-09-19 14:00:18.454 14747-14782/? I/bt_att: GATTC_SendHandleValueConfirm conn_id=6 handle=0x2c
2020-09-19 14:00:18.456 28360-28360/? I/System.out: shl View.plist_size==361, 948
2020-09-19 14:00:18.472 28360-28442/? I/SendBroadcastPermission: action:action.character_changed, mPermissionType:0
2020-09-19 14:00:18.472 28360-28360/? I/System.out: shl View.plist_size==361, 948
2020-09-19 14:00:18.490 28360-28360/? I/System.out: shl View.plist_size==361, 948
2020-09-19 14:00:18.490 28360-28360/? I/System.out: shl View.plist_size==361, 948
2020-09-19 14:00:18.492 676-779/? I/AudioTrackShared: server obtain null buf part1:0 rear:46080 front:46080 mFrameCount:22050
2020-09-19 14:00:18.506 28360-28360/? E/vvvvvvvvvvv: reciverMsg： 06,05,b4,00,09,25,00,12,1f,00,fe,2a,00,6f,30,00,bc,36,00,bd,31,00,34,29,00,ee,21,00,a0,2c,00,18,30,00,ef,26,00,8d,25,00,35,23,00,66,25,00,37,31,00,d7,26,00,b1,22,00,5b,21,00,f3,25,00,3f,38,00,05,2b,00,f4,2b,00,2e,2d,00,12,29,00,e5,2b,00,d0,27,00,c4,25,00,a3,2d,00,64,2c,00,48,2f,00,7c,2b,00,74,23,00,b2,25,00,74,2f,00,8b,34,00,23,29,00,bd,1f,00,17,25,00,3b,2c,00,5b,33,00,8d,29,00,85,2c,00,52,2c,00,7c,2d,00,1e,2b,00,96,30,00,be,25,00,9a,24,00,37,29,00,27,2a,00,54,2b,00,df,2e,00,27,2f,00,8f,2b,00,e1,29,00,04,24,00,bd,26,00,09,2e,00,d6,b3,
2020-09-19 14:00:18.506 28360-28360/? I/SendBroadcastPermission: action:com.health.communication.RECEIVER, mPermissionType:0
2020-09-19 14:00:18.508 28360-28360/? I/MediaPlayer: [HSM] stayAwake false uid: 10605, pid: 28360
2020-09-19 14:00:18.508 1255-1867/? E/HsmCoreServiceImpl: onTransact in code is: 102
2020-09-19 14:00:18.509 1255-1867/? I/MediaProcessHandler: processOp opType: 1, uid: 10605, pid: 28360
2020-09-19 14:00:18.509 28360-28360/? I/System.out: shl View.plist_size==361, 948
2020-09-19 14:00:18.512 28360-28614/? E/MainActivity123: key == 1  ---- objs.get(smsg) [6, 5, -76, 0, 9, 37, 0, 18, 31, 0, -2, 42, 0, 111, 48, 0, -68, 54, 0, -67, 49, 0, 52, 41, 0, -18, 33, 0, -96, 44, 0, 24, 48, 0, -17, 38, 0, -115, 37, 0, 53, 35, 0, 102, 37, 0, 55, 49, 0, -41, 38, 0, -79, 34, 0, 91, 33, 0, -13, 37, 0, 63, 56, 0, 5, 43, 0, -12, 43, 0, 46, 45, 0, 18, 41, 0, -27, 43, 0, -48, 39, 0, -60, 37, 0, -93, 45, 0, 100, 44, 0, 72, 47, 0, 124, 43, 0, 116, 35, 0, -78, 37, 0, 116, 47, 0, -117, 52, 0, 35, 41, 0, -67, 31, 0, 23, 37, 0, 59, 44, 0, 91, 51, 0, -115, 41, 0, -123, 44, 0, 82, 44, 0, 124, 45, 0, 30, 43, 0, -106, 48, 0, -66, 37, 0, -102, 36, 0, 55, 41, 0, 39, 42, 0, 84, 43, 0, -33, 46, 0, 39, 47, 0, -113, 43, 0, -31, 41, 0, 4, 36, 0, -67, 38, 0, 9, 46, 0, -42, -77]
2020-09-19 14:00:18.514 28360-28614/? I/smart:  msgs: 06,05,b4,00,09,25,00,12,1f,00,fe,2a,00,6f,30,00,bc,36,00,bd,31,00,34,29,00,ee,21,00,a0,2c,00,18,30,00,ef,26,00,8d,25,00,35,23,00,66,25,00,37,31,00,d7,26,00,b1,22,00,5b,21,00,f3,25,00,3f,38,00,05,2b,00,f4,2b,00,2e,2d,00,12,29,00,e5,2b,00,d0,27,00,c4,25,00,a3,2d,00,64,2c,00,48,2f,00,7c,2b,00,74,23,00,b2,25,00,74,2f,00,8b,34,00,23,29,00,bd,1f,00,17,25,00,3b,2c,00,5b,33,00,8d,29,00,85,2c,00,52,2c,00,7c,2d,00,1e,2b,00,96,30,00,be,25,00,9a,24,00,37,29,00,27,2a,00,54,2b,00,df,2e,00,27,2f,00,8f,2b,00,e1,29,00,04,24,00,bd,26,00,09,2e,00,d6,b3, isMsgClose: false isFront: false
2020-09-19 14:00:18.522 28360-28360/? I/System.out: shl View.plist_size==361, 967
2020-09-19 14:00:18.539 28360-28360/? I/System.out: shl View.plist_size==361, 967
2020-09-19 14:00:18.554 1958-2032/? I/DeviceMonitor: last release audio mix uid:10605 pid:-2
2020-09-19 14:00:18.555 28360-28360/? I/System.out: shl View.plist_size==361, 967
2020-09-19 14:00:18.555 28360-28360/? I/System.out: shl View.plist_size==361, 967
2020-09-19 14:00:18.562 676-689/? I/APM_AudioPolicyManager: stopOutput() output 13, stream 3, session 26745
2020-09-19 14:00:18.563 676-689/? I/APM_AudioPolicyManager: getNewOutputDevice() selected device 0
2020-09-19 14:00:18.563 676-689/? I/APM_AudioPolicyManager: setOutputDevice() device 0x0000 delayMs 80 force 0
2020-09-19 14:00:18.563 676-689/? I/APM_AudioPolicyManager: setOutputDevice() setting same device 0x0000 or null device
2020-09-19 14:00:18.563 676-689/? I/APM_AudioPolicyManager: checkOutputForStrategy() getDeviceForStrategy strategy=3 newDevice=2 oldDevice=2
2020-09-19 14:00:18.565 1958-2032/? I/PGServer: report state:2 event type:2 pid:28360 uid:10605 pkg:null to pid: 1255
2020-09-19 14:00:18.572 28360-28360/? I/System.out: shl View.plist_size==361, 967
2020-09-19 14:00:18.589 28360-28360/? I/System.out: shl View.plist_size==361, 967
2020-09-19 14:00:18.605 28360-28360/? I/System.out: shl View.plist_size==361, 967
2020-09-19 14:00:18.622 28360-28360/? I/System.out: shl View.plist_size==361, 967
2020-09-19 14:00:18.622 28360-28360/? I/System.out: shl View.plist_size==361, 967
2020-09-19 14:00:18.639 28360-28360/? I/System.out: shl View.plist_size==361, 967
2020-09-19 14:00:18.655 14747-14782/? I/bt_att: GATTC_SendHandleValueConfirm conn_id=3 handle=0x2c
2020-09-19 14:00:18.655 28360-28360/? I/System.out: shl View.plist_size==361, 967
2020-09-19 14:00:18.655 14747-14782/? I/bt_att: GATTC_SendHandleValueConfirm conn_id=4 handle=0x2c
2020-09-19 14:00:18.656 14747-14782/? I/bt_att: GATTC_SendHandleValueConfirm conn_id=5 handle=0x2c
2020-09-19 14:00:18.656 14747-14782/? I/bt_att: GATTC_SendHandleValueConfirm conn_id=7 handle=0x2c
2020-09-19 14:00:18.656 14747-14774/? W/bt_btif: HAL bt_gatt_callbacks->client->notify_cb
2020-09-19 14:00:18.657 14747-14774/? I/bt_btif: BTA_GATTC_SendIndConfirm conn_id=6 handle=0x002c
2020-09-19 14:00:18.657 14747-14782/? I/bt_att: GATTC_SendHandleValueConfirm conn_id=6 handle=0x2c
2020-09-19 14:00:18.672 28360-28360/? I/System.out: shl View.plist_size==361, 967
2020-09-19 14:00:18.678 28360-28442/? I/SendBroadcastPermission: action:action.character_changed, mPermissionType:0
2020-09-19 14:00:18.688 28360-28360/? I/System.out: shl View.plist_size==361, 967
2020-09-19 14:00:18.690 28360-28360/? I/System.out: shl View.plist_size==361, 967
2020-09-19 14:00:18.706 28360-28360/? E/vvvvvvvvvvv: reciverMsg： 06,05,b4,00,d3,2c,00,fa,2c,00,e4,2e,00,6f,2e,00,86,2e,00,3e,2b,00,99,2e,00,53,1d,00,7e,24,00,b0,30,00,01,2d,00,8d,34,00,97,27,00,db,24,00,e9,29,00,c3,2c,00,11,2d,00,f6,26,00,71,1b,00,04,26,00,0d,36,00,17,3d,00,41,2d,00,ec,24,00,90,2d,00,40,32,00,9a,3a,00,1f,31,00,3a,2a,00,e7,36,00,30,37,00,3a,37,00,e4,2c,00,e8,21,00,69,20,00,65,27,00,39,34,00,7e,34,00,85,2b,00,c4,27,00,be,26,00,c4,30,00,98,2c,00,39,29,00,51,28,00,1c,32,00,8c,36,00,c2,2e,00,73,23,00,9c,26,00,4d,29,00,2b,2b,00,ee,28,00,d6,28,00,54,29,00,a5,2f,00,4e,30,00,a3,2d,00,98,82,
2020-09-19 14:00:18.706 28360-28360/? I/SendBroadcastPermission: action:com.health.communication.RECEIVER, mPermissionType:0
2020-09-19 14:00:18.708 28360-28360/? I/System.out: shl View.plist_size==361, 967
2020-09-19 14:00:18.724 28360-28360/? I/System.out: shl View.plist_size==361, 986
2020-09-19 14:00:18.724 28360-28614/? E/MainActivity123: key == 1  ---- objs.get(smsg) [6, 5, -76, 0, -45, 44, 0, -6, 44, 0, -28, 46, 0, 111, 46, 0, -122, 46, 0, 62, 43, 0, -103, 46, 0, 83, 29, 0, 126, 36, 0, -80, 48, 0, 1, 45, 0, -115, 52, 0, -105, 39, 0, -37, 36, 0, -23, 41, 0, -61, 44, 0, 17, 45, 0, -10, 38, 0, 113, 27, 0, 4, 38, 0, 13, 54, 0, 23, 61, 0, 65, 45, 0, -20, 36, 0, -112, 45, 0, 64, 50, 0, -102, 58, 0, 31, 49, 0, 58, 42, 0, -25, 54, 0, 48, 55, 0, 58, 55, 0, -28, 44, 0, -24, 33, 0, 105, 32, 0, 101, 39, 0, 57, 52, 0, 126, 52, 0, -123, 43, 0, -60, 39, 0, -66, 38, 0, -60, 48, 0, -104, 44, 0, 57, 41, 0, 81, 40, 0, 28, 50, 0, -116, 54, 0, -62, 46, 0, 115, 35, 0, -100, 38, 0, 77, 41, 0, 43, 43, 0, -18, 40, 0, -42, 40, 0, 84, 41, 0, -91, 47, 0, 78, 48, 0, -93, 45, 0, -104, -126]
2020-09-19 14:00:18.726 28360-28614/? I/smart:  msgs: 06,05,b4,00,d3,2c,00,fa,2c,00,e4,2e,00,6f,2e,00,86,2e,00,3e,2b,00,99,2e,00,53,1d,00,7e,24,00,b0,30,00,01,2d,00,8d,34,00,97,27,00,db,24,00,e9,29,00,c3,2c,00,11,2d,00,f6,26,00,71,1b,00,04,26,00,0d,36,00,17,3d,00,41,2d,00,ec,24,00,90,2d,00,40,32,00,9a,3a,00,1f,31,00,3a,2a,00,e7,36,00,30,37,00,3a,37,00,e4,2c,00,e8,21,00,69,20,00,65,27,00,39,34,00,7e,34,00,85,2b,00,c4,27,00,be,26,00,c4,30,00,98,2c,00,39,29,00,51,28,00,1c,32,00,8c,36,00,c2,2e,00,73,23,00,9c,26,00,4d,29,00,2b,2b,00,ee,28,00,d6,28,00,54,29,00,a5,2f,00,4e,30,00,a3,2d,00,98,82, isMsgClose: false isFront: false
2020-09-19 14:00:18.738 28360-28360/? I/System.out: shl View.plist_size==361, 986
2020-09-19 14:00:18.755 28360-28360/? I/System.out: shl View.plist_size==361, 986
2020-09-19 14:00:18.755 28360-28360/? I/System.out: shl View.plist_size==361, 986
2020-09-19 14:00:18.772 28360-28360/? I/System.out: shl View.plist_size==361, 986
2020-09-19 14:00:18.789 28360-28360/? I/System.out: shl View.plist_size==361, 986
2020-09-19 14:00:18.805 28360-28360/? I/System.out: shl View.plist_size==361, 986
2020-09-19 14:00:18.805 28360-28360/? I/System.out: shl View.plist_size==361, 986
2020-09-19 14:00:18.822 28360-28360/? I/System.out: shl View.plist_size==361, 986
2020-09-19 14:00:18.839 28360-28360/? I/System.out: shl View.plist_size==361, 986
2020-09-19 14:00:18.855 28360-28360/? I/System.out: shl View.plist_size==361, 986
2020-09-19 14:00:18.872 28360-28360/? I/System.out: shl View.plist_size==361, 986
2020-09-19 14:00:18.872 28360-28360/? I/System.out: shl View.plist_size==361, 986
2020-09-19 14:00:18.889 28360-28360/? I/System.out: shl View.plist_size==361, 986
2020-09-19 14:00:18.903 14747-14782/? I/bt_att: GATTC_SendHandleValueConfirm conn_id=3 handle=0x2c
2020-09-19 14:00:18.903 14747-14782/? I/bt_att: GATTC_SendHandleValueConfirm conn_id=4 handle=0x2c
2020-09-19 14:00:18.903 14747-14782/? I/bt_att: GATTC_SendHandleValueConfirm conn_id=5 handle=0x2c
2020-09-19 14:00:18.903 14747-14782/? I/bt_att: GATTC_SendHandleValueConfirm conn_id=7 handle=0x2c
2020-09-19 14:00:18.903 14747-14774/? W/bt_btif: HAL bt_gatt_callbacks->client->notify_cb
2020-09-19 14:00:18.905 28360-28360/? I/System.out: shl View.plist_size==361, 986
2020-09-19 14:00:18.905 14747-14774/? I/bt_btif: BTA_GATTC_SendIndConfirm conn_id=6 handle=0x002c
2020-09-19 14:00:18.906 14747-14782/? I/bt_att: GATTC_SendHandleValueConfirm conn_id=6 handle=0x2c
2020-09-19 14:00:18.922 28360-28360/? I/System.out: shl View.plist_size==361, 986
2020-09-19 14:00:18.931 28360-28442/? I/SendBroadcastPermission: action:action.character_changed, mPermissionType:0
2020-09-19 14:00:18.939 28360-28360/? I/System.out: shl View.plist_size==361, 986
2020-09-19 14:00:18.941 28360-28360/? I/System.out: shl View.plist_size==361, 986
2020-09-19 14:00:18.956 28360-28360/? E/vvvvvvvvvvv: reciverMsg： 06,05,b4,00,04,37,00,e0,50,00,ac,64,00,4d,77,00,e2,6c,00,e2,24,00,a2,36,00,fe,31,00,78,30,00,30,2b,00,4d,26,00,4c,2c,00,70,28,00,7d,23,00,67,2c,00,3a,2f,00,73,34,00,58,28,00,33,26,00,64,2a,00,82,30,00,8d,32,00,34,26,00,49,23,00,31,24,00,1d,33,00,6e,30,00,40,29,00,89,27,00,89,2a,00,d1,2d,00,6f,2c,00,d8,26,00,e9,2d,00,39,30,00,70,35,00,fa,34,00,dc,30,00,6a,29,00,d4,2e,00,fc,29,00,87,33,00,c8,2d,00,e7,25,00,a7,29,00,03,30,00,a0,31,00,48,2c,00,f4,2c,00,60,32,00,b9,34,00,19,35,00,b1,2e,00,f0,2c,00,fa,34,00,6e,38,00,ae,34,00,67,31,00,fa,04,
2020-09-19 14:00:18.957 28360-28360/? I/SendBroadcastPermission: action:com.health.communication.RECEIVER, mPermissionType:0
2020-09-19 14:00:18.959 28360-28360/? I/System.out: shl View.plist_size==361, 986
2020-09-19 14:00:18.974 28360-28360/? I/System.out: shl View.plist_size==361, 1006
2020-09-19 14:00:18.974 28360-28614/? E/MainActivity123: key == 1  ---- objs.get(smsg) [6, 5, -76, 0, 4, 55, 0, -32, 80, 0, -84, 100, 0, 77, 119, 0, -30, 108, 0, -30, 36, 0, -94, 54, 0, -2, 49, 0, 120, 48, 0, 48, 43, 0, 77, 38, 0, 76, 44, 0, 112, 40, 0, 125, 35, 0, 103, 44, 0, 58, 47, 0, 115, 52, 0, 88, 40, 0, 51, 38, 0, 100, 42, 0, -126, 48, 0, -115, 50, 0, 52, 38, 0, 73, 35, 0, 49, 36, 0, 29, 51, 0, 110, 48, 0, 64, 41, 0, -119, 39, 0, -119, 42, 0, -47, 45, 0, 111, 44, 0, -40, 38, 0, -23, 45, 0, 57, 48, 0, 112, 53, 0, -6, 52, 0, -36, 48, 0, 106, 41, 0, -44, 46, 0, -4, 41, 0, -121, 51, 0, -56, 45, 0, -25, 37, 0, -89, 41, 0, 3, 48, 0, -96, 49, 0, 72, 44, 0, -12, 44, 0, 96, 50, 0, -71, 52, 0, 25, 53, 0, -79, 46, 0, -16, 44, 0, -6, 52, 0, 110, 56, 0, -82, 52, 0, 103, 49, 0, -6, 4]
2020-09-19 14:00:18.976 28360-28614/? I/smart:  msgs: 06,05,b4,00,04,37,00,e0,50,00,ac,64,00,4d,77,00,e2,6c,00,e2,24,00,a2,36,00,fe,31,00,78,30,00,30,2b,00,4d,26,00,4c,2c,00,70,28,00,7d,23,00,67,2c,00,3a,2f,00,73,34,00,58,28,00,33,26,00,64,2a,00,82,30,00,8d,32,00,34,26,00,49,23,00,31,24,00,1d,33,00,6e,30,00,40,29,00,89,27,00,89,2a,00,d1,2d,00,6f,2c,00,d8,26,00,e9,2d,00,39,30,00,70,35,00,fa,34,00,dc,30,00,6a,29,00,d4,2e,00,fc,29,00,87,33,00,c8,2d,00,e7,25,00,a7,29,00,03,30,00,a0,31,00,48,2c,00,f4,2c,00,60,32,00,b9,34,00,19,35,00,b1,2e,00,f0,2c,00,fa,34,00,6e,38,00,ae,34,00,67,31,00,fa,04, isMsgClose: false isFront: false
2020-09-19 14:00:18.988 28360-28360/? I/System.out: shl View.plist_size==361, 1006
2020-09-19 14:00:19.005 28360-28360/? I/System.out: shl View.plist_size==361, 1006
2020-09-19 14:00:19.005 28360-28360/? I/System.out: shl View.plist_size==361, 1006
2020-09-19 14:00:19.022 28360-28360/? I/System.out: shl View.plist_size==361, 1006
2020-09-19 14:00:19.038 28360-28360/? I/System.out: shl View.plist_size==361, 1006
2020-09-19 14:00:19.055 28360-28360/? I/System.out: shl View.plist_size==361, 1006
2020-09-19 14:00:19.072 28360-28360/? I/System.out: shl View.plist_size==361, 1006
2020-09-19 14:00:19.072 28360-28360/? I/System.out: shl View.plist_size==361, 1006
2020-09-19 14:00:19.088 28360-28360/? I/System.out: shl View.plist_size==361, 1006
2020-09-19 14:00:19.105 28360-28360/? I/System.out: shl View.plist_size==361, 1006
2020-09-19 14:00:19.122 28360-28360/? I/System.out: shl View.plist_size==361, 1006
2020-09-19 14:00:19.128 14747-14782/? I/bt_att: GATTC_SendHandleValueConfirm conn_id=3 handle=0x2c
2020-09-19 14:00:19.129 14747-14782/? I/bt_att: GATTC_SendHandleValueConfirm conn_id=4 handle=0x2c
2020-09-19 14:00:19.129 14747-14782/? I/bt_att: GATTC_SendHandleValueConfirm conn_id=5 handle=0x2c
2020-09-19 14:00:19.129 14747-14782/? I/bt_att: GATTC_SendHandleValueConfirm conn_id=7 handle=0x2c
2020-09-19 14:00:19.129 14747-14774/? W/bt_btif: HAL bt_gatt_callbacks->client->notify_cb
2020-09-19 14:00:19.129 14747-14774/? I/bt_btif: BTA_GATTC_SendIndConfirm conn_id=6 handle=0x002c
2020-09-19 14:00:19.130 14747-14782/? I/bt_att: GATTC_SendHandleValueConfirm conn_id=6 handle=0x2c
2020-09-19 14:00:19.138 28360-28360/? I/System.out: shl View.plist_size==361, 1006
2020-09-19 14:00:19.139 28360-28360/? I/System.out: shl View.plist_size==361, 1006
2020-09-19 14:00:19.140 28360-28442/? I/SendBroadcastPermission: action:action.character_changed, mPermissionType:0
2020-09-19 14:00:19.156 28360-28360/? I/System.out: shl View.plist_size==361, 1006
2020-09-19 14:00:19.173 28360-28360/? E/vvvvvvvvvvv: reciverMsg： 06,05,b4,00,c3,27,00,d4,2f,00,f0,3d,00,0b,3c,00,e0,28,00,88,2f,00,9f,2d,00,c5,3a,00,3e,41,00,dd,34,00,19,30,00,6f,36,00,a3,3d,00,41,3a,00,d1,29,00,43,27,00,c0,34,00,1a,42,00,bb,3f,00,89,2b,00,da,24,00,e4,27,00,1b,2e,00,17,32,00,d7,2e,00,66,2e,00,0f,2b,00,33,2c,00,34,32,00,37,34,00,fd,2f,00,58,30,00,78,32,00,cf,31,00,52,2b,00,c9,2c,00,70,31,00,5f,2c,00,16,35,00,97,31,00,2e,2c,00,01,2f,00,7f,2c,00,fe,32,00,fa,39,00,ac,2c,00,79,33,00,85,37,00,69,3a,00,d0,33,00,d0,3a,00,4e,37,00,2e,2e,00,aa,2f,00,35,32,00,f8,2e,00,31,2b,00,d1,34,00,ab,9a,
2020-09-19 14:00:19.173 28360-28360/? I/SendBroadcastPermission: action:com.health.communication.RECEIVER, mPermissionType:0
2020-09-19 14:00:19.175 28360-28360/? I/System.out: shl View.plist_size==361, 1006
2020-09-19 14:00:19.175 28360-28360/? I/System.out: shl View.plist_size==361, 1006
2020-09-19 14:00:19.189 28360-28360/? E/qob: hrv_evt_handle 3
2020-09-19 14:00:19.191 28360-28360/? I/System.out: shl View.plist_size==361, 1025
2020-09-19 14:00:19.191 28360-28614/? E/MainActivity123: key == 1  ---- objs.get(smsg) [6, 5, -76, 0, -61, 39, 0, -44, 47, 0, -16, 61, 0, 11, 60, 0, -32, 40, 0, -120, 47, 0, -97, 45, 0, -59, 58, 0, 62, 65, 0, -35, 52, 0, 25, 48, 0, 111, 54, 0, -93, 61, 0, 65, 58, 0, -47, 41, 0, 67, 39, 0, -64, 52, 0, 26, 66, 0, -69, 63, 0, -119, 43, 0, -38, 36, 0, -28, 39, 0, 27, 46, 0, 23, 50, 0, -41, 46, 0, 102, 46, 0, 15, 43, 0, 51, 44, 0, 52, 50, 0, 55, 52, 0, -3, 47, 0, 88, 48, 0, 120, 50, 0, -49, 49, 0, 82, 43, 0, -55, 44, 0, 112, 49, 0, 95, 44, 0, 22, 53, 0, -105, 49, 0, 46, 44, 0, 1, 47, 0, 127, 44, 0, -2, 50, 0, -6, 57, 0, -84, 44, 0, 121, 51, 0, -123, 55, 0, 105, 58, 0, -48, 51, 0, -48, 58, 0, 78, 55, 0, 46, 46, 0, -86, 47, 0, 53, 50, 0, -8, 46, 0, 49, 43, 0, -47, 52, 0, -85, -102]
2020-09-19 14:00:19.191 28360-28360/? I/MediaPlayer: [HSM] stayAwake true uid: 10605, pid: 28360
2020-09-19 14:00:19.192 1255-8298/? E/HsmCoreServiceImpl: onTransact in code is: 102
2020-09-19 14:00:19.192 1255-8298/? I/MediaProcessHandler: processOp opType: 0, uid: 10605, pid: 28360
2020-09-19 14:00:19.192 28360-28360/? I/MediaPlayer: Pid:28360 MediaPlayer::start
2020-09-19 14:00:19.192 28360-28614/? I/smart:  msgs: 06,05,b4,00,c3,27,00,d4,2f,00,f0,3d,00,0b,3c,00,e0,28,00,88,2f,00,9f,2d,00,c5,3a,00,3e,41,00,dd,34,00,19,30,00,6f,36,00,a3,3d,00,41,3a,00,d1,29,00,43,27,00,c0,34,00,1a,42,00,bb,3f,00,89,2b,00,da,24,00,e4,27,00,1b,2e,00,17,32,00,d7,2e,00,66,2e,00,0f,2b,00,33,2c,00,34,32,00,37,34,00,fd,2f,00,58,30,00,78,32,00,cf,31,00,52,2b,00,c9,2c,00,70,31,00,5f,2c,00,16,35,00,97,31,00,2e,2c,00,01,2f,00,7f,2c,00,fe,32,00,fa,39,00,ac,2c,00,79,33,00,85,37,00,69,3a,00,d0,33,00,d0,3a,00,4e,37,00,2e,2e,00,aa,2f,00,35,32,00,f8,2e,00,31,2b,00,d1,34,00,ab,9a, isMsgClose: false isFront: false
2020-09-19 14:00:19.193 550-31736/? I/NuPlayer: NuPlayer::canSeek,mSourceFlags = 15 
2020-09-19 14:00:19.194 676-787/? I/hash_map_utils: key: 'mode' value: ''
2020-09-19 14:00:19.194 676-14452/? I/hash_map_utils: key: 'mode' value: ''
2020-09-19 14:00:19.194 676-1413/? I/APM_AudioPolicyManager: startOutput() output 13, stream 3, session 26745
2020-09-19 14:00:19.195 676-1413/? I/APM_AudioPolicyManager: getNewOutputDevice() selected device 2
2020-09-19 14:00:19.195 676-1413/? I/APM_AudioPolicyManager: setOutputDevice() device 0x0002 delayMs 0 force 1
2020-09-19 14:00:19.195 676-1413/? I/APM_AudioPolicyManager: setOutputDevice() changing to device 0x0002 , muteWaitMs 0
2020-09-19 14:00:19.195 676-779/? I/audio_hw_primary: out_set_parameters_no_lock device:0x0, out type:0
2020-09-19 14:00:19.195 676-779/? I/audio_hw_primary: out_set_parameters_no_lock device:0x2, out type:0
2020-09-19 14:00:19.195 676-779/? I/audio_hw_primary: call_get_sample_rate: sample_rate = 16000, tty_status = 0
2020-09-19 14:00:19.195 676-779/? I/audio_hw_primary: select_devices++ mode[0]
2020-09-19 14:00:19.195 676-779/? I/audio_hw_primary: select_devices--
2020-09-19 14:00:19.196 676-1413/? I/APM_AudioPolicyManager: setOutputDevice() createAudioPatch returned 0 patchHandle 26868 num_sources 1 num_sinks 1
2020-09-19 14:00:19.196 676-1413/? I/APM_AudioPolicyManager: checkOutputForStrategy() getDeviceForStrategy strategy=3 newDevice=2 oldDevice=2
2020-09-19 14:00:19.196 676-1413/? I/AudioTrackShared: server obtain null buf part1:0 rear:46080 front:46080 mFrameCount:22050
2020-09-19 14:00:19.197 1958-2032/? I/PGServer: report state:2 event type:1 pid:28360 uid:10605 pkg:null to pid: 1255
2020-09-19 14:00:19.197 550-31736/? I/NuPlayer: performSeek before, mIsSeeking should to change to false
2020-09-19 14:00:19.198 1255-1255/? I/AudioSystem-JNI: listAudioPorts AudioSystem::listAudioPorts numPorts 7 generation 3541 generation1 3541
2020-09-19 14:00:19.202 550-31827/? I/NuPlayerDecoder: [audio] saw output EOS
2020-09-19 14:00:19.205 28360-28360/? I/System.out: shl View.plist_size==361, 1025
2020-09-19 14:00:19.222 28360-28360/? I/System.out: shl View.plist_size==361, 1025
2020-09-19 14:00:19.238 28360-28360/? I/System.out: shl View.plist_size==361, 1025
2020-09-19 14:00:19.255 28360-28360/? I/System.out: shl View.plist_size==361, 1025
2020-09-19 14:00:19.255 28360-28360/? I/System.out: shl View.plist_size==361, 1025
2020-09-19 14:00:19.272 28360-28360/? I/System.out: shl View.plist_size==361, 1025
2020-09-19 14:00:19.289 28360-28360/? I/System.out: shl View.plist_size==361, 1025
2020-09-19 14:00:19.305 28360-28360/? I/System.out: shl View.plist_size==361, 1025
2020-09-19 14:00:19.322 28360-28360/? I/System.out: shl View.plist_size==361, 1025
2020-09-19 14:00:19.322 28360-28360/? I/System.out: shl View.plist_size==361, 1025
2020-09-19 14:00:19.338 28360-28360/? I/System.out: shl View.plist_size==361, 1025
2020-09-19 14:00:19.355 28360-28360/? I/System.out: shl View.plist_size==361, 1025
2020-09-19 14:00:19.372 28360-28360/? I/System.out: shl View.plist_size==361, 1025
2020-09-19 14:00:19.375 14747-14782/? I/bt_att: GATTC_SendHandleValueConfirm conn_id=3 handle=0x2c
2020-09-19 14:00:19.375 14747-14782/? I/bt_att: GATTC_SendHandleValueConfirm conn_id=4 handle=0x2c
2020-09-19 14:00:19.376 14747-14782/? I/bt_att: GATTC_SendHandleValueConfirm conn_id=5 handle=0x2c
2020-09-19 14:00:19.376 14747-14782/? I/bt_att: GATTC_SendHandleValueConfirm conn_id=7 handle=0x2c
2020-09-19 14:00:19.376 14747-14774/? W/bt_btif: HAL bt_gatt_callbacks->client->notify_cb
2020-09-19 14:00:19.376 14747-14774/? I/bt_btif: BTA_GATTC_SendIndConfirm conn_id=6 handle=0x002c
2020-09-19 14:00:19.376 14747-14782/? I/bt_att: GATTC_SendHandleValueConfirm conn_id=6 handle=0x2c
2020-09-19 14:00:19.388 28360-28360/? I/System.out: shl View.plist_size==361, 1025
2020-09-19 14:00:19.389 28360-28360/? I/System.out: shl View.plist_size==361, 1025
2020-09-19 14:00:19.398 28360-28442/? I/SendBroadcastPermission: action:action.character_changed, mPermissionType:0
2020-09-19 14:00:19.405 28360-28360/? I/System.out: shl View.plist_size==361, 1025
2020-09-19 14:00:19.413 676-779/? I/AudioTrackShared: server obtain null buf part1:0 rear:55296 front:55296 mFrameCount:22050
2020-09-19 14:00:19.423 28360-28360/? E/vvvvvvvvvvv: reciverMsg： 06,05,b4,00,cb,3c,00,8b,34,00,e6,30,00,b5,32,00,c5,33,00,3d,3b,00,19,35,00,ba,2e,00,7d,38,00,0a,38,00,1e,2c,00,d4,29,00,23,30,00,a7,37,00,2f,36,00,e2,2e,00,37,34,00,f4,38,00,d8,3e,00,d7,36,00,c3,2c,00,63,2b,00,a1,35,00,ff,3f,00,95,36,00,93,2f,00,ef,2b,00,da,34,00,dd,38,00,cf,2f,00,73,30,00,29,36,00,9c,31,00,da,35,00,9a,35,00,61,37,00,b7,3a,00,16,36,00,d6,30,00,b6,31,00,b2,2f,00,f0,31,00,80,3d,00,a8,3d,00,05,33,00,e1,31,00,ac,31,00,f8,2f,00,56,34,00,4f,32,00,93,2e,00,7c,34,00,57,34,00,e8,3c,00,c5,37,00,66,2f,00,c0,31,00,0a,3a,00,3c,aa,
2020-09-19 14:00:19.423 28360-28360/? I/SendBroadcastPermission: action:com.health.communication.RECEIVER, mPermissionType:0
2020-09-19 14:00:19.425 28360-28360/? I/System.out: shl View.plist_size==361, 1025
2020-09-19 14:00:19.425 28360-28360/? I/MediaPlayer: [HSM] stayAwake false uid: 10605, pid: 28360
2020-09-19 14:00:19.425 1255-1266/? E/HsmCoreServiceImpl: onTransact in code is: 102
2020-09-19 14:00:19.425 1255-1266/? I/MediaProcessHandler: processOp opType: 1, uid: 10605, pid: 28360
2020-09-19 14:00:19.426 28360-28360/? I/System.out: shl View.plist_size==361, 1025
2020-09-19 14:00:19.441 28360-28360/? I/System.out: shl View.plist_size==361, 1044
2020-09-19 14:00:19.441 28360-28614/? E/MainActivity123: key == 1  ---- objs.get(smsg) [6, 5, -76, 0, -53, 60, 0, -117, 52, 0, -26, 48, 0, -75, 50, 0, -59, 51, 0, 61, 59, 0, 25, 53, 0, -70, 46, 0, 125, 56, 0, 10, 56, 0, 30, 44, 0, -44, 41, 0, 35, 48, 0, -89, 55, 0, 47, 54, 0, -30, 46, 0, 55, 52, 0, -12, 56, 0, -40, 62, 0, -41, 54, 0, -61, 44, 0, 99, 43, 0, -95, 53, 0, -1, 63, 0, -107, 54, 0, -109, 47, 0, -17, 43, 0, -38, 52, 0, -35, 56, 0, -49, 47, 0, 115, 48, 0, 41, 54, 0, -100, 49, 0, -38, 53, 0, -102, 53, 0, 97, 55, 0, -73, 58, 0, 22, 54, 0, -42, 48, 0, -74, 49, 0, -78, 47, 0, -16, 49, 0, -128, 61, 0, -88, 61, 0, 5, 51, 0, -31, 49, 0, -84, 49, 0, -8, 47, 0, 86, 52, 0, 79, 50, 0, -109, 46, 0, 124, 52, 0, 87, 52, 0, -24, 60, 0, -59, 55, 0, 102, 47, 0, -64, 49, 0, 10, 58, 0, 60, -86]
2020-09-19 14:00:19.443 28360-28614/? I/smart:  msgs: 06,05,b4,00,cb,3c,00,8b,34,00,e6,30,00,b5,32,00,c5,33,00,3d,3b,00,19,35,00,ba,2e,00,7d,38,00,0a,38,00,1e,2c,00,d4,29,00,23,30,00,a7,37,00,2f,36,00,e2,2e,00,37,34,00,f4,38,00,d8,3e,00,d7,36,00,c3,2c,00,63,2b,00,a1,35,00,ff,3f,00,95,36,00,93,2f,00,ef,2b,00,da,34,00,dd,38,00,cf,2f,00,73,30,00,29,36,00,9c,31,00,da,35,00,9a,35,00,61,37,00,b7,3a,00,16,36,00,d6,30,00,b6,31,00,b2,2f,00,f0,31,00,80,3d,00,a8,3d,00,05,33,00,e1,31,00,ac,31,00,f8,2f,00,56,34,00,4f,32,00,93,2e,00,7c,34,00,57,34,00,e8,3c,00,c5,37,00,66,2f,00,c0,31,00,0a,3a,00,3c,aa, isMsgClose: false isFront: false
2020-09-19 14:00:19.456 28360-28360/? I/System.out: shl View.plist_size==361, 1044
2020-09-19 14:00:19.472 28360-28360/? I/System.out: shl View.plist_size==361, 1044
2020-09-19 14:00:19.474 1958-2032/? I/DeviceMonitor: last release audio mix uid:10605 pid:-2
2020-09-19 14:00:19.483 676-689/? I/APM_AudioPolicyManager: stopOutput() output 13, stream 3, session 26745
2020-09-19 14:00:19.483 676-689/? I/APM_AudioPolicyManager: getNewOutputDevice() selected device 0
2020-09-19 14:00:19.483 676-689/? I/APM_AudioPolicyManager: setOutputDevice() device 0x0000 delayMs 80 force 0
2020-09-19 14:00:19.483 676-689/? I/APM_AudioPolicyManager: setOutputDevice() setting same device 0x0000 or null device
2020-09-19 14:00:19.483 676-689/? I/APM_AudioPolicyManager: checkOutputForStrategy() getDeviceForStrategy strategy=3 newDevice=2 oldDevice=2
2020-09-19 14:00:19.485 1958-2032/? I/PGServer: report state:2 event type:2 pid:28360 uid:10605 pkg:null to pid: 1255
2020-09-19 14:00:19.488 28360-28360/? I/System.out: shl View.plist_size==361, 1044
2020-09-19 14:00:19.505 28360-28360/? I/System.out: shl View.plist_size==361, 1044
2020-09-19 14:00:19.505 28360-28360/? I/System.out: shl View.plist_size==361, 1044
2020-09-19 14:00:19.510 1555-1555/? I/NetworkSpeedManagerEx: mIsStop = false
2020-09-19 14:00:19.513 1555-1555/? I/NetworkSpeedManagerEx: value=0.0speed = 0K/s
2020-09-19 14:00:19.513 1555-1555/? I/NetworkSpeedView: /update(), speed=0K/s parent class:class com.android.systemui.statusbar.HwSystemIcons
2020-09-19 14:00:19.522 28360-28360/? I/System.out: shl View.plist_size==361, 1044
2020-09-19 14:00:19.530 1555-1555/? I/NetworkSpeedManagerEx: mIsStop = false
2020-09-19 14:00:19.533 1555-1555/? I/NetworkSpeedManagerEx: value=0.0speed = 0K/s
2020-09-19 14:00:19.533 1555-1555/? I/NetworkSpeedView: /update(), speed=0K/s parent class:class com.android.systemui.statusbar.HwSystemIcons
2020-09-19 14:00:19.538 28360-28360/? I/System.out: shl View.plist_size==361, 1044
2020-09-19 14:00:19.555 28360-28360/? I/System.out: shl View.plist_size==361, 1044
2020-09-19 14:00:19.572 28360-28360/? I/System.out: shl View.plist_size==361, 1044
2020-09-19 14:00:19.572 28360-28360/? I/System.out: shl View.plist_size==361, 1044
2020-09-19 14:00:19.588 28360-28360/? I/System.out: shl View.plist_size==361, 1044
2020-09-19 14:00:19.605 28360-28360/? I/System.out: shl View.plist_size==361, 1044
2020-09-19 14:00:19.622 28360-28360/? I/System.out: shl View.plist_size==361, 1044
2020-09-19 14:00:19.622 28360-28360/? I/System.out: shl View.plist_size==361, 1044
2020-09-19 14:00:19.638 28360-28360/? I/System.out: shl View.plist_size==361, 1044
2020-09-19 14:00:19.645 14747-14782/? I/bt_att: GATTC_SendHandleValueConfirm conn_id=3 handle=0x2c
2020-09-19 14:00:19.646 14747-14782/? I/bt_att: GATTC_SendHandleValueConfirm conn_id=4 handle=0x2c
2020-09-19 14:00:19.646 14747-14782/? I/bt_att: GATTC_SendHandleValueConfirm conn_id=5 handle=0x2c
2020-09-19 14:00:19.646 14747-14782/? I/bt_att: GATTC_SendHandleValueConfirm conn_id=7 handle=0x2c
2020-09-19 14:00:19.646 14747-14774/? W/bt_btif: HAL bt_gatt_callbacks->client->notify_cb
2020-09-19 14:00:19.647 14747-14774/? I/bt_btif: BTA_GATTC_SendIndConfirm conn_id=6 handle=0x002c
2020-09-19 14:00:19.647 14747-14782/? I/bt_att: GATTC_SendHandleValueConfirm conn_id=6 handle=0x2c
2020-09-19 14:00:19.655 28360-28360/? I/System.out: shl View.plist_size==361, 1044
2020-09-19 14:00:19.672 28360-28360/? I/System.out: shl View.plist_size==361, 1044
2020-09-19 14:00:19.672 28360-28442/? I/SendBroadcastPermission: action:action.character_changed, mPermissionType:0
2020-09-19 14:00:19.689 28360-28360/? I/System.out: shl View.plist_size==361, 1044
2020-09-19 14:00:19.690 28360-28360/? I/System.out: shl View.plist_size==361, 1044
2020-09-19 14:00:19.706 28360-28360/? E/vvvvvvvvvvv: reciverMsg： 06,05,b4,00,5d,3e,00,2f,32,00,57,2e,00,5e,30,00,15,33,00,62,39,00,d2,32,00,74,28,00,ab,2f,00,6e,35,00,05,35,00,01,34,00,70,30,00,eb,31,00,7e,38,00,56,37,00,d6,3a,00,19,32,00,ca,2c,00,92,32,00,4b,38,00,bd,2f,00,8a,33,00,de,2e,00,c4,2d,00,ca,2f,00,be,30,00,c4,31,00,a6,30,00,d8,31,00,bf,3c,00,ff,36,00,77,2c,00,ac,32,00,32,35,00,d8,36,00,aa,2e,00,3a,2d,00,0b,33,00,b6,2f,00,f1,40,00,f0,37,00,90,2e,00,76,2b,00,e5,2d,00,2c,3a,00,78,3c,00,6b,44,00,88,40,00,28,39,00,91,3b,00,9b,2e,00,8c,2f,00,e7,2f,00,92,31,00,a7,31,00,be,2f,00,b9,33,00,ad,82,
2020-09-19 14:00:19.706 28360-28360/? I/SendBroadcastPermission: action:com.health.communication.RECEIVER, mPermissionType:0
2020-09-19 14:00:19.708 28360-28360/? I/System.out: shl View.plist_size==361, 1044
2020-09-19 14:00:19.724 28360-28360/? I/System.out: shl View.plist_size==361, 1064
2020-09-19 14:00:19.724 28360-28614/? E/MainActivity123: key == 1  ---- objs.get(smsg) [6, 5, -76, 0, 93, 62, 0, 47, 50, 0, 87, 46, 0, 94, 48, 0, 21, 51, 0, 98, 57, 0, -46, 50, 0, 116, 40, 0, -85, 47, 0, 110, 53, 0, 5, 53, 0, 1, 52, 0, 112, 48, 0, -21, 49, 0, 126, 56, 0, 86, 55, 0, -42, 58, 0, 25, 50, 0, -54, 44, 0, -110, 50, 0, 75, 56, 0, -67, 47, 0, -118, 51, 0, -34, 46, 0, -60, 45, 0, -54, 47, 0, -66, 48, 0, -60, 49, 0, -90, 48, 0, -40, 49, 0, -65, 60, 0, -1, 54, 0, 119, 44, 0, -84, 50, 0, 50, 53, 0, -40, 54, 0, -86, 46, 0, 58, 45, 0, 11, 51, 0, -74, 47, 0, -15, 64, 0, -16, 55, 0, -112, 46, 0, 118, 43, 0, -27, 45, 0, 44, 58, 0, 120, 60, 0, 107, 68, 0, -120, 64, 0, 40, 57, 0, -111, 59, 0, -101, 46, 0, -116, 47, 0, -25, 47, 0, -110, 49, 0, -89, 49, 0, -66, 47, 0, -71, 51, 0, -83, -126]
2020-09-19 14:00:19.725 28360-28614/? I/smart:  msgs: 06,05,b4,00,5d,3e,00,2f,32,00,57,2e,00,5e,30,00,15,33,00,62,39,00,d2,32,00,74,28,00,ab,2f,00,6e,35,00,05,35,00,01,34,00,70,30,00,eb,31,00,7e,38,00,56,37,00,d6,3a,00,19,32,00,ca,2c,00,92,32,00,4b,38,00,bd,2f,00,8a,33,00,de,2e,00,c4,2d,00,ca,2f,00,be,30,00,c4,31,00,a6,30,00,d8,31,00,bf,3c,00,ff,36,00,77,2c,00,ac,32,00,32,35,00,d8,36,00,aa,2e,00,3a,2d,00,0b,33,00,b6,2f,00,f1,40,00,f0,37,00,90,2e,00,76,2b,00,e5,2d,00,2c,3a,00,78,3c,00,6b,44,00,88,40,00,28,39,00,91,3b,00,9b,2e,00,8c,2f,00,e7,2f,00,92,31,00,a7,31,00,be,2f,00,b9,33,00,ad,82, isMsgClose: false isFront: false
2020-09-19 14:00:19.738 28360-28360/? I/System.out: shl View.plist_size==361, 1064
2020-09-19 14:00:19.755 28360-28360/? I/System.out: shl View.plist_size==361, 1064
2020-09-19 14:00:19.755 28360-28360/? I/System.out: shl View.plist_size==361, 1064
2020-09-19 14:00:19.772 28360-28360/? I/System.out: shl View.plist_size==361, 1064
2020-09-19 14:00:19.788 28360-28360/? I/System.out: shl View.plist_size==361, 1064
2020-09-19 14:00:19.805 28360-28360/? I/System.out: shl View.plist_size==361, 1064
2020-09-19 14:00:19.822 28360-28360/? I/System.out: shl View.plist_size==361, 1064
2020-09-19 14:00:19.822 28360-28360/? I/System.out: shl View.plist_size==361, 1064
2020-09-19 14:00:19.838 28360-28360/? I/System.out: shl View.plist_size==361, 1064
2020-09-19 14:00:19.849 14747-14782/? I/bt_att: GATTC_SendHandleValueConfirm conn_id=3 handle=0x2c
2020-09-19 14:00:19.849 14747-14782/? I/bt_att: GATTC_SendHandleValueConfirm conn_id=4 handle=0x2c
2020-09-19 14:00:19.849 14747-14782/? I/bt_att: GATTC_SendHandleValueConfirm conn_id=5 handle=0x2c
2020-09-19 14:00:19.850 14747-14782/? I/bt_att: GATTC_SendHandleValueConfirm conn_id=7 handle=0x2c
2020-09-19 14:00:19.850 14747-14774/? W/bt_btif: HAL bt_gatt_callbacks->client->notify_cb
2020-09-19 14:00:19.850 14747-14774/? I/bt_btif: BTA_GATTC_SendIndConfirm conn_id=6 handle=0x002c
2020-09-19 14:00:19.850 14747-14782/? I/bt_att: GATTC_SendHandleValueConfirm conn_id=6 handle=0x2c
2020-09-19 14:00:19.855 28360-28360/? I/System.out: shl View.plist_size==361, 1064
2020-09-19 14:00:19.872 28360-28360/? I/System.out: shl View.plist_size==361, 1064
2020-09-19 14:00:19.872 28360-28360/? I/System.out: shl View.plist_size==361, 1064
2020-09-19 14:00:19.877 28360-28442/? I/SendBroadcastPermission: action:action.character_changed, mPermissionType:0
2020-09-19 14:00:19.889 28360-28360/? I/System.out: shl View.plist_size==361, 1064
