2020-09-19 14:00:33.488 28360-28360/? I/System.out: shl View.plist_size==361, 2185
2020-09-19 14:00:33.489 28360-28360/? I/System.out: shl View.plist_size==361, 2185
2020-09-19 14:00:33.505 28360-28360/? I/System.out: shl View.plist_size==361, 2185
2020-09-19 14:00:33.521 28360-28360/? I/System.out: shl View.plist_size==361, 2185
2020-09-19 14:00:33.538 28360-28360/? I/System.out: shl View.plist_size==361, 2185
2020-09-19 14:00:33.551 14747-14782/? I/bt_att: GATTC_SendHandleValueConfirm conn_id=3 handle=0x2c
2020-09-19 14:00:33.551 14747-14782/? I/bt_att: GATTC_SendHandleValueConfirm conn_id=4 handle=0x2c
2020-09-19 14:00:33.551 14747-14782/? I/bt_att: GATTC_SendHandleValueConfirm conn_id=5 handle=0x2c
2020-09-19 14:00:33.551 14747-14782/? I/bt_att: GATTC_SendHandleValueConfirm conn_id=7 handle=0x2c
2020-09-19 14:00:33.551 14747-14774/? W/bt_btif: HAL bt_gatt_callbacks->client->notify_cb
2020-09-19 14:00:33.552 14747-14774/? I/bt_btif: BTA_GATTC_SendIndConfirm conn_id=6 handle=0x002c
2020-09-19 14:00:33.552 14747-14782/? I/bt_att: GATTC_SendHandleValueConfirm conn_id=6 handle=0x2c
2020-09-19 14:00:33.556 28360-28360/? I/System.out: shl View.plist_size==361, 2185
2020-09-19 14:00:33.556 28360-28360/? I/System.out: shl View.plist_size==361, 2185
2020-09-19 14:00:33.563 28360-28442/? I/SendBroadcastPermission: action:action.character_changed, mPermissionType:0
2020-09-19 14:00:33.573 28360-28360/? I/System.out: shl View.plist_size==361, 2185
2020-09-19 14:00:33.589 28360-28360/? E/vvvvvvvvvvv: reciverMsg： 06,05,b4,00,09,38,00,48,32,00,ab,3c,00,18,41,00,dc,2e,00,d9,40,00,96,46,00,79,4d,00,49,36,00,03,32,00,08,45,00,bc,4b,00,06,48,00,22,44,00,9c,37,00,ef,3b,00,90,53,00,5e,59,00,1c,45,00,aa,4b,00,a9,43,00,3d,4b,00,a7,4c,00,89,48,00,dc,3f,00,ee,46,00,b1,45,00,6a,42,00,11,3a,00,2c,39,00,9d,42,00,aa,44,00,af,4c,00,dd,54,00,79,3d,00,52,2e,00,15,3d,00,77,49,00,a6,3e,00,d2,2a,00,05,2d,00,94,45,00,ad,42,00,e7,33,00,92,30,00,a4,31,00,3d,34,00,63,2e,00,96,35,00,d6,34,00,80,29,00,ac,38,00,83,3d,00,2a,24,00,0d,21,00,09,1e,00,7c,1d,00,64,21,00,6c,b4,
2020-09-19 14:00:33.590 28360-28360/? I/SendBroadcastPermission: action:com.health.communication.RECEIVER, mPermissionType:0
2020-09-19 14:00:33.591 28360-28360/? I/System.out: shl View.plist_size==361, 2185
2020-09-19 14:00:33.592 676-779/? I/AudioTrackShared: server obtain null buf part1:0 rear:184320 front:184320 mFrameCount:22050
2020-09-19 14:00:33.607 28360-28360/? I/MediaPlayer: [HSM] stayAwake false uid: 10605, pid: 28360
2020-09-19 14:00:33.608 28360-28614/? E/MainActivity123: key == 1  ---- objs.get(smsg) [6, 5, -76, 0, 9, 56, 0, 72, 50, 0, -85, 60, 0, 24, 65, 0, -36, 46, 0, -39, 64, 0, -106, 70, 0, 121, 77, 0, 73, 54, 0, 3, 50, 0, 8, 69, 0, -68, 75, 0, 6, 72, 0, 34, 68, 0, -100, 55, 0, -17, 59, 0, -112, 83, 0, 94, 89, 0, 28, 69, 0, -86, 75, 0, -87, 67, 0, 61, 75, 0, -89, 76, 0, -119, 72, 0, -36, 63, 0, -18, 70, 0, -79, 69, 0, 106, 66, 0, 17, 58, 0, 44, 57, 0, -99, 66, 0, -86, 68, 0, -81, 76, 0, -35, 84, 0, 121, 61, 0, 82, 46, 0, 21, 61, 0, 119, 73, 0, -90, 62, 0, -46, 42, 0, 5, 45, 0, -108, 69, 0, -83, 66, 0, -25, 51, 0, -110, 48, 0, -92, 49, 0, 61, 52, 0, 99, 46, 0, -106, 53, 0, -42, 52, 0, -128, 41, 0, -84, 56, 0, -125, 61, 0, 42, 36, 0, 13, 33, 0, 9, 30, 0, 124, 29, 0, 100, 33, 0, 108, -76]
2020-09-19 14:00:33.608 1255-4256/? E/HsmCoreServiceImpl: onTransact in code is: 102
2020-09-19 14:00:33.608 1255-4256/? I/MediaProcessHandler: processOp opType: 1, uid: 10605, pid: 28360
2020-09-19 14:00:33.608 28360-28360/? I/System.out: shl View.plist_size==361, 2204
2020-09-19 14:00:33.609 28360-28360/? I/System.out: shl View.plist_size==361, 2204
2020-09-19 14:00:33.610 28360-28614/? I/smart:  msgs: 06,05,b4,00,09,38,00,48,32,00,ab,3c,00,18,41,00,dc,2e,00,d9,40,00,96,46,00,79,4d,00,49,36,00,03,32,00,08,45,00,bc,4b,00,06,48,00,22,44,00,9c,37,00,ef,3b,00,90,53,00,5e,59,00,1c,45,00,aa,4b,00,a9,43,00,3d,4b,00,a7,4c,00,89,48,00,dc,3f,00,ee,46,00,b1,45,00,6a,42,00,11,3a,00,2c,39,00,9d,42,00,aa,44,00,af,4c,00,dd,54,00,79,3d,00,52,2e,00,15,3d,00,77,49,00,a6,3e,00,d2,2a,00,05,2d,00,94,45,00,ad,42,00,e7,33,00,92,30,00,a4,31,00,3d,34,00,63,2e,00,96,35,00,d6,34,00,80,29,00,ac,38,00,83,3d,00,2a,24,00,0d,21,00,09,1e,00,7c,1d,00,64,21,00,6c,b4, isMsgClose: false isFront: false
2020-09-19 14:00:33.622 28360-28360/? I/System.out: shl View.plist_size==361, 2204
2020-09-19 14:00:33.638 28360-28360/? I/System.out: shl View.plist_size==361, 2204
2020-09-19 14:00:33.653 1958-2032/? I/DeviceMonitor: last release audio mix uid:10605 pid:-2
2020-09-19 14:00:33.655 28360-28360/? I/System.out: shl View.plist_size==361, 2204
2020-09-19 14:00:33.662 676-689/? I/APM_AudioPolicyManager: stopOutput() output 13, stream 3, session 26745
2020-09-19 14:00:33.663 676-689/? I/APM_AudioPolicyManager: getNewOutputDevice() selected device 0
2020-09-19 14:00:33.663 676-689/? I/APM_AudioPolicyManager: setOutputDevice() device 0x0000 delayMs 80 force 0
2020-09-19 14:00:33.663 676-689/? I/APM_AudioPolicyManager: setOutputDevice() setting same device 0x0000 or null device
2020-09-19 14:00:33.663 676-689/? I/APM_AudioPolicyManager: checkOutputForStrategy() getDeviceForStrategy strategy=3 newDevice=2 oldDevice=2
2020-09-19 14:00:33.665 1958-2032/? I/PGServer: report state:2 event type:2 pid:28360 uid:10605 pkg:null to pid: 1255
2020-09-19 14:00:33.672 28360-28360/? I/System.out: shl View.plist_size==361, 2204
2020-09-19 14:00:33.672 28360-28360/? I/System.out: shl View.plist_size==361, 2204
2020-09-19 14:00:33.688 28360-28360/? I/System.out: shl View.plist_size==361, 2204
2020-09-19 14:00:33.705 28360-28360/? I/System.out: shl View.plist_size==361, 2204
2020-09-19 14:00:33.722 28360-28360/? I/System.out: shl View.plist_size==361, 2204
2020-09-19 14:00:33.738 28360-28360/? I/System.out: shl View.plist_size==361, 2204
2020-09-19 14:00:33.738 28360-28360/? I/System.out: shl View.plist_size==361, 2204
2020-09-19 14:00:33.756 28360-28360/? I/System.out: shl View.plist_size==361, 2204
2020-09-19 14:00:33.772 28360-28360/? I/System.out: shl View.plist_size==361, 2204
2020-09-19 14:00:33.789 28360-28360/? I/System.out: shl View.plist_size==361, 2204
2020-09-19 14:00:33.806 28360-28360/? I/System.out: shl View.plist_size==361, 2204
2020-09-19 14:00:33.806 28360-28360/? I/System.out: shl View.plist_size==361, 2204
2020-09-19 14:00:33.821 14747-14782/? I/bt_att: GATTC_SendHandleValueConfirm conn_id=3 handle=0x2c
2020-09-19 14:00:33.822 14747-14782/? I/bt_att: GATTC_SendHandleValueConfirm conn_id=4 handle=0x2c
2020-09-19 14:00:33.822 14747-14782/? I/bt_att: GATTC_SendHandleValueConfirm conn_id=5 handle=0x2c
2020-09-19 14:00:33.822 28360-28360/? I/System.out: shl View.plist_size==361, 2204
2020-09-19 14:00:33.822 14747-14782/? I/bt_att: GATTC_SendHandleValueConfirm conn_id=7 handle=0x2c
2020-09-19 14:00:33.822 14747-14774/? W/bt_btif: HAL bt_gatt_callbacks->client->notify_cb
2020-09-19 14:00:33.823 14747-14774/? I/bt_btif: BTA_GATTC_SendIndConfirm conn_id=6 handle=0x002c
2020-09-19 14:00:33.823 14747-14782/? I/bt_att: GATTC_SendHandleValueConfirm conn_id=6 handle=0x2c
2020-09-19 14:00:33.838 28360-28360/? I/System.out: shl View.plist_size==361, 2204
2020-09-19 14:00:33.849 28360-28442/? I/SendBroadcastPermission: action:action.character_changed, mPermissionType:0
2020-09-19 14:00:33.855 28360-28360/? I/System.out: shl View.plist_size==361, 2204
2020-09-19 14:00:33.871 28360-28360/? I/System.out: shl View.plist_size==361, 2204
2020-09-19 14:00:33.873 28360-28360/? E/vvvvvvvvvvv: reciverMsg： 06,05,b4,00,03,28,00,3d,2b,00,9f,0f,00,5e,1c,00,be,25,00,3b,24,00,30,25,00,6d,2e,00,f9,19,00,a9,22,00,a2,1c,00,b2,2d,00,59,27,00,5e,13,00,74,20,00,b5,29,00,62,21,00,da,22,00,15,0f,00,2f,1c,00,48,2d,00,ae,32,00,94,2c,00,d3,15,00,e2,12,00,87,2e,00,28,22,00,87,21,00,f5,18,00,22,17,00,1e,25,00,c5,14,00,e6,16,00,f2,18,00,61,20,00,cc,22,00,e4,21,00,f6,20,00,19,20,00,c7,25,00,e2,13,00,8d,18,00,52,14,00,25,08,00,9b,1b,00,9f,12,00,ce,15,00,e9,13,00,b7,0b,00,b8,0f,00,e0,19,00,41,1d,00,ee,23,00,37,15,00,8d,1d,00,55,2d,00,c0,23,00,58,0b,00,fa,40,
2020-09-19 14:00:33.873 28360-28360/? I/SendBroadcastPermission: action:com.health.communication.RECEIVER, mPermissionType:0
2020-09-19 14:00:33.875 28360-28360/? I/System.out: shl View.plist_size==361, 2204
2020-09-19 14:00:33.890 28360-28360/? I/System.out: shl View.plist_size==361, 2224
2020-09-19 14:00:33.890 28360-28614/? E/MainActivity123: key == 1  ---- objs.get(smsg) [6, 5, -76, 0, 3, 40, 0, 61, 43, 0, -97, 15, 0, 94, 28, 0, -66, 37, 0, 59, 36, 0, 48, 37, 0, 109, 46, 0, -7, 25, 0, -87, 34, 0, -94, 28, 0, -78, 45, 0, 89, 39, 0, 94, 19, 0, 116, 32, 0, -75, 41, 0, 98, 33, 0, -38, 34, 0, 21, 15, 0, 47, 28, 0, 72, 45, 0, -82, 50, 0, -108, 44, 0, -45, 21, 0, -30, 18, 0, -121, 46, 0, 40, 34, 0, -121, 33, 0, -11, 24, 0, 34, 23, 0, 30, 37, 0, -59, 20, 0, -26, 22, 0, -14, 24, 0, 97, 32, 0, -52, 34, 0, -28, 33, 0, -10, 32, 0, 25, 32, 0, -57, 37, 0, -30, 19, 0, -115, 24, 0, 82, 20, 0, 37, 8, 0, -101, 27, 0, -97, 18, 0, -50, 21, 0, -23, 19, 0, -73, 11, 0, -72, 15, 0, -32, 25, 0, 65, 29, 0, -18, 35, 0, 55, 21, 0, -115, 29, 0, 85, 45, 0, -64, 35, 0, 88, 11, 0, -6, 64]
2020-09-19 14:00:33.892 28360-28614/? I/smart:  msgs: 06,05,b4,00,03,28,00,3d,2b,00,9f,0f,00,5e,1c,00,be,25,00,3b,24,00,30,25,00,6d,2e,00,f9,19,00,a9,22,00,a2,1c,00,b2,2d,00,59,27,00,5e,13,00,74,20,00,b5,29,00,62,21,00,da,22,00,15,0f,00,2f,1c,00,48,2d,00,ae,32,00,94,2c,00,d3,15,00,e2,12,00,87,2e,00,28,22,00,87,21,00,f5,18,00,22,17,00,1e,25,00,c5,14,00,e6,16,00,f2,18,00,61,20,00,cc,22,00,e4,21,00,f6,20,00,19,20,00,c7,25,00,e2,13,00,8d,18,00,52,14,00,25,08,00,9b,1b,00,9f,12,00,ce,15,00,e9,13,00,b7,0b,00,b8,0f,00,e0,19,00,41,1d,00,ee,23,00,37,15,00,8d,1d,00,55,2d,00,c0,23,00,58,0b,00,fa,40, isMsgClose: false isFront: false
2020-09-19 14:00:33.906 28360-28360/? I/System.out: shl View.plist_size==361, 2224
2020-09-19 14:00:33.921 28360-28360/? I/System.out: shl View.plist_size==361, 2224
2020-09-19 14:00:33.922 28360-28360/? I/System.out: shl View.plist_size==361, 2224
2020-09-19 14:00:33.938 28360-28360/? I/System.out: shl View.plist_size==361, 2224
2020-09-19 14:00:33.956 28360-28360/? I/System.out: shl View.plist_size==361, 2224
2020-09-19 14:00:33.972 28360-28360/? I/System.out: shl View.plist_size==361, 2224
2020-09-19 14:00:33.988 28360-28360/? I/System.out: shl View.plist_size==361, 2224
2020-09-19 14:00:33.989 28360-28360/? I/System.out: shl View.plist_size==361, 2224
2020-09-19 14:00:34.006 28360-28360/? I/System.out: shl View.plist_size==361, 2224
2020-09-19 14:00:34.022 28360-28360/? I/System.out: shl View.plist_size==361, 2224
2020-09-19 14:00:34.023 14747-14782/? I/bt_att: GATTC_SendHandleValueConfirm conn_id=3 handle=0x2c
2020-09-19 14:00:34.023 14747-14782/? I/bt_att: GATTC_SendHandleValueConfirm conn_id=4 handle=0x2c
2020-09-19 14:00:34.023 14747-14782/? I/bt_att: GATTC_SendHandleValueConfirm conn_id=5 handle=0x2c
2020-09-19 14:00:34.023 14747-14782/? I/bt_att: GATTC_SendHandleValueConfirm conn_id=7 handle=0x2c
2020-09-19 14:00:34.023 14747-14774/? W/bt_btif: HAL bt_gatt_callbacks->client->notify_cb
2020-09-19 14:00:34.024 14747-14774/? I/bt_btif: BTA_GATTC_SendIndConfirm conn_id=6 handle=0x002c
2020-09-19 14:00:34.024 14747-14782/? I/bt_att: GATTC_SendHandleValueConfirm conn_id=6 handle=0x2c
2020-09-19 14:00:34.038 28360-28360/? I/System.out: shl View.plist_size==361, 2224
2020-09-19 14:00:34.048 28360-28442/? I/SendBroadcastPermission: action:action.character_changed, mPermissionType:0
2020-09-19 14:00:34.055 28360-28360/? I/System.out: shl View.plist_size==361, 2224
2020-09-19 14:00:34.057 28360-28360/? I/System.out: shl View.plist_size==361, 2224
2020-09-19 14:00:34.073 28360-28360/? E/vvvvvvvvvvv: reciverMsg： 06,05,b4,00,e6,09,00,34,0f,00,a0,12,00,67,15,00,e9,17,00,a5,12,00,94,0e,00,fb,13,00,96,20,00,76,1f,00,5f,19,00,81,19,00,9f,11,00,8f,0a,00,bc,10,00,a4,11,00,09,12,00,7e,0d,00,6b,08,00,49,17,00,44,12,00,56,0a,00,52,0f,00,31,1d,00,ec,13,00,2a,13,00,f2,0f,00,3f,0d,00,d8,12,00,05,09,00,be,07,00,25,15,00,9e,0f,00,ba,0a,00,e8,07,00,b3,0e,00,68,18,00,a5,0d,00,e2,fd,ff,63,04,00,24,0a,00,83,08,00,24,08,00,f9,05,00,6f,18,00,83,1b,00,3d,11,00,6d,10,00,27,00,00,29,06,00,ff,1b,00,75,11,00,00,08,00,37,17,00,c9,15,00,3f,13,00,23,15,00,74,0f,00,70,ee,
2020-09-19 14:00:34.073 28360-28360/? I/SendBroadcastPermission: action:com.health.communication.RECEIVER, mPermissionType:0
2020-09-19 14:00:34.074 28360-28360/? I/System.out: shl View.plist_size==361, 2224
2020-09-19 14:00:34.090 28360-28360/? I/System.out: shl View.plist_size==361, 2243
2020-09-19 14:00:34.090 28360-28614/? E/MainActivity123: key == 1  ---- objs.get(smsg) [6, 5, -76, 0, -26, 9, 0, 52, 15, 0, -96, 18, 0, 103, 21, 0, -23, 23, 0, -91, 18, 0, -108, 14, 0, -5, 19, 0, -106, 32, 0, 118, 31, 0, 95, 25, 0, -127, 25, 0, -97, 17, 0, -113, 10, 0, -68, 16, 0, -92, 17, 0, 9, 18, 0, 126, 13, 0, 107, 8, 0, 73, 23, 0, 68, 18, 0, 86, 10, 0, 82, 15, 0, 49, 29, 0, -20, 19, 0, 42, 19, 0, -14, 15, 0, 63, 13, 0, -40, 18, 0, 5, 9, 0, -66, 7, 0, 37, 21, 0, -98, 15, 0, -70, 10, 0, -24, 7, 0, -77, 14, 0, 104, 24, 0, -91, 13, 0, -30, -3, -1, 99, 4, 0, 36, 10, 0, -125, 8, 0, 36, 8, 0, -7, 5, 0, 111, 24, 0, -125, 27, 0, 61, 17, 0, 109, 16, 0, 39, 0, 0, 41, 6, 0, -1, 27, 0, 117, 17, 0, 0, 8, 0, 55, 23, 0, -55, 21, 0, 63, 19, 0, 35, 21, 0, 116, 15, 0, 112, -18]
2020-09-19 14:00:34.092 28360-28614/? I/smart:  msgs: 06,05,b4,00,e6,09,00,34,0f,00,a0,12,00,67,15,00,e9,17,00,a5,12,00,94,0e,00,fb,13,00,96,20,00,76,1f,00,5f,19,00,81,19,00,9f,11,00,8f,0a,00,bc,10,00,a4,11,00,09,12,00,7e,0d,00,6b,08,00,49,17,00,44,12,00,56,0a,00,52,0f,00,31,1d,00,ec,13,00,2a,13,00,f2,0f,00,3f,0d,00,d8,12,00,05,09,00,be,07,00,25,15,00,9e,0f,00,ba,0a,00,e8,07,00,b3,0e,00,68,18,00,a5,0d,00,e2,fd,ff,63,04,00,24,0a,00,83,08,00,24,08,00,f9,05,00,6f,18,00,83,1b,00,3d,11,00,6d,10,00,27,00,00,29,06,00,ff,1b,00,75,11,00,00,08,00,37,17,00,c9,15,00,3f,13,00,23,15,00,74,0f,00,70,ee, isMsgClose: false isFront: false
2020-09-19 14:00:34.106 28360-28360/? I/System.out: shl View.plist_size==361, 2243
2020-09-19 14:00:34.121 28360-28360/? I/System.out: shl View.plist_size==361, 2243
2020-09-19 14:00:34.122 28360-28360/? I/System.out: shl View.plist_size==361, 2243
2020-09-19 14:00:34.138 28360-28360/? I/System.out: shl View.plist_size==361, 2243
2020-09-19 14:00:34.156 28360-28360/? I/System.out: shl View.plist_size==361, 2243
2020-09-19 14:00:34.172 28360-28360/? I/System.out: shl View.plist_size==361, 2243
2020-09-19 14:00:34.172 28360-28360/? I/System.out: shl View.plist_size==361, 2243
2020-09-19 14:00:34.188 28360-28360/? I/System.out: shl View.plist_size==361, 2243
2020-09-19 14:00:34.206 28360-28360/? I/System.out: shl View.plist_size==361, 2243
2020-09-19 14:00:34.222 28360-28360/? I/System.out: shl View.plist_size==361, 2243
2020-09-19 14:00:34.238 28360-28360/? I/System.out: shl View.plist_size==361, 2243
2020-09-19 14:00:34.239 28360-28360/? I/System.out: shl View.plist_size==361, 2243
2020-09-19 14:00:34.248 14747-14782/? I/bt_att: GATTC_SendHandleValueConfirm conn_id=3 handle=0x2c
2020-09-19 14:00:34.248 14747-14782/? I/bt_att: GATTC_SendHandleValueConfirm conn_id=4 handle=0x2c
2020-09-19 14:00:34.248 14747-14782/? I/bt_att: GATTC_SendHandleValueConfirm conn_id=5 handle=0x2c
2020-09-19 14:00:34.248 14747-14782/? I/bt_att: GATTC_SendHandleValueConfirm conn_id=7 handle=0x2c
2020-09-19 14:00:34.248 14747-14774/? W/bt_btif: HAL bt_gatt_callbacks->client->notify_cb
2020-09-19 14:00:34.249 14747-14774/? I/bt_btif: BTA_GATTC_SendIndConfirm conn_id=6 handle=0x002c
2020-09-19 14:00:34.249 14747-14782/? I/bt_att: GATTC_SendHandleValueConfirm conn_id=6 handle=0x2c
2020-09-19 14:00:34.256 28360-28360/? I/System.out: shl View.plist_size==361, 2243
2020-09-19 14:00:34.272 28360-28360/? I/System.out: shl View.plist_size==361, 2243
2020-09-19 14:00:34.278 28360-28442/? I/SendBroadcastPermission: action:action.character_changed, mPermissionType:0
2020-09-19 14:00:34.288 28360-28360/? I/System.out: shl View.plist_size==361, 2243
2020-09-19 14:00:34.306 28360-28360/? E/vvvvvvvvvvv: reciverMsg： 06,05,b4,00,2f,1f,00,87,1c,00,7b,25,00,84,25,00,2d,10,00,37,fe,ff,8d,19,00,d4,27,00,9d,19,00,08,05,00,8d,0e,00,81,19,00,c9,19,00,9a,23,00,87,10,00,33,02,00,e1,06,00,34,07,00,39,18,00,d4,1f,00,3b,14,00,61,0c,00,c5,15,00,3e,18,00,f6,11,00,4b,0a,00,ee,04,00,78,09,00,a2,18,00,d4,1a,00,95,07,00,86,0a,00,32,15,00,f7,0f,00,57,26,00,26,35,00,db,46,00,64,5a,00,b0,44,00,3b,27,00,79,0e,00,86,0b,00,ef,11,00,ae,0b,00,2c,07,00,64,0a,00,d8,0b,00,6d,15,00,ea,0f,00,e6,0c,00,c4,01,00,24,ff,ff,ac,0e,00,f5,12,00,63,0e,00,cb,0c,00,0a,06,00,26,11,00,50,80,
2020-09-19 14:00:34.307 28360-28360/? I/SendBroadcastPermission: action:com.health.communication.RECEIVER, mPermissionType:0
2020-09-19 14:00:34.309 28360-28360/? I/System.out: shl View.plist_size==361, 2243
2020-09-19 14:00:34.310 28360-28360/? I/System.out: shl View.plist_size==361, 2243
2020-09-19 14:00:34.324 28360-28360/? I/System.out: shl View.plist_size==361, 2262
2020-09-19 14:00:34.324 28360-28614/? E/MainActivity123: key == 1  ---- objs.get(smsg) [6, 5, -76, 0, 47, 31, 0, -121, 28, 0, 123, 37, 0, -124, 37, 0, 45, 16, 0, 55, -2, -1, -115, 25, 0, -44, 39, 0, -99, 25, 0, 8, 5, 0, -115, 14, 0, -127, 25, 0, -55, 25, 0, -102, 35, 0, -121, 16, 0, 51, 2, 0, -31, 6, 0, 52, 7, 0, 57, 24, 0, -44, 31, 0, 59, 20, 0, 97, 12, 0, -59, 21, 0, 62, 24, 0, -10, 17, 0, 75, 10, 0, -18, 4, 0, 120, 9, 0, -94, 24, 0, -44, 26, 0, -107, 7, 0, -122, 10, 0, 50, 21, 0, -9, 15, 0, 87, 38, 0, 38, 53, 0, -37, 70, 0, 100, 90, 0, -80, 68, 0, 59, 39, 0, 121, 14, 0, -122, 11, 0, -17, 17, 0, -82, 11, 0, 44, 7, 0, 100, 10, 0, -40, 11, 0, 109, 21, 0, -22, 15, 0, -26, 12, 0, -60, 1, 0, 36, -1, -1, -84, 14, 0, -11, 18, 0, 99, 14, 0, -53, 12, 0, 10, 6, 0, 38, 17, 0, 80, -128]
2020-09-19 14:00:34.327 28360-28614/? I/smart:  msgs: 06,05,b4,00,2f,1f,00,87,1c,00,7b,25,00,84,25,00,2d,10,00,37,fe,ff,8d,19,00,d4,27,00,9d,19,00,08,05,00,8d,0e,00,81,19,00,c9,19,00,9a,23,00,87,10,00,33,02,00,e1,06,00,34,07,00,39,18,00,d4,1f,00,3b,14,00,61,0c,00,c5,15,00,3e,18,00,f6,11,00,4b,0a,00,ee,04,00,78,09,00,a2,18,00,d4,1a,00,95,07,00,86,0a,00,32,15,00,f7,0f,00,57,26,00,26,35,00,db,46,00,64,5a,00,b0,44,00,3b,27,00,79,0e,00,86,0b,00,ef,11,00,ae,0b,00,2c,07,00,64,0a,00,d8,0b,00,6d,15,00,ea,0f,00,e6,0c,00,c4,01,00,24,ff,ff,ac,0e,00,f5,12,00,63,0e,00,cb,0c,00,0a,06,00,26,11,00,50,80, isMsgClose: false isFront: false
2020-09-19 14:00:34.338 28360-28360/? I/System.out: shl View.plist_size==361, 2262
2020-09-19 14:00:34.355 28360-28360/? I/System.out: shl View.plist_size==361, 2262
2020-09-19 14:00:34.371 28360-28360/? I/System.out: shl View.plist_size==361, 2262
2020-09-19 14:00:34.372 28360-28360/? I/System.out: shl View.plist_size==361, 2262
2020-09-19 14:00:34.388 28360-28360/? I/System.out: shl View.plist_size==361, 2262
2020-09-19 14:00:34.405 28360-28360/? I/System.out: shl View.plist_size==361, 2262
2020-09-19 14:00:34.421 28360-28360/? I/System.out: shl View.plist_size==361, 2262
2020-09-19 14:00:34.438 28360-28360/? I/System.out: shl View.plist_size==361, 2262
2020-09-19 14:00:34.438 28360-28360/? I/System.out: shl View.plist_size==361, 2262
2020-09-19 14:00:34.455 28360-28360/? I/System.out: shl View.plist_size==361, 2262
2020-09-19 14:00:34.472 28360-28360/? I/System.out: shl View.plist_size==361, 2262
2020-09-19 14:00:34.488 28360-28360/? I/System.out: shl View.plist_size==361, 2262
2020-09-19 14:00:34.496 14747-14782/? I/bt_att: GATTC_SendHandleValueConfirm conn_id=3 handle=0x2c
2020-09-19 14:00:34.496 14747-14782/? I/bt_att: GATTC_SendHandleValueConfirm conn_id=4 handle=0x2c
2020-09-19 14:00:34.496 14747-14782/? I/bt_att: GATTC_SendHandleValueConfirm conn_id=5 handle=0x2c
2020-09-19 14:00:34.497 14747-14782/? I/bt_att: GATTC_SendHandleValueConfirm conn_id=7 handle=0x2c
2020-09-19 14:00:34.497 14747-14774/? W/bt_btif: HAL bt_gatt_callbacks->client->notify_cb
2020-09-19 14:00:34.497 14747-14774/? I/bt_btif: BTA_GATTC_SendIndConfirm conn_id=6 handle=0x002c
2020-09-19 14:00:34.497 14747-14782/? I/bt_att: GATTC_SendHandleValueConfirm conn_id=6 handle=0x2c
2020-09-19 14:00:34.506 28360-28360/? I/System.out: shl View.plist_size==361, 2262
2020-09-19 14:00:34.506 28360-28360/? I/System.out: shl View.plist_size==361, 2262
2020-09-19 14:00:34.522 28360-28360/? I/System.out: shl View.plist_size==361, 2262
2020-09-19 14:00:34.522 28360-28442/? I/SendBroadcastPermission: action:action.character_changed, mPermissionType:0
2020-09-19 14:00:34.534 1555-1555/? I/NetworkSpeedManagerEx: mIsStop = false
2020-09-19 14:00:34.536 1555-1555/? I/NetworkSpeedManagerEx: value=0.0speed = 0K/s
2020-09-19 14:00:34.536 1555-1555/? I/NetworkSpeedView: /update(), speed=0K/s parent class:class com.android.systemui.statusbar.HwSystemIcons
2020-09-19 14:00:34.539 28360-28360/? I/System.out: shl View.plist_size==361, 2262
2020-09-19 14:00:34.552 1555-1555/? I/NetworkSpeedManagerEx: mIsStop = false
2020-09-19 14:00:34.555 1555-1555/? I/NetworkSpeedManagerEx: value=0.0speed = 0K/s
2020-09-19 14:00:34.555 1555-1555/? I/NetworkSpeedView: /update(), speed=0K/s parent class:class com.android.systemui.statusbar.HwSystemIcons
2020-09-19 14:00:34.557 28360-28360/? E/vvvvvvvvvvv: reciverMsg： 06,05,b4,00,e2,13,00,74,07,00,c3,02,00,df,05,00,13,0d,00,29,11,00,8d,06,00,aa,ff,ff,d0,0e,00,18,0d,00,2d,0c,00,d1,09,00,4e,22,00,90,1d,00,27,11,00,18,17,00,0c,1f,00,8e,1b,00,3e,06,00,9d,12,00,9d,17,00,57,08,00,0f,13,00,d5,25,00,f0,1a,00,33,14,00,ba,17,00,6c,23,00,af,22,00,57,11,00,c7,19,00,f9,1d,00,9d,1b,00,66,25,00,ba,22,00,1e,1f,00,3b,19,00,04,1b,00,ad,22,00,2d,2a,00,5a,2d,00,ad,27,00,72,21,00,23,17,00,c9,16,00,e2,1e,00,3f,24,00,f6,24,00,44,24,00,71,1c,00,ed,16,00,1a,18,00,50,0f,00,cd,13,00,91,1a,00,09,25,00,01,27,00,7a,1b,00,8a,1e,
2020-09-19 14:00:34.557 28360-28360/? I/SendBroadcastPermission: action:com.health.communication.RECEIVER, mPermissionType:0
2020-09-19 14:00:34.558 28360-28360/? I/System.out: shl View.plist_size==361, 2262
2020-09-19 14:00:34.559 28360-28360/? I/System.out: shl View.plist_size==361, 2262
2020-09-19 14:00:34.572 28360-28360/? E/qob: hrv_evt_handle 3
2020-09-19 14:00:34.574 28360-28360/? I/System.out: shl View.plist_size==361, 2282
2020-09-19 14:00:34.574 28360-28614/? E/MainActivity123: key == 1  ---- objs.get(smsg) [6, 5, -76, 0, -30, 19, 0, 116, 7, 0, -61, 2, 0, -33, 5, 0, 19, 13, 0, 41, 17, 0, -115, 6, 0, -86, -1, -1, -48, 14, 0, 24, 13, 0, 45, 12, 0, -47, 9, 0, 78, 34, 0, -112, 29, 0, 39, 17, 0, 24, 23, 0, 12, 31, 0, -114, 27, 0, 62, 6, 0, -99, 18, 0, -99, 23, 0, 87, 8, 0, 15, 19, 0, -43, 37, 0, -16, 26, 0, 51, 20, 0, -70, 23, 0, 108, 35, 0, -81, 34, 0, 87, 17, 0, -57, 25, 0, -7, 29, 0, -99, 27, 0, 102, 37, 0, -70, 34, 0, 30, 31, 0, 59, 25, 0, 4, 27, 0, -83, 34, 0, 45, 42, 0, 90, 45, 0, -83, 39, 0, 114, 33, 0, 35, 23, 0, -55, 22, 0, -30, 30, 0, 63, 36, 0, -10, 36, 0, 68, 36, 0, 113, 28, 0, -19, 22, 0, 26, 24, 0, 80, 15, 0, -51, 19, 0, -111, 26, 0, 9, 37, 0, 1, 39, 0, 122, 27, 0, -118, 30]
2020-09-19 14:00:34.574 28360-28360/? I/MediaPlayer: [HSM] stayAwake true uid: 10605, pid: 28360
2020-09-19 14:00:34.574 1255-2000/? E/HsmCoreServiceImpl: onTransact in code is: 102
2020-09-19 14:00:34.574 1255-2000/? I/MediaProcessHandler: processOp opType: 0, uid: 10605, pid: 28360
2020-09-19 14:00:34.575 28360-28360/? I/MediaPlayer: Pid:28360 MediaPlayer::start
2020-09-19 14:00:34.576 28360-28614/? I/smart:  msgs: 06,05,b4,00,e2,13,00,74,07,00,c3,02,00,df,05,00,13,0d,00,29,11,00,8d,06,00,aa,ff,ff,d0,0e,00,18,0d,00,2d,0c,00,d1,09,00,4e,22,00,90,1d,00,27,11,00,18,17,00,0c,1f,00,8e,1b,00,3e,06,00,9d,12,00,9d,17,00,57,08,00,0f,13,00,d5,25,00,f0,1a,00,33,14,00,ba,17,00,6c,23,00,af,22,00,57,11,00,c7,19,00,f9,1d,00,9d,1b,00,66,25,00,ba,22,00,1e,1f,00,3b,19,00,04,1b,00,ad,22,00,2d,2a,00,5a,2d,00,ad,27,00,72,21,00,23,17,00,c9,16,00,e2,1e,00,3f,24,00,f6,24,00,44,24,00,71,1c,00,ed,16,00,1a,18,00,50,0f,00,cd,13,00,91,1a,00,09,25,00,01,27,00,7a,1b,00,8a,1e, isMsgClose: false isFront: false
2020-09-19 14:00:34.576 550-31736/? I/NuPlayer: NuPlayer::canSeek,mSourceFlags = 15 
2020-09-19 14:00:34.576 676-1414/? I/hash_map_utils: key: 'mode' value: ''
2020-09-19 14:00:34.577 676-14452/? I/hash_map_utils: key: 'mode' value: ''
2020-09-19 14:00:34.577 676-9809/? I/APM_AudioPolicyManager: startOutput() output 13, stream 3, session 26745
2020-09-19 14:00:34.577 676-9809/? I/APM_AudioPolicyManager: getNewOutputDevice() selected device 2
2020-09-19 14:00:34.577 676-9809/? I/APM_AudioPolicyManager: setOutputDevice() device 0x0002 delayMs 0 force 1
2020-09-19 14:00:34.577 676-9809/? I/APM_AudioPolicyManager: setOutputDevice() changing to device 0x0002 , muteWaitMs 0
2020-09-19 14:00:34.578 676-779/? I/audio_hw_primary: out_set_parameters_no_lock device:0x0, out type:0
2020-09-19 14:00:34.578 676-779/? I/audio_hw_primary: out_set_parameters_no_lock device:0x2, out type:0
2020-09-19 14:00:34.578 676-779/? I/audio_hw_primary: call_get_sample_rate: sample_rate = 16000, tty_status = 0
2020-09-19 14:00:34.578 676-779/? I/audio_hw_primary: select_devices++ mode[0]
2020-09-19 14:00:34.578 676-779/? I/audio_hw_primary: select_devices--
2020-09-19 14:00:34.578 676-9809/? I/APM_AudioPolicyManager: setOutputDevice() createAudioPatch returned 0 patchHandle 26988 num_sources 1 num_sinks 1
2020-09-19 14:00:34.579 676-9809/? I/APM_AudioPolicyManager: checkOutputForStrategy() getDeviceForStrategy strategy=3 newDevice=2 oldDevice=2
2020-09-19 14:00:34.579 676-9809/? I/AudioTrackShared: server obtain null buf part1:0 rear:184320 front:184320 mFrameCount:22050
2020-09-19 14:00:34.580 1255-1255/? I/AudioSystem-JNI: listAudioPorts AudioSystem::listAudioPorts numPorts 7 generation 3556 generation1 3556
2020-09-19 14:00:34.580 1958-2032/? I/PGServer: report state:2 event type:1 pid:28360 uid:10605 pkg:null to pid: 1255
2020-09-19 14:00:34.580 550-31736/? I/NuPlayer: performSeek before, mIsSeeking should to change to false
2020-09-19 14:00:34.584 550-31827/? I/NuPlayerDecoder: [audio] saw output EOS
2020-09-19 14:00:34.588 28360-28360/? I/System.out: shl View.plist_size==361, 2282
2020-09-19 14:00:34.606 28360-28360/? I/System.out: shl View.plist_size==361, 2282
2020-09-19 14:00:34.621 28360-28360/? I/System.out: shl View.plist_size==361, 2282
2020-09-19 14:00:34.622 28360-28360/? I/System.out: shl View.plist_size==361, 2282
2020-09-19 14:00:34.638 28360-28360/? I/System.out: shl View.plist_size==361, 2282
2020-09-19 14:00:34.655 28360-28360/? I/System.out: shl View.plist_size==361, 2282
2020-09-19 14:00:34.671 28360-28360/? I/System.out: shl View.plist_size==361, 2282
2020-09-19 14:00:34.688 28360-28360/? I/System.out: shl View.plist_size==361, 2282
2020-09-19 14:00:34.688 28360-28360/? I/System.out: shl View.plist_size==361, 2282
2020-09-19 14:00:34.705 28360-28360/? I/System.out: shl View.plist_size==361, 2282
2020-09-19 14:00:34.720 14747-14782/? I/bt_att: GATTC_SendHandleValueConfirm conn_id=3 handle=0x2c
2020-09-19 14:00:34.720 14747-14782/? I/bt_att: GATTC_SendHandleValueConfirm conn_id=4 handle=0x2c
2020-09-19 14:00:34.720 14747-14782/? I/bt_att: GATTC_SendHandleValueConfirm conn_id=5 handle=0x2c
2020-09-19 14:00:34.721 14747-14782/? I/bt_att: GATTC_SendHandleValueConfirm conn_id=7 handle=0x2c
2020-09-19 14:00:34.721 14747-14774/? W/bt_btif: HAL bt_gatt_callbacks->client->notify_cb
2020-09-19 14:00:34.721 14747-14774/? I/bt_btif: BTA_GATTC_SendIndConfirm conn_id=6 handle=0x002c
2020-09-19 14:00:34.721 14747-14782/? I/bt_att: GATTC_SendHandleValueConfirm conn_id=6 handle=0x2c
2020-09-19 14:00:34.722 28360-28360/? I/System.out: shl View.plist_size==361, 2282
2020-09-19 14:00:34.738 28360-28360/? I/System.out: shl View.plist_size==361, 2282
2020-09-19 14:00:34.743 28360-28442/? I/SendBroadcastPermission: action:action.character_changed, mPermissionType:0
2020-09-19 14:00:34.755 28360-28360/? I/System.out: shl View.plist_size==361, 2282
2020-09-19 14:00:34.756 28360-28360/? I/System.out: shl View.plist_size==361, 2282
2020-09-19 14:00:34.772 28360-28360/? E/vvvvvvvvvvv: reciverMsg： 06,05,b4,00,f2,14,00,90,0d,00,bd,18,00,5d,1c,00,f3,24,00,7d,1a,00,74,09,00,5a,14,00,25,23,00,d3,20,00,30,19,00,cf,16,00,b2,18,00,5b,1b,00,40,19,00,d0,19,00,4d,0f,00,de,15,00,16,1e,00,d2,27,00,2f,20,00,a3,13,00,cb,10,00,4b,15,00,4c,13,00,5c,12,00,45,17,00,10,22,00,b2,24,00,30,18,00,4e,18,00,d0,18,00,40,1c,00,f6,1f,00,7a,1c,00,91,1d,00,36,26,00,d1,19,00,35,1a,00,45,1b,00,62,13,00,e5,05,00,22,0f,00,aa,22,00,90,28,00,7a,20,00,1c,14,00,01,1a,00,3f,1c,00,fa,20,00,79,22,00,0f,1b,00,5a,18,00,38,1a,00,9f,19,00,0d,25,00,a6,21,00,8e,12,00,e5,9f,
2020-09-19 14:00:34.773 28360-28360/? I/SendBroadcastPermission: action:com.health.communication.RECEIVER, mPermissionType:0
2020-09-19 14:00:34.774 28360-28360/? I/System.out: shl View.plist_size==361, 2282
2020-09-19 14:00:34.790 28360-28360/? I/System.out: shl View.plist_size==361, 2301
2020-09-19 14:00:34.791 28360-28614/? E/MainActivity123: key == 1  ---- objs.get(smsg) [6, 5, -76, 0, -14, 20, 0, -112, 13, 0, -67, 24, 0, 93, 28, 0, -13, 36, 0, 125, 26, 0, 116, 9, 0, 90, 20, 0, 37, 35, 0, -45, 32, 0, 48, 25, 0, -49, 22, 0, -78, 24, 0, 91, 27, 0, 64, 25, 0, -48, 25, 0, 77, 15, 0, -34, 21, 0, 22, 30, 0, -46, 39, 0, 47, 32, 0, -93, 19, 0, -53, 16, 0, 75, 21, 0, 76, 19, 0, 92, 18, 0, 69, 23, 0, 16, 34, 0, -78, 36, 0, 48, 24, 0, 78, 24, 0, -48, 24, 0, 64, 28, 0, -10, 31, 0, 122, 28, 0, -111, 29, 0, 54, 38, 0, -47, 25, 0, 53, 26, 0, 69, 27, 0, 98, 19, 0, -27, 5, 0, 34, 15, 0, -86, 34, 0, -112, 40, 0, 122, 32, 0, 28, 20, 0, 1, 26, 0, 63, 28, 0, -6, 32, 0, 121, 34, 0, 15, 27, 0, 90, 24, 0, 56, 26, 0, -97, 25, 0, 13, 37, 0, -90, 33, 0, -114, 18, 0, -27, -97]
2020-09-19 14:00:34.793 676-779/? I/AudioTrackShared: server obtain null buf part1:0 rear:193536 front:193536 mFrameCount:22050
2020-09-19 14:00:34.795 28360-28614/? I/smart:  msgs: 06,05,b4,00,f2,14,00,90,0d,00,bd,18,00,5d,1c,00,f3,24,00,7d,1a,00,74,09,00,5a,14,00,25,23,00,d3,20,00,30,19,00,cf,16,00,b2,18,00,5b,1b,00,40,19,00,d0,19,00,4d,0f,00,de,15,00,16,1e,00,d2,27,00,2f,20,00,a3,13,00,cb,10,00,4b,15,00,4c,13,00,5c,12,00,45,17,00,10,22,00,b2,24,00,30,18,00,4e,18,00,d0,18,00,40,1c,00,f6,1f,00,7a,1c,00,91,1d,00,36,26,00,d1,19,00,35,1a,00,45,1b,00,62,13,00,e5,05,00,22,0f,00,aa,22,00,90,28,00,7a,20,00,1c,14,00,01,1a,00,3f,1c,00,fa,20,00,79,22,00,0f,1b,00,5a,18,00,38,1a,00,9f,19,00,0d,25,00,a6,21,00,8e,12,00,e5,9f, isMsgClose: false isFront: false
2020-09-19 14:00:34.806 28360-28360/? I/System.out: shl View.plist_size==361, 2301
2020-09-19 14:00:34.806 28360-28360/? I/MediaPlayer: [HSM] stayAwake false uid: 10605, pid: 28360
2020-09-19 14:00:34.806 1255-26912/? E/HsmCoreServiceImpl: onTransact in code is: 102
2020-09-19 14:00:34.806 1255-26912/? I/MediaProcessHandler: processOp opType: 1, uid: 10605, pid: 28360
2020-09-19 14:00:34.807 28360-28360/? I/System.out: shl View.plist_size==361, 2301
2020-09-19 14:00:34.821 28360-28360/? I/System.out: shl View.plist_size==361, 2301
2020-09-19 14:00:34.838 28360-28360/? I/System.out: shl View.plist_size==361, 2301
2020-09-19 14:00:34.854 1958-2032/? I/DeviceMonitor: last release audio mix uid:10605 pid:-2
2020-09-19 14:00:34.855 28360-28360/? I/System.out: shl View.plist_size==361, 2301
2020-09-19 14:00:34.862 676-689/? I/APM_AudioPolicyManager: stopOutput() output 13, stream 3, session 26745
2020-09-19 14:00:34.863 676-689/? I/APM_AudioPolicyManager: getNewOutputDevice() selected device 0
2020-09-19 14:00:34.863 676-689/? I/APM_AudioPolicyManager: setOutputDevice() device 0x0000 delayMs 80 force 0
2020-09-19 14:00:34.863 676-689/? I/APM_AudioPolicyManager: setOutputDevice() setting same device 0x0000 or null device
2020-09-19 14:00:34.863 676-689/? I/APM_AudioPolicyManager: checkOutputForStrategy() getDeviceForStrategy strategy=3 newDevice=2 oldDevice=2
2020-09-19 14:00:34.864 1958-2032/? I/PGServer: report state:2 event type:2 pid:28360 uid:10605 pkg:null to pid: 1255
2020-09-19 14:00:34.871 28360-28360/? I/System.out: shl View.plist_size==361, 2301
2020-09-19 14:00:34.871 28360-28360/? I/System.out: shl View.plist_size==361, 2301
2020-09-19 14:00:34.888 28360-28360/? I/System.out: shl View.plist_size==361, 2301
2020-09-19 14:00:34.905 28360-28360/? I/System.out: shl View.plist_size==361, 2301
2020-09-19 14:00:34.922 28360-28360/? I/System.out: shl View.plist_size==361, 2301
2020-09-19 14:00:34.938 28360-28360/? I/System.out: shl View.plist_size==361, 2301
2020-09-19 14:00:34.938 28360-28360/? I/System.out: shl View.plist_size==361, 2301
2020-09-19 14:00:34.955 28360-28360/? I/System.out: shl View.plist_size==361, 2301
2020-09-19 14:00:34.971 28360-28360/? I/System.out: shl View.plist_size==361, 2301
2020-09-19 14:00:34.988 28360-28360/? I/System.out: shl View.plist_size==361, 2301
2020-09-19 14:00:35.005 28360-28360/? I/System.out: shl View.plist_size==361, 2301
2020-09-19 14:00:35.005 28360-28360/? I/System.out: shl View.plist_size==361, 2301
2020-09-19 14:00:35.013 14747-14782/? I/bt_att: GATTC_SendHandleValueConfirm conn_id=3 handle=0x2c
2020-09-19 14:00:35.013 14747-14782/? I/bt_att: GATTC_SendHandleValueConfirm conn_id=4 handle=0x2c
2020-09-19 14:00:35.013 14747-14782/? I/bt_att: GATTC_SendHandleValueConfirm conn_id=5 handle=0x2c
2020-09-19 14:00:35.013 14747-14782/? I/bt_att: GATTC_SendHandleValueConfirm conn_id=7 handle=0x2c
2020-09-19 14:00:35.013 14747-14774/? W/bt_btif: HAL bt_gatt_callbacks->client->notify_cb
2020-09-19 14:00:35.014 14747-14774/? I/bt_btif: BTA_GATTC_SendIndConfirm conn_id=6 handle=0x002c
2020-09-19 14:00:35.014 14747-14782/? I/bt_att: GATTC_SendHandleValueConfirm conn_id=6 handle=0x2c
2020-09-19 14:00:35.021 28360-28360/? I/System.out: shl View.plist_size==361, 2301
2020-09-19 14:00:35.038 28360-28360/? I/System.out: shl View.plist_size==361, 2301
2020-09-19 14:00:35.042 28360-28442/? I/SendBroadcastPermission: action:action.character_changed, mPermissionType:0
2020-09-19 14:00:35.055 28360-28360/? I/System.out: shl View.plist_size==361, 2301
2020-09-19 14:00:35.056 28360-28360/? I/System.out: shl View.plist_size==361, 2301
2020-09-19 14:00:35.072 28360-28360/? E/vvvvvvvvvvv: reciverMsg： 06,05,b4,00,10,11,00,3d,0d,00,e0,1b,00,2c,0c,00,d8,1f,00,9a,2e,00,1e,26,00,59,0e,00,28,0a,00,f2,1a,00,8f,28,00,99,22,00,44,18,00,6f,12,00,c8,10,00,51,1e,00,24,1e,00,39,18,00,67,1f,00,7b,1f,00,7e,1f,00,69,18,00,c6,18,00,45,2b,00,23,24,00,34,18,00,b5,0b,00,a3,0e,00,f7,17,00,30,23,00,d0,1f,00,e3,16,00,79,19,00,e9,1e,00,52,27,00,b0,1f,00,69,13,00,5c,11,00,6a,25,00,5f,26,00,be,1e,00,0d,11,00,7e,11,00,a2,19,00,ca,2f,00,85,24,00,c1,13,00,b0,0d,00,b8,1d,00,c5,2c,00,ba,1f,00,4b,1b,00,a9,1e,00,62,22,00,dc,22,00,14,1c,00,a0,14,00,ff,1e,00,b0,29,
2020-09-19 14:00:35.072 28360-28360/? I/SendBroadcastPermission: action:com.health.communication.RECEIVER, mPermissionType:0
2020-09-19 14:00:35.074 28360-28360/? I/System.out: shl View.plist_size==361, 2301
2020-09-19 14:00:35.090 28360-28360/? I/System.out: shl View.plist_size==361, 2320
2020-09-19 14:00:35.090 28360-28614/? E/MainActivity123: key == 1  ---- objs.get(smsg) [6, 5, -76, 0, 16, 17, 0, 61, 13, 0, -32, 27, 0, 44, 12, 0, -40, 31, 0, -102, 46, 0, 30, 38, 0, 89, 14, 0, 40, 10, 0, -14, 26, 0, -113, 40, 0, -103, 34, 0, 68, 24, 0, 111, 18, 0, -56, 16, 0, 81, 30, 0, 36, 30, 0, 57, 24, 0, 103, 31, 0, 123, 31, 0, 126, 31, 0, 105, 24, 0, -58, 24, 0, 69, 43, 0, 35, 36, 0, 52, 24, 0, -75, 11, 0, -93, 14, 0, -9, 23, 0, 48, 35, 0, -48, 31, 0, -29, 22, 0, 121, 25, 0, -23, 30, 0, 82, 39, 0, -80, 31, 0, 105, 19, 0, 92, 17, 0, 106, 37, 0, 95, 38, 0, -66, 30, 0, 13, 17, 0, 126, 17, 0, -94, 25, 0, -54, 47, 0, -123, 36, 0, -63, 19, 0, -80, 13, 0, -72, 29, 0, -59, 44, 0, -70, 31, 0, 75, 27, 0, -87, 30, 0, 98, 34, 0, -36, 34, 0, 20, 28, 0, -96, 20, 0, -1, 30, 0, -80, 41]
2020-09-19 14:00:35.091 28360-28614/? I/smart:  msgs: 06,05,b4,00,10,11,00,3d,0d,00,e0,1b,00,2c,0c,00,d8,1f,00,9a,2e,00,1e,26,00,59,0e,00,28,0a,00,f2,1a,00,8f,28,00,99,22,00,44,18,00,6f,12,00,c8,10,00,51,1e,00,24,1e,00,39,18,00,67,1f,00,7b,1f,00,7e,1f,00,69,18,00,c6,18,00,45,2b,00,23,24,00,34,18,00,b5,0b,00,a3,0e,00,f7,17,00,30,23,00,d0,1f,00,e3,16,00,79,19,00,e9,1e,00,52,27,00,b0,1f,00,69,13,00,5c,11,00,6a,25,00,5f,26,00,be,1e,00,0d,11,00,7e,11,00,a2,19,00,ca,2f,00,85,24,00,c1,13,00,b0,0d,00,b8,1d,00,c5,2c,00,ba,1f,00,4b,1b,00,a9,1e,00,62,22,00,dc,22,00,14,1c,00,a0,14,00,ff,1e,00,b0,29, isMsgClose: false isFront: false
2020-09-19 14:00:35.105 28360-28360/? I/System.out: shl View.plist_size==361, 2320
2020-09-19 14:00:35.121 28360-28360/? I/System.out: shl View.plist_size==361, 2320
2020-09-19 14:00:35.121 28360-28360/? I/System.out: shl View.plist_size==361, 2320
2020-09-19 14:00:35.138 28360-28360/? I/System.out: shl View.plist_size==361, 2320
2020-09-19 14:00:35.155 28360-28360/? I/System.out: shl View.plist_size==361, 2320
2020-09-19 14:00:35.172 28360-28360/? I/System.out: shl View.plist_size==361, 2320
2020-09-19 14:00:35.188 28360-28360/? I/System.out: shl View.plist_size==361, 2320
2020-09-19 14:00:35.188 28360-28360/? I/System.out: shl View.plist_size==361, 2320
2020-09-19 14:00:35.193 14747-14782/? I/bt_att: GATTC_SendHandleValueConfirm conn_id=3 handle=0x2c
2020-09-19 14:00:35.193 14747-14782/? I/bt_att: GATTC_SendHandleValueConfirm conn_id=4 handle=0x2c
2020-09-19 14:00:35.193 14747-14782/? I/bt_att: GATTC_SendHandleValueConfirm conn_id=5 handle=0x2c
2020-09-19 14:00:35.194 14747-14782/? I/bt_att: GATTC_SendHandleValueConfirm conn_id=7 handle=0x2c
2020-09-19 14:00:35.194 14747-14774/? W/bt_btif: HAL bt_gatt_callbacks->client->notify_cb
2020-09-19 14:00:35.194 14747-14774/? I/bt_btif: BTA_GATTC_SendIndConfirm conn_id=6 handle=0x002c
2020-09-19 14:00:35.194 14747-14782/? I/bt_att: GATTC_SendHandleValueConfirm conn_id=6 handle=0x2c
2020-09-19 14:00:35.206 28360-28360/? I/System.out: shl View.plist_size==361, 2320
2020-09-19 14:00:35.217 28360-28442/? I/SendBroadcastPermission: action:action.character_changed, mPermissionType:0
2020-09-19 14:00:35.221 28360-28360/? I/System.out: shl View.plist_size==361, 2320
2020-09-19 14:00:35.239 28360-28360/? E/vvvvvvvvvvv: reciverMsg： 06,05,b4,00,ba,2d,00,b9,2d,00,47,21,00,74,1a,00,18,1a,00,3b,27,00,5a,30,00,93,1f,00,c5,1b,00,7e,1e,00,59,2c,00,e3,20,00,3f,18,00,69,1a,00,95,15,00,83,1b,00,c3,1c,00,01,1f,00,dd,0f,00,a1,08,00,65,19,00,04,1f,00,01,1c,00,8d,18,00,a1,16,00,e9,1b,00,b1,1a,00,5d,1c,00,e9,18,00,93,0e,00,71,1c,00,44,22,00,ab,18,00,87,11,00,e4,21,00,6e,2f,00,c3,3c,00,32,53,00,70,5d,00,26,56,00,95,43,00,66,2c,00,db,10,00,f0,0e,00,f2,19,00,1a,1b,00,d2,1d,00,31,1b,00,21,0f,00,07,14,00,7f,11,00,17,15,00,6d,12,00,69,13,00,2c,13,00,2c,1b,00,cb,21,00,8a,17,00,f3,66,
2020-09-19 14:00:35.239 28360-28360/? I/SendBroadcastPermission: action:com.health.communication.RECEIVER, mPermissionType:0
2020-09-19 14:00:35.241 28360-28360/? I/System.out: shl View.plist_size==361, 2320
2020-09-19 14:00:35.241 28360-28360/? I/System.out: shl View.plist_size==361, 2320
2020-09-19 14:00:35.257 28360-28360/? I/System.out: shl View.plist_size==361, 2340
2020-09-19 14:00:35.257 28360-28614/? E/MainActivity123: key == 1  ---- objs.get(smsg) [6, 5, -76, 0, -70, 45, 0, -71, 45, 0, 71, 33, 0, 116, 26, 0, 24, 26, 0, 59, 39, 0, 90, 48, 0, -109, 31, 0, -59, 27, 0, 126, 30, 0, 89, 44, 0, -29, 32, 0, 63, 24, 0, 105, 26, 0, -107, 21, 0, -125, 27, 0, -61, 28, 0, 1, 31, 0, -35, 15, 0, -95, 8, 0, 101, 25, 0, 4, 31, 0, 1, 28, 0, -115, 24, 0, -95, 22, 0, -23, 27, 0, -79, 26, 0, 93, 28, 0, -23, 24, 0, -109, 14, 0, 113, 28, 0, 68, 34, 0, -85, 24, 0, -121, 17, 0, -28, 33, 0, 110, 47, 0, -61, 60, 0, 50, 83, 0, 112, 93, 0, 38, 86, 0, -107, 67, 0, 102, 44, 0, -37, 16, 0, -16, 14, 0, -14, 25, 0, 26, 27, 0, -46, 29, 0, 49, 27, 0, 33, 15, 0, 7, 20, 0, 127, 17, 0, 23, 21, 0, 109, 18, 0, 105, 19, 0, 44, 19, 0, 44, 27, 0, -53, 33, 0, -118, 23, 0, -13, 102]
2020-09-19 14:00:35.260 28360-28614/? I/smart:  msgs: 06,05,b4,00,ba,2d,00,b9,2d,00,47,21,00,74,1a,00,18,1a,00,3b,27,00,5a,30,00,93,1f,00,c5,1b,00,7e,1e,00,59,2c,00,e3,20,00,3f,18,00,69,1a,00,95,15,00,83,1b,00,c3,1c,00,01,1f,00,dd,0f,00,a1,08,00,65,19,00,04,1f,00,01,1c,00,8d,18,00,a1,16,00,e9,1b,00,b1,1a,00,5d,1c,00,e9,18,00,93,0e,00,71,1c,00,44,22,00,ab,18,00,87,11,00,e4,21,00,6e,2f,00,c3,3c,00,32,53,00,70,5d,00,26,56,00,95,43,00,66,2c,00,db,10,00,f0,0e,00,f2,19,00,1a,1b,00,d2,1d,00,31,1b,00,21,0f,00,07,14,00,7f,11,00,17,15,00,6d,12,00,69,13,00,2c,13,00,2c,1b,00,cb,21,00,8a,17,00,f3,66, isMsgClose: false isFront: false
2020-09-19 14:00:35.271 28360-28360/? I/System.out: shl View.plist_size==361, 2340
2020-09-19 14:00:35.288 28360-28360/? I/System.out: shl View.plist_size==361, 2340
2020-09-19 14:00:35.305 28360-28360/? I/System.out: shl View.plist_size==361, 2340
2020-09-19 14:00:35.305 28360-28360/? I/System.out: shl View.plist_size==361, 2340
2020-09-19 14:00:35.321 28360-28360/? I/System.out: shl View.plist_size==361, 2340
2020-09-19 14:00:35.338 28360-28360/? I/System.out: shl View.plist_size==361, 2340
2020-09-19 14:00:35.355 28360-28360/? I/System.out: shl View.plist_size==361, 2340
2020-09-19 14:00:35.371 28360-28360/? I/System.out: shl View.plist_size==361, 2340
2020-09-19 14:00:35.372 28360-28360/? I/System.out: shl View.plist_size==361, 2340
2020-09-19 14:00:35.388 28360-28360/? I/System.out: shl View.plist_size==361, 2340
2020-09-19 14:00:35.405 28360-28360/? I/System.out: shl View.plist_size==361, 2340
2020-09-19 14:00:35.421 28360-28360/? I/System.out: shl View.plist_size==361, 2340
2020-09-19 14:00:35.438 28360-28360/? I/System.out: shl View.plist_size==361, 2340
2020-09-19 14:00:35.438 28360-28360/? I/System.out: shl View.plist_size==361, 2340
2020-09-19 14:00:35.440 14747-14782/? I/bt_att: GATTC_SendHandleValueConfirm conn_id=3 handle=0x2c
2020-09-19 14:00:35.441 14747-14782/? I/bt_att: GATTC_SendHandleValueConfirm conn_id=4 handle=0x2c
2020-09-19 14:00:35.441 14747-14782/? I/bt_att: GATTC_SendHandleValueConfirm conn_id=5 handle=0x2c
2020-09-19 14:00:35.441 14747-14774/? W/bt_btif: HAL bt_gatt_callbacks->client->notify_cb
2020-09-19 14:00:35.441 14747-14782/? I/bt_att: GATTC_SendHandleValueConfirm conn_id=7 handle=0x2c
2020-09-19 14:00:35.442 14747-14774/? I/bt_btif: BTA_GATTC_SendIndConfirm conn_id=6 handle=0x002c
2020-09-19 14:00:35.442 14747-14782/? I/bt_att: GATTC_SendHandleValueConfirm conn_id=6 handle=0x2c
2020-09-19 14:00:35.456 28360-28360/? I/System.out: shl View.plist_size==361, 2340
2020-09-19 14:00:35.464 28360-28442/? I/SendBroadcastPermission: action:action.character_changed, mPermissionType:0
2020-09-19 14:00:35.471 28360-28360/? I/System.out: shl View.plist_size==361, 2340
2020-09-19 14:00:35.489 28360-28360/? E/vvvvvvvvvvv: reciverMsg： 06,05,b4,00,f1,09,00,2e,1c,00,61,26,00,4f,22,00,c7,10,00,a1,07,00,19,13,00,d5,1a,00,5d,1f,00,80,17,00,e4,0b,00,b9,15,00,09,21,00,9f,1f,00,21,16,00,cf,0e,00,ba,12,00,f5,22,00,c1,28,00,09,12,00,72,11,00,c4,12,00,97,1a,00,f9,17,00,d5,17,00,5e,24,00,8b,25,00,cd,11,00,6d,0f,00,9c,1a,00,1c,25,00,bb,2a,00,4c,1f,00,7e,14,00,81,19,00,cf,26,00,30,32,00,06,26,00,e2,1c,00,07,1c,00,2b,20,00,71,1b,00,c6,14,00,4d,24,00,80,25,00,7d,2d,00,b9,29,00,78,21,00,3b,23,00,d9,1b,00,5c,16,00,78,1e,00,a1,18,00,c2,10,00,7a,10,00,a2,1b,00,fe,23,00,e7,15,00,93,c7,
2020-09-19 14:00:35.490 28360-28360/? I/SendBroadcastPermission: action:com.health.communication.RECEIVER, mPermissionType:0
2020-09-19 14:00:35.491 28360-28360/? I/System.out: shl View.plist_size==361, 2340
2020-09-19 14:00:35.492 28360-28360/? I/System.out: shl View.plist_size==361, 2340
2020-09-19 14:00:35.507 1555-1555/? W/KeyguardUpdateMonitor: ACTION_BATTERY_CHANGED AMP: 0; Volt: 0
2020-09-19 14:00:35.508 1555-1555/? W/KeyguardUpdateMonitor: ChargingSpeed  Wattage: -1 ST: 5000000 --> 7500000
2020-09-19 14:00:35.508 1555-1555/? I/KgBattery: BatteryInfo updated:  2lPc-1
2020-09-19 14:00:35.508 28360-28360/? E/qob: hrv_evt_handle 3
2020-09-19 14:00:35.508 1555-1555/? W/AppHandler: sendMessage with obj100
2020-09-19 14:00:35.509 28360-28360/? I/System.out: shl View.plist_size==361, 2359
2020-09-19 14:00:35.510 28360-28360/? I/MediaPlayer: [HSM] stayAwake true uid: 10605, pid: 28360
2020-09-19 14:00:35.510 1255-19669/? E/HsmCoreServiceImpl: onTransact in code is: 102
2020-09-19 14:00:35.510 1255-19669/? I/MediaProcessHandler: processOp opType: 0, uid: 10605, pid: 28360
2020-09-19 14:00:35.510 28360-28614/? E/MainActivity123: key == 1  ---- objs.get(smsg) [6, 5, -76, 0, -15, 9, 0, 46, 28, 0, 97, 38, 0, 79, 34, 0, -57, 16, 0, -95, 7, 0, 25, 19, 0, -43, 26, 0, 93, 31, 0, -128, 23, 0, -28, 11, 0, -71, 21, 0, 9, 33, 0, -97, 31, 0, 33, 22, 0, -49, 14, 0, -70, 18, 0, -11, 34, 0, -63, 40, 0, 9, 18, 0, 114, 17, 0, -60, 18, 0, -105, 26, 0, -7, 23, 0, -43, 23, 0, 94, 36, 0, -117, 37, 0, -51, 17, 0, 109, 15, 0, -100, 26, 0, 28, 37, 0, -69, 42, 0, 76, 31, 0, 126, 20, 0, -127, 25, 0, -49, 38, 0, 48, 50, 0, 6, 38, 0, -30, 28, 0, 7, 28, 0, 43, 32, 0, 113, 27, 0, -58, 20, 0, 77, 36, 0, -128, 37, 0, 125, 45, 0, -71, 41, 0, 120, 33, 0, 59, 35, 0, -39, 27, 0, 92, 22, 0, 120, 30, 0, -95, 24, 0, -62, 16, 0, 122, 16, 0, -94, 27, 0, -2, 35, 0, -25, 21, 0, -109, -57]
2020-09-19 14:00:35.510 28360-28360/? I/MediaPlayer: Pid:28360 MediaPlayer::start
2020-09-19 14:00:35.512 28360-28614/? I/smart:  msgs: 06,05,b4,00,f1,09,00,2e,1c,00,61,26,00,4f,22,00,c7,10,00,a1,07,00,19,13,00,d5,1a,00,5d,1f,00,80,17,00,e4,0b,00,b9,15,00,09,21,00,9f,1f,00,21,16,00,cf,0e,00,ba,12,00,f5,22,00,c1,28,00,09,12,00,72,11,00,c4,12,00,97,1a,00,f9,17,00,d5,17,00,5e,24,00,8b,25,00,cd,11,00,6d,0f,00,9c,1a,00,1c,25,00,bb,2a,00,4c,1f,00,7e,14,00,81,19,00,cf,26,00,30,32,00,06,26,00,e2,1c,00,07,1c,00,2b,20,00,71,1b,00,c6,14,00,4d,24,00,80,25,00,7d,2d,00,b9,29,00,78,21,00,3b,23,00,d9,1b,00,5c,16,00,78,1e,00,a1,18,00,c2,10,00,7a,10,00,a2,1b,00,fe,23,00,e7,15,00,93,c7, isMsgClose: false isFront: false
2020-09-19 14:00:35.513 1555-1555/? W/HwLockScreenPanel: refreshBatteryInfo: null
2020-09-19 14:00:35.513 1555-1555/? W/KgBattery: getCharge info with type: text
2020-09-19 14:00:35.513 550-31736/? I/NuPlayer: NuPlayer::canSeek,mSourceFlags = 15 
2020-09-19 14:00:35.514 676-31097/? I/hash_map_utils: key: 'mode' value: ''
2020-09-19 14:00:35.515 676-1413/? I/hash_map_utils: key: 'mode' value: ''
2020-09-19 14:00:35.515 676-787/? I/APM_AudioPolicyManager: startOutput() output 13, stream 3, session 26745
2020-09-19 14:00:35.515 676-787/? I/APM_AudioPolicyManager: getNewOutputDevice() selected device 2
2020-09-19 14:00:35.515 676-787/? I/APM_AudioPolicyManager: setOutputDevice() device 0x0002 delayMs 0 force 1
2020-09-19 14:00:35.515 676-787/? I/APM_AudioPolicyManager: setOutputDevice() changing to device 0x0002 , muteWaitMs 0
2020-09-19 14:00:35.516 676-779/? I/audio_hw_primary: out_set_parameters_no_lock device:0x0, out type:0
2020-09-19 14:00:35.516 676-779/? I/audio_hw_primary: out_set_parameters_no_lock device:0x2, out type:0
2020-09-19 14:00:35.516 676-779/? I/audio_hw_primary: call_get_sample_rate: sample_rate = 16000, tty_status = 0
2020-09-19 14:00:35.516 676-779/? I/audio_hw_primary: select_devices++ mode[0]
2020-09-19 14:00:35.516 676-779/? I/audio_hw_primary: select_devices--
2020-09-19 14:00:35.516 676-787/? I/APM_AudioPolicyManager: setOutputDevice() createAudioPatch returned 0 patchHandle 26996 num_sources 1 num_sinks 1
2020-09-19 14:00:35.517 676-787/? I/APM_AudioPolicyManager: checkOutputForStrategy() getDeviceForStrategy strategy=3 newDevice=2 oldDevice=2
2020-09-19 14:00:35.517 676-787/? I/AudioTrackShared: server obtain null buf part1:0 rear:193536 front:193536 mFrameCount:22050
2020-09-19 14:00:35.517 1958-2032/? I/PGServer: report state:2 event type:1 pid:28360 uid:10605 pkg:null to pid: 1255
2020-09-19 14:00:35.518 1555-1555/? W/HwLockScreenPanel: Handle message: 100
2020-09-19 14:00:35.518 550-31736/? I/NuPlayer: performSeek before, mIsSeeking should to change to false
2020-09-19 14:00:35.519 1255-1255/? I/AudioSystem-JNI: listAudioPorts AudioSystem::listAudioPorts numPorts 7 generation 3557 generation1 3557
2020-09-19 14:00:35.522 28360-28360/? I/System.out: shl View.plist_size==361, 2359
2020-09-19 14:00:35.525 550-31827/? I/NuPlayerDecoder: [audio] saw output EOS
2020-09-19 14:00:35.538 28360-28360/? I/System.out: shl View.plist_size==361, 2359
2020-09-19 14:00:35.554 28360-28360/? I/System.out: shl View.plist_size==361, 2359
2020-09-19 14:00:35.571 28360-28360/? I/System.out: shl View.plist_size==361, 2359
2020-09-19 14:00:35.571 28360-28360/? I/System.out: shl View.plist_size==361, 2359
2020-09-19 14:00:35.588 28360-28360/? I/System.out: shl View.plist_size==361, 2359
2020-09-19 14:00:35.605 28360-28360/? I/System.out: shl View.plist_size==361, 2359
2020-09-19 14:00:35.621 28360-28360/? I/System.out: shl View.plist_size==361, 2359
2020-09-19 14:00:35.621 28360-28360/? I/System.out: shl View.plist_size==361, 2359
2020-09-19 14:00:35.637 28360-28360/? I/System.out: shl View.plist_size==361, 2359
2020-09-19 14:00:35.655 28360-28360/? I/System.out: shl View.plist_size==361, 2359
2020-09-19 14:00:35.665 14747-14782/? I/bt_att: GATTC_SendHandleValueConfirm conn_id=3 handle=0x2c
2020-09-19 14:00:35.665 14747-14782/? I/bt_att: GATTC_SendHandleValueConfirm conn_id=4 handle=0x2c
2020-09-19 14:00:35.665 14747-14782/? I/bt_att: GATTC_SendHandleValueConfirm conn_id=5 handle=0x2c
2020-09-19 14:00:35.665 14747-14782/? I/bt_att: GATTC_SendHandleValueConfirm conn_id=7 handle=0x2c
2020-09-19 14:00:35.665 14747-14774/? W/bt_btif: HAL bt_gatt_callbacks->client->notify_cb
2020-09-19 14:00:35.665 14747-14774/? I/bt_btif: BTA_GATTC_SendIndConfirm conn_id=6 handle=0x002c
2020-09-19 14:00:35.666 14747-14782/? I/bt_att: GATTC_SendHandleValueConfirm conn_id=6 handle=0x2c
2020-09-19 14:00:35.671 28360-28360/? I/System.out: shl View.plist_size==361, 2359
2020-09-19 14:00:35.677 28360-28442/? I/SendBroadcastPermission: action:action.character_changed, mPermissionType:0
2020-09-19 14:00:35.688 28360-28360/? I/System.out: shl View.plist_size==361, 2359
2020-09-19 14:00:35.689 28360-28360/? I/System.out: shl View.plist_size==361, 2359
