2020-09-20 11:10:49.466 941-21532/? I/GNSS_CONTROL: static void PACommMgr::PAInjectEphemeris(SUPL_GPS_ASSISTANCE_DATA *) -- 2253: cuc:2426.000000000000000, cus:5690.000000000000000, crc:5570.000000000000000, crs:2637.000000000000000, cic:  33.000000000000000, cis: 127.000000000000000, group_delay: -24.000000000000000, af0:-808453.000000000000000, af1: -72.000000000000000, af2:   0.000000000000000, aodc:280, health:0, toc:2250, toe:2250, status:0, code_on_L2:1, fit_interval_flag:0, aodo:31
2020-09-20 11:10:49.466 941-21532/? I/GNSS_CONTROL: static void PACommMgr::PAInjectEphemeris(SUPL_GPS_ASSISTANCE_DATA *) -- 2232: svid:7, acc:4, iode2:211, iode3:211, m0:1959786279.000000000000000, delta_n:12369.000000000000000, ecc:47089920.000000000000000, ek:   0.000000000000000, sqrt_a:2702037123.000000000000000, omega_0:-84702862.000000000000000, i0:662633254.000000000000000, omega:-43068074.000000000000000, omega_dot:-22544.000000000000000, i_dot:-977.000000000000000
2020-09-20 11:10:49.466 941-21532/? I/GNSS_CONTROL: static void PACommMgr::PAInjectEphemeris(SUPL_GPS_ASSISTANCE_DATA *) -- 2253: cuc:-2997.000000000000000, cus:4469.000000000000000, crc:7173.000000000000000, crs:-3528.000000000000000, cic: -33.000000000000000, cis:  26.000000000000000, group_delay:  11.000000000000000, af0:-104441.000000000000000, af1: -12.000000000000000, af2:   0.000000000000000, aodc:211, health:0, toc:2250, toe:2250, status:0, code_on_L2:1, fit_interval_flag:0, aodo:31
2020-09-20 11:10:49.466 941-21532/? I/GNSS_CONTROL: static void PACommMgr::PAInjectEphemeris(SUPL_GPS_ASSISTANCE_DATA *) -- 2232: svid:8, acc:1, iode2:66, iode3:66, m0:-2136821005.000000000000000, delta_n:12830.000000000000000, ecc:15265854.000000000000000, ek:   0.000000000000000, sqrt_a:2701998781.000000000000000, omega_0:2062669911.000000000000000, i0:651677701.000000000000000, omega:1197952625.000000000000000, omega_dot:-22492.000000000000000, i_dot:-1533.000000000000000
2020-09-20 11:10:49.466 941-21532/? I/GNSS_CONTROL: static void PACommMgr::PAInjectEphemeris(SUPL_GPS_ASSISTANCE_DATA *) -- 2253: cuc:-1587.000000000000000, cus:5386.000000000000000, crc:5865.000000000000000, crs:-1892.000000000000000, cic: -36.000000000000000, cis: -42.000000000000000, group_delay:   3.000000000000000, af0:-620032.000000000000000, af1: -49.000000000000000, af2:   0.000000000000000, aodc:322, health:0, toc:2250, toe:2250, status:0, code_on_L2:1, fit_interval_flag:0, aodo:31
2020-09-20 11:10:49.466 941-21532/? I/GNSS_CONTROL: static void PACommMgr::PAInjectEphemeris(SUPL_GPS_ASSISTANCE_DATA *) -- 2232: svid:9, acc:2, iode2:30, iode3:30, m0:-984480112.000000000000000, delta_n:13550.000000000000000, ecc:50707355.000000000000000, ek:   0.000000000000000, sqrt_a:2702000455.000000000000000, omega_0:1356131203.000000000000000, i0:660622560.000000000000000, omega:-1819979196.000000000000000, omega_dot:-23145.000000000000000, i_dot:  47.000000000000000
2020-09-20 11:10:49.467 941-21532/? I/GNSS_CONTROL: static void PACommMgr::PAInjectEphemeris(SUPL_GPS_ASSISTANCE_DATA *) -- 2253: cuc:  -3.000000000000000, cus:2592.000000000000000, crc:9344.000000000000000, crs:  20.000000000000000, cic:  57.000000000000000, cis: -84.000000000000000, group_delay:   5.000000000000000, af0:-986478.000000000000000, af1: -86.000000000000000, af2:   0.000000000000000, aodc:286, health:0, toc:2250, toe:2250, status:0, code_on_L2:1, fit_interval_flag:0, aodo:31
2020-09-20 11:10:49.467 941-21532/? I/GNSS_CONTROL: static void PACommMgr::PAInjectEphemeris(SUPL_GPS_ASSISTANCE_DATA *) -- 2232: svid:10, acc:2, iode2:239, iode3:239, m0:18267038.000000000000000, delta_n:15698.000000000000000, ecc:136635948.000000000000000, ek:   0.000000000000000, sqrt_a:2702036051.000000000000000, omega_0:317754832.000000000000000, i0:624541298.000000000000000, omega:1398393358.000000000000000, omega_dot:-24666.000000000000000, i_dot: 161.000000000000000
2020-09-20 11:10:49.467 941-21532/? I/GNSS_CONTROL: static void PACommMgr::PAInjectEphemeris(SUPL_GPS_ASSISTANCE_DATA *) -- 2253: cuc:-1551.000000000000000, cus:6411.000000000000000, crc:4093.000000000000000, crs:-1775.000000000000000, cic: -39.000000000000000, cis:-100.000000000000000, group_delay: -26.000000000000000, af0:-341926.000000000000000, af1:  93.000000000000000, af2:   0.000000000000000, aodc:239, health:0, toc:2250, toe:2250, status:0, code_on_L2:1, fit_interval_flag:0, aodo:31
2020-09-20 11:10:49.467 941-21532/? I/GNSS_CONTROL: static void PACommMgr::PAInjectEphemeris(SUPL_GPS_ASSISTANCE_DATA *) -- 2232: svid:11, acc:2, iode2:235, iode3:235, m0:-563396713.000000000000000, delta_n:13369.000000000000000, ecc:67923401.000000000000000, ek:   0.000000000000000, sqrt_a:2701982749.000000000000000, omega_0:-741125287.000000000000000, i0:667513912.000000000000000, omega:797681288.000000000000000, omega_dot:-23954.000000000000000, i_dot: 220.000000000000000
2020-09-20 11:10:49.467 941-21532/? I/GNSS_CONTROL: static void PACommMgr::PAInjectEphemeris(SUPL_GPS_ASSISTANCE_DATA *) -- 2253: cuc: 186.000000000000000, cus:1364.000000000000000, crc:11015.000000000000000, crs:  59.000000000000000, cic:   9.000000000000000, cis:  46.000000000000000, group_delay: -26.000000000000000, af0:139139.000000000000000, af1: -44.000000000000000, af2:   0.000000000000000, aodc:235, health:0, toc:2250, toe:2250, status:0, code_on_L2:1, fit_interval_flag:0, aodo:31
2020-09-20 11:10:49.467 941-21532/? I/GNSS_CONTROL: static void PACommMgr::PAInjectEphemeris(SUPL_GPS_ASSISTANCE_DATA *) -- 2232: svid:12, acc:3, iode2:70, iode3:70, m0:1420019020.000000000000000, delta_n:11499.000000000000000, ecc:38924254.000000000000000, ek:   0.000000000000000, sqrt_a:2702022174.000000000000000, omega_0:-2133440983.000000000000000, i0:661979124.000000000000000, omega:714025394.000000000000000, omega_dot:-22066.000000000000000, i_dot:-1161.000000000000000
2020-09-20 11:10:49.467 941-21532/? I/GNSS_CONTROL: static void PACommMgr::PAInjectEphemeris(SUPL_GPS_ASSISTANCE_DATA *) -- 2253: cuc:-856.000000000000000, cus:6103.000000000000000, crc:5283.000000000000000, crs:-954.000000000000000, cic: -56.000000000000000, cis: -26.000000000000000, group_delay: -24.000000000000000, af0:101013.000000000000000, af1:  32.000000000000000, af2:   0.000000000000000, aodc:326, health:0, toc:2250, toe:2250, status:0, code_on_L2:1, fit_interval_flag:0, aodo:31
2020-09-20 11:10:49.467 941-21532/? I/GNSS_CONTROL: static void PACommMgr::PAInjectEphemeris(SUPL_GPS_ASSISTANCE_DATA *) -- 2232: svid:14, acc:2, iode2:71, iode3:71, m0:1265472214.000000000000000, delta_n:14679.000000000000000, ecc:109919074.000000000000000, ek:   0.000000000000000, sqrt_a:2702051338.000000000000000, omega_0:1999459844.000000000000000, i0:634952035.000000000000000, omega:628837067.000000000000000, omega_dot:-23660.000000000000000, i_dot:-1584.000000000000000
2020-09-20 11:10:49.467 941-21532/? I/GNSS_CONTROL: static void PACommMgr::PAInjectEphemeris(SUPL_GPS_ASSISTANCE_DATA *) -- 2253: cuc:-1771.000000000000000, cus:5236.000000000000000, crc:5703.000000000000000, crs:-1914.000000000000000, cic:-114.000000000000000, cis: -56.000000000000000, group_delay: -23.000000000000000, af0:-434676.000000000000000, af1:  23.000000000000000, af2:   0.000000000000000, aodc:327, health:0, toc:2250, toe:2250, status:0, code_on_L2:1, fit_interval_flag:0, aodo:31
2020-09-20 11:10:49.467 941-21532/? I/GNSS_CONTROL: static void PACommMgr::PAInjectEphemeris(SUPL_GPS_ASSISTANCE_DATA *) -- 2232: svid:15, acc:3, iode2:13, iode3:13, m0:-1834117190.000000000000000, delta_n:13107.000000000000000, ecc:99335966.000000000000000, ek:   0.000000000000000, sqrt_a:2701954751.000000000000000, omega_0:-728242712.000000000000000, i0:667646356.000000000000000, omega:429276049.000000000000000, omega_dot:-23357.000000000000000, i_dot: 409.000000000000000
2020-09-20 11:10:49.467 941-21532/? I/GNSS_CONTROL: static void PACommMgr::PAInjectEphemeris(SUPL_GPS_ASSISTANCE_DATA *) -- 2253: cuc: 224.000000000000000, cus:1318.000000000000000, crc:10975.000000000000000, crs: 417.000000000000000, cic:   0.000000000000000, cis:-122.000000000000000, group_delay: -23.000000000000000, af0:-454368.000000000000000, af1: -45.000000000000000, af2:   0.000000000000000, aodc:269, health:0, toc:2250, toe:2250, status:0, code_on_L2:1, fit_interval_flag:0, aodo:31
2020-09-20 11:10:49.467 941-21532/? I/GNSS_CONTROL: static void PACommMgr::PAInjectEphemeris(SUPL_GPS_ASSISTANCE_DATA *) -- 2232: svid:16, acc:3, iode2:63, iode3:63, m0:1791648551.000000000000000, delta_n:11056.000000000000000, ecc:115280415.000000000000000, ek:   0.000000000000000, sqrt_a:2702056179.000000000000000, omega_0:-33911424.000000000000000, i0:672525831.000000000000000, omega:-1118758837.000000000000000, omega_dot:-21389.000000000000000, i_dot:-1070.000000000000000
2020-09-20 11:10:49.467 941-21532/? I/GNSS_CONTROL: static void PACommMgr::PAInjectEphemeris(SUPL_GPS_ASSISTANCE_DATA *) -- 2253: cuc:-2778.000000000000000, cus:5055.000000000000000, crc:6620.000000000000000, crs:-3232.000000000000000, cic:  71.000000000000000, cis: -97.000000000000000, group_delay: -24.000000000000000, af0:705575.000000000000000, af1:  48.000000000000000, af2:   0.000000000000000, aodc:319, health:0, toc:2250, toe:2250, status:0, code_on_L2:1, fit_interval_flag:0, aodo:31
2020-09-20 11:10:49.467 941-21532/? I/GNSS_CONTROL: static void PACommMgr::PAInjectEphemeris(SUPL_GPS_ASSISTANCE_DATA *) -- 2232: svid:17, acc:2, iode2:7, iode3:7, m0:665555434.000000000000000, delta_n:12234.000000000000000, ecc:8937530.000000000000000, ek:   0.000000000000000, sqrt_a:2702031600.000000000000000, omega_0:657796995.000000000000000, i0:659664680.000000000000000, omega:1887841485.000000000000000, omega_dot:-22407.000000000000000, i_dot:1063.000000000000000
2020-09-20 11:10:49.467 941-21532/? I/GNSS_CONTROL: static void PACommMgr::PAInjectEphemeris(SUPL_GPS_ASSISTANCE_DATA *) -- 2253: cuc: 794.000000000000000, cus:6114.000000000000000, crc:5046.000000000000000, crs: 990.000000000000000, cic: -17.000000000000000, cis:  -3.000000000000000, group_delay: -18.000000000000000, af0:630362.000000000000000, af1:  61.000000000000000, af2:   0.000000000000000, aodc:775, health:0, toc:2250, toe:2250, status:0, code_on_L2:1, fit_interval_flag:0, aodo:31
2020-09-20 11:10:49.467 941-21532/? I/GNSS_CONTROL: static void PACommMgr::PAInjectEphemeris(SUPL_GPS_ASSISTANCE_DATA *) -- 2232: svid:18, acc:2, iode2:44, iode3:44, m0:-729233680.000000000000000, delta_n:11230.000000000000000, ecc:79405496.000000000000000, ek:   0.000000000000000, sqrt_a:2702026933.000000000000000, omega_0:-2856159.000000000000000, i0:671365753.000000000000000, omega:1176320122.000000000000000, omega_dot:-22384.000000000000000, i_dot:-719.000000000000000
2020-09-20 11:10:49.468 941-21532/? I/GNSS_CONTROL: static void PACommMgr::PAInjectEphemeris(SUPL_GPS_ASSISTANCE_DATA *) -- 2253: cuc:-2216.000000000000000, cus:5469.000000000000000, crc:6341.000000000000000, crs:-2562.000000000000000, cic:-109.000000000000000, cis:  -7.000000000000000, group_delay: -33.000000000000000, af0:-219949.000000000000000, af1:  45.000000000000000, af2:   0.000000000000000, aodc:300, health:0, toc:2250, toe:2250, status:0, code_on_L2:1, fit_interval_flag:0, aodo:31
2020-09-20 11:10:49.468 941-21532/? I/GNSS_CONTROL: static void PACommMgr::PAInjectEphemeris(SUPL_GPS_ASSISTANCE_DATA *) -- 2232: svid:19, acc:2, iode2:63, iode3:63, m0:37500031.000000000000000, delta_n:15847.000000000000000, ecc:48398842.000000000000000, ek:   0.000000000000000, sqrt_a:2701997462.000000000000000, omega_0:1264033443.000000000000000, i0:639092340.000000000000000, omega:1852277347.000000000000000, omega_dot:-24747.000000000000000, i_dot: 190.000000000000000
2020-09-20 11:10:49.468 941-21532/? I/GNSS_CONTROL: static void PACommMgr::PAInjectEphemeris(SUPL_GPS_ASSISTANCE_DATA *) -- 2253: cuc: 250.000000000000000, cus:2476.000000000000000, crc:8968.000000000000000, crs: 434.000000000000000, cic:  66.000000000000000, cis: -27.000000000000000, group_delay: -19.000000000000000, af0:1131034.000000000000000, af1:  -1.000000000000000, af2:   0.000000000000000, aodc:319, health:0, toc:2250, toe:2250, status:0, code_on_L2:1, fit_interval_flag:0, aodo:31
2020-09-20 11:10:49.468 941-21532/? I/GNSS_CONTROL: static void PACommMgr::PAInjectEphemeris(SUPL_GPS_ASSISTANCE_DATA *) -- 2232: svid:20, acc:3, iode2:9, iode3:9, m0:-1799588195.000000000000000, delta_n:12221.000000000000000, ecc:204390851.000000000000000, ek:   0.000000000000000, sqrt_a:2702725645.000000000000000, omega_0:594536811.000000000000000, i0:652403875.000000000000000, omega:-880018862.000000000000000, omega_dot:-21166.000000000000000, i_dot:1385.000000000000000
2020-09-20 11:10:49.468 941-21532/? I/GNSS_CONTROL: static void PACommMgr::PAInjectEphemeris(SUPL_GPS_ASSISTANCE_DATA *) -- 2253: cuc: 409.000000000000000, cus:6530.000000000000000, crc:4213.000000000000000, crs: 398.000000000000000, cic:  93.000000000000000, cis: 157.000000000000000, group_delay: -22.000000000000000, af0:105557.000000000000000, af1:  37.000000000000000, af2:   0.000000000000000, aodc:265, health:0, toc:2250, toe:2250, status:0, code_on_L2:1, fit_interval_flag:0, aodo:31
2020-09-20 11:10:49.468 941-21532/? I/GNSS_CONTROL: static void PACommMgr::PAInjectEphemeris(SUPL_GPS_ASSISTANCE_DATA *) -- 2232: svid:21, acc:3, iode2:7, iode3:7, m0:1196264148.000000000000000, delta_n:15957.000000000000000, ecc:57916071.000000000000000, ek:   0.000000000000000, sqrt_a:2702034177.000000000000000, omega_0:1296231555.000000000000000, i0:636846347.000000000000000, omega:-746034315.000000000000000, omega_dot:-24306.000000000000000, i_dot: 202.000000000000000
2020-09-20 11:10:49.468 941-21532/? I/GNSS_CONTROL: static void PACommMgr::PAInjectEphemeris(SUPL_GPS_ASSISTANCE_DATA *) -- 2253: cuc: 357.000000000000000, cus:2283.000000000000000, crc:8865.000000000000000, crs: 474.000000000000000, cic:  61.000000000000000, cis: -10.000000000000000, group_delay: -39.000000000000000, af0:-1615904.000000000000000, af1:  36.000000000000000, af2:   0.000000000000000, aodc:263, health:0, toc:2250, toe:2250, status:0, code_on_L2:1, fit_interval_flag:0, aodo:31
2020-09-20 11:10:49.468 941-21532/? I/GNSS_CONTROL: static void PACommMgr::PAInjectEphemeris(SUPL_GPS_ASSISTANCE_DATA *) -- 2232: svid:23, acc:4, iode2:224, iode3:224, m0:595853478.000000000000000, delta_n:13706.000000000000000, ecc:86806279.000000000000000, ek:   0.000000000000000, sqrt_a:2701993558.000000000000000, omega_0:-1549349230.000000000000000, i0:639840468.000000000000000, omega:462390072.000000000000000, omega_dot:-23426.000000000000000, i_dot: 370.000000000000000
2020-09-20 11:10:49.468 941-21532/? I/GNSS_CONTROL: static void PACommMgr::PAInjectEphemeris(SUPL_GPS_ASSISTANCE_DATA *) -- 2253: cuc:2779.000000000000000, cus:5670.000000000000000, crc:5246.000000000000000, crs:3211.000000000000000, cic: -66.000000000000000, cis:  53.000000000000000, group_delay:   6.000000000000000, af0:-40287.000000000000000, af1:  -4.000000000000000, af2:   0.000000000000000, aodc:224, health:0, toc:2250, toe:2250, status:0, code_on_L2:1, fit_interval_flag:0, aodo:31
2020-09-20 11:10:49.468 941-21532/? I/GNSS_CONTROL: static void PACommMgr::PAInjectEphemeris(SUPL_GPS_ASSISTANCE_DATA *) -- 2232: svid:24, acc:2, iode2:20, iode3:20, m0:-734775201.000000000000000, delta_n:14062.000000000000000, ecc:78457482.000000000000000, ek:   0.000000000000000, sqrt_a:2702038910.000000000000000, omega_0:-789252593.000000000000000, i0:658829706.000000000000000, omega:637315439.000000000000000, omega_dot:-24354.000000000000000, i_dot: 372.000000000000000
2020-09-20 11:10:49.468 941-21532/? I/GNSS_CONTROL: static void PACommMgr::PAInjectEphemeris(SUPL_GPS_ASSISTANCE_DATA *) -- 2253: cuc: 620.000000000000000, cus:1071.000000000000000, crc:11006.000000000000000, crs: 544.000000000000000, cic:  67.000000000000000, cis:  55.000000000000000, group_delay:  12.000000000000000, af0:111157.000000000000000, af1:  48.000000000000000, af2:   0.000000000000000, aodc:276, health:0, toc:2250, toe:2250, status:0, code_on_L2:1, fit_interval_flag:0, aodo:31
2020-09-20 11:10:49.468 941-21532/? I/GNSS_CONTROL: static void PACommMgr::PAInjectEphemeris(SUPL_GPS_ASSISTANCE_DATA *) -- 2232: svid:25, acc:3, iode2:5, iode3:5, m0:-1111324169.000000000000000, delta_n:15115.000000000000000, ecc:42758973.000000000000000, ek:   0.000000000000000, sqrt_a:2702009873.000000000000000, omega_0:-814865911.000000000000000, i0:645852748.000000000000000, omega:134689012.000000000000000, omega_dot:-24686.000000000000000, i_dot: 679.000000000000000
2020-09-20 11:10:49.468 941-21532/? I/GNSS_CONTROL: static void PACommMgr::PAInjectEphemeris(SUPL_GPS_ASSISTANCE_DATA *) -- 2253: cuc: 891.000000000000000, cus:1038.000000000000000, crc:10630.000000000000000, crs:1192.000000000000000, cic: -11.000000000000000, cis: -63.000000000000000, group_delay:  15.000000000000000, af0:605405.000000000000000, af1:  56.000000000000000, af2:   0.000000000000000, aodc:261, health:0, toc:2250, toe:2250, status:0, code_on_L2:1, fit_interval_flag:0, aodo:31
2020-09-20 11:10:49.468 941-21532/? I/GNSS_CONTROL: static void PACommMgr::PAInjectEphemeris(SUPL_GPS_ASSISTANCE_DATA *) -- 2232: svid:26, acc:3, iode2:49, iode3:49, m0:1865928834.000000000000000, delta_n:11719.000000000000000, ecc:71901546.000000000000000, ek:   0.000000000000000, sqrt_a:2702009579.000000000000000, omega_0:-74305303.000000000000000, i0:668430656.000000000000000, omega:394357977.000000000000000, omega_dot:-22050.000000000000000, i_dot:-1038.000000000000000
2020-09-20 11:10:49.468 941-21532/? I/GNSS_CONTROL: static void PACommMgr::PAInjectEphemeris(SUPL_GPS_ASSISTANCE_DATA *) -- 2253: cuc:-3075.000000000000000, cus:4842.000000000000000, crc:6865.000000000000000, crs:-3563.000000000000000, cic: -41.000000000000000, cis: -35.000000000000000, group_delay:   4.000000000000000, af0:-858803.000000000000000, af1: -78.000000000000000, af2:   0.000000000000000, aodc:305, health:0, toc:2250, toe:2250, status:0, code_on_L2:1, fit_interval_flag:0, aodo:31
2020-09-20 11:10:49.469 941-21532/? I/GNSS_CONTROL: static void PACommMgr::PAInjectEphemeris(SUPL_GPS_ASSISTANCE_DATA *) -- 2232: svid:27, acc:4, iode2:234, iode3:234, m0:-1907611424.000000000000000, delta_n:12640.000000000000000, ecc:158384192.000000000000000, ek:   0.000000000000000, sqrt_a:2702005260.000000000000000, omega_0:-725738274.000000000000000, i0:666994904.000000000000000, omega:-953530357.000000000000000, omega_dot:-22706.000000000000000, i_dot: 433.000000000000000
2020-09-20 11:10:49.469 941-21532/? I/GNSS_CONTROL: static void PACommMgr::PAInjectEphemeris(SUPL_GPS_ASSISTANCE_DATA *) -- 2253: cuc: 184.000000000000000, cus: 999.000000000000000, crc:11041.000000000000000, crs: 176.000000000000000, cic:  95.000000000000000, cis: 139.000000000000000, group_delay: -24.000000000000000, af0:1453325.000000000000000, af1: -36.000000000000000, af2:   0.000000000000000, aodc:234, health:0, toc:2250, toe:2250, status:0, code_on_L2:1, fit_interval_flag:0, aodo:31
2020-09-20 11:10:49.469 941-21532/? I/GNSS_CONTROL: static void PACommMgr::PAInjectEphemeris(SUPL_GPS_ASSISTANCE_DATA *) -- 2232: svid:28, acc:4, iode2:1, iode3:1, m0:1924878243.000000000000000, delta_n:11328.000000000000000, ecc:13783705.000000000000000, ek:   0.000000000000000, sqrt_a:2702050407.000000000000000, omega_0:-25739963.000000000000000, i0:673704836.000000000000000, omega:1522141190.000000000000000, omega_dot:-22096.000000000000000, i_dot:-866.000000000000000
2020-09-20 11:10:49.469 941-21532/? I/GNSS_CONTROL: static void PACommMgr::PAInjectEphemeris(SUPL_GPS_ASSISTANCE_DATA *) -- 2253: cuc:-2629.000000000000000, cus:5478.000000000000000, crc:6277.000000000000000, crs:-3072.000000000000000, cic:  38.000000000000000, cis:  68.000000000000000, group_delay: -22.000000000000000, af0:-426629.000000000000000, af1: -71.000000000000000, af2:   0.000000000000000, aodc:257, health:0, toc:2250, toe:2250, status:0, code_on_L2:1, fit_interval_flag:0, aodo:31
2020-09-20 11:10:49.469 941-21532/? I/GNSS_CONTROL: static void PACommMgr::PAInjectEphemeris(SUPL_GPS_ASSISTANCE_DATA *) -- 2232: svid:29, acc:2, iode2:213, iode3:213, m0:-113663073.000000000000000, delta_n:13603.000000000000000, ecc:40949986.000000000000000, ek:   0.000000000000000, sqrt_a:2701968837.000000000000000, omega_0:-1484392945.000000000000000, i0:641129701.000000000000000, omega:-1918035076.000000000000000, omega_dot:-23414.000000000000000, i_dot: 996.000000000000000
2020-09-20 11:10:49.469 941-21532/? I/GNSS_CONTROL: static void PACommMgr::PAInjectEphemeris(SUPL_GPS_ASSISTANCE_DATA *) -- 2253: cuc:2680.000000000000000, cus:5414.000000000000000, crc:5544.000000000000000, crs:2999.000000000000000, cic:  43.000000000000000, cis:  14.000000000000000, group_delay:   8.000000000000000, af0:-655385.000000000000000, af1: -62.000000000000000, af2:   0.000000000000000, aodc:213, health:0, toc:2250, toe:2250, status:0, code_on_L2:1, fit_interval_flag:0, aodo:31
2020-09-20 11:10:49.469 941-21532/? I/GNSS_CONTROL: static void PACommMgr::PAInjectEphemeris(SUPL_GPS_ASSISTANCE_DATA *) -- 2232: svid:30, acc:3, iode2:55, iode3:55, m0:-316058358.000000000000000, delta_n:12493.000000000000000, ecc:83246735.000000000000000, ek:   0.000000000000000, sqrt_a:2702003381.000000000000000, omega_0:-1487726482.000000000000000, i0:654196746.000000000000000, omega:109597895.000000000000000, omega_dot:-23031.000000000000000, i_dot: 973.000000000000000
2020-09-20 11:10:49.469 941-21532/? I/GNSS_CONTROL: static void PACommMgr::PAInjectEphemeris(SUPL_GPS_ASSISTANCE_DATA *) -- 2253: cuc:3079.000000000000000, cus:5858.000000000000000, crc:5209.000000000000000, crs:3461.000000000000000, cic:  96.000000000000000, cis:   6.000000000000000, group_delay: -28.000000000000000, af0:-150030.000000000000000, af1: -21.000000000000000, af2:   0.000000000000000, aodc:311, health:0, toc:2250, toe:2250, status:0, code_on_L2:1, fit_interval_flag:0, aodo:31
2020-09-20 11:10:49.469 941-21532/? I/GNSS_CONTROL: static void PACommMgr::PAInjectEphemeris(SUPL_GPS_ASSISTANCE_DATA *) -- 2232: svid:31, acc:1, iode2:12, iode3:12, m0:-1961109192.000000000000000, delta_n:12311.000000000000000, ecc:35407808.000000000000000, ek:   0.000000000000000, sqrt_a:2702054161.000000000000000, omega_0:2068764202.000000000000000, i0:654465519.000000000000000, omega:-1676486560.000000000000000, omega_dot:-22201.000000000000000, i_dot:-1447.000000000000000
2020-09-20 11:10:49.469 941-21532/? I/GNSS_CONTROL: static void PACommMgr::PAInjectEphemeris(SUPL_GPS_ASSISTANCE_DATA *) -- 2253: cuc:-1171.000000000000000, cus:5772.000000000000000, crc:5374.000000000000000, crs:-1374.000000000000000, cic:  20.000000000000000, cis: -14.000000000000000, group_delay:   1.000000000000000, af0:748447.000000000000000, af1:  41.000000000000000, af2:   0.000000000000000, aodc:268, health:0, toc:2250, toe:2250, status:0, code_on_L2:1, fit_interval_flag:0, aodo:31
2020-09-20 11:10:49.469 941-21532/? I/GNSS_CONTROL: static void PACommMgr::PAInjectAlmanac(SUPL_GPS_ASSISTANCE_DATA *) -- 2374: remainder: 76
2020-09-20 11:10:49.470 941-21532/? W/GNSS_CONTROL: static void PACommMgr::PAInjectAssistance(SUPL_GPS_ASSISTANCE_DATA *, SUPL_GANSS_ASSISTANCE_DATA *, SUPL_ADDITIONAL_ASSISTANCE_DATA *) -- 1196: pstGanssAsstData is NULL
2020-09-20 11:10:49.470 941-21532/? W/GNSS_CONTROL: static void PACommMgr::PAInjectAssistance(SUPL_GPS_ASSISTANCE_DATA *, SUPL_GANSS_ASSISTANCE_DATA *, SUPL_ADDITIONAL_ASSISTANCE_DATA *) -- 1205: pstAddlAsstData is NULL
2020-09-20 11:10:49.470 941-21532/? I/GNSS_CONTROL: static void *PACommMgr::RequestAssistance(void *) -- 1107: HandleGanssAsstData called
2020-09-20 11:10:49.478 941-21532/? I/GNSS_CONTROL: static void PACommMgr::PAInjectAssistance(SUPL_GPS_ASSISTANCE_DATA *, SUPL_GANSS_ASSISTANCE_DATA *, SUPL_ADDITIONAL_ASSISTANCE_DATA *) -- 1172: [PA_loc]Not wait and ready SessionState
2020-09-20 11:10:49.478 941-21532/? W/GNSS_CONTROL: static void PACommMgr::PAInjectAssistance(SUPL_GPS_ASSISTANCE_DATA *, SUPL_GANSS_ASSISTANCE_DATA *, SUPL_ADDITIONAL_ASSISTANCE_DATA *) -- 1187: pstGpsAssistanceData is NULL
2020-09-20 11:10:49.478 941-21532/? I/GNSS_CONTROL: static void PACommMgr::PAInjectGANSSAssistance(SUPL_GANSS_ASSISTANCE_DATA *) -- 2547: pstGanssAsstData->field_valid = 9
2020-09-20 11:10:49.478 941-21532/? I/GNSS_CONTROL: static void PACommMgr::PAInjectGANSSAssistance(SUPL_GANSS_ASSISTANCE_DATA *) -- 2550: ganss inject ref time
2020-09-20 11:10:49.478 941-21532/? I/GNSS_CONTROL: static void PACommMgr::PAInjectGANSSAssistance(SUPL_GANSS_ASSISTANCE_DATA *) -- 2565: ganss inject addl ionomodel
2020-09-20 11:10:49.478 941-21532/? I/GNSS_CONTROL: static void PACommMgr::PAInjectGANSSGenAssistance(SUPL_GANSS_GENERIC_ASSISTANCE_DATA *) -- 2592: pstGanssGenAsstData->field_valid = 106656
2020-09-20 11:10:49.478 941-21532/? I/GNSS_CONTROL: static void PACommMgr::PAInjectGANSSGenAssistance(SUPL_GANSS_GENERIC_ASSISTANCE_DATA *) -- 2596: ganss inject timemodel list
2020-09-20 11:10:49.478 941-21532/? I/GNSS_CONTROL: static void PACommMgr::PAInjectGANSSGenAssistance(SUPL_GANSS_GENERIC_ASSISTANCE_DATA *) -- 2606: ganss inject navmodel
2020-09-20 11:10:49.478 941-21532/? I/GNSS_CONTROL: static void PACommMgr::PAInjectGANSSNavModel(SUPL_GANSS_GENERIC_ASSISTANCE_DATA *) -- 2887: ucSatId:0, ucSVHealth:6, usIod:45, ucIsOrbMdl:1, ucIsSVHealthMSB:0, ucSVHealthMSB:0,ucIsIodMSB:0,ucIodMSB:0
2020-09-20 11:10:49.478 941-21532/? I/GNSS_CONTROL: static void PACommMgr::PAInjectGANSSNavModel(SUPL_GANSS_GENERIC_ASSISTANCE_DATA *) -- 2887: ucSatId:1, ucSVHealth:6, usIod:45, ucIsOrbMdl:1, ucIsSVHealthMSB:0, ucSVHealthMSB:0,ucIsIodMSB:0,ucIodMSB:0
2020-09-20 11:10:49.478 941-21532/? I/GNSS_CONTROL: static void PACommMgr::PAInjectGANSSNavModel(SUPL_GANSS_GENERIC_ASSISTANCE_DATA *) -- 2887: ucSatId:5, ucSVHealth:6, usIod:45, ucIsOrbMdl:1, ucIsSVHealthMSB:0, ucSVHealthMSB:0,ucIsIodMSB:0,ucIodMSB:0
2020-09-20 11:10:49.478 941-21532/? I/GNSS_CONTROL: static void PACommMgr::PAInjectGANSSNavModel(SUPL_GANSS_GENERIC_ASSISTANCE_DATA *) -- 2887: ucSatId:6, ucSVHealth:6, usIod:45, ucIsOrbMdl:1, ucIsSVHealthMSB:0, ucSVHealthMSB:0,ucIsIodMSB:0,ucIodMSB:0
2020-09-20 11:10:49.478 941-21532/? I/GNSS_CONTROL: static void PACommMgr::PAInjectGANSSNavModel(SUPL_GANSS_GENERIC_ASSISTANCE_DATA *) -- 2887: ucSatId:7, ucSVHealth:7, usIod:45, ucIsOrbMdl:1, ucIsSVHealthMSB:0, ucSVHealthMSB:0,ucIsIodMSB:0,ucIodMSB:0
2020-09-20 11:10:49.478 941-21532/? I/GNSS_CONTROL: static void PACommMgr::PAInjectGANSSNavModel(SUPL_GANSS_GENERIC_ASSISTANCE_DATA *) -- 2887: ucSatId:9, ucSVHealth:5, usIod:45, ucIsOrbMdl:1, ucIsSVHealthMSB:0, ucSVHealthMSB:0,ucIsIodMSB:0,ucIodMSB:0
2020-09-20 11:10:49.478 941-21532/? I/GNSS_CONTROL: static void PACommMgr::PAInjectGANSSNavModel(SUPL_GANSS_GENERIC_ASSISTANCE_DATA *) -- 2887: ucSatId:10, ucSVHealth:3, usIod:45, ucIsOrbMdl:1, ucIsSVHealthMSB:0, ucSVHealthMSB:0,ucIsIodMSB:0,ucIodMSB:0
2020-09-20 11:10:49.478 941-21532/? I/GNSS_CONTROL: static void PACommMgr::PAInjectGANSSNavModel(SUPL_GANSS_GENERIC_ASSISTANCE_DATA *) -- 2887: ucSatId:12, ucSVHealth:6, usIod:45, ucIsOrbMdl:1, ucIsSVHealthMSB:0, ucSVHealthMSB:0,ucIsIodMSB:0,ucIodMSB:0
2020-09-20 11:10:49.478 941-21532/? I/GNSS_CONTROL: static void PACommMgr::PAInjectGANSSNavModel(SUPL_GANSS_GENERIC_ASSISTANCE_DATA *) -- 2887: ucSatId:13, ucSVHealth:3, usIod:45, ucIsOrbMdl:1, ucIsSVHealthMSB:0, ucSVHealthMSB:0,ucIsIodMSB:0,ucIodMSB:0
2020-09-20 11:10:49.479 941-21532/? I/GNSS_CONTROL: static void PACommMgr::PAInjectGANSSNavModel(SUPL_GANSS_GENERIC_ASSISTANCE_DATA *) -- 2887: ucSatId:14, ucSVHealth:3, usIod:45, ucIsOrbMdl:1, ucIsSVHealthMSB:0, ucSVHealthMSB:0,ucIsIodMSB:0,ucIodMSB:0
2020-09-20 11:10:49.479 941-21532/? I/GNSS_CONTROL: static void PACommMgr::PAInjectGANSSNavModel(SUPL_GANSS_GENERIC_ASSISTANCE_DATA *) -- 2887: ucSatId:15, ucSVHealth:5, usIod:45, ucIsOrbMdl:1, ucIsSVHealthMSB:0, ucSVHealthMSB:0,ucIsIodMSB:0,ucIodMSB:0
2020-09-20 11:10:49.479 941-21532/? I/GNSS_CONTROL: static void PACommMgr::PAInjectGANSSNavModel(SUPL_GANSS_GENERIC_ASSISTANCE_DATA *) -- 2887: ucSatId:16, ucSVHealth:3, usIod:45, ucIsOrbMdl:1, ucIsSVHealthMSB:0, ucSVHealthMSB:0,ucIsIodMSB:0,ucIodMSB:0
2020-09-20 11:10:49.479 941-21532/? I/GNSS_CONTROL: static void PACommMgr::PAInjectGANSSNavModel(SUPL_GANSS_GENERIC_ASSISTANCE_DATA *) -- 2887: ucSatId:17, ucSVHealth:5, usIod:45, ucIsOrbMdl:1, ucIsSVHealthMSB:0, ucSVHealthMSB:0,ucIsIodMSB:0,ucIodMSB:0
2020-09-20 11:10:49.479 941-21532/? I/GNSS_CONTROL: static void PACommMgr::PAInjectGANSSNavModel(SUPL_GANSS_GENERIC_ASSISTANCE_DATA *) -- 2887: ucSatId:19, ucSVHealth:3, usIod:45, ucIsOrbMdl:1, ucIsSVHealthMSB:0, ucSVHealthMSB:0,ucIsIodMSB:0,ucIodMSB:0
2020-09-20 11:10:49.479 941-21532/? I/GNSS_CONTROL: static void PACommMgr::PAInjectGANSSNavModel(SUPL_GANSS_GENERIC_ASSISTANCE_DATA *) -- 2887: ucSatId:20, ucSVHealth:3, usIod:45, ucIsOrbMdl:1, ucIsSVHealthMSB:0, ucSVHealthMSB:0,ucIsIodMSB:0,ucIodMSB:0
2020-09-20 11:10:49.479 941-21532/? I/GNSS_CONTROL: static void PACommMgr::PAInjectGANSSNavModel(SUPL_GANSS_GENERIC_ASSISTANCE_DATA *) -- 2887: ucSatId:22, ucSVHealth:4, usIod:45, ucIsOrbMdl:1, ucIsSVHealthMSB:0, ucSVHealthMSB:0,ucIsIodMSB:0,ucIodMSB:0
2020-09-20 11:10:49.479 941-21532/? I/GNSS_CONTROL: static void PACommMgr::PAInjectGANSSNavModel(SUPL_GANSS_GENERIC_ASSISTANCE_DATA *) -- 3111: SUPL_GANSS_EPHEMERIS_MODEL_STRU size 13320
2020-09-20 11:10:49.479 941-21532/? I/GNSS_CONTROL: static void PACommMgr::PAInjectGANSSGenAssistance(SUPL_GANSS_GENERIC_ASSISTANCE_DATA *) -- 2636: ganss inject alm
2020-09-20 11:10:49.479 941-21532/? I/GNSS_CONTROL: static void PACommMgr::PAInjectGANSSGenAssistance(SUPL_GANSS_GENERIC_ASSISTANCE_DATA *) -- 2646: ganss inject addl utc model
2020-09-20 11:10:49.479 941-21532/? I/GNSS_CONTROL: static void PACommMgr::PAInjectGANSSGenAssistance(SUPL_GANSS_GENERIC_ASSISTANCE_DATA *) -- 2651: ganss inject auxi info
2020-09-20 11:10:49.479 941-21532/? I/GNSS_CONTROL: static void PACommMgr::PAInjectGANSSGenAssistance(SUPL_GANSS_GENERIC_ASSISTANCE_DATA *) -- 2592: pstGanssGenAsstData->field_valid = 41088
2020-09-20 11:10:49.479 941-21532/? I/GNSS_CONTROL: static void PACommMgr::PAInjectGANSSGenAssistance(SUPL_GANSS_GENERIC_ASSISTANCE_DATA *) -- 2606: ganss inject navmodel
2020-09-20 11:10:49.479 941-21532/? I/GNSS_CONTROL: static void PACommMgr::PAInjectGANSSNavModel(SUPL_GANSS_GENERIC_ASSISTANCE_DATA *) -- 2887: ucSatId:5, ucSVHealth:0, usIod:1, ucIsOrbMdl:1, ucIsSVHealthMSB:0, ucSVHealthMSB:0,ucIsIodMSB:0,ucIodMSB:0
2020-09-20 11:10:49.479 941-21532/? I/GNSS_CONTROL: static void PACommMgr::PAInjectGANSSNavModel(SUPL_GANSS_GENERIC_ASSISTANCE_DATA *) -- 2887: ucSatId:6, ucSVHealth:0, usIod:100, ucIsOrbMdl:1, ucIsSVHealthMSB:0, ucSVHealthMSB:0,ucIsIodMSB:0,ucIodMSB:0
2020-09-20 11:10:49.479 941-21532/? I/GNSS_CONTROL: static void PACommMgr::PAInjectGANSSNavModel(SUPL_GANSS_GENERIC_ASSISTANCE_DATA *) -- 2887: ucSatId:7, ucSVHealth:0, usIod:1, ucIsOrbMdl:1, ucIsSVHealthMSB:0, ucSVHealthMSB:0,ucIsIodMSB:0,ucIodMSB:0
2020-09-20 11:10:49.479 941-21532/? I/GNSS_CONTROL: static void PACommMgr::PAInjectGANSSNavModel(SUPL_GANSS_GENERIC_ASSISTANCE_DATA *) -- 2887: ucSatId:8, ucSVHealth:0, usIod:1, ucIsOrbMdl:1, ucIsSVHealthMSB:0, ucSVHealthMSB:0,ucIsIodMSB:0,ucIodMSB:0
2020-09-20 11:10:49.479 941-21532/? I/GNSS_CONTROL: static void PACommMgr::PAInjectGANSSNavModel(SUPL_GANSS_GENERIC_ASSISTANCE_DATA *) -- 2887: ucSatId:9, ucSVHealth:0, usIod:67, ucIsOrbMdl:1, ucIsSVHealthMSB:0, ucSVHealthMSB:0,ucIsIodMSB:0,ucIodMSB:0
2020-09-20 11:10:49.480 941-21532/? I/GNSS_CONTROL: static void PACommMgr::PAInjectGANSSNavModel(SUPL_GANSS_GENERIC_ASSISTANCE_DATA *) -- 2887: ucSatId:10, ucSVHealth:0, usIod:166, ucIsOrbMdl:1, ucIsSVHealthMSB:0, ucSVHealthMSB:0,ucIsIodMSB:0,ucIodMSB:0
2020-09-20 11:10:49.480 941-21532/? I/GNSS_CONTROL: static void PACommMgr::PAInjectGANSSNavModel(SUPL_GANSS_GENERIC_ASSISTANCE_DATA *) -- 2887: ucSatId:11, ucSVHealth:0, usIod:232, ucIsOrbMdl:1, ucIsSVHealthMSB:0, ucSVHealthMSB:0,ucIsIodMSB:0,ucIodMSB:0
2020-09-20 11:10:49.480 941-21532/? I/GNSS_CONTROL: static void PACommMgr::PAInjectGANSSNavModel(SUPL_GANSS_GENERIC_ASSISTANCE_DATA *) -- 2887: ucSatId:12, ucSVHealth:0, usIod:1, ucIsOrbMdl:1, ucIsSVHealthMSB:0, ucSVHealthMSB:0,ucIsIodMSB:0,ucIodMSB:0
2020-09-20 11:10:49.480 941-21532/? I/GNSS_CONTROL: static void PACommMgr::PAInjectGANSSNavModel(SUPL_GANSS_GENERIC_ASSISTANCE_DATA *) -- 2887: ucSatId:13, ucSVHealth:0, usIod:100, ucIsOrbMdl:1, ucIsSVHealthMSB:0, ucSVHealthMSB:0,ucIsIodMSB:0,ucIodMSB:0
2020-09-20 11:10:49.480 941-21532/? I/GNSS_CONTROL: static void PACommMgr::PAInjectGANSSNavModel(SUPL_GANSS_GENERIC_ASSISTANCE_DATA *) -- 3111: SUPL_GANSS_EPHEMERIS_MODEL_STRU size 13320
2020-09-20 11:10:49.480 941-21532/? I/GNSS_CONTROL: static void PACommMgr::PAInjectGANSSGenAssistance(SUPL_GANSS_GENERIC_ASSISTANCE_DATA *) -- 2636: ganss inject alm
2020-09-20 11:10:49.480 941-21532/? I/GNSS_CONTROL: static void PACommMgr::PAInjectGANSSGenAssistance(SUPL_GANSS_GENERIC_ASSISTANCE_DATA *) -- 2646: ganss inject addl utc model
2020-09-20 11:10:49.480 941-21532/? W/GNSS_CONTROL: static void PACommMgr::PAInjectAssistance(SUPL_GPS_ASSISTANCE_DATA *, SUPL_GANSS_ASSISTANCE_DATA *, SUPL_ADDITIONAL_ASSISTANCE_DATA *) -- 1205: pstAddlAsstData is NULL
2020-09-20 11:10:49.480 941-21532/? I/GNSS_CONTROL: static void *PACommMgr::RequestAssistance(void *) -- 1118: [PA_loc]m_sem_flag = 0
2020-09-20 11:10:49.485 1255-1277/? I/ActivityManager: Displayed com.zhuoting.healthd/com.zhuoting.health.BeginActivity: +694ms
2020-09-20 11:10:49.486 556-579/? W/JankService: virtual bool android::JankManualDumpLogAnalyser::processEntry(android::LogEntry *, int, bool), not beta version or commercial log off
2020-09-20 11:10:49.495 941-960/? I/GNSS_CONTROL: static THREAD_HANDLE CtrlCommMgr::ProcessThreadProc(void *) -- 122: process cmd id:0x00000651
2020-09-20 11:10:49.495 941-960/? I/GNSS_CONTROL: virtual void CtrlFSMSISessionState::PGPSInjectRefTime(CtrlFSM &) -- 733: PGPSInjectRefTime cmd received by CtrlFSMSISessionState
2020-09-20 11:10:49.495 941-960/? I/GNSS_CONTROL: void EACommMgr::ProcessCtrlMessage(AGNSSMessage *) -- 226: EACommMgr::ProcessCtrlMessage:message->cmd_id:0x00000651
2020-09-20 11:10:49.495 941-960/? I/GNSS_CONTROL: virtual AGNSS_STATUS_ENUM_UINT32 EACommMgr::SendMsg2EA(AGNSSMessage *) -- 527: write msg to socket cmd_id is 0x00000651
2020-09-20 11:10:49.495 941-960/? I/GNSS_CONTROL: static THREAD_HANDLE CtrlCommMgr::ProcessThreadProc(void *) -- 122: process cmd id:0x00000652
2020-09-20 11:10:49.495 941-960/? I/GNSS_CONTROL: virtual void CtrlFSMSISessionState::PGPSInjectRefLocation(CtrlFSM &) -- 755: PGPSInjectRefLocation cmd received by CtrlFSMSISessionState
2020-09-20 11:10:49.495 941-960/? I/GNSS_CONTROL: void EACommMgr::ProcessCtrlMessage(AGNSSMessage *) -- 226: EACommMgr::ProcessCtrlMessage:message->cmd_id:0x00000652
2020-09-20 11:10:49.495 941-960/? I/GNSS_CONTROL: virtual AGNSS_STATUS_ENUM_UINT32 EACommMgr::SendMsg2EA(AGNSSMessage *) -- 527: write msg to socket cmd_id is 0x00000652
2020-09-20 11:10:49.495 941-960/? I/GNSS_CONTROL: static THREAD_HANDLE CtrlCommMgr::ProcessThreadProc(void *) -- 122: process cmd id:0x00000655
2020-09-20 11:10:49.495 941-960/? I/GNSS_CONTROL: virtual void CtrlFSMSISessionState::PGPSInjectIonospheric(CtrlFSM &) -- 777: PGPSInjectIonospheric cmd received by CtrlFSMSISessionState
2020-09-20 11:10:49.495 941-960/? I/GNSS_CONTROL: void EACommMgr::ProcessCtrlMessage(AGNSSMessage *) -- 226: EACommMgr::ProcessCtrlMessage:message->cmd_id:0x00000655
2020-09-20 11:10:49.495 940-940/? I/GNSS_ENGINE: listen thread receive socket_data!
2020-09-20 11:10:49.495 941-960/? I/GNSS_CONTROL: virtual AGNSS_STATUS_ENUM_UINT32 EACommMgr::SendMsg2EA(AGNSSMessage *) -- 527: write msg to socket cmd_id is 0x00000655
2020-09-20 11:10:49.495 941-960/? I/GNSS_CONTROL: static THREAD_HANDLE CtrlCommMgr::ProcessThreadProc(void *) -- 122: process cmd id:0x00000656
2020-09-20 11:10:49.495 941-960/? I/GNSS_CONTROL: virtual void CtrlFSMSISessionState::PGPSInjectUTCModel(CtrlFSM &) -- 799: PGPSInjectUTCModel cmd received by CtrlFSMSISessionState
2020-09-20 11:10:49.495 941-960/? I/GNSS_CONTROL: void EACommMgr::ProcessCtrlMessage(AGNSSMessage *) -- 226: EACommMgr::ProcessCtrlMessage:message->cmd_id:0x00000656
2020-09-20 11:10:49.495 941-960/? I/GNSS_CONTROL: virtual AGNSS_STATUS_ENUM_UINT32 EACommMgr::SendMsg2EA(AGNSSMessage *) -- 527: write msg to socket cmd_id is 0x00000656
2020-09-20 11:10:49.495 941-960/? I/GNSS_CONTROL: static THREAD_HANDLE CtrlCommMgr::ProcessThreadProc(void *) -- 122: process cmd id:0x00000654
2020-09-20 11:10:49.495 940-940/? I/GNSS_ENGINE: recv engineassist message cmd_id: 0x00000651
2020-09-20 11:10:49.495 941-960/? I/GNSS_CONTROL: virtual void CtrlFSMSISessionState::PGPSInjectNavModel(CtrlFSM &) -- 843: PGPSInjectNavModel cmd received by CtrlFSMSISessionState
2020-09-20 11:10:49.495 941-960/? I/GNSS_CONTROL: void EACommMgr::ProcessCtrlMessage(AGNSSMessage *) -- 226: EACommMgr::ProcessCtrlMessage:message->cmd_id:0x00000654
2020-09-20 11:10:49.495 940-940/? I/GNSS_ENGINE: scene is changed! timediff: -52926
2020-09-20 11:10:49.495 941-960/? I/GNSS_CONTROL: virtual AGNSS_STATUS_ENUM_UINT32 EACommMgr::SendMsg2EA(AGNSSMessage *) -- 527: write msg to socket cmd_id is 0x00000654
2020-09-20 11:10:49.495 940-940/? I/GNSS_ENGINE: recv engineassist message cmd_id: 0x00000652
2020-09-20 11:10:49.495 941-960/? I/GNSS_CONTROL: static THREAD_HANDLE CtrlCommMgr::ProcessThreadProc(void *) -- 122: process cmd id:0x00000657
2020-09-20 11:10:49.495 941-960/? I/GNSS_CONTROL: virtual void CtrlFSMSISessionState::PGPSInjectAlmanac(CtrlFSM &) -- 865: PGPSInjectAlmanac cmd received by CtrlFSMSISessionState
2020-09-20 11:10:49.495 941-960/? I/GNSS_CONTROL: void EACommMgr::ProcessCtrlMessage(AGNSSMessage *) -- 226: EACommMgr::ProcessCtrlMessage:message->cmd_id:0x00000657
2020-09-20 11:10:49.495 940-940/? I/GNSS_ENGINE: recv engineassist message cmd_id: 0x00000655
2020-09-20 11:10:49.495 941-960/? I/GNSS_CONTROL: virtual AGNSS_STATUS_ENUM_UINT32 EACommMgr::SendMsg2EA(AGNSSMessage *) -- 527: write msg to socket cmd_id is 0x00000657
2020-09-20 11:10:49.495 941-960/? I/GNSS_CONTROL: static THREAD_HANDLE CtrlCommMgr::ProcessThreadProc(void *) -- 122: process cmd id:0x00000659
2020-09-20 11:10:49.495 940-940/? I/GNSS_ENGINE: listen thread receive socket_data!
2020-09-20 11:10:49.495 941-960/? I/GNSS_CONTROL: virtual void CtrlFSMSISessionState::PGPSInjectRTIData(CtrlFSM &) -- 909: PGPSInjectRTIData cmd received by CtrlFSMSISessionState
2020-09-20 11:10:49.495 941-960/? I/GNSS_CONTROL: void EACommMgr::ProcessCtrlMessage(AGNSSMessage *) -- 226: EACommMgr::ProcessCtrlMessage:message->cmd_id:0x00000659
2020-09-20 11:10:49.495 941-960/? I/GNSS_CONTROL: virtual AGNSS_STATUS_ENUM_UINT32 EACommMgr::SendMsg2EA(AGNSSMessage *) -- 527: write msg to socket cmd_id is 0x00000659
2020-09-20 11:10:49.496 941-960/? I/GNSS_CONTROL: static THREAD_HANDLE CtrlCommMgr::ProcessThreadProc(void *) -- 122: process cmd id:0x0000065a
2020-09-20 11:10:49.496 941-960/? I/GNSS_CONTROL: virtual void CtrlFSMSISessionState::PGPSInjectGANSSRefTime(CtrlFSM &) -- 917: PGPSInjectGANSSRefTime cmd received by CtrlFSMSISessionState
2020-09-20 11:10:49.496 941-960/? I/GNSS_CONTROL: void EACommMgr::ProcessCtrlMessage(AGNSSMessage *) -- 226: EACommMgr::ProcessCtrlMessage:message->cmd_id:0x0000065a
2020-09-20 11:10:49.496 941-960/? I/GNSS_CONTROL: virtual AGNSS_STATUS_ENUM_UINT32 EACommMgr::SendMsg2EA(AGNSSMessage *) -- 527: write msg to socket cmd_id is 0x0000065a
2020-09-20 11:10:49.496 941-960/? I/GNSS_CONTROL: static THREAD_HANDLE CtrlCommMgr::ProcessThreadProc(void *) -- 122: process cmd id:0x0000065d
2020-09-20 11:10:49.496 941-960/? I/GNSS_CONTROL: virtual void CtrlFSMSISessionState::PGPSInjectGANSSAddlIONO(CtrlFSM &) -- 941: PGPSInjectGANSSAddlIONO cmd received by CtrlFSMSISessionState
2020-09-20 11:10:49.496 941-960/? I/GNSS_CONTROL: void EACommMgr::ProcessCtrlMessage(AGNSSMessage *) -- 226: EACommMgr::ProcessCtrlMessage:message->cmd_id:0x0000065d
2020-09-20 11:10:49.496 941-960/? I/GNSS_CONTROL: virtual AGNSS_STATUS_ENUM_UINT32 EACommMgr::SendMsg2EA(AGNSSMessage *) -- 527: write msg to socket cmd_id is 0x0000065d
2020-09-20 11:10:49.496 940-940/? I/GNSS_ENGINE: recv engineassist message cmd_id: 0x00000656
2020-09-20 11:10:49.496 941-960/? I/GNSS_CONTROL: static THREAD_HANDLE CtrlCommMgr::ProcessThreadProc(void *) -- 122: process cmd id:0x0000065f
2020-09-20 11:10:49.496 940-940/? I/GNSS_ENGINE: recv engineassist message cmd_id: 0x00000654
2020-09-20 11:10:49.496 941-960/? I/GNSS_CONTROL: virtual void CtrlFSMSISessionState::PGPSInjectGANSSTimeModel(CtrlFSM &) -- 957: PGPSInjectGANSSTimeModel cmd received by CtrlFSMSISessionState
2020-09-20 11:10:49.496 941-960/? I/GNSS_CONTROL: void EACommMgr::ProcessCtrlMessage(AGNSSMessage *) -- 226: EACommMgr::ProcessCtrlMessage:message->cmd_id:0x0000065f
2020-09-20 11:10:49.496 941-960/? I/GNSS_CONTROL: virtual AGNSS_STATUS_ENUM_UINT32 EACommMgr::SendMsg2EA(AGNSSMessage *) -- 527: write msg to socket cmd_id is 0x0000065f
2020-09-20 11:10:49.496 941-960/? I/GNSS_CONTROL: static THREAD_HANDLE CtrlCommMgr::ProcessThreadProc(void *) -- 122: process cmd id:0x00000661
2020-09-20 11:10:49.496 1255-1268/? W/RMS.SmartShrinker: SmartShrinker is runing in pid =2503 reclaim mode = 4
2020-09-20 11:10:49.497 940-940/? W/GNSS_ENGINE: Failed to change file permission on path /data/gnss/eph_alm.dat, errno:Operation not permitted
2020-09-20 11:10:49.499 1555-1555/? I/PhoneStatusBarPolicy: updateBluetooth:::setBluetoothBatteryEnable false.
2020-09-20 11:10:49.499 1555-1555/? I/PhoneStatusBarPolicy: updateBluetooth::bluetoothEnabled:true, bluetoothConnected=false, bluetoothTransfering=false
2020-09-20 11:10:49.501 1255-21449/? W/AwareLog: AwareMem_Kill: empty group list!
2020-09-20 11:10:49.510 2503-2503/? I/HwLauncher: Launcher onStop()
2020-09-20 11:10:49.511 940-14667/? I/GNSS_ENGINE: [CMD] CONFIG: 15, 0
2020-09-20 11:10:49.512 940-940/? I/GNSS_ENGINE: recv engineassist message cmd_id: 0x00000657
2020-09-20 11:10:49.512 940-940/? W/GNSS_ENGINE: Failed to change file permission on path /data/gnss/eph_alm.dat, errno:Operation not permitted
2020-09-20 11:10:49.513 940-940/? I/GNSS_ENGINE: recv engineassist message cmd_id: 0x00000659
2020-09-20 11:10:49.513 940-940/? I/GNSS_ENGINE: listen thread receive socket_data!
2020-09-20 11:10:49.513 940-940/? I/GNSS_ENGINE: recv engineassist message cmd_id: 0x0000065a
2020-09-20 11:10:49.513 940-940/? I/GNSS_ENGINE: recv engineassist message cmd_id: 0x0000065d
2020-09-20 11:10:49.513 940-940/? I/GNSS_ENGINE: recv engineassist message cmd_id: 0x0000065f
2020-09-20 11:10:49.526 941-960/? I/GNSS_CONTROL: virtual void CtrlFSMSISessionState::PGPSInjectGANSSNavModel(CtrlFSM &) -- 973: PGPSInjectGANSSNavModel cmd received by CtrlFSMSISessionState
2020-09-20 11:10:49.526 941-960/? I/GNSS_CONTROL: void EACommMgr::ProcessCtrlMessage(AGNSSMessage *) -- 226: EACommMgr::ProcessCtrlMessage:message->cmd_id:0x00000661
2020-09-20 11:10:49.526 941-960/? I/GNSS_CONTROL: virtual AGNSS_STATUS_ENUM_UINT32 EACommMgr::SendMsg2EA(AGNSSMessage *) -- 527: write msg to socket cmd_id is 0x00000661
2020-09-20 11:10:49.526 940-940/? I/GNSS_ENGINE: listen thread receive socket_data!
2020-09-20 11:10:49.526 941-960/? I/GNSS_CONTROL: static THREAD_HANDLE CtrlCommMgr::ProcessThreadProc(void *) -- 122: process cmd id:0x00000667
2020-09-20 11:10:49.527 941-960/? I/GNSS_CONTROL: virtual void CtrlFSMSISessionState::PGPSInjectGANSSAlmanac(CtrlFSM &) -- 1021: PGPSInjectGANSSAlmanac cmd received by CtrlFSMSISessionState
2020-09-20 11:10:49.527 941-960/? I/GNSS_CONTROL: void EACommMgr::ProcessCtrlMessage(AGNSSMessage *) -- 226: EACommMgr::ProcessCtrlMessage:message->cmd_id:0x00000667
2020-09-20 11:10:49.527 941-960/? I/GNSS_CONTROL: virtual AGNSS_STATUS_ENUM_UINT32 EACommMgr::SendMsg2EA(AGNSSMessage *) -- 527: write msg to socket cmd_id is 0x00000667
2020-09-20 11:10:49.527 941-960/? I/GNSS_CONTROL: static THREAD_HANDLE CtrlCommMgr::ProcessThreadProc(void *) -- 122: process cmd id:0x00000669
2020-09-20 11:10:49.527 941-960/? I/GNSS_CONTROL: virtual void CtrlFSMSISessionState::PGPSInjectGANSSAddlUTCModel(CtrlFSM &) -- 1037: PGPSInjectGANSSAddlUTCModel cmd received by CtrlFSMSISessionState
2020-09-20 11:10:49.527 941-960/? I/GNSS_CONTROL: void EACommMgr::ProcessCtrlMessage(AGNSSMessage *) -- 226: EACommMgr::ProcessCtrlMessage:message->cmd_id:0x00000669
2020-09-20 11:10:49.527 941-960/? I/GNSS_CONTROL: virtual AGNSS_STATUS_ENUM_UINT32 EACommMgr::SendMsg2EA(AGNSSMessage *) -- 527: write msg to socket cmd_id is 0x00000669
2020-09-20 11:10:49.527 940-940/? I/GNSS_ENGINE: listen thread receive socket_data!
2020-09-20 11:10:49.527 941-960/? I/GNSS_CONTROL: static THREAD_HANDLE CtrlCommMgr::ProcessThreadProc(void *) -- 122: process cmd id:0x0000066a
2020-09-20 11:10:49.527 941-960/? I/GNSS_CONTROL: virtual void CtrlFSMSISessionState::PGPSInjectGANSSAuxi(CtrlFSM &) -- 1045: PGPSInjectGANSSAuxi cmd received by CtrlFSMSISessionState
2020-09-20 11:10:49.527 941-960/? I/GNSS_CONTROL: void EACommMgr::ProcessCtrlMessage(AGNSSMessage *) -- 226: EACommMgr::ProcessCtrlMessage:message->cmd_id:0x0000066a
2020-09-20 11:10:49.527 941-960/? I/GNSS_CONTROL: virtual AGNSS_STATUS_ENUM_UINT32 EACommMgr::SendMsg2EA(AGNSSMessage *) -- 527: write msg to socket cmd_id is 0x0000066a
2020-09-20 11:10:49.527 941-960/? I/GNSS_CONTROL: static THREAD_HANDLE CtrlCommMgr::ProcessThreadProc(void *) -- 122: process cmd id:0x00000661
2020-09-20 11:10:49.527 941-960/? I/GNSS_CONTROL: virtual void CtrlFSMSISessionState::PGPSInjectGANSSNavModel(CtrlFSM &) -- 973: PGPSInjectGANSSNavModel cmd received by CtrlFSMSISessionState
2020-09-20 11:10:49.527 941-960/? I/GNSS_CONTROL: void EACommMgr::ProcessCtrlMessage(AGNSSMessage *) -- 226: EACommMgr::ProcessCtrlMessage:message->cmd_id:0x00000661
2020-09-20 11:10:49.527 940-940/? I/GNSS_ENGINE: recv engineassist message cmd_id: 0x00000661
2020-09-20 11:10:49.527 941-960/? I/GNSS_CONTROL: virtual AGNSS_STATUS_ENUM_UINT32 EACommMgr::SendMsg2EA(AGNSSMessage *) -- 527: write msg to socket cmd_id is 0x00000661
2020-09-20 11:10:49.527 941-960/? I/GNSS_CONTROL: static THREAD_HANDLE CtrlCommMgr::ProcessThreadProc(void *) -- 122: process cmd id:0x00000667
2020-09-20 11:10:49.527 941-960/? I/GNSS_CONTROL: virtual void CtrlFSMSISessionState::PGPSInjectGANSSAlmanac(CtrlFSM &) -- 1021: PGPSInjectGANSSAlmanac cmd received by CtrlFSMSISessionState
2020-09-20 11:10:49.527 941-960/? I/GNSS_CONTROL: void EACommMgr::ProcessCtrlMessage(AGNSSMessage *) -- 226: EACommMgr::ProcessCtrlMessage:message->cmd_id:0x00000667
2020-09-20 11:10:49.527 941-960/? I/GNSS_CONTROL: virtual AGNSS_STATUS_ENUM_UINT32 EACommMgr::SendMsg2EA(AGNSSMessage *) -- 527: write msg to socket cmd_id is 0x00000667
2020-09-20 11:10:49.527 941-960/? I/GNSS_CONTROL: static THREAD_HANDLE CtrlCommMgr::ProcessThreadProc(void *) -- 122: process cmd id:0x00000669
2020-09-20 11:10:49.527 941-960/? I/GNSS_CONTROL: virtual void CtrlFSMSISessionState::PGPSInjectGANSSAddlUTCModel(CtrlFSM &) -- 1037: PGPSInjectGANSSAddlUTCModel cmd received by CtrlFSMSISessionState
2020-09-20 11:10:49.527 941-960/? I/GNSS_CONTROL: void EACommMgr::ProcessCtrlMessage(AGNSSMessage *) -- 226: EACommMgr::ProcessCtrlMessage:message->cmd_id:0x00000669
2020-09-20 11:10:49.527 941-960/? I/GNSS_CONTROL: virtual AGNSS_STATUS_ENUM_UINT32 EACommMgr::SendMsg2EA(AGNSSMessage *) -- 527: write msg to socket cmd_id is 0x00000669
2020-09-20 11:10:49.527 940-940/? W/GNSS_ENGINE: Failed to change file permission on path /data/gnss/eph_alm.dat, errno:Operation not permitted
2020-09-20 11:10:49.532 940-14667/? I/GNSS_ENGINE: [CMD] SET ALLSAT FASTSEARCH!
2020-09-20 11:10:49.532 940-14667/? I/GNSS_ENGINE: [CMD] ADD_CHANNEL: 32, 0, 0, 268282407, 3, 3, 1, -708.001759, 0, 2
2020-09-20 11:10:49.532 940-14667/? I/GNSS_ENGINE: [CMD] ADD_CHANNEL: 14, 0, 0, 268519715, 3, 3, 1, 385.999214, 0, 2
2020-09-20 11:10:49.532 940-14667/? I/GNSS_ENGINE: [CMD] ADD_CHANNEL: 16, 0, 0, 268294771, 3, 3, 1, -651.003141, 0, 2
2020-09-20 11:10:49.532 940-14667/? I/GNSS_ENGINE: [CMD] ADD_CHANNEL: 26, 0, 0, 268024709, 3, 3, 1, -1896.001585, 0, 2
2020-09-20 11:10:49.532 940-14667/? I/GNSS_ENGINE: [CMD] ADD_CHANNEL: 27, 0, 0, 268942704, 3, 3, 1, 2335.998276, 0, 2
2020-09-20 11:10:49.532 940-14667/? I/GNSS_ENGINE: [CMD] ADD_CHANNEL: 31, 0, 0, 268567437, 3, 3, 1, 605.999865, 0, 2
2020-09-20 11:10:49.532 940-14667/? I/GNSS_ENGINE: [CMD] ADD_CHANNEL: 10, 0, 0, 267822976, 3, 3, 1, -2826.000145, 0, 2
2020-09-20 11:10:49.532 940-14667/? I/GNSS_ENGINE: [CMD] ADD_CHANNEL: 21, 0, 0, 268575896, 3, 3, 1, 644.996250, 0, 2
2020-09-20 11:10:49.532 940-14667/? I/GNSS_ENGINE: [CMD] ADD_CHANNEL: 22, 0, 0, 268547480, 3, 3, 1, 513.997162, 0, 2
2020-09-20 11:10:49.533 940-14667/? I/GNSS_ENGINE: [CMD] ADD_CHANNEL: 29, 0, 0, 267705406, 3, 3, 1, -3368.003340, 0, 2
2020-09-20 11:10:49.533 940-14667/? I/GNSS_ENGINE: [CMD] ADD_CHANNEL: 18, 0, 0, 268370692, 3, 3, 1, -301.003782, 0, 2
2020-09-20 11:10:49.533 940-14667/? I/GNSS_ENGINE: [CMD] ADD_CHANNEL: 8, 0, 0, 269085653, 3, 3, 1, 2994.999848, 0, 2
2020-09-20 11:10:49.533 940-14667/? I/GNSS_ENGINE: [CMD] ADD_CHANNEL:6, 0, 1, 506206291, 3, 3, 1, -2466.006204, 0, 2
2020-09-20 11:10:49.533 940-14667/? I/GNSS_ENGINE: [CMD] ADD_CHANNEL:1, 0, 1, 323433762, 3, 3, 1, 1400.993206, 0, 2
2020-09-20 11:10:49.533 940-14667/? I/GNSS_ENGINE: [CMD] ADD_CHANNEL:-3, 0, 1, 177054183, 3, 3, 1, 2011.993434, 0, 2
2020-09-20 11:10:49.533 940-14667/? I/GNSS_ENGINE: [CMD] ADD_CHANNEL:4, 0, 1, 433126771, 3, 3, 1, -466.014259, 0, 2
2020-09-20 11:10:49.533 940-14667/? I/GNSS_ENGINE: [CMD] ADD_CHANNEL:5, 0, 1, 469469288, 3, 3, 1, -4497.008398, 0, 2
2020-09-20 11:10:49.533 940-14667/? I/GNSS_ENGINE: [CMD] ADD_CHANNEL:0, 0, 1, 286634677, 3, 3, 1, -1584.012061, 0, 2
2020-09-20 11:10:49.533 940-14667/? I/GNSS_ENGINE: [CMD] ADD_CHANNEL:-1, 0, 1, 250065829, 3, 3, 1, -1031.006221, 0, 2
