2020-09-20 11:10:55.782 10998-21633/? I/wnp: Job(evictionJob#3.134) Started new WRITEABLE transaction writetx490 [ItemsEvictor.runBackfillEviction]
2020-09-20 11:10:55.782 10998-21627/? I/njm: Job(evictionJob#2.133) Found 0 active backfill view sync reasons.
2020-09-20 11:10:55.782 10998-21631/? I/njm: Job(evictionJob#3.134) Running backfill eviction with 0 active item lists: 
2020-09-20 11:10:55.783 10998-21631/? I/njm: Job(evictionJob#3.134) Found 0 active backfill view sync reasons.
2020-09-20 11:10:55.784 10998-21636/? I/njm: Job(evictionJob#0.133) Change eviction completed successfully!
2020-09-20 11:10:55.784 10998-21628/? I/njm: Job(evictionJob#1.133) Running backfill eviction with 0 active item lists: 
2020-09-20 11:10:55.784 10998-11060/? I/wnp: Closing transaction writetx487 [ItemsEvictor.runChangeEviction]: Stats[2 Reads (rows: 0), 1 Writes (rows inserted: 0, updated: 0, deleted: 0)]
2020-09-20 11:10:55.785 10998-21629/? I/njm: Job(evictionJob#1.133) Found 0 active backfill view sync reasons.
2020-09-20 11:10:55.785 10998-21638/? I/wnp: Job(evictionJob#0.133) Started new WRITEABLE transaction writetx491 [ItemsEvictor.runBackfillEviction]
2020-09-20 11:10:55.786 10998-21630/? I/njm: Job(evictionJob#0.133) Running backfill eviction with 0 active item lists: 
2020-09-20 11:10:55.787 10998-21630/? I/njm: Job(evictionJob#0.133) Found 0 active backfill view sync reasons.
2020-09-20 11:10:55.787 10998-21629/? I/njm: Job(evictionJob#1.133) Found 0 obsolete backfill sync reasons.
2020-09-20 11:10:55.787 10998-21629/? I/njm: Job(evictionJob#1.133) Evicting obsolete SyncReasons and ItemSyncReasons for []
2020-09-20 11:10:55.787 10998-21631/? I/njm: Job(evictionJob#3.134) Found 0 obsolete backfill sync reasons.
2020-09-20 11:10:55.787 1555-1555/? I/PhoneStatusBarPolicy: updateBluetooth:::setBluetoothBatteryEnable false.
2020-09-20 11:10:55.787 1555-1555/? I/PhoneStatusBarPolicy: updateBluetooth::bluetoothEnabled:true, bluetoothConnected=false, bluetoothTransfering=false
2020-09-20 11:10:55.788 10998-21631/? I/njm: Job(evictionJob#3.134) Evicting obsolete SyncReasons and ItemSyncReasons for []
2020-09-20 11:10:55.788 10998-21625/? I/njm: Job(evictionJob#2.133) Found 0 obsolete backfill sync reasons.
2020-09-20 11:10:55.788 10998-21625/? I/njm: Job(evictionJob#2.133) Evicting obsolete SyncReasons and ItemSyncReasons for []
2020-09-20 11:10:55.789 1255-1999/? I/SendBroadcastPermission: action:huawei.intent.action.APP_KILLED_FOR_KARAOKE_ACTION, mPermissionType:0
2020-09-20 11:10:55.789 10998-21630/? I/njm: Job(evictionJob#0.133) Found 0 obsolete backfill sync reasons.
2020-09-20 11:10:55.790 10998-21630/? I/njm: Job(evictionJob#0.133) Evicting obsolete SyncReasons and ItemSyncReasons for []
2020-09-20 11:10:55.792 1958-2032/? I/ScenarioService: old above launcher pkgs: [com.zhuoting.healthd, com.google.android.packageinstaller] new front:com.zhuoting.healthd
2020-09-20 11:10:55.797 10998-21626/? I/njm: Job(evictionJob#2.133) There are 0 items with no sync reason or active changes, 0 items in active item and message lists, resulting in 0 evictable rows.
2020-09-20 11:10:55.797 10998-21633/? I/njm: Job(evictionJob#3.134) There are 0 items with no sync reason or active changes, 0 items in active item and message lists, resulting in 0 evictable rows.
2020-09-20 11:10:55.798 10998-21635/? I/njm: Job(evictionJob#1.133) There are 0 items with no sync reason or active changes, 0 items in active item and message lists, resulting in 0 evictable rows.
2020-09-20 11:10:55.798 10998-21638/? I/njm: Job(evictionJob#0.133) There are 0 items with no sync reason or active changes, 0 items in active item and message lists, resulting in 0 evictable rows.
2020-09-20 11:10:55.798 10998-21626/? I/njm: Job(evictionJob#2.133) Backfill eviction completed successfully!
2020-09-20 11:10:55.799 10998-21633/? I/njm: Job(evictionJob#3.134) Backfill eviction completed successfully!
2020-09-20 11:10:55.799 10998-21635/? I/njm: Job(evictionJob#1.133) Backfill eviction completed successfully!
2020-09-20 11:10:55.799 10998-11081/? I/wnp: Closing transaction writetx488 [ItemsEvictor.runBackfillEviction]: Stats[2 Reads (rows: 1)]
2020-09-20 11:10:55.799 10998-11088/? I/wnp: Closing transaction writetx490 [ItemsEvictor.runBackfillEviction]: Stats[2 Reads (rows: 1)]
2020-09-20 11:10:55.799 10998-21638/? I/njm: Job(evictionJob#0.133) Backfill eviction completed successfully!
2020-09-20 11:10:55.799 10998-11074/? I/wnp: Closing transaction writetx489 [ItemsEvictor.runBackfillEviction]: Stats[2 Reads (rows: 1)]
2020-09-20 11:10:55.800 10998-21632/? I/wnp: Job(evictionJob#3.134) Started new WRITEABLE transaction writetx492 [ItemsEvictor.runDefaultSyncSubscriptionEviction]
2020-09-20 11:10:55.800 10998-21632/? I/njm: Job(evictionJob#3.134) Running default sync subscription eviction.
2020-09-20 11:10:55.800 10998-11060/? I/wnp: Closing transaction writetx491 [ItemsEvictor.runBackfillEviction]: Stats[2 Reads (rows: 1)]
2020-09-20 11:10:55.800 10998-21623/? I/wnp: Job(evictionJob#2.133) Started new WRITEABLE transaction writetx493 [ItemsEvictor.runDefaultSyncSubscriptionEviction]
2020-09-20 11:10:55.800 10998-21623/? I/njm: Job(evictionJob#2.133) Running default sync subscription eviction.
2020-09-20 11:10:55.801 10998-21630/? I/wnp: Job(evictionJob#0.133) Started new WRITEABLE transaction writetx494 [ItemsEvictor.runDefaultSyncSubscriptionEviction]
2020-09-20 11:10:55.801 10998-21630/? I/njm: Job(evictionJob#0.133) Running default sync subscription eviction.
2020-09-20 11:10:55.801 10998-21634/? I/wnp: Job(evictionJob#1.133) Started new WRITEABLE transaction writetx495 [ItemsEvictor.runDefaultSyncSubscriptionEviction]
2020-09-20 11:10:55.802 10998-21634/? I/njm: Job(evictionJob#1.133) Running default sync subscription eviction.
2020-09-20 11:10:55.815 1255-1999/? I/SendBroadcastPermission: action:huawei.intent.action.APP_KILLED_FOR_KARAOKE_ACTION, mPermissionType:0
2020-09-20 11:10:55.817 1958-2148/? I/BacklightControl: can't adjust backlight when app launch from other scene.
2020-09-20 11:10:55.818 10998-21626/? I/njm: Job(evictionJob#2.133) Default subscription synced item count 134 is below target minimum 200, skipping eviction outside of target days
2020-09-20 11:10:55.819 1255-7008/? E/HsmCoreServiceImpl: onTransact in code is: 103
2020-09-20 11:10:55.819 1255-7008/? I/MediaProcessHandler: playingUids: 
2020-09-20 11:10:55.820 10998-21633/? I/njm: Job(evictionJob#3.134) Default subscription synced item count 200 is below target minimum 200, skipping eviction outside of target days
2020-09-20 11:10:55.820 10998-21625/? I/njm: Job(evictionJob#2.133) There are 0 items with no sync reason or active changes, 0 items in active item and message lists, resulting in 0 evictable rows.
2020-09-20 11:10:55.820 10998-21625/? I/njm: Job(evictionJob#2.133) Default sync subscription eviction completed successfully!
2020-09-20 11:10:55.821 10998-11081/? I/wnp: Closing transaction writetx493 [ItemsEvictor.runDefaultSyncSubscriptionEviction]: Stats[2 Reads (rows: 134)]
2020-09-20 11:10:55.821 10998-21631/? I/njm: Job(evictionJob#3.134) There are 0 items with no sync reason or active changes, 0 items in active item and message lists, resulting in 0 evictable rows.
2020-09-20 11:10:55.821 10998-21631/? I/njm: Job(evictionJob#3.134) Default sync subscription eviction completed successfully!
2020-09-20 11:10:55.822 10998-21637/? I/njm: Job(evictionJob#0.133) Default subscription synced item count 200 is below target minimum 200, skipping eviction outside of target days
2020-09-20 11:10:55.822 10998-11088/? I/wnp: Closing transaction writetx492 [ItemsEvictor.runDefaultSyncSubscriptionEviction]: Stats[2 Reads (rows: 200)]
2020-09-20 11:10:55.823 10998-21629/? I/njm: Job(evictionJob#1.133) Default subscription synced item count 200 is below target minimum 200, skipping eviction outside of target days
2020-09-20 11:10:55.823 10998-21633/? I/wnp: Job(evictionJob#3.134) Started new WRITEABLE transaction writetx496 [ItemsEvictor.runClusterEviction]
2020-09-20 11:10:55.824 10998-21633/? I/njm: Job(evictionJob#3.134) Running cluster eviction
2020-09-20 11:10:55.825 10998-21631/? I/njm: Job(evictionJob#3.134) Evicting 0 cluster rows.
2020-09-20 11:10:55.825 10998-21627/? I/wnp: Job(evictionJob#2.133) Started new WRITEABLE transaction writetx497 [ItemsEvictor.runClusterEviction]
2020-09-20 11:10:55.825 10998-21631/? I/njm: Job(evictionJob#3.134) runClusterEviction completed successfully!
2020-09-20 11:10:55.825 10998-21627/? I/njm: Job(evictionJob#2.133) Running cluster eviction
2020-09-20 11:10:55.826 10998-11088/? I/wnp: Closing transaction writetx496 [ItemsEvictor.runClusterEviction]: Stats[1 Reads (rows: 0)]
2020-09-20 11:10:55.827 10998-21624/? I/nmc: Job(evictionJob#3.134) Scheduling next eviction in 300000 ms
2020-09-20 11:10:55.828 10998-21624/? I/waa: Job(evictionJob#3.134) Finished Job(evictionJob#3.134) (66 ms)
2020-09-20 11:10:55.828 10998-21634/? I/njm: Job(evictionJob#1.133) There are 0 items with no sync reason or active changes, 0 items in active item and message lists, resulting in 0 evictable rows.
2020-09-20 11:10:55.828 10998-21634/? I/njm: Job(evictionJob#1.133) Default sync subscription eviction completed successfully!
2020-09-20 11:10:55.829 10998-21625/? I/njm: Job(evictionJob#2.133) Evicting 0 cluster rows.
2020-09-20 11:10:55.829 10998-21625/? I/njm: Job(evictionJob#2.133) runClusterEviction completed successfully!
2020-09-20 11:10:55.829 10998-11074/? I/wnp: Closing transaction writetx495 [ItemsEvictor.runDefaultSyncSubscriptionEviction]: Stats[2 Reads (rows: 200)]
2020-09-20 11:10:55.829 10998-11081/? I/wnp: Closing transaction writetx497 [ItemsEvictor.runClusterEviction]: Stats[1 Reads (rows: 0)]
2020-09-20 11:10:55.830 10998-21629/? I/wnp: Job(evictionJob#1.133) Started new WRITEABLE transaction writetx498 [ItemsEvictor.runClusterEviction]
2020-09-20 11:10:55.830 10998-21629/? I/njm: Job(evictionJob#1.133) Running cluster eviction
2020-09-20 11:10:55.831 10998-21626/? I/nmc: Job(evictionJob#2.133) Scheduling next eviction in 300000 ms
2020-09-20 11:10:55.831 10998-21626/? I/waa: Job(evictionJob#2.133) Finished Job(evictionJob#2.133) (75 ms)
2020-09-20 11:10:55.834 10998-21638/? I/njm: Job(evictionJob#0.133) There are 0 items with no sync reason or active changes, 0 items in active item and message lists, resulting in 0 evictable rows.
2020-09-20 11:10:55.834 10998-21638/? I/njm: Job(evictionJob#0.133) Default sync subscription eviction completed successfully!
2020-09-20 11:10:55.835 10998-11060/? I/wnp: Closing transaction writetx494 [ItemsEvictor.runDefaultSyncSubscriptionEviction]: Stats[2 Reads (rows: 200)]
2020-09-20 11:10:55.836 10998-21637/? I/wnp: Job(evictionJob#0.133) Started new WRITEABLE transaction writetx499 [ItemsEvictor.runClusterEviction]
2020-09-20 11:10:55.836 10998-21637/? I/njm: Job(evictionJob#0.133) Running cluster eviction
2020-09-20 11:10:55.837 10998-21634/? I/njm: Job(evictionJob#1.133) Evicting 0 cluster rows.
2020-09-20 11:10:55.837 10998-21634/? I/njm: Job(evictionJob#1.133) runClusterEviction completed successfully!
2020-09-20 11:10:55.838 10998-11074/? I/wnp: Closing transaction writetx498 [ItemsEvictor.runClusterEviction]: Stats[1 Reads (rows: 0)]
2020-09-20 11:10:55.839 10998-21628/? I/nmc: Job(evictionJob#1.133) Scheduling next eviction in 300000 ms
2020-09-20 11:10:55.839 10998-21628/? I/waa: Job(evictionJob#1.133) Finished Job(evictionJob#1.133) (74 ms)
2020-09-20 11:10:55.842 556-579/? W/JankService: virtual bool android::JankManualDumpLogAnalyser::processEntry(android::LogEntry *, int, bool), not beta version or commercial log off
2020-09-20 11:10:55.850 1555-1555/? I/PhoneStatusBarPolicy: updateBluetooth:::setBluetoothBatteryEnable false.
2020-09-20 11:10:55.850 1555-1555/? I/PhoneStatusBarPolicy: updateBluetooth::bluetoothEnabled:true, bluetoothConnected=false, bluetoothTransfering=false
2020-09-20 11:10:55.850 10998-21638/? I/njm: Job(evictionJob#0.133) Evicting 0 cluster rows.
2020-09-20 11:10:55.851 10998-21638/? I/njm: Job(evictionJob#0.133) runClusterEviction completed successfully!
2020-09-20 11:10:55.851 10998-11060/? I/wnp: Closing transaction writetx499 [ItemsEvictor.runClusterEviction]: Stats[1 Reads (rows: 0)]
2020-09-20 11:10:55.852 10998-21637/? I/nmc: Job(evictionJob#0.133) Scheduling next eviction in 300000 ms
2020-09-20 11:10:55.852 10998-21637/? I/waa: Job(evictionJob#0.133) Finished Job(evictionJob#0.133) (82 ms)
2020-09-20 11:10:55.891 412-1720/? I/gralloc: alloc_device_free:586: Free handle(0x7081638600)
2020-09-20 11:10:55.896 21508-21508/? W/IInputConnectionWrapper: finishComposingText on inactive InputConnection
2020-09-20 11:10:55.907 21508-21508/? W/miio-bluetooth: MainActivity.onSearchStarted
2020-09-20 11:10:55.933 1255-21449/? W/AwareLog: AwareMem_Kill: empty group list!
2020-09-20 11:10:55.984 1958-2403/? I/PGServer: checkPkgType. calling pkg: android
2020-09-20 11:10:55.993 1958-2338/? I/PGServer: checkPkgType. calling pkg: com.huawei.iaware
2020-09-20 11:10:56.008 21508-21508/? I/BluetoothAdapter: getBluetoothLeScanner
2020-09-20 11:10:56.019 1958-2032/? I/BluetoothState: new active bluetooth uid: 10605, pid:21508, reason:BLE_CONNECT
2020-09-20 11:10:56.022 13637-13651/? I/SendBroadcastPermission: action:android.bluetooth.GET_BLE_APP_NAME, mPermissionType:0
2020-09-20 11:10:56.026 13637-13637/? E/Bth: BigDataReceiver:intent or context is null.
2020-09-20 11:10:56.028 13637-13651/? I/BtGatt.JNI: gattClientRegisterAppNative(L997): gattClientRegisterAppNative, register_client begin
2020-09-20 11:10:56.028 13637-13651/? I/BtGatt.JNI: gattClientRegisterAppNative(L1003): gattClientRegisterAppNative, register_client
2020-09-20 11:10:56.028 13637-13651/? I/BtGatt.JNI: gattClientRegisterAppNative(L1005): gattClientRegisterAppNative, register_client finish
2020-09-20 11:10:56.028 13637-13691/? I/bt_att: GATT_Register
2020-09-20 11:10:56.028 13637-13691/? I/bt_att: GATT_Register: allocated gatt_if=5
2020-09-20 11:10:56.028 13637-13691/? I/bt_att: GATT_StartIf gatt_if=5
2020-09-20 11:10:56.028 13637-13682/? W/bt_btif: HAL bt_gatt_callbacks->client->register_client_cb
2020-09-20 11:10:56.029 1958-2032/? I/BluetoothState: new active bluetooth uid: 10605, pid:21508, reason:BLE_CONNECT
2020-09-20 11:10:56.031 1958-2032/? I/BluetoothState: new active bluetooth uid: 10605, pid:21508, reason:BLE_SCAN
2020-09-20 11:10:56.042 13637-13682/? I/bt_btif: BTA_DmEnableScanFilter: 1
2020-09-20 11:10:56.045 13637-13691/? I/bt_btm: BTM: BTM_VendorSpecificCommand: Opcode: 0xFC57, ParamLen: 2.
2020-09-20 11:10:56.046 937-937/? E/OCTTY:  install already set to 
2020-09-20 11:10:56.114 1255-1268/? W/RMS.SmartShrinker: SmartShrinker is runing in pid =21595 reclaim mode = 4
2020-09-20 11:10:56.115 21508-21508/? I/onActivityStopped: 1
2020-09-20 11:10:56.115 21508-21508/? I/onActivityStopped: 1
2020-09-20 11:10:56.139 412-412/? I/gralloc: alloc_device_free:586: Free handle(0x708162e200)
2020-09-20 11:10:56.139 412-412/? I/gralloc: alloc_device_free:586: Free handle(0x708160f700)
2020-09-20 11:10:56.154 937-937/? E/OCTTY:  install already set to 
2020-09-20 11:10:56.156 13637-13691/? E/bt_btm: btm_ble_scan_pf_cmpl_cback: unknown operation: 0
2020-09-20 11:10:56.419 1958-29477/? I/PGServer: checkPkgType. calling pkg: android
2020-09-20 11:10:56.465 1255-1255/? I/TrafficMonitor: update:rxPkts:22,txPkts:27,rxBytes:964,txBytes:37260
2020-09-20 11:10:56.465 1255-1255/? I/TrafficMonitor: start expired. level:-1
2020-09-20 11:10:56.465 1255-1255/? I/TrafficMonitor: gettimer:interval=2000
2020-09-20 11:10:56.558 13637-13682/? I/bt_btif: BTA_DmBleScanFilterSetup: 0
2020-09-20 11:10:56.558 13637-13691/? I/bt_btm:  BTM_BleAdvFilterParamSetup
2020-09-20 11:10:56.558 13637-13691/? I/bt_btm: BTM: BTM_VendorSpecificCommand: Opcode: 0xFC57, ParamLen: 18.
2020-09-20 11:10:56.560 13637-13682/? W/bt_btif: HAL bt_gatt_callbacks->client->scan_filter_param_cb
2020-09-20 11:10:56.561 13637-13682/? I/bt_btif: BTA_DmBleObserve:start = 1 
2020-09-20 11:10:56.561 13637-13682/? I/bt_btif: BTA_DmBleObserve:start = 0 
2020-09-20 11:10:56.561 13637-13691/? I/bt_btm: BTM_BleObserve : scan_type:0, 0, 0
2020-09-20 11:10:56.561 13637-13682/? I/bt_btif: BTA_DmBleObserve:start = 1 
2020-09-20 11:10:56.561 13637-13691/? I/bt_btm: BTM_BleObserve : scan_type:0, 0, 0
2020-09-20 11:10:56.561 13637-13691/? I/bt_btm: btm_ble_stop_scan 
2020-09-20 11:10:56.561 13637-13691/? I/bt_btm: btm_update_scanner_filter_policy
2020-09-20 11:10:56.561 13637-13691/? I/bt_btm: BTM_BleSetScanParams
2020-09-20 11:10:56.561 13637-13691/? I/bt_btm: BTM_BleObserve : scan_type:0, 0, 0
2020-09-20 11:10:56.714 13637-13691/? I/bt_btm: adv:bda fe:7d:e5:75:9f:89 macth 0
2020-09-20 11:10:56.714 13637-13691/? I/bt_btm: adv:bda fe:7d:e5:75:9f:89 macth 0
2020-09-20 11:10:56.714 13637-13691/? I/bt_btm: BTM_InqDbRead: bd addr [fe7de5759f89]
2020-09-20 11:10:56.719 13637-13682/? W/bt_btif: HAL bt_hal_cbacks->remote_device_properties_cb
2020-09-20 11:10:56.719 13637-13682/? I/BluetoothServiceJni: Callback env check : env: 0xea7056c0, callbackEnv: 0xea7056c0
2020-09-20 11:10:56.721 13637-13682/? I/SendBroadcastPermission: action:android.bluetooth.device.action.NAME_CHANGED, mPermissionType:0
2020-09-20 11:10:56.724 13637-13682/? I/SendBroadcastPermission: action:android.bluetooth.device.action.CLASS_CHANGED, mPermissionType:0
2020-09-20 11:10:56.727 13637-13682/? W/bt_btif: HAL bt_gatt_callbacks->client->scan_result_cb
2020-09-20 11:10:56.740 21508-21508/? W/miio-bluetooth: MainActivity.onDeviceFounded P3PLUS 9F89  FE:7D:E5:75:9F:89
2020-09-20 11:10:56.740 21508-21508/? I/aaa: 03,19,41,03,02,01,06,05,03,0d,18,e7,fe,0c,09,50,33,50,4c,55,53,20,39,46,38,39,05,03,0f,18,0a,18,0d,ff,10,78,03,e8,00,65,fe,7d,e5,75,9f,89,00,00,00,00,00,00,00,00,00,00,00,00,00,00,00,00,
2020-09-20 11:10:56.740 21508-21508/? I/System.out: chong--------deviceMac==FE:7D:E5:75:9F:89
2020-09-20 11:10:56.741 21508-21508/? I/System.out: 重新连接FE:7D:E5:75:9F:89
2020-09-20 11:10:56.741 21508-21508/? I/MyBleService:  scanLeDevice: false isSacn: true
2020-09-20 11:10:56.741 21508-21508/? I/MyBleService:  scanLeDevice: false isSacn: false
2020-09-20 11:10:56.744 21508-21508/? I/System.out: chong--------mac===FE:7D:E5:75:9F:89
2020-09-20 11:10:56.746 21508-21508/? I/SendBroadcastPermission: action:com.health.communication.RECEIVER, mPermissionType:0
2020-09-20 11:10:56.748 21508-21508/? I/MyBleService:  msg.what 300:  mDevAddr: FE:7D:E5:75:9F:89
2020-09-20 11:10:56.748 21508-21508/? I/MyBleService: connBle....FE:7D:E5:75:9F:89 isConnect: false conning: false
2020-09-20 11:10:56.749 21508-21508/? I/BluetoothAdapter: getBluetoothLeScanner
2020-09-20 11:10:56.752 1958-2032/? I/BluetoothState: inactive bluetooth uid: 10605, pid:21508, reason:BLE_SCAN
2020-09-20 11:10:56.753 13637-13682/? I/bt_btif: BTA_DmBleObserve:start = 0 
2020-09-20 11:10:56.753 13637-13682/? I/bt_btif: BTA_DmBleScanFilterSetup: 1
2020-09-20 11:10:56.753 13637-13691/? I/bt_btm: BTM_BleObserve : scan_type:0, 0, 0
2020-09-20 11:10:56.753 13637-13691/? I/bt_btm: btm_ble_stop_scan 
2020-09-20 11:10:56.753 13637-13691/? I/bt_btm: btm_update_scanner_filter_policy
2020-09-20 11:10:56.753 13637-13691/? I/bt_btm:  BTM_BleAdvFilterParamSetup
2020-09-20 11:10:56.753 13637-13691/? I/bt_btm: BTM: BTM_VendorSpecificCommand: Opcode: 0xFC57, ParamLen: 3.
2020-09-20 11:10:56.754 1958-2032/? I/BluetoothState: inactive bluetooth uid: 10605, pid:21508, reason:BLE_CONNECT
2020-09-20 11:10:56.754 1958-2032/? I/BluetoothState: inactive bluetooth uid: 10605, pid:21508, reason:BLE_CONNECT
2020-09-20 11:10:56.754 21508-21508/? I/System.out: aaaa====P3PLUS 9F89_-62_FE:7D:E5:75:9F:89
2020-09-20 11:10:56.757 21508-21508/? W/miio-bluetooth: MainActivity.onSearchCanceled
2020-09-20 11:10:56.762 13637-13691/? I/bt_att: GATT_Deregister gatt_if=5
2020-09-20 11:10:56.762 13637-13691/? I/bt_att: GATT_Listen gatt_if=5
2020-09-20 11:10:56.762 13637-13691/? I/bt_btm: BTM_BleUpdateAdvFilterPolicy
2020-09-20 11:10:56.762 13637-13691/? I/bt_btm: BTM_ReadConnectability
2020-09-20 11:10:56.762 13637-13691/? I/bt_btm: btm_ble_set_connectability mode=0x0 combined_mode=0x1
2020-09-20 11:10:56.764 13637-13682/? W/bt_btif: HAL bt_gatt_callbacks->client->scan_filter_param_cb
2020-09-20 11:10:56.772 21508-21643/? W/miio-bluetooth: Process BleConnectRequest, status = Disconnected
2020-09-20 11:10:56.778 1958-2032/? I/BluetoothState: new active bluetooth uid: 10605, pid:21508, reason:BLE_CONNECT
2020-09-20 11:10:56.780 13637-13650/? I/SendBroadcastPermission: action:android.bluetooth.GET_BLE_APP_NAME, mPermissionType:0
2020-09-20 11:10:56.785 13637-13637/? E/Bth: BigDataReceiver:intent or context is null.
2020-09-20 11:10:56.786 13637-13650/? I/BtGatt.JNI: gattClientRegisterAppNative(L997): gattClientRegisterAppNative, register_client begin
2020-09-20 11:10:56.786 13637-13650/? I/BtGatt.JNI: gattClientRegisterAppNative(L1003): gattClientRegisterAppNative, register_client
2020-09-20 11:10:56.787 13637-13650/? I/BtGatt.JNI: gattClientRegisterAppNative(L1005): gattClientRegisterAppNative, register_client finish
2020-09-20 11:10:56.787 13637-13691/? I/bt_att: GATT_Register
2020-09-20 11:10:56.787 13637-13691/? I/bt_att: GATT_Register: allocated gatt_if=5
2020-09-20 11:10:56.787 13637-13691/? I/bt_att: GATT_StartIf gatt_if=5
2020-09-20 11:10:56.787 13637-13682/? W/bt_btif: HAL bt_gatt_callbacks->client->register_client_cb
2020-09-20 11:10:56.788 1958-2032/? I/BluetoothState: new active bluetooth uid: 10605, pid:21508, reason:BLE_CONNECT
2020-09-20 11:10:56.792 1958-2032/? I/BluetoothState: new active bluetooth uid: 10605, pid:21508, reason:BLE_CONNECT
2020-09-20 11:10:56.796 13637-13651/? E/Bth: BtExceptionProcessor:deviceType unknown.
2020-09-20 11:10:56.801 13637-13651/? I/bt_btif: bt interface: [get_remote_device_property]
2020-09-20 11:10:56.802 13637-13682/? I/bt_btif: execute storage remote request event : 6
2020-09-20 11:10:56.802 13637-13682/? W/bt_btif: HAL bt_hal_cbacks->remote_device_properties_cb
2020-09-20 11:10:56.802 13637-13682/? I/BluetoothServiceJni: Callback env check : env: 0xea7056c0, callbackEnv: 0xea7056c0
2020-09-20 11:10:56.804 13637-13691/? I/bt_btm: BTM_InqDbRead: bd addr [fe7de5759f89]
2020-09-20 11:10:56.804 13637-13691/? I/bt_att: GATT_Connect gatt_if=5
2020-09-20 11:10:56.806 13637-13691/? I/bt_btm: BTM_InqDbRead: bd addr [fe7de5759f89]
2020-09-20 11:10:56.806 13637-13691/? E/bt_l2cap: BLE connect is NOT magiclink
2020-09-20 11:10:56.806 13637-13691/? I/bt_att: GATT_GetConnIdIfConnected status=0
2020-09-20 11:10:57.713 13637-13691/? I/bt_btm: btm_ble_connected
2020-09-20 11:10:57.713 13637-13691/? I/bt_btm: Security Manager: btm_ble_connected :  handle:0  enc_mode:0  bda:e5759f89 RName:
2020-09-20 11:10:57.713 13637-13691/? I/bt_btm: btm_acl_created hci_handle=0 link_role=0  transport=2
2020-09-20 11:10:57.713 13637-13691/? I/bt_btm: btm_ble_bg_resume_scan,ble_scan_need_resume=0,p_ble_cb->scan_activity=0x0,p_ble_cb->p_obs_results_cb=0x0
2020-09-20 11:10:57.713 13637-13691/? I/bt_btm: btm_ble_bg_resume_scan,no need to resume as it is stopped by app
2020-09-20 11:10:57.749 1555-1555/? I/NetworkSpeedManagerEx: mIsStop = false
2020-09-20 11:10:57.753 1555-1555/? I/NetworkSpeedManagerEx: value=17989.334speed = 17.6K/s
2020-09-20 11:10:57.753 1555-1555/? I/NetworkSpeedView: /update(), speed=17.6K/s parent class:class com.android.systemui.statusbar.HwSystemIcons
2020-09-20 11:10:57.761 13637-13691/? W/bt_btm: BTM_BLI_ACL_UP_EVT
2020-09-20 11:10:57.761 13637-13691/? W/bt_btif: bta_dm_bl_change_cback:  p_msg->busy_level: 1, p_msg->busy_level_flags:0
2020-09-20 11:10:57.761 13637-13691/? I/bt_att: gatt_connect_cback: from fe7de5759f89 connected:1 conn_id=1 reason = 0x0000
2020-09-20 11:10:57.761 13637-13691/? I/bt_att: GATT_SetIdleTimeout idle_tout=65535 status=1(1-OK 0-not performed)
2020-09-20 11:10:57.761 13637-13691/? I/bt_smp: SMDBG l2c smp_connect_callback
2020-09-20 11:10:57.761 13637-13691/? I/bt_smp: smp_br_connect_callback
2020-09-20 11:10:57.761 13637-13691/? W/bt_smp: smp_br_connect_callback is called on unexpected transport 2
2020-09-20 11:10:57.761 13637-13691/? E/bt_att: MTU request PDU with MTU size 185
2020-09-20 11:10:57.766 13637-13691/? W/bt_l2cap: l2cble_set_fixed_channel_tx_data_length, request not supported
2020-09-20 11:10:57.766 13637-13691/? I/bt_att: Get MTU exchange new mtu size: 185
2020-09-20 11:10:57.766 13637-13691/? W/bt_att: Call back not found for application conn_id=3
2020-09-20 11:10:57.766 13637-13691/? W/bt_att: Call back not found for application conn_id=4
2020-09-20 11:10:57.766 13637-13691/? W/bt_att: Call back not found for application conn_id=5
2020-09-20 11:10:57.766 13637-13691/? W/bt_att: Call back not found for application conn_id=6
2020-09-20 11:10:57.766 13637-13691/? W/bt_btif: bta_dm_acl_change info: 0x0
2020-09-20 11:10:57.766 13637-13682/? I/bt_btif: btif_dm_upstreams_cback  ev: BTA_DM_LINK_UP_EVT
2020-09-20 11:10:57.766 13637-13682/? I/bt_btm: BTM_InqDbRead: bd addr [fe7de5759f89]
2020-09-20 11:10:57.766 13637-13691/? E/bt_btif: bta_gattc_cache_load: can't open GATT cache file /data/misc/bluetooth/gatt_cache_fe7de5759f89 for reading, error: Permission denied
2020-09-20 11:10:57.766 13637-13691/? I/bt_att: GATTC_Discover conn_id=5 disc_type=1
2020-09-20 11:10:57.766 13637-13682/? W/bt_btif: HAL bt_hal_cbacks->acl_state_changed_cb
2020-09-20 11:10:57.767 13637-13682/? I/BluetoothServiceJni: Callback env check : env: 0xea7056c0, callbackEnv: 0xea7056c0
2020-09-20 11:10:57.770 13637-13682/? I/SendBroadcastPermission: action:android.bluetooth.device.action.ACL_CONNECTED, mPermissionType:0
2020-09-20 11:10:57.775 13637-13682/? I/bt_btif: btif_dm_upstreams_cback  ev: BTA_DM_BUSY_LEVEL_EVT
2020-09-20 11:10:57.775 13637-13682/? W/bt_btif: HAL bt_gatt_callbacks->client->open_cb
2020-09-20 11:10:57.776 1958-2032/? I/BluetoothState: bluetooth connected: true
2020-09-20 11:10:57.776 1555-1555/? I/NetworkSpeedManagerEx: mIsStop = false
2020-09-20 11:10:57.780 1555-1555/? I/NetworkSpeedManagerEx: value=15176.0speed = 14.8K/s
2020-09-20 11:10:57.780 1555-1555/? I/NetworkSpeedView: /update(), speed=14.8K/s parent class:class com.android.systemui.statusbar.HwSystemIcons
2020-09-20 11:10:57.780 13699-13699/? E/iConnect: ConnectService:cannot get cachedDevice,return
2020-09-20 11:10:57.781 22888-22888/? I/TrustAgent: TAG: TrustAgent.Tracker. [BluetoothConnectionTracker] Bluetooth connect broadast for P3PLUS 9F89 FE:7D:E5:75:9F:89 [CONTEXT service_id=84 ]
2020-09-20 11:10:57.783 13637-13682/? E/Bth: BtExceptionProcessor:deviceType unknown.
2020-09-20 11:10:57.791 13637-13682/? I/bt_btif: bt interface: [get_remote_device_property]
2020-09-20 11:10:57.791 13637-13682/? I/SendBroadcastPermission: action:com.android.bluetooth.gatt.ACTION_ON_CONNECT, mPermissionType:0
2020-09-20 11:10:57.794 13637-13682/? I/bt_btif: execute storage remote request event : 6
2020-09-20 11:10:57.794 13637-13682/? W/bt_btif: HAL bt_hal_cbacks->remote_device_properties_cb
2020-09-20 11:10:57.794 13637-13682/? I/BluetoothServiceJni: Callback env check : env: 0xea7056c0, callbackEnv: 0xea7056c0
2020-09-20 11:10:57.811 13637-13691/? I/bt_btm: btm_ble_read_remote_features_complete 
2020-09-20 11:10:57.814 21644-21644/? I/art: Reinit property: dalvik.vm.checkjni= false
2020-09-20 11:10:57.825 22888-22888/? I/NearbyDiscovery: onAclChange: state=CONNECTED, device=FE:7D:E5:75:9F:89 [CONTEXT service_id=49 ]
2020-09-20 11:10:57.839 412-1720/? I/gralloc: alloc_device_alloc:564: Alloc handle(0x7081638600): interfmt=1, stride=64, size=4096, usage=0x100
2020-09-20 11:10:57.839 22888-14694/? I/NearbyDiscovery: FastPairBattery: No associated accountKey is found when query battery info, address:FE:7D:E5:75:9F:89 [CONTEXT service_id=49 ]
2020-09-20 11:10:57.852 412-423/? I/gralloc: alloc_device_free:586: Free handle(0x7081638600)
2020-09-20 11:10:57.959 21644-21644/? I/art: Starting a blocking GC AddRemoveAppImageSpace
2020-09-20 11:10:58.197 21644-21644/? I/MAMInfo: MAMInfo initialized. Debug=false, UseTestAgent=false, ManagedDialogDisabled=false, DeprecationDialogDisabled=false, PolicyRequired=false, MultiIdentityEnabled=true, FullBackupContent=true, UseDefaultEnrollment=false, ExceptionOnInit=false, Debuggable=false
2020-09-20 11:10:58.219 21644-21644/? I/MultiDex: VM with version 2.1.0 has multidex support
2020-09-20 11:10:58.219 21644-21644/? I/MultiDex: Installing application
2020-09-20 11:10:58.219 21644-21644/? I/MultiDex: VM has multidex support, MultiDex support library is disabled.
2020-09-20 11:10:58.228 13637-13691/? I/bt_btm: btm_read_remote_version_complete: BDA: fe-7d-e5-75-9f-89
2020-09-20 11:10:58.228 13637-13691/? I/bt_btm: btm_read_remote_version_complete lmp_version 9 manufacturer 89 lmp_subversion 168
2020-09-20 11:10:58.243 13637-13691/? E/bt_btif: <================Start Explore Queue =============>
2020-09-20 11:10:58.243 13637-13691/? E/bt_btif: 	 rec[1] uuid[0x1800] s_handle[1] e_handle[9] is_primary[1]
2020-09-20 11:10:58.243 13637-13691/? E/bt_btif: 	 rec[2] uuid[0x1801] s_handle[10] e_handle[13] is_primary[1]
2020-09-20 11:10:58.243 13637-13691/? E/bt_btif: 	 rec[3] uuid[0x180d] s_handle[14] e_handle[19] is_primary[1]
2020-09-20 11:10:58.243 13637-13691/? E/bt_btif: 	 rec[4] uuid[0x180f] s_handle[20] e_handle[23] is_primary[1]
2020-09-20 11:10:58.243 13637-13691/? E/bt_btif: 	 rec[5] uuid[0x180a] s_handle[24] e_handle[26] is_primary[1]
2020-09-20 11:10:58.243 13637-13691/? E/bt_btif: 	 rec[6] uuid[0xca9e] s_handle[27] e_handle[32] is_primary[1]
2020-09-20 11:10:58.243 13637-13691/? E/bt_btif: 	 rec[7] uuid[0xfe59] s_handle[33] e_handle[36] is_primary[1]
2020-09-20 11:10:58.243 13637-13691/? E/bt_btif: 	 rec[8] uuid[0x2bd5] s_handle[37] e_handle[45] is_primary[1]
2020-09-20 11:10:58.243 13637-13691/? E/bt_btif: 	 rec[9] uuid[0xfee7] s_handle[46] e_handle[65535] is_primary[1]
2020-09-20 11:10:58.243 13637-13691/? E/bt_btif: <================ End Explore Queue =============>
2020-09-20 11:10:58.243 13637-13691/? E/bt_btif:  
2020-09-20 11:10:58.243 13637-13691/? I/bt_att: GATTC_Discover conn_id=5 disc_type=3
2020-09-20 11:10:58.258 13637-13691/? I/bt_att: GATTC_Discover conn_id=5 disc_type=4
2020-09-20 11:10:58.288 13637-13691/? E/bt_btif: <================Start Explore Queue =============>
2020-09-20 11:10:58.288 13637-13691/? E/bt_btif: 	 rec[1] uuid[0x1800] s_handle[1] e_handle[9] is_primary[1]
2020-09-20 11:10:58.288 13637-13691/? E/bt_btif: 	 rec[2] uuid[0x1801] s_handle[10] e_handle[13] is_primary[1]
2020-09-20 11:10:58.288 13637-13691/? E/bt_btif: 	 rec[3] uuid[0x180d] s_handle[14] e_handle[19] is_primary[1]
2020-09-20 11:10:58.288 13637-13691/? E/bt_btif: 	 rec[4] uuid[0x180f] s_handle[20] e_handle[23] is_primary[1]
2020-09-20 11:10:58.288 13637-13691/? E/bt_btif: 	 rec[5] uuid[0x180a] s_handle[24] e_handle[26] is_primary[1]
2020-09-20 11:10:58.288 13637-13691/? E/bt_btif: 	 rec[6] uuid[0xca9e] s_handle[27] e_handle[32] is_primary[1]
2020-09-20 11:10:58.288 13637-13691/? E/bt_btif: 	 rec[7] uuid[0xfe59] s_handle[33] e_handle[36] is_primary[1]
2020-09-20 11:10:58.288 13637-13691/? E/bt_btif: 	 rec[8] uuid[0x2bd5] s_handle[37] e_handle[45] is_primary[1]
2020-09-20 11:10:58.288 13637-13691/? E/bt_btif: 	 rec[9] uuid[0xfee7] s_handle[46] e_handle[65535] is_primary[1]
2020-09-20 11:10:58.288 13637-13691/? E/bt_btif: 	 rec[10] uuid[0x2a00] s_handle[3] e_handle[3] is_primary[147]
2020-09-20 11:10:58.288 13637-13691/? E/bt_btif: 	 rec[11] uuid[0x2a01] s_handle[5] e_handle[5] is_primary[147]
2020-09-20 11:10:58.288 13637-13691/? E/bt_btif: 	 rec[12] uuid[0x2a04] s_handle[7] e_handle[7] is_primary[147]
2020-09-20 11:10:58.288 13637-13691/? E/bt_btif: 	 rec[13] uuid[0x2aa6] s_handle[9] e_handle[9] is_primary[147]
2020-09-20 11:10:58.288 13637-13691/? E/bt_btif: <================ End Explore Queue =============>
2020-09-20 11:10:58.288 13637-13691/? E/bt_btif:  
2020-09-20 11:10:58.288 13637-13691/? E/bt_btif: all char has been explored
2020-09-20 11:10:58.288 13637-13691/? I/bt_att: GATTC_Discover conn_id=5 disc_type=3
2020-09-20 11:10:58.303 13637-13691/? I/bt_att: GATTC_Discover conn_id=5 disc_type=4
2020-09-20 11:10:58.333 13637-13691/? E/bt_btif: <================Start Explore Queue =============>
2020-09-20 11:10:58.333 13637-13691/? E/bt_btif: 	 rec[1] uuid[0x1800] s_handle[1] e_handle[9] is_primary[1]
2020-09-20 11:10:58.333 13637-13691/? E/bt_btif: 	 rec[2] uuid[0x1801] s_handle[10] e_handle[13] is_primary[1]
2020-09-20 11:10:58.333 13637-13691/? E/bt_btif: 	 rec[3] uuid[0x180d] s_handle[14] e_handle[19] is_primary[1]
2020-09-20 11:10:58.333 13637-13691/? E/bt_btif: 	 rec[4] uuid[0x180f] s_handle[20] e_handle[23] is_primary[1]
2020-09-20 11:10:58.333 13637-13691/? E/bt_btif: 	 rec[5] uuid[0x180a] s_handle[24] e_handle[26] is_primary[1]
2020-09-20 11:10:58.333 13637-13691/? E/bt_btif: 	 rec[6] uuid[0xca9e] s_handle[27] e_handle[32] is_primary[1]
2020-09-20 11:10:58.333 13637-13691/? E/bt_btif: 	 rec[7] uuid[0xfe59] s_handle[33] e_handle[36] is_primary[1]
2020-09-20 11:10:58.333 13637-13691/? E/bt_btif: 	 rec[8] uuid[0x2bd5] s_handle[37] e_handle[45] is_primary[1]
2020-09-20 11:10:58.333 13637-13691/? E/bt_btif: 	 rec[9] uuid[0xfee7] s_handle[46] e_handle[65535] is_primary[1]
2020-09-20 11:10:58.333 13637-13691/? E/bt_btif: 	 rec[10] uuid[0x2a05] s_handle[12] e_handle[13] is_primary[147]
2020-09-20 11:10:58.333 13637-13691/? E/bt_btif: <================ End Explore Queue =============>
2020-09-20 11:10:58.333 13637-13691/? E/bt_btif:  
2020-09-20 11:10:58.333 13637-13691/? I/bt_att: GATTC_Discover conn_id=5 disc_type=5
2020-09-20 11:10:58.348 13637-13691/? E/bt_btif: all char has been explored
2020-09-20 11:10:58.348 13637-13691/? I/bt_att: GATTC_Discover conn_id=5 disc_type=3
2020-09-20 11:10:58.363 13637-13691/? I/bt_att: GATTC_Discover conn_id=5 disc_type=4
2020-09-20 11:10:58.393 13637-13691/? E/bt_btif: <================Start Explore Queue =============>
2020-09-20 11:10:58.393 13637-13691/? E/bt_btif: 	 rec[1] uuid[0x1800] s_handle[1] e_handle[9] is_primary[1]
2020-09-20 11:10:58.393 13637-13691/? E/bt_btif: 	 rec[2] uuid[0x1801] s_handle[10] e_handle[13] is_primary[1]
2020-09-20 11:10:58.393 13637-13691/? E/bt_btif: 	 rec[3] uuid[0x180d] s_handle[14] e_handle[19] is_primary[1]
2020-09-20 11:10:58.393 13637-13691/? E/bt_btif: 	 rec[4] uuid[0x180f] s_handle[20] e_handle[23] is_primary[1]
2020-09-20 11:10:58.393 13637-13691/? E/bt_btif: 	 rec[5] uuid[0x180a] s_handle[24] e_handle[26] is_primary[1]
2020-09-20 11:10:58.393 13637-13691/? E/bt_btif: 	 rec[6] uuid[0xca9e] s_handle[27] e_handle[32] is_primary[1]
2020-09-20 11:10:58.393 13637-13691/? E/bt_btif: 	 rec[7] uuid[0xfe59] s_handle[33] e_handle[36] is_primary[1]
2020-09-20 11:10:58.393 13637-13691/? E/bt_btif: 	 rec[8] uuid[0x2bd5] s_handle[37] e_handle[45] is_primary[1]
2020-09-20 11:10:58.393 13637-13691/? E/bt_btif: 	 rec[9] uuid[0xfee7] s_handle[46] e_handle[65535] is_primary[1]
2020-09-20 11:10:58.393 13637-13691/? E/bt_btif: 	 rec[10] uuid[0x2a37] s_handle[16] e_handle[17] is_primary[147]
2020-09-20 11:10:58.393 13637-13691/? E/bt_btif: 	 rec[11] uuid[0x2a38] s_handle[19] e_handle[19] is_primary[147]
2020-09-20 11:10:58.393 13637-13691/? E/bt_btif: <================ End Explore Queue =============>
2020-09-20 11:10:58.393 13637-13691/? E/bt_btif:  
2020-09-20 11:10:58.393 13637-13691/? I/bt_att: GATTC_Discover conn_id=5 disc_type=5
2020-09-20 11:10:58.397 21644-21644/? I/FirebaseInitProvider: FirebaseApp initialization successful
2020-09-20 11:10:58.408 13637-13691/? E/bt_btif: all char has been explored
2020-09-20 11:10:58.408 13637-13691/? I/bt_att: GATTC_Discover conn_id=5 disc_type=3
2020-09-20 11:10:58.423 13637-13691/? I/bt_att: GATTC_Discover conn_id=5 disc_type=4
2020-09-20 11:10:58.453 13637-13691/? E/bt_btif: <================Start Explore Queue =============>
2020-09-20 11:10:58.453 13637-13691/? E/bt_btif: 	 rec[1] uuid[0x1800] s_handle[1] e_handle[9] is_primary[1]
2020-09-20 11:10:58.453 13637-13691/? E/bt_btif: 	 rec[2] uuid[0x1801] s_handle[10] e_handle[13] is_primary[1]
2020-09-20 11:10:58.453 13637-13691/? E/bt_btif: 	 rec[3] uuid[0x180d] s_handle[14] e_handle[19] is_primary[1]
2020-09-20 11:10:58.453 13637-13691/? E/bt_btif: 	 rec[4] uuid[0x180f] s_handle[20] e_handle[23] is_primary[1]
2020-09-20 11:10:58.453 13637-13691/? E/bt_btif: 	 rec[5] uuid[0x180a] s_handle[24] e_handle[26] is_primary[1]
2020-09-20 11:10:58.453 13637-13691/? E/bt_btif: 	 rec[6] uuid[0xca9e] s_handle[27] e_handle[32] is_primary[1]
2020-09-20 11:10:58.453 13637-13691/? E/bt_btif: 	 rec[7] uuid[0xfe59] s_handle[33] e_handle[36] is_primary[1]
2020-09-20 11:10:58.453 13637-13691/? E/bt_btif: 	 rec[8] uuid[0x2bd5] s_handle[37] e_handle[45] is_primary[1]
2020-09-20 11:10:58.453 13637-13691/? E/bt_btif: 	 rec[9] uuid[0xfee7] s_handle[46] e_handle[65535] is_primary[1]
2020-09-20 11:10:58.453 13637-13691/? E/bt_btif: 	 rec[10] uuid[0x2a19] s_handle[22] e_handle[23] is_primary[147]
2020-09-20 11:10:58.453 13637-13691/? E/bt_btif: <================ End Explore Queue =============>
2020-09-20 11:10:58.453 13637-13691/? E/bt_btif:  
2020-09-20 11:10:58.453 13637-13691/? I/bt_att: GATTC_Discover conn_id=5 disc_type=5
2020-09-20 11:10:58.466 1255-1255/? I/TrafficMonitor: update:rxPkts:15,txPkts:14,rxBytes:720,txBytes:19320
2020-09-20 11:10:58.466 1255-1255/? I/TrafficMonitor: start expired. level:-1
2020-09-20 11:10:58.466 1255-1255/? I/TrafficMonitor: gettimer:interval=2000
2020-09-20 11:10:58.468 13637-13691/? E/bt_btif: all char has been explored
2020-09-20 11:10:58.468 13637-13691/? I/bt_att: GATTC_Discover conn_id=5 disc_type=3
2020-09-20 11:10:58.483 13637-13691/? I/bt_att: GATTC_Discover conn_id=5 disc_type=4
2020-09-20 11:10:58.508 21508-21508/? I/MyBleService: charUUID: null conning: true mDevAddr: FE:7D:E5:75:9F:89
2020-09-20 11:10:58.513 13637-13691/? E/bt_btif: <================Start Explore Queue =============>
2020-09-20 11:10:58.513 13637-13691/? E/bt_btif: 	 rec[1] uuid[0x1800] s_handle[1] e_handle[9] is_primary[1]
2020-09-20 11:10:58.513 13637-13691/? E/bt_btif: 	 rec[2] uuid[0x1801] s_handle[10] e_handle[13] is_primary[1]
2020-09-20 11:10:58.513 13637-13691/? E/bt_btif: 	 rec[3] uuid[0x180d] s_handle[14] e_handle[19] is_primary[1]
2020-09-20 11:10:58.513 13637-13691/? E/bt_btif: 	 rec[4] uuid[0x180f] s_handle[20] e_handle[23] is_primary[1]
2020-09-20 11:10:58.513 13637-13691/? E/bt_btif: 	 rec[5] uuid[0x180a] s_handle[24] e_handle[26] is_primary[1]
2020-09-20 11:10:58.513 13637-13691/? E/bt_btif: 	 rec[6] uuid[0xca9e] s_handle[27] e_handle[32] is_primary[1]
2020-09-20 11:10:58.513 13637-13691/? E/bt_btif: 	 rec[7] uuid[0xfe59] s_handle[33] e_handle[36] is_primary[1]
2020-09-20 11:10:58.513 13637-13691/? E/bt_btif: 	 rec[8] uuid[0x2bd5] s_handle[37] e_handle[45] is_primary[1]
2020-09-20 11:10:58.513 13637-13691/? E/bt_btif: 	 rec[9] uuid[0xfee7] s_handle[46] e_handle[65535] is_primary[1]
2020-09-20 11:10:58.513 13637-13691/? E/bt_btif: 	 rec[10] uuid[0x2a29] s_handle[26] e_handle[26] is_primary[147]
2020-09-20 11:10:58.513 13637-13691/? E/bt_btif: <================ End Explore Queue =============>
2020-09-20 11:10:58.513 13637-13691/? E/bt_btif:  
2020-09-20 11:10:58.513 13637-13691/? E/bt_btif: all char has been explored
2020-09-20 11:10:58.513 13637-13691/? I/bt_att: GATTC_Discover conn_id=5 disc_type=3
2020-09-20 11:10:58.528 13637-13691/? I/bt_att: GATTC_Discover conn_id=5 disc_type=4
2020-09-20 11:10:58.558 13637-13691/? E/bt_btif: <================Start Explore Queue =============>
2020-09-20 11:10:58.558 13637-13691/? E/bt_btif: 	 rec[1] uuid[0x1800] s_handle[1] e_handle[9] is_primary[1]
2020-09-20 11:10:58.558 13637-13691/? E/bt_btif: 	 rec[2] uuid[0x1801] s_handle[10] e_handle[13] is_primary[1]
2020-09-20 11:10:58.558 13637-13691/? E/bt_btif: 	 rec[3] uuid[0x180d] s_handle[14] e_handle[19] is_primary[1]
2020-09-20 11:10:58.558 13637-13691/? E/bt_btif: 	 rec[4] uuid[0x180f] s_handle[20] e_handle[23] is_primary[1]
2020-09-20 11:10:58.558 13637-13691/? E/bt_btif: 	 rec[5] uuid[0x180a] s_handle[24] e_handle[26] is_primary[1]
2020-09-20 11:10:58.558 13637-13691/? E/bt_btif: 	 rec[6] uuid[0xca9e] s_handle[27] e_handle[32] is_primary[1]
2020-09-20 11:10:58.558 13637-13691/? E/bt_btif: 	 rec[7] uuid[0xfe59] s_handle[33] e_handle[36] is_primary[1]
2020-09-20 11:10:58.558 13637-13691/? E/bt_btif: 	 rec[8] uuid[0x2bd5] s_handle[37] e_handle[45] is_primary[1]
2020-09-20 11:10:58.558 13637-13691/? E/bt_btif: 	 rec[9] uuid[0xfee7] s_handle[46] e_handle[65535] is_primary[1]
2020-09-20 11:10:58.558 13637-13691/? E/bt_btif: 	 rec[10] uuid[0xca9e] s_handle[29] e_handle[29] is_primary[147]
2020-09-20 11:10:58.558 13637-13691/? E/bt_btif: 	 rec[11] uuid[0xca9e] s_handle[31] e_handle[32] is_primary[147]
2020-09-20 11:10:58.558 13637-13691/? E/bt_btif: <================ End Explore Queue =============>
2020-09-20 11:10:58.558 13637-13691/? E/bt_btif:  
2020-09-20 11:10:58.558 13637-13691/? I/bt_att: GATTC_Discover conn_id=5 disc_type=5
2020-09-20 11:10:58.573 13637-13691/? E/bt_btif: all char has been explored
2020-09-20 11:10:58.573 13637-13691/? I/bt_att: GATTC_Discover conn_id=5 disc_type=3
2020-09-20 11:10:58.587 13637-13691/? I/bt_att: GATTC_Discover conn_id=5 disc_type=4
2020-09-20 11:10:58.618 13637-13691/? E/bt_btif: <================Start Explore Queue =============>
2020-09-20 11:10:58.618 13637-13691/? E/bt_btif: 	 rec[1] uuid[0x1800] s_handle[1] e_handle[9] is_primary[1]
2020-09-20 11:10:58.618 13637-13691/? E/bt_btif: 	 rec[2] uuid[0x1801] s_handle[10] e_handle[13] is_primary[1]
2020-09-20 11:10:58.618 13637-13691/? E/bt_btif: 	 rec[3] uuid[0x180d] s_handle[14] e_handle[19] is_primary[1]
2020-09-20 11:10:58.618 13637-13691/? E/bt_btif: 	 rec[4] uuid[0x180f] s_handle[20] e_handle[23] is_primary[1]
2020-09-20 11:10:58.618 13637-13691/? E/bt_btif: 	 rec[5] uuid[0x180a] s_handle[24] e_handle[26] is_primary[1]
2020-09-20 11:10:58.618 13637-13691/? E/bt_btif: 	 rec[6] uuid[0xca9e] s_handle[27] e_handle[32] is_primary[1]
2020-09-20 11:10:58.618 13637-13691/? E/bt_btif: 	 rec[7] uuid[0xfe59] s_handle[33] e_handle[36] is_primary[1]
2020-09-20 11:10:58.618 13637-13691/? E/bt_btif: 	 rec[8] uuid[0x2bd5] s_handle[37] e_handle[45] is_primary[1]
2020-09-20 11:10:58.618 13637-13691/? E/bt_btif: 	 rec[9] uuid[0xfee7] s_handle[46] e_handle[65535] is_primary[1]
2020-09-20 11:10:58.618 13637-13691/? E/bt_btif: 	 rec[10] uuid[0xea50] s_handle[35] e_handle[36] is_primary[147]
2020-09-20 11:10:58.618 13637-13691/? E/bt_btif: <================ End Explore Queue =============>
2020-09-20 11:10:58.618 13637-13691/? E/bt_btif:  
2020-09-20 11:10:58.618 13637-13691/? I/bt_att: GATTC_Discover conn_id=5 disc_type=5
2020-09-20 11:10:58.632 13637-13691/? E/bt_btif: all char has been explored
2020-09-20 11:10:58.633 13637-13691/? I/bt_att: GATTC_Discover conn_id=5 disc_type=3
2020-09-20 11:10:58.648 13637-13691/? I/bt_att: GATTC_Discover conn_id=5 disc_type=4
2020-09-20 11:10:58.685 13637-13691/? E/bt_btif: <================Start Explore Queue =============>
2020-09-20 11:10:58.685 13637-13691/? E/bt_btif: 	 rec[1] uuid[0x1800] s_handle[1] e_handle[9] is_primary[1]
2020-09-20 11:10:58.685 13637-13691/? E/bt_btif: 	 rec[2] uuid[0x1801] s_handle[10] e_handle[13] is_primary[1]
2020-09-20 11:10:58.685 13637-13691/? E/bt_btif: 	 rec[3] uuid[0x180d] s_handle[14] e_handle[19] is_primary[1]
2020-09-20 11:10:58.685 13637-13691/? E/bt_btif: 	 rec[4] uuid[0x180f] s_handle[20] e_handle[23] is_primary[1]
2020-09-20 11:10:58.685 13637-13691/? E/bt_btif: 	 rec[5] uuid[0x180a] s_handle[24] e_handle[26] is_primary[1]
2020-09-20 11:10:58.685 13637-13691/? E/bt_btif: 	 rec[6] uuid[0xca9e] s_handle[27] e_handle[32] is_primary[1]
2020-09-20 11:10:58.685 13637-13691/? E/bt_btif: 	 rec[7] uuid[0xfe59] s_handle[33] e_handle[36] is_primary[1]
2020-09-20 11:10:58.685 13637-13691/? E/bt_btif: 	 rec[8] uuid[0x2bd5] s_handle[37] e_handle[45] is_primary[1]
2020-09-20 11:10:58.685 13637-13691/? E/bt_btif: 	 rec[9] uuid[0xfee7] s_handle[46] e_handle[65535] is_primary[1]
2020-09-20 11:10:58.685 13637-13691/? E/bt_btif: 	 rec[10] uuid[0x2bd5] s_handle[39] e_handle[40] is_primary[147]
2020-09-20 11:10:58.685 13637-13691/? E/bt_btif: 	 rec[11] uuid[0x2bd5] s_handle[42] e_handle[42] is_primary[147]
2020-09-20 11:10:58.685 13637-13691/? E/bt_btif: 	 rec[12] uuid[0x2bd5] s_handle[44] e_handle[45] is_primary[147]
2020-09-20 11:10:58.685 13637-13691/? E/bt_btif: <================ End Explore Queue =============>
2020-09-20 11:10:58.685 13637-13691/? E/bt_btif:  
2020-09-20 11:10:58.685 13637-13691/? I/bt_att: GATTC_Discover conn_id=5 disc_type=5
2020-09-20 11:10:58.700 13637-13691/? I/bt_att: GATTC_Discover conn_id=5 disc_type=5
2020-09-20 11:10:58.716 13637-13691/? E/bt_btif: all char has been explored
2020-09-20 11:10:58.716 13637-13691/? I/bt_att: GATTC_Discover conn_id=5 disc_type=3
2020-09-20 11:10:58.724 1255-1387/? E/WifiConfigManager: updateConfiguration freq=2412 BSSID=e0:cc:7a:4b:a6:f0 RSSI=-42 "Ss"WPA_PSK
2020-09-20 11:10:58.730 13637-13691/? I/bt_att: GATTC_Discover conn_id=5 disc_type=4
2020-09-20 11:10:58.760 13637-13691/? E/bt_btif: <================Start Explore Queue =============>
2020-09-20 11:10:58.760 13637-13691/? E/bt_btif: 	 rec[1] uuid[0x1800] s_handle[1] e_handle[9] is_primary[1]
2020-09-20 11:10:58.760 13637-13691/? E/bt_btif: 	 rec[2] uuid[0x1801] s_handle[10] e_handle[13] is_primary[1]
2020-09-20 11:10:58.760 13637-13691/? E/bt_btif: 	 rec[3] uuid[0x180d] s_handle[14] e_handle[19] is_primary[1]
2020-09-20 11:10:58.760 13637-13691/? E/bt_btif: 	 rec[4] uuid[0x180f] s_handle[20] e_handle[23] is_primary[1]
2020-09-20 11:10:58.760 13637-13691/? E/bt_btif: 	 rec[5] uuid[0x180a] s_handle[24] e_handle[26] is_primary[1]
2020-09-20 11:10:58.760 13637-13691/? E/bt_btif: 	 rec[6] uuid[0xca9e] s_handle[27] e_handle[32] is_primary[1]
2020-09-20 11:10:58.760 13637-13691/? E/bt_btif: 	 rec[7] uuid[0xfe59] s_handle[33] e_handle[36] is_primary[1]
2020-09-20 11:10:58.760 13637-13691/? E/bt_btif: 	 rec[8] uuid[0x2bd5] s_handle[37] e_handle[45] is_primary[1]
2020-09-20 11:10:58.760 13637-13691/? E/bt_btif: 	 rec[9] uuid[0xfee7] s_handle[46] e_handle[65535] is_primary[1]
2020-09-20 11:10:58.760 13637-13691/? E/bt_btif: 	 rec[10] uuid[0xfec9] s_handle[48] e_handle[48] is_primary[147]
2020-09-20 11:10:58.760 13637-13691/? E/bt_btif: 	 rec[11] uuid[0xfea1] s_handle[50] e_handle[51] is_primary[147]
2020-09-20 11:10:58.760 13637-13691/? E/bt_btif: 	 rec[12] uuid[0xfea2] s_handle[53] e_handle[65535] is_primary[147]
2020-09-20 11:10:58.760 13637-13691/? E/bt_btif: <================ End Explore Queue =============>
2020-09-20 11:10:58.760 13637-13691/? E/bt_btif:  
2020-09-20 11:10:58.760 13637-13691/? I/bt_att: GATTC_Discover conn_id=5 disc_type=5
2020-09-20 11:10:58.775 13637-13691/? I/bt_att: GATTC_Discover conn_id=5 disc_type=5
2020-09-20 11:10:58.828 13637-13691/? E/bt_btif: all char has been explored
2020-09-20 11:10:58.828 13637-13691/? W/bt_bta_gattc: bta_gattc_explore_srvc no more services found
2020-09-20 11:10:58.828 13637-13691/? E/bt_btif: <================Start Server Cache =============>
2020-09-20 11:10:58.828 13637-13691/? E/bt_btif: Service: handle[1 ~ 9] uuid16[0x1800] inst[1]
2020-09-20 11:10:58.828 13637-13691/? E/bt_btif: 	 Attr handle[3] uuid[0x2a00] prop[0xa]
2020-09-20 11:10:58.828 13637-13691/? E/bt_btif: 	 Attr handle[5] uuid[0x2a01] prop[0x2]
2020-09-20 11:10:58.828 13637-13691/? E/bt_btif: 	 Attr handle[7] uuid[0x2a04] prop[0x2]
2020-09-20 11:10:58.828 13637-13691/? E/bt_btif: 	 Attr handle[9] uuid[0x2aa6] prop[0x2]
2020-09-20 11:10:58.828 13637-13691/? E/bt_btif: Service: handle[10 ~ 13] uuid16[0x1801] inst[10]
2020-09-20 11:10:58.828 13637-13691/? E/bt_btif: 	 Attr handle[12] uuid[0x2a05] prop[0x20]
2020-09-20 11:10:58.828 13637-13691/? E/bt_btif: Service: handle[14 ~ 19] uuid16[0x180d] inst[14]
2020-09-20 11:10:58.828 13637-13691/? E/bt_btif: 	 Attr handle[16] uuid[0x2a37] prop[0x10]
2020-09-20 11:10:58.828 13637-13691/? E/bt_btif: 	 Attr handle[19] uuid[0x2a38] prop[0x2]
2020-09-20 11:10:58.828 13637-13691/? E/bt_btif: Service: handle[20 ~ 23] uuid16[0x180f] inst[20]
2020-09-20 11:10:58.828 13637-13691/? E/bt_btif: 	 Attr handle[22] uuid[0x2a19] prop[0x12]
2020-09-20 11:10:58.828 13637-13691/? E/bt_btif: Service: handle[24 ~ 26] uuid16[0x180a] inst[24]
2020-09-20 11:10:58.828 13637-13691/? E/bt_btif: 	 Attr handle[26] uuid[0x2a29] prop[0x2]
2020-09-20 11:10:58.828 13637-13691/? E/bt_btif: Service: handle[27 ~ 32] uuid128[0xca9e] inst[27]
2020-09-20 11:10:58.828 13637-13691/? E/bt_btif: 	 Attr handle[29] uuid[0xca9e] prop[0xc]
2020-09-20 11:10:58.828 13637-13691/? E/bt_btif: 	 Attr handle[31] uuid[0xca9e] prop[0x10]
2020-09-20 11:10:58.828 13637-13691/? E/bt_btif: Service: handle[33 ~ 36] uuid16[0xfe59] inst[33]
2020-09-20 11:10:58.828 13637-13691/? E/bt_btif: 	 Attr handle[35] uuid[0xea50] prop[0x28]
2020-09-20 11:10:58.828 13637-13691/? E/bt_btif: Service: handle[37 ~ 45] uuid128[0x2bd5] inst[37]
2020-09-20 11:10:58.828 13637-13691/? E/bt_btif: 	 Attr handle[39] uuid[0x2bd5] prop[0x28]
2020-09-20 11:10:58.828 13637-13691/? E/bt_btif: 	 Attr handle[42] uuid[0x2bd5] prop[0xc]
2020-09-20 11:10:58.828 13637-13691/? E/bt_btif: 	 Attr handle[44] uuid[0x2bd5] prop[0x20]
2020-09-20 11:10:58.828 13637-13691/? E/bt_btif: Service: handle[46 ~ 65535] uuid16[0xfee7] inst[46]
2020-09-20 11:10:58.828 13637-13691/? E/bt_btif: 	 Attr handle[48] uuid[0xfec9] prop[0x2]
2020-09-20 11:10:58.828 13637-13691/? E/bt_btif: 	 Attr handle[50] uuid[0xfea1] prop[0x22]
2020-09-20 11:10:58.828 13637-13691/? E/bt_btif: 	 Attr handle[53] uuid[0xfea2] prop[0x2a]
2020-09-20 11:10:58.829 13637-13691/? E/bt_btif: <================End Server Cache =============>
2020-09-20 11:10:58.829 13637-13691/? E/bt_btif:  
2020-09-20 11:10:58.829 13637-13682/? E/bt_btif_gattc: btif_gattc_upstreams_evt: Unhandled event (7)!
2020-09-20 11:10:58.829 13637-13682/? E/bt_btif_gattc: btif_gattc_upstreams_evt: Unhandled event (7)!
