2020-09-20 11:10:49.533 940-14667/? I/GNSS_ENGINE: [CMD] ADD_CHANNEL:3, 0, 1, 396740980, 3, 3, 1, 2899.996005, 0, 2
2020-09-20 11:10:49.533 940-14667/? I/GNSS_ENGINE: [CMD] ADD_CHANNEL:2, 0, 1, 359947427, 3, 3, 1, 0.000000, 0, 2
2020-09-20 11:10:49.533 940-14667/? I/GNSS_ENGINE: [CMD] ADD_CHANNEL:-7, 0, 1, 30503912, 3, 3, 1, 0.000000, 0, 2
2020-09-20 11:10:49.533 940-14667/? I/GNSS_ENGINE: [CMD] ADD_CHANNEL:-4, 0, 1, 140318417, 3, 3, 1, 0.000000, 0, 2
2020-09-20 11:10:49.533 940-14667/? I/GNSS_ENGINE: [CMD] ADD_CHANNEL:-2, 0, 1, 213528087, 3, 3, 1, 0.000000, 0, 2
2020-09-20 11:10:49.533 940-14667/? I/GNSS_ENGINE: [CMD] SET DOPPLER BIAS: -84380
2020-09-20 11:10:49.533 940-14667/? I/GNSS_ENGINE: [CMD] SET_TIMER: 0, 6187500, 0, 0
2020-09-20 11:10:49.533 940-14667/? I/GNSS_ENGINE: [CMD] SET_PPS: 0, 6187500, 2045958, 0, 1
2020-09-20 11:10:49.533 940-14667/? I/GNSS_ENGINE: [CMD] SET EXTERN LNA ONFF: 0
2020-09-20 11:10:49.535 937-937/? E/OCTTY:  install already set to 
2020-09-20 11:10:49.536 940-940/? I/GNSS_ENGINE: recv engineassist message cmd_id: 0x00000667
2020-09-20 11:10:49.536 940-940/? I/GNSS_ENGINE: the glonass alm_number:24
2020-09-20 11:10:49.644 937-937/? E/OCTTY:  install already set to 
2020-09-20 11:10:49.644 940-14667/? I/GNSS_ENGINE: write device BFG tty data OK, the size is 468
2020-09-20 11:10:49.644 940-940/? W/GNSS_ENGINE: Failed to change file permission on path /data/gnss/eph_alm.dat, errno:Operation not permitted
2020-09-20 11:10:49.645 940-940/? I/GNSS_ENGINE: recv engineassist message cmd_id: 0x00000669
2020-09-20 11:10:49.645 940-940/? I/GNSS_ENGINE: listen thread receive socket_data!
2020-09-20 11:10:49.645 940-940/? I/GNSS_ENGINE: recv engineassist message cmd_id: 0x0000066a
2020-09-20 11:10:49.645 940-940/? I/GNSS_ENGINE: listen thread receive socket_data!
2020-09-20 11:10:49.645 940-940/? I/GNSS_ENGINE: recv engineassist message cmd_id: 0x00000661
2020-09-20 11:10:49.645 940-940/? W/GNSS_ENGINE: Failed to change file permission on path /data/gnss/eph_alm.dat, errno:Operation not permitted
2020-09-20 11:10:49.646 940-14671/? I/GNSS_ENGINE: ------->>>read device ack, the size is 8, data_type: 2
2020-09-20 11:10:49.646 940-14667/? I/GNSS_ENGINE: calculate thread receive the device ack!
2020-09-20 11:10:49.646 940-14667/? I/GNSS_ENGINE: write tty GNSS_HOST_TO_DEVICE_START_SIGN OK, the size is 4
2020-09-20 11:10:49.646 940-14667/? I/GNSS_ENGINE: send GNSS_HOST_TO_DEVICE_START_SIGN
2020-09-20 11:10:49.648 556-579/? W/JankService: virtual bool android::JankManualDumpLogAnalyser::processEntry(android::LogEntry *, int, bool), not beta version or commercial log off
2020-09-20 11:10:49.650 940-940/? I/GNSS_ENGINE: recv engineassist message cmd_id: 0x00000667
2020-09-20 11:10:49.650 940-940/? W/GNSS_ENGINE: Failed to change file permission on path /data/gnss/eph_alm.dat, errno:Operation not permitted
2020-09-20 11:10:49.651 940-940/? I/GNSS_ENGINE: recv engineassist message cmd_id: 0x00000669
2020-09-20 11:10:49.658 412-412/? I/gralloc: alloc_device_free:586: Free handle(0x708160fa00)
2020-09-20 11:10:49.667 2466-21538/? I/SUPL20_NC: Enabling TLSv1.2 and TLSv1.1
2020-09-20 11:10:49.678 940-14671/? I/GNSS_ENGINE: ------->>>read device ack, the size is 8, data_type: 2
2020-09-20 11:10:49.678 940-14671/? I/GNSS_ENGINE: DEVICE VERSION:6.6.0.1
2020-09-20 11:10:49.679 940-14667/? I/GNSS_ENGINE: calculate thread receive the device ack!
2020-09-20 11:10:49.679 940-14667/? I/GNSS_ENGINE: write device log level OK, the size is 8, level is: 0
2020-09-20 11:10:49.679 940-14667/? I/GNSS_ENGINE: calculate thread: enter start while
2020-09-20 11:10:49.679 940-940/? I/GNSS_ENGINE: read the host START OK sign!
2020-09-20 11:10:49.679 940-940/? I/GNSS_ENGINE: send message to adapte cmd_id:0x00000002, size: 16
2020-09-20 11:10:49.679 941-960/? I/GNSS_CONTROL: static THREAD_HANDLE CtrlCommMgr::ProcessThreadProc(void *) -- 122: process cmd id:0x00000102
2020-09-20 11:10:49.679 941-960/? I/GNSS_CONTROL: virtual void CtrlFSMSISessionState::EngineReportStartOK(CtrlFSM &) -- 1229: EngineReportStartOK cmd received by CtrlFSMSISessionState
2020-09-20 11:10:49.679 941-960/? I/GNSS_CONTROL: AGNSS_STATUS_ENUM_UINT32 NetworkCommunication::send_message(AGNSSMessage *) -- 439: src_id:0x11110004, dst_id:0x11110001, cmd_id:0x00000202
2020-09-20 11:10:49.679 941-960/? I/GNSS_CONTROL: AGNSS_STATUS_ENUM_UINT32 NetworkCommunication::send_message(AGNSSMessage *) -- 439: src_id:0x11110004, dst_id:0x11110001, cmd_id:0x00000211
2020-09-20 11:10:49.679 941-960/? W/GNSS_CONTROL: AGNSS_STATUS_ENUM_UINT32 NetworkCommunication::send_message(AGNSSMessage *) -- 433: can't find dst, 0x11110003
2020-09-20 11:10:49.680 1255-14664/? I/GnssLocationProvider: reportStatus status: 1
2020-09-20 11:10:49.680 1255-14664/? I/SendBroadcastPermission: action:android.location.GPS_ENABLED_CHANGE, mPermissionType:0
2020-09-20 11:10:49.680 1255-1935/? E/HwReportTool: This is not beta user build
2020-09-20 11:10:49.681 1255-14664/? I/GnssLocationProvider: WakeLock acquired by sendMessage(5, 0, null)
2020-09-20 11:10:49.682 1255-1935/? I/GnssLocationProvider: WakeLock acquired by handleInjectNtpTime()
2020-09-20 11:10:49.682 1255-1935/? I/GnssLocationProvider: WakeLock released by handleMessage(5, 0, null)
2020-09-20 11:10:49.690 412-412/? I/gralloc: alloc_device_free:586: Free handle(0x7081638300)
2020-09-20 11:10:49.701 1255-1387/? E/WifiConfigManager: updateConfiguration freq=2412 BSSID=e0:cc:7a:4b:a6:f0 RSSI=-44 "Ss"WPA_PSK
2020-09-20 11:10:49.737 1255-21565/? I/GnssLocationProvider: Execute handleInjectNtpTime()
2020-09-20 11:10:49.738 1255-21565/? I/MajorityTimeManager: Gps time and ntp time is valid, inject gps time: 1600589428165
2020-09-20 11:10:49.738 1255-21565/? I/GnssLocationProvider: WakeLock acquired by sendMessage(10, 0, null)
2020-09-20 11:10:49.738 1255-21565/? I/GnssLocationProvider: WakeLock released by handleInjectNtpTime()
2020-09-20 11:10:49.738 941-960/? I/GNSS_CONTROL: static THREAD_HANDLE CtrlCommMgr::ProcessThreadProc(void *) -- 122: process cmd id:0x00000505
2020-09-20 11:10:49.738 941-960/? I/GNSS_CONTROL: virtual void CtrlFSMSISessionState::AFInjectRefTime(CtrlFSM &) -- 167: AFInjectRefTime cmd received by CtrlFSMSISessionState
2020-09-20 11:10:49.738 941-960/? I/GNSS_CONTROL: void EACommMgr::ProcessCtrlMessage(AGNSSMessage *) -- 226: EACommMgr::ProcessCtrlMessage:message->cmd_id:0x00000805
2020-09-20 11:10:49.738 941-960/? I/GNSS_CONTROL: virtual AGNSS_STATUS_ENUM_UINT32 EACommMgr::SendMsg2EA(AGNSSMessage *) -- 527: write msg to socket cmd_id is 0x00000905
2020-09-20 11:10:49.738 1255-1935/? I/GnssLocationProvider: WakeLock released by handleMessage(10, 0, null)
2020-09-20 11:10:49.738 940-940/? I/GNSS_ENGINE: listen thread receive socket_data!
2020-09-20 11:10:49.739 940-940/? I/GNSS_ENGINE: recv engineassist message cmd_id: 0x00000905
2020-09-20 11:10:49.739 940-940/? I/GNSS_ENGINE: [NTP]inject ntp: 1600589428165, boot time:420393303776402, tv_sec: 420393, tv_nsec: 303776402
2020-09-20 11:10:49.739 940-940/? I/GNSS_ENGINE: [NTP]system time, tv_sec: 1600589449, tv_usec: 739056, 
2020-09-20 11:10:49.739 940-940/? I/GNSS_ENGINE: [NTP]inject time_us: 1600219166521776, reference_ms: 790654947, acc: 474.000000, difference to system time in usec: -370283217280
2020-09-20 11:10:49.739 940-940/? I/GNSS_ENGINE: send message to adapte cmd_id:0x0000000f, size: 16
2020-09-20 11:10:49.739 941-3331/? W/GNSS_CONTROL: AGNSS_STATUS_ENUM_UINT32 EACommMgr::ProcessEngineMessage(AGNSSMessage *) -- 716: unrecognized cmd id from engine, 0x0000000f
2020-09-20 11:10:49.798 1255-1387/? I/SendBroadcastPermission: action:android.net.wifi.SCAN_RESULTS, mPermissionType:0
2020-09-20 11:10:49.815 21570-21570/? I/art: Reinit property: dalvik.vm.checkjni= false
2020-09-20 11:10:49.828 2466-2466/? I/System.out: BitString length 17
2020-09-20 11:10:49.828 2466-2466/? I/System.out: MAC Addresse0:cc:7a:4b:a6:f0
2020-09-20 11:10:49.828 2466-2466/? I/System.out: BitString length 17
2020-09-20 11:10:49.828 2466-2466/? I/System.out: MAC Address70:fd:45:b6:1a:90
2020-09-20 11:10:49.828 2466-2466/? I/System.out: BitString length 17
2020-09-20 11:10:49.829 2466-2466/? I/System.out: MAC Address78:17:be:1f:b3:44
2020-09-20 11:10:49.829 2466-2466/? I/System.out: BitString length 17
2020-09-20 11:10:49.829 2466-2466/? I/System.out: MAC Address44:67:47:bf:e7:e4
2020-09-20 11:10:49.829 2466-2466/? I/System.out: BitString length 17
2020-09-20 11:10:49.829 2466-2466/? I/System.out: MAC Address70:fd:45:b5:e0:c8
2020-09-20 11:10:49.829 2466-2466/? I/System.out: BitString length 17
2020-09-20 11:10:49.829 2466-2466/? I/System.out: MAC Address70:fd:45:bc:70:9c
2020-09-20 11:10:49.841 2466-2466/? I/SUPL20_LocMan: Phone type:GSM
2020-09-20 11:10:49.842 2466-2466/? I/SUPL20_LocMan: Network Op Mnc= 2 MCC = 639
2020-09-20 11:10:49.842 2466-2466/? I/SUPL20_LocMan: cellInfo NetworkType:NOT RETERIVE,21
2020-09-20 11:10:49.846 2466-2717/? I/SUPL20_SPIMESLP-SENDING: m_bPacket.length 489
2020-09-20 11:10:49.846 2466-2717/? I/SUPL20_SPIMESLP-SENDING: bBrokenPipe = false
2020-09-20 11:10:49.851 412-1464/? I/gralloc: alloc_device_alloc:564: Alloc handle(0x708162ed00): interfmt=1, stride=64, size=4096, usage=0x100
2020-09-20 11:10:49.862 1255-1378/? W/RMS.SmartShrinker: SmartShrinker is runing in pid =5857 reclaim mode = 4
2020-09-20 11:10:49.871 21570-21570/? W/System: ClassLoader referenced unknown path: /system/priv-app/Settings/lib/arm64
2020-09-20 11:10:49.881 412-1720/? I/gralloc: alloc_device_free:586: Free handle(0x708162ed00)
2020-09-20 11:10:49.924 1255-30339/? W/RMS.SmartShrinker: SmartShrinker is runing in pid =21570 reclaim mode = 4
2020-09-20 11:10:50.009 2466-21538/? I/SUPL20_NC: Cipher Suite : TLS_ECDHE_RSA_WITH_AES_128_GCM_SHA256
2020-09-20 11:10:50.009 2466-21538/? I/SUPL20_NC: Handshake Completed. Protocol: TLSv1.2
2020-09-20 11:10:50.009 2466-21538/? I/SUPL20_NC: The SSL Protocol used is TLSv1.2
2020-09-20 11:10:50.009 2466-21538/? I/SUPL20_NC: Connection Secured.
2020-09-20 11:10:50.009 2466-21538/? I/SUPL20_NC: m_CilentSocket isClosed:false
2020-09-20 11:10:50.009 2466-21538/? I/SUPL20_NC: deque initialized
2020-09-20 11:10:50.009 2466-21538/? I/SUPL20_NC: WriterThread initialize
2020-09-20 11:10:50.009 2466-21538/? I/SUPL20_SPIMESLP-SENDING: setClientSocket :83
2020-09-20 11:10:50.009 2466-21538/? I/SUPL20_NC: readerThread initialized
2020-09-20 11:10:50.009 2466-21538/? I/SUPL20_SLP-RECEIVING: readerThread initialized
2020-09-20 11:10:50.010 2466-21538/? I/SUPL20_NetCP: Session id :0 Req id :0 is connected to supl.google.com
2020-09-20 11:10:50.010 2466-21538/? I/SUPL20_NetCP: send sendOnConnectionStatus 
2020-09-20 11:10:50.011 2466-2723/? I/SUPL20_SPIMESLP-SENDING: m_bPacket.length 12
2020-09-20 11:10:50.011 2466-2723/? I/SUPL20_SPIMESLP-SENDING: bBrokenPipe = false
2020-09-20 11:10:50.012 941-3342/? I/GNSS_CONTROL: static void SACommMgr::SALogMessage(int, char *) -- 1716: 20200920081050.012:MSG_STATUS:SRVER_CONN_SUCCESS:0:Server connection successful
2020-09-20 11:10:50.013 941-3342/? I/GNSS_CONTROL: static void SACommMgr::SALogMessage(int, char *) -- 1716: 20200920081050.012:MSG_STATUS:SESSION_QOP:0,30,20,7:QOP with parameters as hor_acc,ver_acc,max_res_time
2020-09-20 11:10:50.013 941-3342/? I/GNSS_CONTROL: static void SACommMgr::SALogMessage(int, char *) -- 1716: 20200920081050.012:MSG_STATUS:OTA_MSG:0,2.0,SUPL_START:SI AGPS_MSB
2020-09-20 11:10:50.017 2466-2541/? I/SUPL20_SCM: buffer size:174writePosition: 174
2020-09-20 11:10:50.017 2466-2541/? I/SUPL20_SCM: process icmdID2: 0X204
2020-09-20 11:10:50.017 2466-2541/? I/SUPL20_SCM:  process MSG_SCM_SEND
2020-09-20 11:10:50.017 2466-2541/? I/SUPL20_SCM: MSG_SCM_SEND-->NWSessionID = 83
2020-09-20 11:10:50.017 2466-2541/? I/SUPL20_NetCP: nc stNetKeysupl.google.com72753
2020-09-20 11:10:50.017 2466-2541/? I/SUPL20_NetCP: incoming network id =83session networkid =83
2020-09-20 11:10:50.017 2466-2541/? I/SUPL20_NetCP: NetworkCP Send to server supl.google.com:7275 NI:83 CC:1
2020-09-20 11:10:50.017 2466-2541/? I/SUPL20_SCM: buffer size:0writePosition: 0
2020-09-20 11:10:50.017 2466-21584/? I/SUPL20_SPIMESLP-SENDING: NetCM write thread NW:83 Sun Sep 20 11:10:50 GMT+03:00 2020 onSendData
2020-09-20 11:10:50.017 2466-21584/? I/SUPL20_SPIMESLP-SENDING: m_bPacket.length 161
2020-09-20 11:10:50.017 2466-21584/? I/SUPL20_SPIMESLP-SENDING: bBrokenPipe = false
2020-09-20 11:10:50.151 21508-21508/? I/System.out: chong---------weather_url==http://112.74.206.226:8099/smartam/getWeather?location=Central&phone=15673178022&coordinate=36.688643,-1.25008&mac=00:00:00:00:00:00&fullName=Central 
2020-09-20 11:10:50.159 2466-21585/? I/SUPL20_SLP-RECEIVING: NetCM read thread NW:83 Sun Sep 20 11:10:50 GMT+03:00 2020 OnReceiveData from the NetworkController83
2020-09-20 11:10:50.159 2466-2723/? I/SUPL20_SPIMESLP-SENDING: m_bPacket.length 48
2020-09-20 11:10:50.159 2466-2723/? I/SUPL20_SPIMESLP-SENDING: bBrokenPipe = false
2020-09-20 11:10:50.160 941-3342/? I/GNSS_CONTROL: static void SACommMgr::SALogMessage(int, char *) -- 1716: 20200920081050.160:MSG_STATUS:OTA_MSG:0,2.0,SUPL_RESPONSE:SI AGPS_MSB
2020-09-20 11:10:50.160 941-3342/? I/GNSS_CONTROL: static void SACommMgr::SALogMessage(int, char *) -- 1716: 20200920081050.160:MSG_STATUS:OTA_MSG:0,2.0,SUPL_POSINIT:SI GANSS_MSB
2020-09-20 11:10:50.179 1984-6276/? W/System.err: java.lang.SecurityException: getImeiForSlot: Neither user 10605 nor current process has android.permission.READ_PHONE_STATE.
2020-09-20 11:10:50.184 1984-6276/? W/System.err:     at android.app.ContextImpl.enforce(ContextImpl.java:1760)
2020-09-20 11:10:50.184 1984-6276/? W/System.err:     at android.app.ContextImpl.enforceCallingOrSelfPermission(ContextImpl.java:1792)
2020-09-20 11:10:50.184 1984-6276/? W/System.err:     at android.content.ContextWrapper.enforceCallingOrSelfPermission(ContextWrapper.java:707)
2020-09-20 11:10:50.184 1984-6276/? W/System.err:     at android.content.ContextWrapper.enforceCallingOrSelfPermission(ContextWrapper.java:707)
2020-09-20 11:10:50.184 1984-6276/? W/System.err:     at com.android.phone.PhoneInterfaceManager.canReadPhoneState(PhoneInterfaceManager.java:3680)
2020-09-20 11:10:50.184 1984-6276/? W/System.err:     at com.android.phone.PhoneInterfaceManager.getImeiForSlot(PhoneInterfaceManager.java:2080)
2020-09-20 11:10:50.184 1984-6276/? W/System.err:     at com.android.internal.telephony.ITelephony$Stub.onTransact(ITelephony.java:1322)
2020-09-20 11:10:50.184 1984-6276/? W/System.err:     at android.os.Binder.execTransact(Binder.java:565)
2020-09-20 11:10:50.225 2466-2541/? I/SUPL20_SCM: buffer size:265writePosition: 265
2020-09-20 11:10:50.225 2466-2541/? I/SUPL20_SCM: process icmdID2: 0X204
2020-09-20 11:10:50.225 2466-2541/? I/SUPL20_SCM:  process MSG_SCM_SEND
2020-09-20 11:10:50.225 2466-2541/? I/SUPL20_SCM: MSG_SCM_SEND-->NWSessionID = 83
2020-09-20 11:10:50.225 2466-2541/? I/SUPL20_NetCP: nc stNetKeysupl.google.com72753
2020-09-20 11:10:50.225 2466-2541/? I/SUPL20_NetCP: incoming network id =83session networkid =83
2020-09-20 11:10:50.225 2466-2541/? I/SUPL20_NetCP: NetworkCP Send to server supl.google.com:7275 NI:83 CC:1
2020-09-20 11:10:50.225 2466-2541/? I/SUPL20_SCM: buffer size:0writePosition: 0
2020-09-20 11:10:50.225 2466-21584/? I/SUPL20_SPIMESLP-SENDING: NetCM write thread NW:83 Sun Sep 20 11:10:50 GMT+03:00 2020 onSendData
2020-09-20 11:10:50.226 2466-21584/? I/SUPL20_SPIMESLP-SENDING: m_bPacket.length 252
2020-09-20 11:10:50.226 2466-21584/? I/SUPL20_SPIMESLP-SENDING: bBrokenPipe = false
2020-09-20 11:10:50.351 1255-1444/? E/HwCHRWifiRSSIGroupSummery: updatArpSummery mRSSI:-45  HwCHRWifiRSSIGroup [rssi_index=4, rtt_tcp_packets=2651, rtt_tcp_duration=238112, rtt_lan_duration=3174, rtt_lan_failures=0, rtt_lan_succ=195, rtt_lan_max=140, rtt_lan_min=5,same_area_frequency=0,adjacent_area_frequency=0]
2020-09-20 11:10:50.370 2466-21585/? I/SUPL20_SLP-RECEIVING: NetCM read thread NW:83 Sun Sep 20 11:10:50 GMT+03:00 2020 OnReceiveData from the NetworkController83
2020-09-20 11:10:50.371 2466-21585/? I/SUPL20_SLP-RECEIVING: NetCM read thread NW:83 Sun Sep 20 11:10:50 GMT+03:00 2020 OnReceiveData from the NetworkController83
2020-09-20 11:10:50.371 2466-21585/? I/SUPL20_SLP-RECEIVING: NetCM read thread NW:83 Sun Sep 20 11:10:50 GMT+03:00 2020 OnReceiveData from the NetworkController83
2020-09-20 11:10:50.371 2466-21585/? I/SUPL20_SLP-RECEIVING: NetCM read thread NW:83 Sun Sep 20 11:10:50 GMT+03:00 2020 OnReceiveData from the NetworkController83
2020-09-20 11:10:50.371 2466-21585/? I/SUPL20_SLP-RECEIVING: NetCM read thread NW:83 Sun Sep 20 11:10:50 GMT+03:00 2020 OnReceiveData from the NetworkController83
2020-09-20 11:10:50.372 2466-2723/? I/SUPL20_SPIMESLP-SENDING: m_bPacket.length 1037
2020-09-20 11:10:50.372 2466-2723/? I/SUPL20_SPIMESLP-SENDING: bBrokenPipe = false
2020-09-20 11:10:50.372 2466-2723/? I/SUPL20_SPIMESLP-SENDING: m_bPacket.length 372
2020-09-20 11:10:50.372 2466-2723/? I/SUPL20_SPIMESLP-SENDING: bBrokenPipe = false
2020-09-20 11:10:50.373 2466-2723/? I/SUPL20_SPIMESLP-SENDING: m_bPacket.length 1037
2020-09-20 11:10:50.373 2466-2723/? I/SUPL20_SPIMESLP-SENDING: bBrokenPipe = false
2020-09-20 11:10:50.374 2466-2723/? I/SUPL20_SPIMESLP-SENDING: m_bPacket.length 372
2020-09-20 11:10:50.374 2466-2723/? I/SUPL20_SPIMESLP-SENDING: bBrokenPipe = false
2020-09-20 11:10:50.375 2466-2723/? I/SUPL20_SPIMESLP-SENDING: m_bPacket.length 20
2020-09-20 11:10:50.375 2466-2723/? I/SUPL20_SPIMESLP-SENDING: bBrokenPipe = false
2020-09-20 11:10:50.376 941-3342/? I/GNSS_CONTROL: static void SACommMgr::SALogMessage(int, char *) -- 1716: 20200920081050.376:MSG_STATUS:OTA_MSG:0,2.0,SUPL_POS:SI GANSS_MSB
2020-09-20 11:10:50.417 941-3342/? I/GNSS_CONTROL: static void SACommMgr::SALogMessage(int, char *) -- 1716: 20200920081050.385:MSG_STATUS:POS_AIDING:0,0.000000,0.000000,0,1163.908569,1163.908569,0,990.484070:Latitude, Longitude, Altitude, UncertaintySemiMajor, UncertaintySemiMinor, OrientationMajorAxis, UncertaintyAltitude
2020-09-20 11:10:50.417 941-3342/? I/GNSS_CONTROL: static void SACommMgr::SALogMessage(int, char *) -- 1716: 20200920081050.386:MSG_STATUS:ION_AIDING:0
2020-09-20 11:10:50.417 941-3342/? I/GNSS_CONTROL: static void SACommMgr::SALogMessage(int, char *) -- 1716: 20200920081050.388:MSG_STATUS:EPH_AIDING:0,30,76,368075,0,1,2,3,4,5,6,7,8,9,10,11,12,14,15,16,17,18,19,20,21,23,24,25,26,27,28,29,30,31:num_sat,GPS Week,TOW,SV1,SV2,SV3,SV4,SV5,SV6...
2020-09-20 11:10:50.417 941-3342/? I/GNSS_CONTROL: static void SACommMgr::SALogMessage(int, char *) -- 1716: 20200920081050.388:MSG_STATUS:UTC_AIDING:0
2020-09-20 11:10:50.426 941-3342/? I/GNSS_CONTROL: static void SACommMgr::SAInjectGPSAssistance(SUPL_GPS_ASSISTANCE_DATA *) -- 1806: pstGpsAssistanceData->field_valid = 59
2020-09-20 11:10:50.426 941-3342/? I/GNSS_CONTROL: virtual AGNSS_STATUS_ENUM AgnssGul::OnMessage(AGNSSMessage *) -- 186: message is send to controller
2020-09-20 11:10:50.426 941-3342/? I/GNSS_CONTROL: void AgnssProxy::send_msg_2_ctrl(AGNSSMessage *) -- 365: message->cmd_id: 0x00000604
2020-09-20 11:10:50.426 941-3342/? I/GNSS_CONTROL: static void SACommMgr::SAInjectRefLoc(SUPL_GPS_ASSISTANCE_DATA *) -- 1970: Inject ref location successful
2020-09-20 11:10:50.426 941-3342/? I/GNSS_CONTROL: virtual AGNSS_STATUS_ENUM AgnssGul::OnMessage(AGNSSMessage *) -- 186: message is send to controller
2020-09-20 11:10:50.426 941-3342/? I/GNSS_CONTROL: void AgnssProxy::send_msg_2_ctrl(AGNSSMessage *) -- 365: message->cmd_id: 0x00000605
2020-09-20 11:10:50.426 941-3342/? I/GNSS_CONTROL: virtual AGNSS_STATUS_ENUM AgnssGul::OnMessage(AGNSSMessage *) -- 186: message is send to controller
2020-09-20 11:10:50.426 941-3342/? I/GNSS_CONTROL: void AgnssProxy::send_msg_2_ctrl(AGNSSMessage *) -- 365: message->cmd_id: 0x00000608
2020-09-20 11:10:50.426 941-3342/? I/GNSS_CONTROL: virtual AGNSS_STATUS_ENUM AgnssGul::OnMessage(AGNSSMessage *) -- 186: message is send to controller
2020-09-20 11:10:50.426 941-3342/? I/GNSS_CONTROL: void AgnssProxy::send_msg_2_ctrl(AGNSSMessage *) -- 365: message->cmd_id: 0x00000609
2020-09-20 11:10:50.429 941-3342/? I/GNSS_CONTROL: virtual AGNSS_STATUS_ENUM AgnssGul::OnMessage(AGNSSMessage *) -- 186: message is send to controller
2020-09-20 11:10:50.429 941-3342/? I/GNSS_CONTROL: void AgnssProxy::send_msg_2_ctrl(AGNSSMessage *) -- 365: message->cmd_id: 0x00000607
2020-09-20 11:10:50.429 941-3342/? W/GNSS_CONTROL: static void SACommMgr::SAInjectAssistance(SUPL_GPS_ASSISTANCE_DATA *, SUPL_GANSS_ASSISTANCE_DATA *, SUPL_ADDITIONAL_ASSISTANCE_DATA *) -- 1474: pstGanssAsstData is NULL
2020-09-20 11:10:50.429 941-3342/? W/GNSS_CONTROL: static void SACommMgr::SAInjectAssistance(SUPL_GPS_ASSISTANCE_DATA *, SUPL_GANSS_ASSISTANCE_DATA *, SUPL_ADDITIONAL_ASSISTANCE_DATA *) -- 1483: pstAddlAsstData is NULL
2020-09-20 11:10:50.431 941-3342/? W/GNSS_CONTROL: static void SACommMgr::SAInjectAssistance(SUPL_GPS_ASSISTANCE_DATA *, SUPL_GANSS_ASSISTANCE_DATA *, SUPL_ADDITIONAL_ASSISTANCE_DATA *) -- 1465: pstGpsAssistanceData is NULL
2020-09-20 11:10:50.432 941-3342/? I/GNSS_CONTROL: static void SACommMgr::SAInjectGANSSAssistance(SUPL_GANSS_ASSISTANCE_DATA *) -- 2548: pstGanssAsstData->field_valid = 11
2020-09-20 11:10:50.432 941-3342/? I/GNSS_CONTROL: static void SACommMgr::SAInjectGANSSAssistance(SUPL_GANSS_ASSISTANCE_DATA *) -- 2551: ganss inject ref time
2020-09-20 11:10:50.432 941-3342/? I/GNSS_CONTROL: virtual AGNSS_STATUS_ENUM AgnssGul::OnMessage(AGNSSMessage *) -- 186: message is send to controller
2020-09-20 11:10:50.432 941-3342/? I/GNSS_CONTROL: void AgnssProxy::send_msg_2_ctrl(AGNSSMessage *) -- 365: message->cmd_id: 0x0000060d
2020-09-20 11:10:50.432 941-3342/? I/GNSS_CONTROL: static void SACommMgr::SAInjectGANSSAssistance(SUPL_GANSS_ASSISTANCE_DATA *) -- 2556: ganss inject ref location
2020-09-20 11:10:50.432 941-3342/? I/GNSS_CONTROL: virtual AGNSS_STATUS_ENUM AgnssGul::OnMessage(AGNSSMessage *) -- 186: message is send to controller
2020-09-20 11:10:50.432 941-3342/? I/GNSS_CONTROL: void AgnssProxy::send_msg_2_ctrl(AGNSSMessage *) -- 365: message->cmd_id: 0x0000060e
2020-09-20 11:10:50.432 941-3342/? I/GNSS_CONTROL: static void SACommMgr::SAInjectGANSSAssistance(SUPL_GANSS_ASSISTANCE_DATA *) -- 2566: ganss inject addl ionomodel
2020-09-20 11:10:50.432 941-3342/? I/GNSS_CONTROL: virtual AGNSS_STATUS_ENUM AgnssGul::OnMessage(AGNSSMessage *) -- 186: message is send to controller
2020-09-20 11:10:50.432 941-3342/? I/GNSS_CONTROL: void AgnssProxy::send_msg_2_ctrl(AGNSSMessage *) -- 365: message->cmd_id: 0x00000610
2020-09-20 11:10:50.432 941-3342/? I/GNSS_CONTROL: static void SACommMgr::SAInjectGANSSGenAssistance(SUPL_GANSS_GENERIC_ASSISTANCE_DATA *) -- 2593: pstGanssGenAsstData->field_valid = 107520
2020-09-20 11:10:50.432 941-3342/? I/GNSS_CONTROL: static void SACommMgr::SAInjectGANSSGenAssistance(SUPL_GANSS_GENERIC_ASSISTANCE_DATA *) -- 2622: ganss inject rti
2020-09-20 11:10:50.432 941-3342/? I/GNSS_CONTROL: static void SACommMgr::SAInjectGANSSGenAssistance(SUPL_GANSS_GENERIC_ASSISTANCE_DATA *) -- 2637: ganss inject alm
2020-09-20 11:10:50.432 941-3342/? I/GNSS_CONTROL: virtual AGNSS_STATUS_ENUM AgnssGul::OnMessage(AGNSSMessage *) -- 186: message is send to controller
2020-09-20 11:10:50.432 941-3342/? I/GNSS_CONTROL: void AgnssProxy::send_msg_2_ctrl(AGNSSMessage *) -- 365: message->cmd_id: 0x0000061a
2020-09-20 11:10:50.432 941-3342/? I/GNSS_CONTROL: static void SACommMgr::SAInjectGANSSGenAssistance(SUPL_GANSS_GENERIC_ASSISTANCE_DATA *) -- 2647: ganss inject addl utc model
2020-09-20 11:10:50.432 941-3342/? I/GNSS_CONTROL: virtual AGNSS_STATUS_ENUM AgnssGul::OnMessage(AGNSSMessage *) -- 186: message is send to controller
2020-09-20 11:10:50.432 941-3342/? I/GNSS_CONTROL: void AgnssProxy::send_msg_2_ctrl(AGNSSMessage *) -- 365: message->cmd_id: 0x0000061c
2020-09-20 11:10:50.432 941-3342/? I/GNSS_CONTROL: static void SACommMgr::SAInjectGANSSGenAssistance(SUPL_GANSS_GENERIC_ASSISTANCE_DATA *) -- 2652: ganss inject auxi info
2020-09-20 11:10:50.432 941-3342/? I/GNSS_CONTROL: virtual AGNSS_STATUS_ENUM AgnssGul::OnMessage(AGNSSMessage *) -- 186: message is send to controller
2020-09-20 11:10:50.432 941-3342/? I/GNSS_CONTROL: void AgnssProxy::send_msg_2_ctrl(AGNSSMessage *) -- 365: message->cmd_id: 0x0000061d
2020-09-20 11:10:50.432 941-3342/? W/GNSS_CONTROL: static void SACommMgr::SAInjectAssistance(SUPL_GPS_ASSISTANCE_DATA *, SUPL_GANSS_ASSISTANCE_DATA *, SUPL_ADDITIONAL_ASSISTANCE_DATA *) -- 1483: pstAddlAsstData is NULL
2020-09-20 11:10:50.456 941-960/? I/GNSS_CONTROL: static THREAD_HANDLE CtrlCommMgr::ProcessThreadProc(void *) -- 122: process cmd id:0x00000604
2020-09-20 11:10:50.456 941-960/? I/GNSS_CONTROL: virtual void CtrlFSMSISessionState::SUPLInjectRefTime(CtrlFSM &) -- 398: SUPLInjectRefTime cmd received by CtrlFSMSISessionState
2020-09-20 11:10:50.456 941-960/? I/GNSS_CONTROL: void EACommMgr::ProcessCtrlMessage(AGNSSMessage *) -- 226: EACommMgr::ProcessCtrlMessage:message->cmd_id:0x00000604
2020-09-20 11:10:50.456 941-960/? I/GNSS_CONTROL: virtual AGNSS_STATUS_ENUM_UINT32 EACommMgr::SendMsg2EA(AGNSSMessage *) -- 527: write msg to socket cmd_id is 0x00000604
2020-09-20 11:10:50.457 941-960/? I/GNSS_CONTROL: static THREAD_HANDLE CtrlCommMgr::ProcessThreadProc(void *) -- 122: process cmd id:0x00000605
2020-09-20 11:10:50.457 941-960/? I/GNSS_CONTROL: virtual void CtrlFSMSISessionState::SUPLInjectRefLocation(CtrlFSM &) -- 420: SUPLInjectRefLocation cmd received by CtrlFSMSISessionState
2020-09-20 11:10:50.457 941-960/? I/GNSS_CONTROL: void EACommMgr::ProcessCtrlMessage(AGNSSMessage *) -- 226: EACommMgr::ProcessCtrlMessage:message->cmd_id:0x00000605
2020-09-20 11:10:50.457 941-960/? I/GNSS_CONTROL: virtual AGNSS_STATUS_ENUM_UINT32 EACommMgr::SendMsg2EA(AGNSSMessage *) -- 527: write msg to socket cmd_id is 0x00000605
2020-09-20 11:10:50.457 941-960/? I/GNSS_CONTROL: static THREAD_HANDLE CtrlCommMgr::ProcessThreadProc(void *) -- 122: process cmd id:0x00000608
2020-09-20 11:10:50.457 941-960/? I/GNSS_CONTROL: virtual void CtrlFSMSISessionState::SUPLInjectIonospheric(CtrlFSM &) -- 442: SUPLInjectIonospheric cmd received by CtrlFSMSISessionState
2020-09-20 11:10:50.457 941-960/? I/GNSS_CONTROL: void EACommMgr::ProcessCtrlMessage(AGNSSMessage *) -- 226: EACommMgr::ProcessCtrlMessage:message->cmd_id:0x00000608
2020-09-20 11:10:50.457 941-960/? I/GNSS_CONTROL: virtual AGNSS_STATUS_ENUM_UINT32 EACommMgr::SendMsg2EA(AGNSSMessage *) -- 527: write msg to socket cmd_id is 0x00000608
2020-09-20 11:10:50.457 940-940/? I/GNSS_ENGINE: listen thread receive socket_data!
2020-09-20 11:10:50.457 941-960/? I/GNSS_CONTROL: static THREAD_HANDLE CtrlCommMgr::ProcessThreadProc(void *) -- 122: process cmd id:0x00000609
2020-09-20 11:10:50.457 941-960/? I/GNSS_CONTROL: virtual void CtrlFSMSISessionState::SUPLInjectUTCModel(CtrlFSM &) -- 464: SUPLInjectUTCModel cmd received by CtrlFSMSISessionState
2020-09-20 11:10:50.457 941-960/? I/GNSS_CONTROL: void EACommMgr::ProcessCtrlMessage(AGNSSMessage *) -- 226: EACommMgr::ProcessCtrlMessage:message->cmd_id:0x00000609
2020-09-20 11:10:50.457 941-960/? I/GNSS_CONTROL: virtual AGNSS_STATUS_ENUM_UINT32 EACommMgr::SendMsg2EA(AGNSSMessage *) -- 527: write msg to socket cmd_id is 0x00000609
2020-09-20 11:10:50.457 941-960/? I/GNSS_CONTROL: static THREAD_HANDLE CtrlCommMgr::ProcessThreadProc(void *) -- 122: process cmd id:0x00000607
2020-09-20 11:10:50.457 940-940/? I/GNSS_ENGINE: recv engineassist message cmd_id: 0x00000604
2020-09-20 11:10:50.457 941-960/? I/GNSS_CONTROL: virtual void CtrlFSMSISessionState::SUPLInjectNavModel(CtrlFSM &) -- 508: SUPLInjectNavModel cmd received by CtrlFSMSISessionState
2020-09-20 11:10:50.457 941-960/? I/GNSS_CONTROL: void EACommMgr::ProcessCtrlMessage(AGNSSMessage *) -- 226: EACommMgr::ProcessCtrlMessage:message->cmd_id:0x00000607
2020-09-20 11:10:50.457 941-960/? I/GNSS_CONTROL: virtual AGNSS_STATUS_ENUM_UINT32 EACommMgr::SendMsg2EA(AGNSSMessage *) -- 527: write msg to socket cmd_id is 0x00000607
2020-09-20 11:10:50.457 941-960/? I/GNSS_CONTROL: static THREAD_HANDLE CtrlCommMgr::ProcessThreadProc(void *) -- 122: process cmd id:0x0000060d
2020-09-20 11:10:50.457 941-960/? I/GNSS_CONTROL: virtual void CtrlFSMSISessionState::SUPLInjectGANSSRefTime(CtrlFSM &) -- 582: SUPLInjectGANSSRefTime cmd received by CtrlFSMSISessionState
2020-09-20 11:10:50.457 941-960/? I/GNSS_CONTROL: void EACommMgr::ProcessCtrlMessage(AGNSSMessage *) -- 226: EACommMgr::ProcessCtrlMessage:message->cmd_id:0x0000060d
2020-09-20 11:10:50.457 941-960/? I/GNSS_CONTROL: virtual AGNSS_STATUS_ENUM_UINT32 EACommMgr::SendMsg2EA(AGNSSMessage *) -- 527: write msg to socket cmd_id is 0x0000060d
2020-09-20 11:10:50.457 941-960/? I/GNSS_CONTROL: static THREAD_HANDLE CtrlCommMgr::ProcessThreadProc(void *) -- 122: process cmd id:0x0000060e
2020-09-20 11:10:50.457 941-960/? I/GNSS_CONTROL: virtual void CtrlFSMSISessionState::SUPLInjectGANSSRefLocation(CtrlFSM &) -- 590: SUPLInjectGANSSRefLocation cmd received by CtrlFSMSISessionState
2020-09-20 11:10:50.457 941-960/? I/GNSS_CONTROL: void EACommMgr::ProcessCtrlMessage(AGNSSMessage *) -- 226: EACommMgr::ProcessCtrlMessage:message->cmd_id:0x0000060e
2020-09-20 11:10:50.457 941-960/? I/GNSS_CONTROL: virtual AGNSS_STATUS_ENUM_UINT32 EACommMgr::SendMsg2EA(AGNSSMessage *) -- 527: write msg to socket cmd_id is 0x0000060e
2020-09-20 11:10:50.457 941-960/? I/GNSS_CONTROL: static THREAD_HANDLE CtrlCommMgr::ProcessThreadProc(void *) -- 122: process cmd id:0x00000610
2020-09-20 11:10:50.457 941-960/? I/GNSS_CONTROL: virtual void CtrlFSMSISessionState::SUPLInjectGANSSAddlIONO(CtrlFSM &) -- 606: SUPLInjectGANSSAddlIONO cmd received by CtrlFSMSISessionState
2020-09-20 11:10:50.457 941-960/? I/GNSS_CONTROL: void EACommMgr::ProcessCtrlMessage(AGNSSMessage *) -- 226: EACommMgr::ProcessCtrlMessage:message->cmd_id:0x00000610
2020-09-20 11:10:50.457 941-960/? I/GNSS_CONTROL: virtual AGNSS_STATUS_ENUM_UINT32 EACommMgr::SendMsg2EA(AGNSSMessage *) -- 527: write msg to socket cmd_id is 0x00000610
2020-09-20 11:10:50.457 941-960/? I/GNSS_CONTROL: static THREAD_HANDLE CtrlCommMgr::ProcessThreadProc(void *) -- 122: process cmd id:0x0000061a
2020-09-20 11:10:50.457 941-960/? I/GNSS_CONTROL: virtual void CtrlFSMSISessionState::SUPLInjectGANSSAlmanac(CtrlFSM &) -- 686: SUPLInjectGANSSAlmanac cmd received by CtrlFSMSISessionState
2020-09-20 11:10:50.457 941-960/? I/GNSS_CONTROL: void EACommMgr::ProcessCtrlMessage(AGNSSMessage *) -- 226: EACommMgr::ProcessCtrlMessage:message->cmd_id:0x0000061a
2020-09-20 11:10:50.457 941-960/? I/GNSS_CONTROL: virtual AGNSS_STATUS_ENUM_UINT32 EACommMgr::SendMsg2EA(AGNSSMessage *) -- 527: write msg to socket cmd_id is 0x0000061a
2020-09-20 11:10:50.457 941-960/? I/GNSS_CONTROL: static THREAD_HANDLE CtrlCommMgr::ProcessThreadProc(void *) -- 122: process cmd id:0x0000061c
2020-09-20 11:10:50.457 941-960/? I/GNSS_CONTROL: virtual void CtrlFSMSISessionState::SUPLInjectGANSSAddlUTCModel(CtrlFSM &) -- 702: SUPLInjectGANSSAddlUTCModel cmd received by CtrlFSMSISessionState
2020-09-20 11:10:50.457 941-960/? I/GNSS_CONTROL: void EACommMgr::ProcessCtrlMessage(AGNSSMessage *) -- 226: EACommMgr::ProcessCtrlMessage:message->cmd_id:0x0000061c
2020-09-20 11:10:50.457 941-960/? I/GNSS_CONTROL: virtual AGNSS_STATUS_ENUM_UINT32 EACommMgr::SendMsg2EA(AGNSSMessage *) -- 527: write msg to socket cmd_id is 0x0000061c
2020-09-20 11:10:50.457 941-960/? I/GNSS_CONTROL: static THREAD_HANDLE CtrlCommMgr::ProcessThreadProc(void *) -- 122: process cmd id:0x0000061d
2020-09-20 11:10:50.457 941-960/? I/GNSS_CONTROL: virtual void CtrlFSMSISessionState::SUPLInjectGANSSAuxi(CtrlFSM &) -- 710: SUPLInjectGANSSAuxi cmd received by CtrlFSMSISessionState
2020-09-20 11:10:50.457 941-960/? I/GNSS_CONTROL: void EACommMgr::ProcessCtrlMessage(AGNSSMessage *) -- 226: EACommMgr::ProcessCtrlMessage:message->cmd_id:0x0000061d
2020-09-20 11:10:50.457 941-960/? I/GNSS_CONTROL: virtual AGNSS_STATUS_ENUM_UINT32 EACommMgr::SendMsg2EA(AGNSSMessage *) -- 527: write msg to socket cmd_id is 0x0000061d
2020-09-20 11:10:50.461 1255-1255/? I/TrafficMonitor: expired arrive. level:-1
2020-09-20 11:10:50.462 1255-1255/? I/TrafficMonitor: update:rxPkts:22,txPkts:30,rxBytes:7783,txBytes:3485
2020-09-20 11:10:50.462 1255-1255/? I/TrafficMonitor: start expired. level:-1
2020-09-20 11:10:50.462 1255-1255/? I/TrafficMonitor: gettimer:interval=2000
2020-09-20 11:10:50.462 1255-1255/? I/TrafficMonitor: during_ms:5001,period_ms:2000
2020-09-20 11:10:50.462 1255-1255/? I/TrafficMonitor: count:287,rx_sum:22,tx_sum:30,rxBytes:7783,during_ms:5001,rx_speed:1556.2887422515496,tx_speed:696.8606278744251,rto:0.7333333333333333
2020-09-20 11:10:50.693 940-14671/? I/GNSS_ENGINE: ------->>>read device data, the size is 6152
2020-09-20 11:10:50.694 940-14667/? I/GNSS_ENGINE: calculate thread:host engine state: 0x4
2020-09-20 11:10:50.694 940-14667/? I/GNSS_ENGINE: enter the device measure data wait function!
2020-09-20 11:10:50.694 940-14667/? I/GNSS_ENGINE: The begin time is 2020-09-20 08-10-50.694210
2020-09-20 11:10:50.695 940-14667/? I/GNSS_ENGINE: $RCVRTIME,2,76,29446.0400000000,1,0
2020-09-20 11:10:50.695 940-14667/? I/GNSS_ENGINE: process bb data, number of raw_measurment: 0
2020-09-20 11:10:50.695 940-14667/? I/GNSS_ENGINE: number_valid_ggbq_ephemeris: 30, ffbfdfff, 16, 5bf6e3, 0, 0, 0, 0
2020-09-20 11:10:50.695 940-14667/? I/GNSS_ENGINE: number_valid_ggbq_almanac: 25, 24, 28, 0
2020-09-20 11:10:50.700 940-14667/? W/GNSS_ENGINE: [LSQ] Calculate failed!
2020-09-20 11:10:50.700 940-14667/? I/GNSS_ENGINE: doppler bias:389.000000
2020-09-20 11:10:50.700 940-14667/? I/GNSS_ENGINE: 32, 1, 0, 0, 0, 1, 5, 0, 0, 82.958869, 71.481761, 1023, -708.001770, -708.001770, -708, 3, 1, 0, 0, 0, 0
2020-09-20 11:10:50.700 940-14667/? I/GNSS_ENGINE: 14, 1, 0, 0, 0, 1, 5, 0, 0, 146.049766, 69.855797, 63, 385.999207, 385.999207, 385, 3, 1, 0, 0, 0, 0
2020-09-20 11:10:50.700 940-14667/? I/GNSS_ENGINE: 16, 1, 0, 0, 0, 1, 5, 0, 0, 260.389991, 43.575380, 75, -651.003113, -651.003113, -651, 3, 1, 0, 0, 0, 0
2020-09-20 11:10:50.701 940-14667/? I/GNSS_ENGINE: 26, 1, 0, 0, 0, 1, 5, 0, 0, 207.187239, 42.828743, 75, -1896.001587, -1896.001587, -1896, 3, 1, 0, 0, 0, 0
2020-09-20 11:10:50.701 940-14667/? I/GNSS_ENGINE: 27, 1, 0, 0, 0, 1, 5, 0, 0, 341.003687, 40.318423, 75, 2335.998291, 2335.998291, 2336, 3, 1, 0, 0, 0, 0
2020-09-20 11:10:50.701 940-14667/? I/GNSS_ENGINE: 31, 1, 0, 0, 0, 1, 5, 0, 0, 169.463409, 26.043636, 1023, 605.999878, 605.999878, 606, 3, 1, 0, 0, 0, 0
2020-09-20 11:10:50.701 940-14667/? I/GNSS_ENGINE: 10, 1, 0, 0, 0, 1, 5, 0, 0, 8.706355, 24.885552, 1023, -2826.000244, -2826.000244, -2825, 3, 1, 0, 0, 0, 0
2020-09-20 11:10:50.701 940-14667/? I/GNSS_ENGINE: 21, 1, 0, 0, 0, 1, 5, 0, 0, 338.124996, 15.055616, 75, 644.996277, 644.996277, 645, 3, 1, 0, 0, 0, 0
2020-09-20 11:10:50.701 940-14667/? I/GNSS_ENGINE: 22, 1, 0, 0, 0, 1, 5, 0, 0, 255.689027, 14.933474, 75, 513.997131, 513.997131, 513, 3, 1, 0, 0, 0, 0
2020-09-20 11:10:50.701 940-14667/? I/GNSS_ENGINE: 29, 1, 0, 0, 0, 1, 5, 0, 0, 137.699779, 11.820743, 1023, -3368.003418, -3368.003418, -3369, 3, 1, 0, 0, 0, 0
2020-09-20 11:10:50.701 940-14667/? I/GNSS_ENGINE: 18, 1, 0, 0, 0, 1, 5, 0, 0, 70.623328, 11.471282, 75, -301.003784, -301.003784, -301, 3, 1, 0, 0, 0, 0
2020-09-20 11:10:50.701 940-14667/? I/GNSS_ENGINE: 8, 1, 0, 0, 0, 1, 5, 0, 0, 329.883685, 8.800279, 75, 2994.999756, 2994.999756, 2995, 3, 1, 0, 0, 0, 0
2020-09-20 11:10:50.701 940-14667/? I/GNSS_ENGINE: 70, 1, 0, 0, 0, 1, 5, 0, 0, 339.146793, 61.881675, 262, -2466.006104, -2466.006104, -2466, 3, 1, 0, 0, 0, 0
2020-09-20 11:10:50.701 940-14667/? I/GNSS_ENGINE: 71, 1, 0, 0, 0, 1, 5, 0, 0, 231.401482, 47.103004, 262, 1400.993164, 1400.993164, 1400, 3, 1, 0, 0, 0, 0
2020-09-20 11:10:50.701 940-14667/? I/GNSS_ENGINE: 84, 1, 0, 0, 0, 1, 5, 0, 0, 36.856545, 34.972751, 262, 2011.993408, 2011.993408, 2012, 3, 1, 0, 0, 0, 0
2020-09-20 11:10:50.701 940-14667/? I/GNSS_ENGINE: 83, 1, 0, 0, 0, 1, 5, 0, 0, 97.698695, 29.013707, 262, -466.014252, -466.014252, -466, 3, 1, 0, 0, 0, 0
2020-09-20 11:10:50.701 940-14667/? I/GNSS_ENGINE: 69, 1, 0, 0, 0, 1, 5, 0, 0, 16.562475, 16.523053, 262, -4497.008301, -4497.008301, -4497, 3, 1, 0, 0, 0, 0
2020-09-20 11:10:50.701 940-14667/? I/GNSS_ENGINE: 81, 1, 0, 0, 0, 1, 5, 0, 0, 183.378958, 14.133198, 262, -1584.012085, -1584.012085, -1584, 3, 1, 0, 0, 0, 0
2020-09-20 11:10:50.701 940-14667/? I/GNSS_ENGINE: 82, 1, 0, 0, 0, 1, 5, 0, 0, 237.182234, 12.004723, 262, -1031.006226, -1031.006226, -1031, 3, 1, 0, 0, 0, 0
2020-09-20 11:10:50.701 940-14667/? I/GNSS_ENGINE: 85, 1, 0, 0, 0, 1, 5, 0, 0, 352.155241, 10.475484, 262, 2899.996094, 2899.996094, 2900, 3, 1, 0, 0, 0, 0
2020-09-20 11:10:50.701 940-14667/? I/GNSS_ENGINE: 90, 1, 0, 0, 0, 0, 5, 0, 0, 135.988748, -0.976307, 262, 0.000000, 0.000000, 0, 3, 1, 0, 0, 0, 0
2020-09-20 11:10:50.701 940-14667/? I/GNSS_ENGINE: 80, 1, 0, 0, 0, 0, 5, 0, 0, 138.786380, -2.108554, 262, 0.000000, 0.000000, 0, 3, 1, 0, 0, 0, 0
2020-09-20 11:10:50.701 940-14667/? I/GNSS_ENGINE: 72, 1, 0, 0, 0, 0, 5, 0, 0, 209.268360, -3.977742, 262, 0.000000, 0.000000, 0, 3, 1, 0, 0, 0, 0
2020-09-20 11:10:50.701 940-14667/? I/GNSS_ENGINE: 75, 1, 0, 0, 0, 0, 5, 0, 0, 281.325468, -7.759236, 262, 0.000000, 0.000000, 0, 3, 1, 0, 0, 0, 0
2020-09-20 11:10:50.701 940-14667/? I/GNSS_ENGINE: ota_run: 0, scene change: 1, base_svid: 0, init tran time: 0, strong_flag: 0, predict_valid: 0
2020-09-20 11:10:50.702 940-14667/? I/GNSS_ENGINE: scene changed!!!
2020-09-20 11:10:50.702 940-14667/? I/GNSS_ENGINE: [CMD] ADD_CHANNEL: 23, 1, 0, 267808442, 7, 7, 1, -2893.002564, 0, 3
2020-09-20 11:10:50.702 940-14667/? I/GNSS_ENGINE: [CMD] SET_CHANNEL: 32, 1, 0, 268282407, 3, 3, 2, -708.001759
2020-09-20 11:10:50.702 940-14667/? I/GNSS_ENGINE: [CMD] SET_CHANNEL: 16, 1, 0, 268294771, 3, 3, 2, -651.003141
2020-09-20 11:10:50.702 940-14667/? I/GNSS_ENGINE: [CMD] SET_CHANNEL: 26, 1, 0, 268024709, 3, 3, 2, -1896.001585
2020-09-20 11:10:50.702 940-14667/? I/GNSS_ENGINE: [CMD] SET_CHANNEL: 27, 1, 0, 268942704, 3, 3, 2, 2335.998276
2020-09-20 11:10:50.702 940-14667/? I/GNSS_ENGINE: [CMD] SET_CHANNEL: 31, 1, 0, 268567437, 3, 3, 2, 605.999865
2020-09-20 11:10:50.702 940-14667/? I/GNSS_ENGINE: [CMD] SET_CHANNEL: 10, 1, 0, 267823192, 3, 3, 2, -2825.004375
2020-09-20 11:10:50.702 940-14667/? I/GNSS_ENGINE: [CMD] SET_CHANNEL: 21, 1, 0, 268575896, 3, 3, 2, 644.996250
2020-09-20 11:10:50.702 940-14667/? I/GNSS_ENGINE: [CMD] SET_CHANNEL: 22, 1, 0, 268547263, 3, 3, 2, 512.996782
2020-09-20 11:10:50.702 940-14667/? I/GNSS_ENGINE: [CMD] SET_CHANNEL: 29, 1, 0, 267705189, 3, 3, 2, -3369.003721
2020-09-20 11:10:50.702 940-14667/? I/GNSS_ENGINE: [CMD] SET_CHANNEL: 18, 1, 0, 268370692, 3, 3, 2, -301.003782
2020-09-20 11:10:50.702 940-14667/? I/GNSS_ENGINE: [CMD] SET_CHANNEL: 8, 1, 0, 269085653, 3, 3, 2, 2994.999848
2020-09-20 11:10:50.702 940-14667/? I/GNSS_ENGINE: [CMD] DEL_CHANNEL: 2, 1, 1
2020-09-20 11:10:50.702 940-14667/? I/GNSS_ENGINE: [CMD] DEL_CHANNEL: -7, 1, 1
2020-09-20 11:10:50.702 940-14667/? I/GNSS_ENGINE: [CMD] DEL_CHANNEL: -4, 1, 1
2020-09-20 11:10:50.702 940-14667/? I/GNSS_ENGINE: [CMD] DEL_CHANNEL: -2, 1, 1
2020-09-20 11:10:50.702 940-14667/? I/GNSS_ENGINE: [CMD] SET_CHANNEL: -3, 1, 1, 177054183, 3, 3, 2, 2011.993434
2020-09-20 11:10:50.702 940-14667/? I/GNSS_ENGINE: [CMD] SET_CHANNEL: 4, 1, 1, 433126771, 3, 3, 2, -466.014259
2020-09-20 11:10:50.702 940-14667/? I/GNSS_ENGINE: [CMD] SET_CHANNEL: 0, 1, 1, 286634677, 3, 3, 2, -1584.012061
2020-09-20 11:10:50.702 940-14667/? I/GNSS_ENGINE: [CMD] SET_CHANNEL: -1, 1, 1, 250065829, 3, 3, 2, -1031.006221
2020-09-20 11:10:50.702 940-14667/? I/GNSS_ENGINE: [CMD] SET DOPPLER BIAS: -84380
2020-09-20 11:10:50.702 940-14667/? I/GNSS_ENGINE: write device BFG tty data OK, the size is 243
2020-09-20 11:10:50.702 940-14667/? I/GNSS_ENGINE: [INTERCEPT-INFO] amount: 0, interval: 0, hor_acc: 0, ver_acc: 0
2020-09-20 11:10:50.703 940-14667/? I/GNSS_ENGINE: num: 0
2020-09-20 11:10:50.703 940-14667/? I/GNSS_ENGINE: SPP is unavailable...
2020-09-20 11:10:50.708 940-14671/? I/GNSS_ENGINE: ------->>>read device ack, the size is 8, data_type: 2
2020-09-20 11:10:50.708 940-14667/? I/GNSS_ENGINE: calculate thread receive the device ack!
2020-09-20 11:10:50.708 940-14667/? I/GNSS_ENGINE: wk:29446.040000, locflag:0, loctype:0, pgh_dop:100.000000,100.000000,100.000000, ems:0.000000, qop:60.000000, speed:0.000000, course:0.000000, version_mode: 2
2020-09-20 11:10:50.709 940-14667/? I/GNSS_ENGINE: calculate thread: enter start while
2020-09-20 11:10:50.830 1255-1870/? I/SendBroadcastPermission: action:huawei.intent.action.APP_KILLED_FOR_KARAOKE_ACTION, mPermissionType:0
2020-09-20 11:10:50.839 1255-1870/? I/SendBroadcastPermission: action:huawei.intent.action.APP_KILLED_FOR_KARAOKE_ACTION, mPermissionType:0
2020-09-20 11:10:50.889 21508-21508/? I/art: Rejecting re-init on previously-failed class java.lang.Class<android.support.v4.view.ViewCompat$OnUnhandledKeyEventListenerWrapper>: java.lang.NoClassDefFoundError: Failed resolution of: Landroid/view/View$OnUnhandledKeyEventListener;
2020-09-20 11:10:50.889 21508-21508/? I/art:     at void android.support.v7.widget.ActionBarContainer.<init>(android.content.Context, android.util.AttributeSet) (ActionBarContainer.java:62)
2020-09-20 11:10:50.889 21508-21508/? I/art:     at java.lang.Object java.lang.reflect.Constructor.newInstance0!(java.lang.Object[]) (Constructor.java:-2)
2020-09-20 11:10:50.889 21508-21508/? I/art:     at java.lang.Object java.lang.reflect.Constructor.newInstance(java.lang.Object[]) (Constructor.java:430)
2020-09-20 11:10:50.889 21508-21508/? I/art:     at android.view.View android.view.LayoutInflater.createView(java.lang.String, java.lang.String, android.util.AttributeSet) (LayoutInflater.java:656)
2020-09-20 11:10:50.889 21508-21508/? I/art:     at android.view.View android.view.LayoutInflater.createViewFromTag(android.view.View, java.lang.String, android.content.Context, android.util.AttributeSet, boolean) (LayoutInflater.java:798)
2020-09-20 11:10:50.889 21508-21508/? I/art:     at android.view.View android.view.LayoutInflater.createViewFromTag(android.view.View, java.lang.String, android.content.Context, android.util.AttributeSet) (LayoutInflater.java:738)
2020-09-20 11:10:50.889 21508-21508/? I/art:     at void android.view.LayoutInflater.rInflate(org.xmlpull.v1.XmlPullParser, android.view.View, android.content.Context, android.util.AttributeSet, boolean) (LayoutInflater.java:869)
2020-09-20 11:10:50.889 21508-21508/? I/art:     at void android.view.LayoutInflater.rInflateChildren(org.xmlpull.v1.XmlPullParser, android.view.View, android.util.AttributeSet, boolean) (LayoutInflater.java:832)
2020-09-20 11:10:50.889 21508-21508/? I/art:     at android.view.View android.view.LayoutInflater.inflate(org.xmlpull.v1.XmlPullParser, android.view.ViewGroup, boolean) (LayoutInflater.java:518)
2020-09-20 11:10:50.889 21508-21508/? I/art:     at android.view.View android.view.LayoutInflater.inflate(int, android.view.ViewGroup, boolean) (LayoutInflater.java:426)
2020-09-20 11:10:50.889 21508-21508/? I/art:     at android.view.View android.view.LayoutInflater.inflate(int, android.view.ViewGroup) (LayoutInflater.java:377)
2020-09-20 11:10:50.889 21508-21508/? I/art:     at android.view.ViewGroup android.support.v7.app.AppCompatDelegateImpl.createSubDecor() (AppCompatDelegateImpl.java:607)
2020-09-20 11:10:50.889 21508-21508/? I/art:     at void android.support.v7.app.AppCompatDelegateImpl.ensureSubDecor() (AppCompatDelegateImpl.java:518)
2020-09-20 11:10:50.889 21508-21508/? I/art:     at void android.support.v7.app.AppCompatDelegateImpl.initWindowDecorActionBar() (AppCompatDelegateImpl.java:319)
2020-09-20 11:10:50.889 21508-21508/? I/art:     at android.support.v7.app.ActionBar android.support.v7.app.AppCompatDelegateImpl.getSupportActionBar() (AppCompatDelegateImpl.java:306)
2020-09-20 11:10:50.889 21508-21508/? I/art:     at android.support.v7.app.ActionBar android.support.v7.app.AppCompatActivity.getSupportActionBar() (AppCompatActivity.java:110)
2020-09-20 11:10:50.889 21508-21508/? I/art:     at void com.zhuoting.health.BaseActivity.onCreate(android.os.Bundle) (BaseActivity.java:34)
2020-09-20 11:10:50.889 21508-21508/? I/art:     at void com.zhuoting.health.login.LoginActivity.onCreate(android.os.Bundle) (LoginActivity.java:54)
2020-09-20 11:10:50.889 21508-21508/? I/art:     at void android.app.Activity.performCreate(android.os.Bundle) (Activity.java:6915)
2020-09-20 11:10:50.889 21508-21508/? I/art:     at void android.app.Instrumentation.callActivityOnCreate(android.app.Activity, android.os.Bundle) (Instrumentation.java:1123)
2020-09-20 11:10:50.889 21508-21508/? I/art:     at android.app.Activity android.app.ActivityThread.performLaunchActivity(android.app.ActivityThread$ActivityClientRecord, android.content.Intent) (ActivityThread.java:2746)
2020-09-20 11:10:50.889 21508-21508/? I/art:     at void android.app.ActivityThread.handleLaunchActivity(android.app.ActivityThread$ActivityClientRecord, android.content.Intent, java.lang.String) (ActivityThread.java:2864)
2020-09-20 11:10:50.889 21508-21508/? I/art:     at void android.app.ActivityThread.-wrap12(android.app.ActivityThread, android.app.ActivityThread$ActivityClientRecord, android.content.Intent, java.lang.String) (ActivityThread.java:-1)
2020-09-20 11:10:50.889 21508-21508/? I/art:     at void android.app.ActivityThread$H.handleMessage(android.os.Message) (ActivityThread.java:1567)
2020-09-20 11:10:50.889 21508-21508/? I/art:     at void android.os.Handler.dispatchMessage(android.os.Message) (Handler.java:105)
2020-09-20 11:10:50.889 21508-21508/? I/art:     at void android.os.Looper.loop() (Looper.java:156)
2020-09-20 11:10:50.889 21508-21508/? I/art:     at void android.app.ActivityThread.main(java.lang.String[]) (ActivityThread.java:6517)
2020-09-20 11:10:50.889 21508-21508/? I/art:     at java.lang.Object java.lang.reflect.Method.invoke!(java.lang.Object, java.lang.Object[]) (Method.java:-2)
2020-09-20 11:10:50.889 21508-21508/? I/art:     at void com.android.internal.os.ZygoteInit$MethodAndArgsCaller.run() (ZygoteInit.java:942)
2020-09-20 11:10:50.889 21508-21508/? I/art:     at void com.android.internal.os.ZygoteInit.main(java.lang.String[]) (ZygoteInit.java:832)
2020-09-20 11:10:50.889 21508-21508/? I/art: Caused by: java.lang.ClassNotFoundException: Didn't find class "android.view.View$OnUnhandledKeyEventListener" on path: DexPathList[[zip file "/system/framework/com.google.android.maps.jar", zip file "/data/app/com.zhuoting.healthd-1/base.apk"],nativeLibraryDirectories=[/data/app/com.zhuoting.healthd-1/lib/arm64, /data/app/com.zhuoting.healthd-1/base.apk!/lib/arm64-v8a, /system/lib64, /vendor/lib64, /system/vendor/lib64, /product/lib64]]
2020-09-20 11:10:50.889 21508-21508/? I/art:     at java.lang.Class dalvik.system.BaseDexClassLoader.findClass(java.lang.String) (BaseDexClassLoader.java:56)
2020-09-20 11:10:50.889 21508-21508/? I/art:     at java.lang.Class java.lang.ClassLoader.loadClass(java.lang.String, boolean) (ClassLoader.java:380)
2020-09-20 11:10:50.889 21508-21508/? I/art:     at java.lang.Class java.lang.ClassLoader.loadClass(java.lang.String) (ClassLoader.java:312)
2020-09-20 11:10:50.889 21508-21508/? I/art:     at void android.support.v7.widget.ActionBarContainer.<init>(android.content.Context, android.util.AttributeSet) (ActionBarContainer.java:62)
2020-09-20 11:10:50.889 21508-21508/? I/art:     at java.lang.Object java.lang.reflect.Constructor.newInstance0!(java.lang.Object[]) (Constructor.java:-2)
2020-09-20 11:10:50.889 21508-21508/? I/art:     at java.lang.Object java.lang.reflect.Constructor.newInstance(java.lang.Object[]) (Constructor.java:430)
2020-09-20 11:10:50.889 21508-21508/? I/art:     at android.view.View android.view.LayoutInflater.createView(java.lang.String, java.lang.String, android.util.AttributeSet) (LayoutInflater.java:656)
2020-09-20 11:10:50.889 21508-21508/? I/art:     at android.view.View android.view.LayoutInflater.createViewFromTag(android.view.View, java.lang.String, android.content.Context, android.util.AttributeSet, boolean) (LayoutInflater.java:798)
2020-09-20 11:10:50.889 21508-21508/? I/art:     at android.view.View android.view.LayoutInflater.createViewFromTag(android.view.View, java.lang.String, android.content.Context, android.util.AttributeSet) (LayoutInflater.java:738)
2020-09-20 11:10:50.889 21508-21508/? I/art:     at void android.view.LayoutInflater.rInflate(org.xmlpull.v1.XmlPullParser, android.view.View, android.content.Context, android.util.AttributeSet, boolean) (LayoutInflater.java:869)
2020-09-20 11:10:50.889 21508-21508/? I/art:     at void android.view.LayoutInflater.rInflateChildren(org.xmlpull.v1.XmlPullParser, android.view.View, android.util.AttributeSet, boolean) (LayoutInflater.java:832)
2020-09-20 11:10:50.889 21508-21508/? I/art:     at android.view.View android.view.LayoutInflater.inflate(org.xmlpull.v1.XmlPullParser, android.view.ViewGroup, boolean) (LayoutInflater.java:518)
2020-09-20 11:10:50.889 21508-21508/? I/art:     at android.view.View android.view.LayoutInflater.inflate(int, android.view.ViewGroup, boolean) (LayoutInflater.java:426)
2020-09-20 11:10:50.889 21508-21508/? I/art:     at android.view.View android.view.LayoutInflater.inflate(int, android.view.ViewGroup) (LayoutInflater.java:377)
2020-09-20 11:10:50.889 21508-21508/? I/art:     at android.view.ViewGroup android.support.v7.app.AppCompatDelegateImpl.createSubDecor() (AppCompatDelegateImpl.java:607)
2020-09-20 11:10:50.889 21508-21508/? I/art:     at void android.support.v7.app.AppCompatDelegateImpl.ensureSubDecor() (AppCompatDelegateImpl.java:518)
2020-09-20 11:10:50.889 21508-21508/? I/art:     at void android.support.v7.app.AppCompatDelegateImpl.initWindowDecorActionBar() (AppCompatDelegateImpl.java:319)
2020-09-20 11:10:50.889 21508-21508/? I/art:     at android.support.v7.app.ActionBar android.support.v7.app.AppCompatDelegateImpl.getSupportActionBar() (AppCompatDelegateImpl.java:306)
