2020-09-20 11:10:48.457 1255-1255/? I/MQoS: onSignal: mSubId=1,currDataSubID=0
2020-09-20 11:10:48.457 1255-1255/? I/MQoS: received cell-signal:5
2020-09-20 11:10:48.458 1255-4252/? I/SendBroadcastPermission: action:android.intent.action.SIG_STR, mPermissionType:0
2020-09-20 11:10:48.469 1555-1662/? I/HwMobileSignalController: subId:1 phoneType:1 networktype:2 targetClass:1 masterLevel:5 slaveLevel:-1
2020-09-20 11:10:48.651 1255-1373/? I/HwFingersSnapshooter: handleMotionEvent first finger(0) touch down at (845.0,683.0)
2020-09-20 11:10:48.653 2503-2503/? I/HwLauncher: FPSMonitor  [Launcher , dispatchTouchEvent begin, false, true] down event  x = 845 y = 683
2020-09-20 11:10:48.654 2503-2503/? I/HwLauncher: Launcher workspaceTranslationX = 0.0
2020-09-20 11:10:48.654 2503-2503/? I/HwSecImmHelper: mSecurityInputMethodService is null
2020-09-20 11:10:48.656 2503-2503/? I/HwLauncher: FPSMonitor  [Launcher , dispatchTouchEvent end, false, true] down event  x = 845 y = 683
2020-09-20 11:10:48.716 1255-1373/? I/HwFingersSnapshooter: handleMotionEvent last finger(0) up 
2020-09-20 11:10:48.716 1255-1269/? W/HwPolicyFactoryImpl: mAware is disable
2020-09-20 11:10:48.716 2503-2503/? I/HwLauncher: FPSMonitor  [Launcher , dispatchTouchEvent begin, false, true] up event  x = 845 y = 683
2020-09-20 11:10:48.717 2503-2503/? I/HwLauncher: FPSMonitor  [Launcher , dispatchTouchEvent end, false, true] up event  x = 845 y = 683
2020-09-20 11:10:48.718 2503-2503/? I/HwLauncher: Launcher onclick begin com.huawei.android.launcher.BubbleTextView{6becf91 VFED..CL. ...P..ID 0,0-237,257 #7f080032 app:id/drawer_icon}
2020-09-20 11:10:48.719 2503-2503/? I/HwLauncher: Launcher.Utilities  startActivitySafely useLaunchAnimation = true
2020-09-20 11:10:48.719 2503-2503/? I/HwLauncher: Launcher.Utilities  startActivitySafely begin startActivity() for current user
2020-09-20 11:10:48.741 1555-1555/? I/NetworkSpeedManagerEx: mIsStop = false
2020-09-20 11:10:48.743 1555-1555/? I/NetworkSpeedManagerEx: value=0.0speed = 0K/s
2020-09-20 11:10:48.743 1555-1555/? I/NetworkSpeedView: /update(), speed=0K/s parent class:class com.android.systemui.statusbar.HwSystemIcons
2020-09-20 11:10:48.768 1555-1555/? I/NetworkSpeedManagerEx: mIsStop = false
2020-09-20 11:10:48.769 1555-1555/? I/NetworkSpeedManagerEx: value=0.0speed = 0K/s
2020-09-20 11:10:48.769 1555-1555/? I/NetworkSpeedView: /update(), speed=0K/s parent class:class com.android.systemui.statusbar.HwSystemIcons
2020-09-20 11:10:48.778 2503-2503/? I/HwLauncher: Launcher.Utilities  startActivitySafely end startActivity() for current user
2020-09-20 11:10:48.778 2503-2503/? I/HwLauncher: Launcher this view's parent is not SearchGridView , so no need to reportRecentApp.
2020-09-20 11:10:48.779 2503-2503/? I/HwLauncher: Launcher onclick end
2020-09-20 11:10:48.780 2503-2503/? I/HwLauncher: Launcher onPause()
2020-09-20 11:10:48.783 2503-21507/? I/HwLauncher: Launcher.MotionManager stopMotionAppsReco begin,mFlg = 403
2020-09-20 11:10:48.784 2503-21507/? W/HwLauncher: Launcher.MotionManager stopMotionAppsReco service flg 403 is unavailable
2020-09-20 11:10:48.790 1255-2553/? I/SendBroadcastPermission: action:huawei.intent.action.APP_KILLED_FOR_KARAOKE_ACTION, mPermissionType:0
2020-09-20 11:10:48.810 21508-21508/? I/art: Reinit property: dalvik.vm.checkjni= false
2020-09-20 11:10:48.819 1255-1277/? E/HW-JPEG-DEC: [HME_JPEG_DEC_Delete](3321): HME_JPEG_DEC_Delete: decoder_ctx=null
2020-09-20 11:10:48.856 1255-1277/? I/HwPointEventFilter: do not support AFT because of no config
2020-09-20 11:10:48.872 1255-1927/? I/SendBroadcastPermission: action:huawei.intent.action.APP_KILLED_FOR_KARAOKE_ACTION, mPermissionType:0
2020-09-20 11:10:48.890 412-1720/? I/gralloc: alloc_device_alloc:564: Alloc handle(0x708162e800): interfmt=1, stride=64, size=4096, usage=0x100
2020-09-20 11:10:48.896 412-1720/? I/gralloc: alloc_device_free:586: Free handle(0x708162e800)
2020-09-20 11:10:48.921 412-423/? I/gralloc: alloc_device_alloc:564: Alloc handle(0x7081638300): interfmt=1, stride=1088, size=8355840, usage=0x933
2020-09-20 11:10:48.924 1255-30336/? E/HsmCoreServiceImpl: onTransact in code is: 103
2020-09-20 11:10:48.924 1255-30336/? I/MediaProcessHandler: playingUids: 
2020-09-20 11:10:48.936 21508-21508/? I/art: Starting a blocking GC AddRemoveAppImageSpace
2020-09-20 11:10:48.981 1555-1555/? I/HwResourcesImpl: load icon id : 7f0b0000, pkgName : com.intelligentso.gattdebug
2020-09-20 11:10:48.982 1555-1555/? W/CfgFilePolicy: No config file found for:/themes/diff/icons
2020-09-20 11:10:48.982 1555-1555/? W/CfgFilePolicy: CFG_DIRS length : 11
2020-09-20 11:10:48.983 1555-1555/? I/HwResourcesImpl: icon : com.intelligentso.gattdebug found in app
2020-09-20 11:10:48.986 1555-1555/? E/HW-JPEG-DEC: [HME_JPEG_DEC_Delete](3321): HME_JPEG_DEC_Delete: decoder_ctx=null
2020-09-20 11:10:49.014 21508-21508/? I/MultiDex: VM with version 2.1.0 has multidex support
2020-09-20 11:10:49.014 21508-21508/? I/MultiDex: Installing application
2020-09-20 11:10:49.014 21508-21508/? I/MultiDex: VM has multidex support, MultiDex support library is disabled.
2020-09-20 11:10:49.019 556-579/? W/JankService: virtual bool android::JankManualDumpLogAnalyser::processEntry(android::LogEntry *, int, bool), not beta version or commercial log off
2020-09-20 11:10:49.032 1255-1264/? I/art: Background partial concurrent mark sweep GC freed 10339(783KB) AllocSpace objects, 2(148KB) LOS objects, 7% free, 51MB/55MB, paused 3.722ms total 208.455ms
2020-09-20 11:10:49.036 412-425/? I/gralloc: alloc_device_free:586: Free handle(0x708165e300)
2020-09-20 11:10:49.036 412-425/? I/gralloc: alloc_device_free:586: Free handle(0x708162ea00)
2020-09-20 11:10:49.045 1555-1555/? W/HwKeyguardDragHelper: AnimationBlocked
2020-09-20 11:10:49.058 21508-21508/? E/Heal: onCreate
2020-09-20 11:10:49.106 21508-21508/? I/HwCust: Constructor found for class android.app.HwCustActivityImpl
2020-09-20 11:10:49.115 21508-21523/? I/art: Rejecting re-init on previously-failed class java.lang.Class<com.amap.api.col.sl3.nx$a>: java.lang.NoClassDefFoundError: Failed resolution of: Landroid/telephony/TelephonyManager$CellInfoCallback;
2020-09-20 11:10:49.115 21508-21523/? I/art:     at void com.amap.api.col.sl3.d$b.onLooperPrepared() (AmapLocationManager.java:1490)
2020-09-20 11:10:49.115 21508-21523/? I/art:     at void android.os.HandlerThread.run() (HandlerThread.java:60)
2020-09-20 11:10:49.115 21508-21523/? I/art:     at void com.amap.api.col.sl3.d$b.run() (AmapLocationManager.java:1506)
2020-09-20 11:10:49.115 21508-21523/? I/art: Caused by: java.lang.ClassNotFoundException: Didn't find class "android.telephony.TelephonyManager$CellInfoCallback" on path: DexPathList[[zip file "/system/framework/com.google.android.maps.jar", zip file "/data/app/com.zhuoting.healthd-1/base.apk"],nativeLibraryDirectories=[/data/app/com.zhuoting.healthd-1/lib/arm64, /data/app/com.zhuoting.healthd-1/base.apk!/lib/arm64-v8a, /system/lib64, /vendor/lib64, /system/vendor/lib64, /product/lib64]]
2020-09-20 11:10:49.115 21508-21523/? I/art:     at java.lang.Class dalvik.system.BaseDexClassLoader.findClass(java.lang.String) (BaseDexClassLoader.java:56)
2020-09-20 11:10:49.115 21508-21523/? I/art:     at java.lang.Class java.lang.ClassLoader.loadClass(java.lang.String, boolean) (ClassLoader.java:380)
2020-09-20 11:10:49.115 21508-21523/? I/art:     at java.lang.Class java.lang.ClassLoader.loadClass(java.lang.String) (ClassLoader.java:312)
2020-09-20 11:10:49.115 21508-21523/? I/art:     at void com.amap.api.col.sl3.d$b.onLooperPrepared() (AmapLocationManager.java:1490)
2020-09-20 11:10:49.115 21508-21523/? I/art:     at void android.os.HandlerThread.run() (HandlerThread.java:60)
2020-09-20 11:10:49.115 21508-21523/? I/art:     at void com.amap.api.col.sl3.d$b.run() (AmapLocationManager.java:1506)
2020-09-20 11:10:49.131 21508-21508/? I/HwCust: Constructor found for class android.app.HwCustHwWallpaperManagerImpl
2020-09-20 11:10:49.142 1255-4088/? I/LocationManagerService: getAllProviders()=[passive, gps, network, local_database]
2020-09-20 11:10:49.143 1255-8298/? W/System.err: java.lang.SecurityException: Requires ACCESS_LOCATION_EXTRA_COMMANDS permission
2020-09-20 11:10:49.156 1255-8298/? W/System.err:     at com.android.server.LocationManagerService.sendExtraCommand(LocationManagerService.java:2295)
2020-09-20 11:10:49.156 1255-8298/? W/System.err:     at android.location.ILocationManager$Stub.onTransact(ILocationManager.java:536)
2020-09-20 11:10:49.156 1255-8298/? W/System.err:     at com.android.server.HwLocationManagerService.onTransact(HwLocationManagerService.java:361)
2020-09-20 11:10:49.156 1255-8298/? W/System.err:     at android.os.Binder.execTransact(Binder.java:565)
2020-09-20 11:10:49.177 1958-3873/? I/PGServer: checkPkgType. calling pkg: android
2020-09-20 11:10:49.185 1255-2000/? I/LocationManagerService: request 869a7a4 gps Request[ACCURACY_FINE gps requested=+900ms fastest=+900ms] from com.zhuoting.healthd(10605)
2020-09-20 11:10:49.185 1255-2000/? I/LocationManagerService: applyRequirementsLocked to gps
2020-09-20 11:10:49.185 1255-2000/? I/LocationManagerService: provider request: gps ProviderRequest[ON interval=+900ms]
2020-09-20 11:10:49.186 1255-2000/? I/GnssLocationProvider: WakeLock acquired by sendMessage(3, 0, com.android.server.location.GnssLocationProvider$GpsRequest@2e8890d)
2020-09-20 11:10:49.188 1255-1935/? E/HwReportTool: This is not beta user build
2020-09-20 11:10:49.188 1255-1935/? I/GnssLocationProvider: setRequest ProviderRequest[ON interval=+900ms]
2020-09-20 11:10:49.188 1255-1935/? I/GnssLocationProvider: startNavigating, singleShot is false
2020-09-20 11:10:49.189 1255-1935/? I/GnssLocationProvider: setting position_mode to MS_BASED
2020-09-20 11:10:49.195 1958-2032/? I/PGServer: report state:3 event type:1 pid:0 uid:10605 pkg:null to pid: 1255
2020-09-20 11:10:49.197 21508-21508/? E/HW-JPEG-DEC: [HME_JPEG_DEC_Delete](3321): HME_JPEG_DEC_Delete: decoder_ctx=null
2020-09-20 11:10:49.199 1255-2000/? I/SendBroadcastPermission: action:android.location.LOCATION_REQUEST_CHANGE_ACTION, mPermissionType:0
2020-09-20 11:10:49.199 1255-2000/? I/SendBroadcastPermission: action:android.location.HIGH_POWER_REQUEST_CHANGE, mPermissionType:0
2020-09-20 11:10:49.228 1984-10738/? W/PhoneInterfaceManager: shouldBlockLocation running ...
2020-09-20 11:10:49.230 1984-10738/? I/PhoneInterfaceManager: shouldBlockLocation  ret:false
2020-09-20 11:10:49.234 1984-31141/? W/PhoneInterfaceManager: shouldBlockLocation running ...
2020-09-20 11:10:49.234 1984-31141/? I/PhoneInterfaceManager: shouldBlockLocation  ret:false
2020-09-20 11:10:49.237 1255-1935/? I/GnssLocationProvider: GpsDataThread alive
2020-09-20 11:10:49.239 941-960/? I/GNSS_CONTROL: static THREAD_HANDLE CtrlCommMgr::ProcessThreadProc(void *) -- 122: process cmd id:0x00000508
2020-09-20 11:10:49.243 1255-1935/? I/GnssLocationProvider: WakeLock released by handleMessage(3, 0, com.android.server.location.GnssLocationProvider$GpsRequest@2e8890d)
2020-09-20 11:10:49.246 1958-2338/? I/PGServer: checkPkgType. calling pkg: com.huawei.iaware
2020-09-20 11:10:49.246 2350-3180/? I/NCCHR_NcLogCollectServiceImpl: getUserType = 6
2020-09-20 11:10:49.248 941-960/? I/GNSS_CONTROL: virtual void CtrlFSMReadyState::AFSetPositionMode(CtrlFSM &) -- 228: AFSetPositionMode cmd received by CtrlFSMReadyState
2020-09-20 11:10:49.249 941-960/? I/GNSS_CONTROL: void EACommMgr::ProcessCtrlMessage(AGNSSMessage *) -- 226: EACommMgr::ProcessCtrlMessage:message->cmd_id:0x00000808
2020-09-20 11:10:49.249 941-960/? I/GNSS_CONTROL: virtual AGNSS_STATUS_ENUM_UINT32 EACommMgr::SendMsg2EA(AGNSSMessage *) -- 527: write msg to socket cmd_id is 0x00000908
2020-09-20 11:10:49.252 941-960/? I/GNSS_CONTROL: void AgnssProxy::send_msg_2_agnss(AGNSSMessage *) -- 221: message->cmd_id: 0x00000305
2020-09-20 11:10:49.252 941-960/? I/GNSS_CONTROL: void AgnssProxy::send_set_position_mode_msg(AGNSSMessage *) -- 576: message->cmd_id: 773
2020-09-20 11:10:49.252 941-960/? I/GNSS_CONTROL: virtual AGNSS_STATUS_ENUM AgnssCdma::OnMessage(AGNSSMessage *) -- 178: send msg to balong
2020-09-20 11:10:49.252 941-960/? I/GNSS_CONTROL: void CdmaBalongAdapter::store_position_mode(const void *, int32) -- 831: position mode flushed
2020-09-20 11:10:49.252 941-960/? I/GNSS_CONTROL: virtual void CtrlFSMReadyState::AFSetPositionMode(CtrlFSM &) -- 237: Position mode :1
2020-09-20 11:10:49.252 941-960/? I/GNSS_CONTROL: static THREAD_HANDLE CtrlCommMgr::ProcessThreadProc(void *) -- 122: process cmd id:0x0000050b
2020-09-20 11:10:49.252 941-960/? I/GNSS_CONTROL: virtual void CtrlFSMReadyState::AFInjectSetID(CtrlFSM &) -- 291: AFInjectSetID cmd received by CtrlFSMReadyState
2020-09-20 11:10:49.255 941-960/? I/GNSS_CONTROL: virtual AGNSS_STATUS_ENUM_UINT32 PACommMgr::SendMsg2PA(AGNSSMessage *) -- 566: msg cmd id:0x00000351
2020-09-20 11:10:49.255 941-960/? I/GNSS_CONTROL: static THREAD_HANDLE CtrlCommMgr::ProcessThreadProc(void *) -- 122: process cmd id:0x0000050c
2020-09-20 11:10:49.255 941-960/? I/GNSS_CONTROL: virtual void CtrlFSMReadyState::AFInjectRefCellInfo(CtrlFSM &) -- 299: AFInjectRefCellInfo cmd received by CtrlFSMReadyState
2020-09-20 11:10:49.255 941-960/? I/GNSS_CONTROL: virtual AGNSS_STATUS_ENUM_UINT32 PACommMgr::SendMsg2PA(AGNSSMessage *) -- 566: msg cmd id:0x00000352
2020-09-20 11:10:49.256 941-960/? I/GNSS_CONTROL: AGNSS_STATUS_ENUM_UINT32 PACommMgr::SetCellInfo(int8 *, int32) -- 154: SetCellInfo called
2020-09-20 11:10:49.256 941-960/? I/GNSS_CONTROL: void EACommMgr::ProcessCtrlMessage(AGNSSMessage *) -- 226: EACommMgr::ProcessCtrlMessage:message->cmd_id:0x00000352
2020-09-20 11:10:49.256 941-960/? I/GNSS_CONTROL: virtual AGNSS_STATUS_ENUM_UINT32 EACommMgr::SendMsg2EA(AGNSSMessage *) -- 527: write msg to socket cmd_id is 0x00000352
2020-09-20 11:10:49.256 941-960/? I/GNSS_CONTROL: static THREAD_HANDLE CtrlCommMgr::ProcessThreadProc(void *) -- 122: process cmd id:0x00000502
2020-09-20 11:10:49.256 941-960/? I/GNSS_CONTROL: virtual void CtrlFSMReadyState::AFStart(CtrlFSM &) -- 75: AFStart cmd received by CtrlFSMReadyState
2020-09-20 11:10:49.256 941-960/? I/GNSS_CONTROL: void EACommMgr::ProcessCtrlMessage(AGNSSMessage *) -- 226: EACommMgr::ProcessCtrlMessage:message->cmd_id:0x00000802
2020-09-20 11:10:49.256 941-960/? I/GNSS_CONTROL: virtual AGNSS_STATUS_ENUM_UINT32 EACommMgr::SendMsg2EA(AGNSSMessage *) -- 527: write msg to socket cmd_id is 0x00000902
2020-09-20 11:10:49.260 1255-1935/? I/SendBroadcastPermission: action:action_inject_location, mPermissionType:0
2020-09-20 11:10:49.261 1255-1935/? I/GnssLocationProvider: receive broadcast intent, action: action_inject_location
2020-09-20 11:10:49.261 1255-1935/? E/GnssLocationProvider: mEngineOn && mStarted ,get location from DB, inject to GPS  Module
2020-09-20 11:10:49.261 1255-1935/? I/GnssLocationProvider: WakeLock acquired by sendMessage(7, 0, Location[local_database -1******,37****** acc=21 et=+9d3h37m34s465ms])
2020-09-20 11:10:49.262 1255-1935/? I/GnssLocationProvider: WakeLock released by handleMessage(7, 0, Location[local_database -1******,37****** acc=21 et=+9d3h37m34s465ms])
2020-09-20 11:10:49.263 941-960/? I/GNSS_CONTROL: static THREAD_HANDLE CtrlCommMgr::ProcessThreadProc(void *) -- 122: process cmd id:0x00000506
2020-09-20 11:10:49.263 941-960/? I/GNSS_CONTROL: virtual void CtrlFSMNoSessionState::AFInjectRefLocation(CtrlFSM &) -- 196: AFInjectRefLocation cmd received by CtrlFSMNoSessionState
2020-09-20 11:10:49.263 941-960/? I/GNSS_CONTROL: void EACommMgr::ProcessCtrlMessage(AGNSSMessage *) -- 226: EACommMgr::ProcessCtrlMessage:message->cmd_id:0x00000806
2020-09-20 11:10:49.263 941-960/? I/GNSS_CONTROL: virtual AGNSS_STATUS_ENUM_UINT32 EACommMgr::SendMsg2EA(AGNSSMessage *) -- 527: write msg to socket cmd_id is 0x00000906
2020-09-20 11:10:49.275 940-940/? I/GNSS_ENGINE: listen thread receive socket_data!
2020-09-20 11:10:49.275 940-940/? I/GNSS_ENGINE: recv engineassist message cmd_id: 0x00000908
2020-09-20 11:10:49.275 940-940/? I/GNSS_ENGINE: send message to adapte cmd_id:0x00000012, size: 16
2020-09-20 11:10:49.276 940-940/? I/GNSS_ENGINE: recv engineassist message cmd_id: 0x00000352
2020-09-20 11:10:49.276 940-940/? I/GNSS_ENGINE: recv engineassist message cmd_id: 0x00000902
2020-09-20 11:10:49.276 940-940/? I/GNSS_ENGINE: EA_START!!!
2020-09-20 11:10:49.276 940-940/? W/GNSS_ENGINE: Did not read the location pattern message, but also start!!!
2020-09-20 11:10:49.276 940-940/? I/GNSS_ENGINE: recv engineassist message cmd_id: 0x00000906
2020-09-20 11:10:49.276 941-3331/? W/GNSS_CONTROL: AGNSS_STATUS_ENUM_UINT32 EACommMgr::ProcessEngineMessage(AGNSSMessage *) -- 716: unrecognized cmd id from engine, 0x00000012
2020-09-20 11:10:49.276 940-940/? I/GNSS_ENGINE: send message to adapte cmd_id:0x00000010, size: 16
2020-09-20 11:10:49.276 941-3331/? W/GNSS_CONTROL: AGNSS_STATUS_ENUM_UINT32 EACommMgr::ProcessEngineMessage(AGNSSMessage *) -- 716: unrecognized cmd id from engine, 0x00000010
2020-09-20 11:10:49.276 940-14667/? I/GNSS_ENGINE: host read the engine sign, the size is 1, sign is 2
2020-09-20 11:10:49.276 940-14667/? I/GNSS_ENGINE: calculate thread: host receive engine start sign!
2020-09-20 11:10:49.286 940-14667/? I/GNSS_ENGINE: [Version]:3.3.3, 20180417, weeknum rollover opt; 3.3.2, 20171124, tcxo shutdown in normal mode.
2020-09-20 11:10:49.286 940-14667/? I/GNSS_ENGINE: WARM START... alm_num: 25
2020-09-20 11:10:49.286 940-14667/? W/GNSS_ENGINE: close the hot start nh function!
2020-09-20 11:10:49.287 940-14667/? I/GNSS_ENGINE: open bit aid file success!
2020-09-20 11:10:49.288 1984-31141/? W/PhoneInterfaceManager: shouldBlockLocation running ...
2020-09-20 11:10:49.289 940-14667/? I/GNSS_ENGINE: doppler bias:389.000000, first get doppler bias
2020-09-20 11:10:49.289 940-14667/? I/GNSS_ENGINE: open ref clk: gg_ctrl_init start
2020-09-20 11:10:49.289 940-940/? I/GNSS_ENGINE: send message to adapte cmd_id:0x0000000c, size: 1568
2020-09-20 11:10:49.289 940-940/? I/GNSS_ENGINE: send message to adapte cmd_id:0x00000016, size: 20
2020-09-20 11:10:49.289 940-940/? I/GNSS_ENGINE: send message to adapte cmd_id:0x00000017, size: 20
2020-09-20 11:10:49.289 941-960/? I/GNSS_CONTROL: static THREAD_HANDLE CtrlCommMgr::ProcessThreadProc(void *) -- 122: process cmd id:0x0000010c
2020-09-20 11:10:49.289 941-960/? I/GNSS_CONTROL: virtual void CtrlFSMNoSessionState::EngineRequestAssistance(CtrlFSM &) -- 1416: EngineRequestAssistance cmd received by CtrlFSMNoSessionState
2020-09-20 11:10:49.289 941-960/? I/GNSS_CONTROL: virtual AGNSS_STATUS_ENUM_UINT32 PACommMgr::SendMsg2PA(AGNSSMessage *) -- 566: msg cmd id:0x00000353
2020-09-20 11:10:49.289 941-960/? I/GNSS_CONTROL: AGNSS_STATUS_ENUM_UINT32 PACommMgr::RequestFunc() -- 643: m_pgps_mode:1
2020-09-20 11:10:49.289 941-960/? I/GNSS_CONTROL: AGNSS_STATUS_ENUM_UINT32 PACommMgr::RequestFunc() -- 652: [PA_loc]start pgps auto dl timer
2020-09-20 11:10:49.290 1984-31141/? I/PhoneInterfaceManager: shouldBlockLocation  ret:false
2020-09-20 11:10:49.291 941-960/? I/GNSS_CONTROL: void RilCommMgr::set_cell_invalid() -- 5337: [PA_loc]set cid and sysmode invalid
2020-09-20 11:10:49.291 941-960/? I/GNSS_CONTROL: AGNSS_STATUS_ENUM_UINT32 PACommMgr::RequestFunc() -- 674: [PA_loc]create request assistance thread
2020-09-20 11:10:49.291 941-960/? I/GNSS_CONTROL: void AgnssProxy::send_msg_2_agnss(AGNSSMessage *) -- 221: message->cmd_id: 0x00000302
2020-09-20 11:10:49.291 941-960/? I/GNSS_CONTROL: void AgnssProxy::send_msg_2_user_plane(AGNSSMessage *) -- 397: type:0,message->cmd_id: 0x00000302
2020-09-20 11:10:49.291 941-960/? I/GNSS_CONTROL: virtual AGNSS_STATUS_ENUM AgnssGul::OnMessage(AGNSSMessage *) -- 170: message is send to supl_assist
2020-09-20 11:10:49.291 941-960/? I/GNSS_CONTROL: virtual AGNSS_STATUS_ENUM_UINT32 SACommMgr::SendMsg2SA(AGNSSMessage *) -- 105: msg cmd id:0x00000302
2020-09-20 11:10:49.291 941-21532/? I/GNSS_CONTROL: static void *PACommMgr::RequestAssistance(void *) -- 817: CellID request times: 0, sysmode is -1
2020-09-20 11:10:49.299 941-960/? I/GNSS_CONTROL: static THREAD_HANDLE CtrlCommMgr::ProcessThreadProc(void *) -- 122: process cmd id:0x00000016
2020-09-20 11:10:49.299 941-960/? I/GNSS_CONTROL: virtual void CtrlFSMSISessionState::EngineRequestOpenRefClk(CtrlFSM &) -- 1549: EngineRequestOpenRefClk cmd received by CtrlFSMSISessionState
2020-09-20 11:10:49.299 941-960/? I/GNSS_CONTROL: void AgnssProxy::send_msg_2_agnss(AGNSSMessage *) -- 221: message->cmd_id: 0x00000016
2020-09-20 11:10:49.299 941-960/? I/GNSS_CONTROL: void AgnssProxy::send_ref_clk_msg(AGNSSMessage *) -- 509: message->cmd_id: 22
2020-09-20 11:10:49.299 941-960/? I/GNSS_CONTROL: virtual AGNSS_STATUS_ENUM AgnssGul::OnMessage(AGNSSMessage *) -- 178: message is send to cp_assist
2020-09-20 11:10:49.299 941-960/? I/GNSS_CONTROL: void RilGuMgr::request_open_ref_clk(const void *, uint32) -- 696: send RIL_REQUEST_OPEN_REF_CLK
2020-09-20 11:10:49.299 941-960/? I/GNSS_CONTROL: void RilCommMgr::push_cmd(uint32, const void *, uint32) -- 380: push_cmd: request_id = 1
2020-09-20 11:10:49.299 941-960/? I/GNSS_CONTROL: void RilCommMgr::push_cmd(uint32, const void *, uint32) -- 428: push_cmd exit!
2020-09-20 11:10:49.299 941-958/? I/GNSS_CONTROL: int32 RilCommMgr::write_cmd(int8 *, int8) -- 965: [ATCMD] AT^CGPSCLOCK=1
2020-09-20 11:10:49.299 21508-21508/? E/onActivityStarted: 1
2020-09-20 11:10:49.299 21508-21508/? I/MyApplication:  返回到了 前台
2020-09-20 11:10:49.299 21508-21508/? E/onActivityStarted: 1
2020-09-20 11:10:49.302 941-959/? I/GNSS_CONTROL: void RilCommMgr::handle_final_response(const int8 *) const -- 1621: [ATCMD] OK
2020-09-20 11:10:49.302 941-958/? I/GNSS_CONTROL: virtual void RilGuMgr::handle_response(uint32, const void *, uint32, uint32) -- 295: response ok with id: 21
2020-09-20 11:10:49.302 941-958/? I/GNSS_CONTROL: virtual AGNSS_STATUS_ENUM AgnssGul::OnMessage(AGNSSMessage *) -- 186: message is send to controller
2020-09-20 11:10:49.302 941-958/? I/GNSS_CONTROL: void AgnssProxy::send_msg_2_ctrl(AGNSSMessage *) -- 365: message->cmd_id: 0x00000726
2020-09-20 11:10:49.302 941-958/? I/GNSS_CONTROL: void RilCommMgr::send_loop() -- 471: send_loop wait for sem...
2020-09-20 11:10:49.305 21508-21508/? I/SendBroadcastPermission: action:com.health.communication.SENDMSG, mPermissionType:0
2020-09-20 11:10:49.308 21508-21508/? I/SendBroadcastPermission: action:com.health.communication.SENDMSG, mPermissionType:0
2020-09-20 11:10:49.309 21508-21508/? I/SendBroadcastPermission: action:com.health.communication.SENDMSG, mPermissionType:0
2020-09-20 11:10:49.309 21508-21508/? I/HealthApplication:  返回到了 前台
2020-09-20 11:10:49.312 2466-2527/? I/SUPL20_PCM: process icmdID: 0X102
2020-09-20 11:10:49.312 2466-2527/? I/SUPL20_PCM:  process MSG_PCM_GET_SET_ID
2020-09-20 11:10:49.315 1984-2191/? W/PhoneInterfaceManager: shouldBlockLocation running ...
2020-09-20 11:10:49.316 1984-2191/? I/PhoneInterfaceManager: shouldBlockLocation  ret:false
2020-09-20 11:10:49.316 21508-21508/? I/HwSecImmHelper: mSecurityInputMethodService is null
2020-09-20 11:10:49.318 2466-21534/? I/SUPL20_LocMan: tm.getCellLocation() returned non-null 
2020-09-20 11:10:49.321 21508-21508/? I/HwPointEventFilter: do not support AFT because of no config
2020-09-20 11:10:49.322 941-21532/? I/GNSS_CONTROL: static void *PACommMgr::RequestAssistance(void *) -- 817: CellID request times: 1, sysmode is -1
2020-09-20 11:10:49.322 2466-2527/? I/SUPL20_LocMan: Phone type:GSM
2020-09-20 11:10:49.323 2466-2527/? I/SUPL20_LocMan: Network Op Mnc= 2 MCC = 639
2020-09-20 11:10:49.323 1984-24669/? W/PhoneInterfaceManager: shouldBlockLocation running ...
2020-09-20 11:10:49.325 2466-2527/? I/SUPL20_SETID:  set id 4 send for session id:0
2020-09-20 11:10:49.325 2466-2717/? I/SUPL20_SPIMESLP-SENDING: m_bPacket.length 33
2020-09-20 11:10:49.325 2466-2717/? I/SUPL20_SPIMESLP-SENDING: bBrokenPipe = false
2020-09-20 11:10:49.326 1984-24669/? I/PhoneInterfaceManager: shouldBlockLocation  ret:false
2020-09-20 11:10:49.326 2466-2527/? I/SUPL20_PCM: process: process less then zero 0
2020-09-20 11:10:49.327 2466-21534/? I/SUPL20_LocMan: Phone type:GSM
2020-09-20 11:10:49.328 2466-21534/? I/SUPL20_LocMan: Network Op Mnc= 2 MCC = 639
2020-09-20 11:10:49.328 2466-21534/? I/SUPL20_LocMan: cellInfo NetworkType:LTE,13
2020-09-20 11:10:49.328 2466-21534/? I/SUPL20_LocMan: Network type is 4G, type is 13
2020-09-20 11:10:49.328 2466-21534/? W/SUPL20_LocMan: lteCell psc is error! -1
2020-09-20 11:10:49.328 2466-21534/? I/SUPL20_LocMan: LTE data send..39
2020-09-20 11:10:49.329 941-960/? I/GNSS_CONTROL: static THREAD_HANDLE CtrlCommMgr::ProcessThreadProc(void *) -- 122: process cmd id:0x00000017
2020-09-20 11:10:49.329 941-960/? I/GNSS_CONTROL: virtual void CtrlFSMSISessionState::EngineRequestRefClkFreq(CtrlFSM &) -- 1572: EngineRequestRefClkFreq cmd received by CtrlFSMSISessionState
2020-09-20 11:10:49.329 941-960/? I/GNSS_CONTROL: void AgnssProxy::send_msg_2_agnss(AGNSSMessage *) -- 221: message->cmd_id: 0x00000017
2020-09-20 11:10:49.329 941-960/? I/GNSS_CONTROL: void AgnssProxy::send_ref_clk_msg(AGNSSMessage *) -- 509: message->cmd_id: 23
2020-09-20 11:10:49.329 941-960/? I/GNSS_CONTROL: virtual AGNSS_STATUS_ENUM AgnssGul::OnMessage(AGNSSMessage *) -- 178: message is send to cp_assist
2020-09-20 11:10:49.329 941-960/? I/GNSS_CONTROL: void RilGuMgr::request_ref_clk_freq() -- 724: send RIL_REQUEST_QUERY_REF_CLK_FREQ
2020-09-20 11:10:49.329 941-960/? I/GNSS_CONTROL: void RilCommMgr::push_cmd(uint32, const void *, uint32) -- 380: push_cmd: request_id = 2
2020-09-20 11:10:49.329 941-960/? I/GNSS_CONTROL: void RilCommMgr::push_cmd(uint32, const void *, uint32) -- 428: push_cmd exit!
2020-09-20 11:10:49.329 941-960/? I/GNSS_CONTROL: static THREAD_HANDLE CtrlCommMgr::ProcessThreadProc(void *) -- 122: process cmd id:0x0000066c
2020-09-20 11:10:49.329 941-960/? I/GNSS_CONTROL: virtual void CtrlFSMSISessionState::PGPSRequestCid(CtrlFSM &) -- 1053: PGPSRequestCid cmd received by CtrlFSMSISessionState
2020-09-20 11:10:49.329 941-960/? I/GNSS_CONTROL: void AgnssProxy::send_msg_2_agnss(AGNSSMessage *) -- 221: message->cmd_id: 0x00000407
2020-09-20 11:10:49.329 941-960/? I/GNSS_CONTROL: void AgnssProxy::send_at_cmd_to_cdma(AGNSSMessage *) -- 637: message->cmd_id: 0x00000407
2020-09-20 11:10:49.329 941-960/? I/GNSS_CONTROL: virtual AGNSS_STATUS_ENUM AgnssCdma::OnMessage(AGNSSMessage *) -- 178: send msg to balong
2020-09-20 11:10:49.329 941-960/? I/GNSS_CONTROL: void RilCommMgr::push_cmd(uint32, const void *, uint32) -- 380: push_cmd: request_id = 1286
2020-09-20 11:10:49.329 941-960/? I/GNSS_CONTROL: void RilCommMgr::push_cmd(uint32, const void *, uint32) -- 387: set cid and sysmode invalid
2020-09-20 11:10:49.329 941-960/? I/GNSS_CONTROL: void RilCommMgr::push_cmd(uint32, const void *, uint32) -- 428: push_cmd exit!
2020-09-20 11:10:49.329 941-960/? I/GNSS_CONTROL: void AgnssProxy::send_at_cmd_to_gu(AGNSSMessage *) -- 607: message->cmd_id: 0x00000407
2020-09-20 11:10:49.329 941-960/? I/GNSS_CONTROL: virtual AGNSS_STATUS_ENUM AgnssGul::OnMessage(AGNSSMessage *) -- 178: message is send to cp_assist
2020-09-20 11:10:49.330 941-960/? I/GNSS_CONTROL: void RilGuMgr::request_network_state() -- 840: request_network_state
2020-09-20 11:10:49.330 941-960/? I/GNSS_CONTROL: void RilCommMgr::push_cmd(uint32, const void *, uint32) -- 380: push_cmd: request_id = 201
2020-09-20 11:10:49.330 941-960/? I/GNSS_CONTROL: void RilCommMgr::push_cmd(uint32, const void *, uint32) -- 428: push_cmd exit!
2020-09-20 11:10:49.330 941-960/? I/GNSS_CONTROL: void RilCommMgr::push_cmd(uint32, const void *, uint32) -- 380: push_cmd: request_id = 200
2020-09-20 11:10:49.330 941-960/? I/GNSS_CONTROL: void RilCommMgr::push_cmd(uint32, const void *, uint32) -- 428: push_cmd exit!
2020-09-20 11:10:49.330 941-960/? I/GNSS_CONTROL: static THREAD_HANDLE CtrlCommMgr::ProcessThreadProc(void *) -- 122: process cmd id:0x00000726
2020-09-20 11:10:49.330 941-960/? I/GNSS_CONTROL: virtual void CtrlFSMSISessionState::CAResponseOpenRefClk(CtrlFSM &) -- 2578: CAResponseOpenRefClk cmd received by CtrlFSMSISessionState
2020-09-20 11:10:49.330 941-960/? I/GNSS_CONTROL: void EACommMgr::ProcessCtrlMessage(AGNSSMessage *) -- 226: EACommMgr::ProcessCtrlMessage:message->cmd_id:0x00000726
2020-09-20 11:10:49.330 941-960/? I/GNSS_CONTROL: virtual AGNSS_STATUS_ENUM_UINT32 EACommMgr::SendMsg2EA(AGNSSMessage *) -- 527: write msg to socket cmd_id is 0x00000726
2020-09-20 11:10:49.330 941-960/? W/GNSS_CONTROL: AGNSS_STATUS_ENUM_UINT32 NetworkCommunication::send_message(AGNSSMessage *) -- 433: can't find dst, 0x11110003
2020-09-20 11:10:49.330 2466-2717/? I/SUPL20_SPIMESLP-SENDING: m_bPacket.length 83
2020-09-20 11:10:49.330 2466-2717/? I/SUPL20_SPIMESLP-SENDING: bBrokenPipe = false
2020-09-20 11:10:49.336 940-940/? I/GNSS_ENGINE: listen thread receive socket_data!
2020-09-20 11:10:49.336 940-940/? I/GNSS_ENGINE: recv engineassist message cmd_id: 0x00000726
2020-09-20 11:10:49.337 940-940/? I/GNSS_ENGINE: ref clk open status, 1
2020-09-20 11:10:49.337 940-940/? I/GNSS_ENGINE: open ref clk: start/stop count, 2
2020-09-20 11:10:49.343 941-3342/? I/GNSS_CONTROL: static void SACommMgr::SALogMessage(int, char *) -- 1716: 20200920081049.342:MSG_STATUS:SESSION_START:0: New AGPS Session starts
2020-09-20 11:10:49.344 2466-2541/? I/SUPL20_SCM: buffer size:50writePosition: 50
2020-09-20 11:10:49.344 2466-2541/? I/SUPL20_SCM: process icmdID2: 0X202
2020-09-20 11:10:49.344 2466-2541/? I/SUPL20_SCM: process MSG_SCM_CONNECT
2020-09-20 11:10:49.344 2466-2541/? I/SUPL20_SCM: Connection TO : 10000, handshake TO : 10000
2020-09-20 11:10:49.344 2466-2541/? I/SUPL20_NetCP: New Network session id :83 is created
2020-09-20 11:10:49.345 941-3342/? I/GNSS_CONTROL: static void SACommMgr::SALogMessage(int, char *) -- 1716: 20200920081049.342:MSG_STATUS:SUPL_SW_VER:0,SUPL-BL-V2.13.0.5
2020-09-20 11:10:49.345 941-3342/? I/GNSS_CONTROL: static void SACommMgr::SALogMessage(int, char *) -- 1716: 20200920081049.342:MSG_STATUS:NET_CONN_SUCCESS:0:Network connection successful
2020-09-20 11:10:49.345 941-3342/? I/GNSS_CONTROL: static void SACommMgr::SALogMessage(int, char *) -- 1716: 20200920081049.342:MSG_STATUS:SRVR_CONN_CONNECTING:0:
2020-09-20 11:10:49.345 2466-21538/? I/SUPL20_NetCP: Session id :0 Req id :0 is trying to connect to supl.google.com
2020-09-20 11:10:49.352 941-21532/? I/GNSS_CONTROL: static void *PACommMgr::RequestAssistance(void *) -- 817: CellID request times: 2, sysmode is -1
2020-09-20 11:10:49.353 2466-21538/? I/SUPL20_NC: TLSv1.2 Context created succesfully
2020-09-20 11:10:49.354 1555-1555/? I/PhoneStatusBarPolicy: updateBluetooth:::setBluetoothBatteryEnable false.
2020-09-20 11:10:49.354 1555-1555/? I/PhoneStatusBarPolicy: updateBluetooth::bluetoothEnabled:true, bluetoothConnected=false, bluetoothTransfering=false
2020-09-20 11:10:49.360 941-958/? I/GNSS_CONTROL: void RilCommMgr::requset_query_ref_clk_freq() -- 2476: requset_query_ref_clk_freq begin
2020-09-20 11:10:49.361 941-958/? I/GNSS_CONTROL: int32 RilCommMgr::write_cmd(int8 *, int8) -- 965: [ATCMD] AT^AFCCLKINFO?
2020-09-20 11:10:49.364 941-959/? I/GNSS_CONTROL: void RilCommMgr::add_intermediate_response(const int8 *) -- 1716: [ATCMD] ^AFCCLKINFO: 0,0,525,179,4093640704,2708224764,1823442268,2896011699,16391,49155,49145,16369
2020-09-20 11:10:49.365 941-959/? I/GNSS_CONTROL: void RilCommMgr::handle_final_response(const int8 *) const -- 1621: [ATCMD] OK
2020-09-20 11:10:49.365 941-958/? I/GNSS_CONTROL: virtual void RilGuMgr::handle_response(uint32, const void *, uint32, uint32) -- 295: response ok with id: 22
2020-09-20 11:10:49.365 941-958/? I/GNSS_CONTROL: virtual AGNSS_STATUS_ENUM AgnssGul::OnMessage(AGNSSMessage *) -- 186: message is send to controller
2020-09-20 11:10:49.365 1255-1444/? E/HwCHRWebMonitor: WebMonitor [mNetWorkIsSuck=0 mUIDIsSuck=]  WebSpeed [WEBSENDSEGS=0  WEBRESENDSEGS=0  WEBRECVSEGS=0  WEBERRSEGS=0  WEBOUTRSTS=0  WEBESTABLISRST=0  WEBRTTDURATION=0  WEBRTTSEGS=0  WEBSRTT=240  WEBSNDDUPACKS=0  SENDSEGS=0  RESENDSEGS=0  RECVSEGS=0  ERRSEGS=0  OUTRSTS=0  ESTABLISRST=0  RTTDURATION=0  RTTSEGS=0  SNDDUPACKS=0  suckTimes=0 recovage_times=0]
2020-09-20 11:10:49.365 941-958/? I/GNSS_CONTROL: void AgnssProxy::send_msg_2_ctrl(AGNSSMessage *) -- 365: message->cmd_id: 0x00000727
2020-09-20 11:10:49.365 941-958/? I/GNSS_CONTROL: void RilCommMgr::requset_query_ref_clk_freq() -- 2556: requset_query_ref_clk_freq success!
2020-09-20 11:10:49.365 1255-1444/? E/HwCHRWifiRSSIGroupSummery: updateTcpSummery mRSSI:-42  HwCHRWifiRSSIGroup [rssi_index=4, rtt_tcp_packets=2651, rtt_tcp_duration=238112, rtt_lan_duration=3168, rtt_lan_failures=0, rtt_lan_succ=194, rtt_lan_max=140, rtt_lan_min=5,same_area_frequency=0,adjacent_area_frequency=0]
2020-09-20 11:10:49.365 941-958/? I/GNSS_CONTROL: void RilCommMgr::request_query_cdma_cid() -- 5224: request_query_cdma_cid begin
2020-09-20 11:10:49.365 941-958/? I/GNSS_CONTROL: int32 RilCommMgr::write_cmd(int8 *, int8) -- 965: [ATCMD] AT^CSNID?
2020-09-20 11:10:49.365 941-960/? I/GNSS_CONTROL: static THREAD_HANDLE CtrlCommMgr::ProcessThreadProc(void *) -- 122: process cmd id:0x00000727
2020-09-20 11:10:49.365 941-960/? I/GNSS_CONTROL: virtual void CtrlFSMSISessionState::CAResponseRefClkFreq(CtrlFSM &) -- 2601: CAResponseRefClkFreq cmd received by CtrlFSMSISessionState
2020-09-20 11:10:49.365 941-960/? I/GNSS_CONTROL: void EACommMgr::ProcessCtrlMessage(AGNSSMessage *) -- 226: EACommMgr::ProcessCtrlMessage:message->cmd_id:0x00000727
2020-09-20 11:10:49.365 941-960/? I/GNSS_CONTROL: virtual AGNSS_STATUS_ENUM_UINT32 EACommMgr::SendMsg2EA(AGNSSMessage *) -- 527: write msg to socket cmd_id is 0x00000727
2020-09-20 11:10:49.365 940-940/? I/GNSS_ENGINE: listen thread receive socket_data!
2020-09-20 11:10:49.365 940-940/? I/GNSS_ENGINE: recv engineassist message cmd_id: 0x00000727
2020-09-20 11:10:49.365 940-940/? I/GNSS_ENGINE: ref clk status: 0
2020-09-20 11:10:49.365 941-959/? I/GNSS_CONTROL: void RilCommMgr::add_intermediate_response(const int8 *) -- 1716: [ATCMD] ^CSNID: -1,-1
2020-09-20 11:10:49.366 941-959/? I/GNSS_CONTROL: void RilCommMgr::handle_final_response(const int8 *) const -- 1621: [ATCMD] OK
2020-09-20 11:10:49.366 941-958/? I/GNSS_CONTROL: void RilCommMgr::request_query_cdma_cid() -- 5269: cdma cid invalid
2020-09-20 11:10:49.366 941-958/? I/GNSS_CONTROL: void RilCommMgr::request_query_cdma_cid() -- 5278: request_query_cdma_cid success!
2020-09-20 11:10:49.366 941-958/? I/GNSS_CONTROL: void RilCommMgr::request_query_enhanced_cid(const void *, uint32) -- 5094: request_query_enhanced_cid begin
2020-09-20 11:10:49.366 941-958/? I/GNSS_CONTROL: int32 RilCommMgr::write_cmd(int8 *, int8) -- 965: [ATCMD] AT+ECID=0
2020-09-20 11:10:49.366 2466-21538/? I/SUPL20_TrustManager: Number of accepted issuers: 1
2020-09-20 11:10:49.367 941-959/? I/GNSS_CONTROL: void RilCommMgr::add_intermediate_response(const int8 *) -- 1716: [ATCMD] +ECID=0,LTE:,639,02,10054,2960385,1,468,1700,35,13,-1
2020-09-20 11:10:49.367 941-959/? I/GNSS_CONTROL: void RilCommMgr::handle_final_response(const int8 *) const -- 1621: [ATCMD] OK
2020-09-20 11:10:49.367 941-958/? I/GNSS_CONTROL: void RilCommMgr::request_query_enhanced_cid(const void *, uint32) -- 5195: enhanced cid valid
2020-09-20 11:10:49.367 941-958/? I/GNSS_CONTROL: void RilCommMgr::request_query_enhanced_cid(const void *, uint32) -- 5198: request_query_enhanced_cid success!
2020-09-20 11:10:49.367 941-958/? I/GNSS_CONTROL: void RilCommMgr::request_query_sys_info_ex() -- 4961: request_query_sys_info_ex begin
2020-09-20 11:10:49.367 941-958/? I/GNSS_CONTROL: int32 RilCommMgr::write_cmd(int8 *, int8) -- 965: [ATCMD] AT^SYSINFOEX
2020-09-20 11:10:49.368 1255-1444/? E/HwCHRWebMonitor: HwCHRWifiPacketCnt [mTXGood=0, mTXbad=0, mRXGood=0] rssi=-42
2020-09-20 11:10:49.368 941-959/? I/GNSS_CONTROL: void RilCommMgr::add_intermediate_response(const int8 *) -- 1716: [ATCMD] ^SYSINFOEX:2,3,0,1,,6,"LTE",101,"LTE"
2020-09-20 11:10:49.369 941-959/? I/GNSS_CONTROL: void RilCommMgr::handle_final_response(const int8 *) const -- 1621: [ATCMD] OK
2020-09-20 11:10:49.369 1255-1444/? E/HwCHRWebMonitor: running processName=com.zhuoting.healthd
2020-09-20 11:10:49.369 941-958/? I/GNSS_CONTROL: void RilCommMgr::request_query_sys_info_ex() -- 5017: lock_state no valid
2020-09-20 11:10:49.369 941-958/? I/GNSS_CONTROL: void RilCommMgr::request_query_sys_info_ex() -- 5060: sysinfoex valid
2020-09-20 11:10:49.369 941-958/? I/GNSS_CONTROL: void RilCommMgr::request_query_sys_info_ex() -- 5063: request_query_sys_info_ex success!
2020-09-20 11:10:49.369 941-958/? I/GNSS_CONTROL: void RilCommMgr::send_loop() -- 471: send_loop wait for sem...
2020-09-20 11:10:49.369 941-958/? I/GNSS_CONTROL: void RilCommMgr::send_loop() -- 471: send_loop wait for sem...
2020-09-20 11:10:49.369 941-958/? I/GNSS_CONTROL: void RilCommMgr::send_loop() -- 471: send_loop wait for sem...
2020-09-20 11:10:49.369 941-958/? I/GNSS_CONTROL: void RilCommMgr::send_loop() -- 471: send_loop wait for sem...
2020-09-20 11:10:49.377 21508-21535/? I/OpenGLRenderer: Initialized EGL, version 1.4
2020-09-20 11:10:49.378 2466-21538/? I/SUPL20_TrustManager: Number of accepted issuers: 19
2020-09-20 11:10:49.382 2466-21538/? I/SUPL20_TrustManager: Number of accepted issuers: 4
2020-09-20 11:10:49.382 2466-21538/? I/SUPL20_TrustManager: Number of accepted issuers: 148
2020-09-20 11:10:49.382 2466-21538/? I/SUPL20_TrustManager: Added 4 Trust Managers
2020-09-20 11:10:49.382 941-21532/? I/GNSS_CONTROL: static void *PACommMgr::RequestAssistance(void *) -- 817: CellID request times: 3, sysmode is 6
2020-09-20 11:10:49.382 941-21532/? I/GNSS_CONTROL: void PACommMgr::SetAllowSendingCellIdsWlanApnToServerStatus(MyLssGwCommunicator *) -- 706: persist.sys.pgps.config=[2], not allow to send cell ids or wlan apn to server!
2020-09-20 11:10:49.384 941-21532/? I/GNSS_CONTROL: void MyLssGwCommunicator::allowSendingCellIdsToServer(const bool) -- 180: allowSendingCellIdsToServer allow = 0
2020-09-20 11:10:49.384 941-21532/? E/Lss-gw: AllowSendingCellIdsToServer could not remove file. Error 2
2020-09-20 11:10:49.384 941-21532/? I/GNSS_CONTROL: static void *PACommMgr::RequestAssistance(void *) -- 874: Send RequestAssistance times: 0
2020-09-20 11:10:49.397 21508-21535/? W/linker: /vendor/lib64/libhwuibp.so: unused DT entry: type 0xf arg 0xe3a
2020-09-20 11:10:49.418 412-425/? I/gralloc: alloc_device_alloc:564: Alloc handle(0x708162ea00): interfmt=200000001, stride=1088, size=8486912, usage=0xb00
2020-09-20 11:10:49.425 412-425/? I/gralloc: alloc_device_alloc:564: Alloc handle(0x708165e300): interfmt=200000001, stride=1088, size=8486912, usage=0xb00
2020-09-20 11:10:49.428 21556-21556/? W/Lss: Unable to open file /data/gnss/pgps/ephem13 for reading
2020-09-20 11:10:49.429 21556-21556/? W/Lss: Unable to open file /data/gnss/pgps/ephem22 for reading
2020-09-20 11:10:49.429 21556-21556/? W/Lss: Unable to open file /data/gnss/pgps/beidou_ephem27 for reading
2020-09-20 11:10:49.429 21556-21556/? W/Lss: Unable to open file /data/gnss/pgps/beidou_ephem18 for reading
2020-09-20 11:10:49.430 21556-21556/? W/Lss: Unable to open file /data/gnss/pgps/beidou_ephem15 for reading
2020-09-20 11:10:49.430 21556-21556/? W/Lss: Unable to open file /data/gnss/pgps/beidou_ephem04 for reading
2020-09-20 11:10:49.430 21556-21556/? W/Lss: Unable to open file /data/gnss/pgps/beidou_ephem03 for reading
2020-09-20 11:10:49.430 21556-21556/? W/Lss: Unable to open file /data/gnss/pgps/beidou_ephem02 for reading
2020-09-20 11:10:49.430 21556-21556/? W/Lss: Unable to open file /data/gnss/pgps/beidou_ephem01 for reading
2020-09-20 11:10:49.430 21556-21556/? W/Lss: Unable to open file /data/gnss/pgps/beidou_ephem00 for reading
2020-09-20 11:10:49.432 412-425/? I/gralloc: alloc_device_alloc:564: Alloc handle(0x708165e100): interfmt=200000001, stride=1088, size=8486912, usage=0xb00
2020-09-20 11:10:49.433 21556-21556/? W/Lss: Unable to open file /data/gnss/pgps/glonass_ephem_a02 for reading
2020-09-20 11:10:49.433 21556-21556/? W/Lss: Unable to open file /data/gnss/pgps/glonass_ephem_a03 for reading
2020-09-20 11:10:49.433 21556-21556/? W/Lss: Unable to open file /data/gnss/pgps/glonass_ephem_a04 for reading
2020-09-20 11:10:49.436 21556-21556/? W/Lss: Unable to open file /data/gnss/pgps/glonass_ephem_a11 for reading
2020-09-20 11:10:49.440 21556-21556/? W/Lss: Unable to open file /data/gnss/pgps/glonass_ephem_a18 for reading
2020-09-20 11:10:49.441 21556-21556/? W/Lss: Unable to open file /data/gnss/pgps/glonass_ephem_a21 for reading
2020-09-20 11:10:49.442 21556-21556/? W/Lss: Unable to open file /data/gnss/pgps/glonass_ephem_a23 for reading
2020-09-20 11:10:49.459 941-21532/? I/GNSS_CONTROL: static void *PACommMgr::RequestAssistance(void *) -- 1006: Received 5124 bytes of data
2020-09-20 11:10:49.459 941-21532/? I/GNSS_CONTROL: static void *PACommMgr::RequestAssistance(void *) -- 1046: Decode msg to pdu
2020-09-20 11:10:49.464 941-21532/? I/GNSS_CONTROL: static void PACommMgr::PAInjectAssistance(SUPL_GPS_ASSISTANCE_DATA *, SUPL_GANSS_ASSISTANCE_DATA *, SUPL_ADDITIONAL_ASSISTANCE_DATA *) -- 1172: [PA_loc]Not wait and ready SessionState
2020-09-20 11:10:49.464 941-21532/? I/GNSS_CONTROL: static void PACommMgr::PAInjectGPSAssistance(SUPL_GPS_ASSISTANCE_DATA *) -- 1228: pstGpsAssistanceData->field_valid = 379
2020-09-20 11:10:49.464 941-21532/? I/GNSS_CONTROL: static void PACommMgr::PAInjectRefTime(SUPL_GPS_ASSISTANCE_DATA *) -- 1300: gpsTime.gpsWeek:76, gpsTime.gpsTOW23b:368063, nTOWassist:0
2020-09-20 11:10:49.464 941-21532/? I/GNSS_CONTROL: static void PACommMgr::FillingRefLoc(SUPL_REF_LOCATION *) -- 1464: [PA_Loc]filling count: 120, count: 1
2020-09-20 11:10:49.464 941-21532/? I/GNSS_CONTROL: static void PACommMgr::FillingRefLoc(SUPL_REF_LOCATION *) -- 1498: [PA_Loc]same cid and location, update array[0]
2020-09-20 11:10:49.465 941-21532/? I/GNSS_CONTROL: static void PACommMgr::FillingRefLoc(SUPL_REF_LOCATION *) -- 1507: [PA_Loc]same cid flag: 1, same loc flag: 1
2020-09-20 11:10:49.465 941-21532/? I/GNSS_CONTROL: static void PACommMgr::FillingRefLoc(SUPL_REF_LOCATION *) -- 1543: [PA_Loc]finish filling, update filling count: 121, count: 1
2020-09-20 11:10:49.465 941-21532/? I/GNSS_CONTROL: static void PACommMgr::CheckingRefLoc(SUPL_REF_LOCATION *) -- 1677: [PA_Loc]current time, sec: 420393, nsec: 420393029893617
2020-09-20 11:10:49.465 941-21532/? I/GNSS_CONTROL: static void PACommMgr::CheckingRefLoc(SUPL_REF_LOCATION *) -- 1695: [PA_Loc]array[0], current_nsec: 420393029893617, location_nsec: 420393029734763, time_diff_sec: 0
2020-09-20 11:10:49.465 941-21532/? I/GNSS_CONTROL: static void PACommMgr::CheckingRefLoc(SUPL_REF_LOCATION *) -- 1706: [PA_Loc]check timeout, update total count: 121, count: 1
2020-09-20 11:10:49.465 941-21532/? I/GNSS_CONTROL: static void PACommMgr::CheckingRefLoc(SUPL_REF_LOCATION *) -- 1749: [PA_Loc]1th of 1 ref loc, index: 0
2020-09-20 11:10:49.465 941-21532/? I/GNSS_CONTROL: static void PACommMgr::PAInjectRefLoc(SUPL_GPS_ASSISTANCE_DATA *) -- 1414: Inject ref location successful, K = 107
2020-09-20 11:10:49.465 941-21532/? I/GNSS_CONTROL: static void PACommMgr::PAInjectIonospheric(SUPL_GPS_ASSISTANCE_DATA *) -- 1965: SUPL_IONOSPHERE_STRU size 8
2020-09-20 11:10:49.465 941-21532/? I/GNSS_CONTROL: static void PACommMgr::PAInjectUTCModel(SUPL_GPS_ASSISTANCE_DATA *) -- 2020: SUPL_UTC_PARAMETER_STRU size 20
2020-09-20 11:10:49.465 941-21532/? I/GNSS_CONTROL: static void PACommMgr::PAInjectEphemeris(SUPL_GPS_ASSISTANCE_DATA *) -- 2232: svid:0, acc:2, iode2:20, iode3:20, m0:383184843.000000000000000, delta_n:11572.000000000000000, ecc:86511678.000000000000000, ek:   0.000000000000000, sqrt_a:2702023218.000000000000000, omega_0:647210412.000000000000000, i0:670864690.000000000000000, omega:565431918.000000000000000, omega_dot:-22231.000000000000000, i_dot: 839.000000000000000
2020-09-20 11:10:49.465 941-21532/? I/GNSS_CONTROL: static void PACommMgr::PAInjectEphemeris(SUPL_GPS_ASSISTANCE_DATA *) -- 2253: cuc: 420.000000000000000, cus:5975.000000000000000, crc:5631.000000000000000, crs: 350.000000000000000, cic:  -4.000000000000000, cis:  55.000000000000000, group_delay:  11.000000000000000, af0:76854.000000000000000, af1:  -5.000000000000000, af2:   0.000000000000000, aodc:276, health:0, toc:2250, toe:2250, status:0, code_on_L2:1, fit_interval_flag:0, aodo:31
2020-09-20 11:10:49.465 941-21532/? I/GNSS_CONTROL: static void PACommMgr::PAInjectEphemeris(SUPL_GPS_ASSISTANCE_DATA *) -- 2232: svid:1, acc:2, iode2:1, iode3:1, m0:539928064.000000000000000, delta_n:12749.000000000000000, ecc:170362311.000000000000000, ek:   0.000000000000000, sqrt_a:2702067644.000000000000000, omega_0:593436311.000000000000000, i0:656481125.000000000000000, omega:-1096021748.000000000000000, omega_dot:-23408.000000000000000, i_dot: 737.000000000000000
2020-09-20 11:10:49.465 941-21532/? I/GNSS_CONTROL: static void PACommMgr::PAInjectEphemeris(SUPL_GPS_ASSISTANCE_DATA *) -- 2253: cuc: 347.000000000000000, cus:6352.000000000000000, crc:5119.000000000000000, crs: 440.000000000000000, cic:-178.000000000000000, cis: -77.000000000000000, group_delay: -38.000000000000000, af0:-1114387.000000000000000, af1: -45.000000000000000, af2:   0.000000000000000, aodc:257, health:0, toc:2250, toe:2250, status:0, code_on_L2:1, fit_interval_flag:0, aodo:31
2020-09-20 11:10:49.466 941-21532/? I/GNSS_CONTROL: static void PACommMgr::PAInjectEphemeris(SUPL_GPS_ASSISTANCE_DATA *) -- 2232: svid:2, acc:2, iode2:51, iode3:51, m0:-408906225.000000000000000, delta_n:13826.000000000000000, ecc:27807696.000000000000000, ek:   0.000000000000000, sqrt_a:2702041583.000000000000000, omega_0:1358176276.000000000000000, i0:660673729.000000000000000, omega:596513218.000000000000000, omega_dot:-23530.000000000000000, i_dot:  69.000000000000000
2020-09-20 11:10:49.466 941-21532/? I/GNSS_CONTROL: static void PACommMgr::PAInjectEphemeris(SUPL_GPS_ASSISTANCE_DATA *) -- 2253: cuc: 123.000000000000000, cus:2543.000000000000000, crc:9258.000000000000000, crs: 184.000000000000000, cic:  -3.000000000000000, cis:  21.000000000000000, group_delay:   4.000000000000000, af0:-653318.000000000000000, af1: -93.000000000000000, af2:   0.000000000000000, aodc:307, health:0, toc:2250, toe:2250, status:0, code_on_L2:1, fit_interval_flag:0, aodo:31
2020-09-20 11:10:49.466 941-21532/? I/GNSS_CONTROL: static void PACommMgr::PAInjectEphemeris(SUPL_GPS_ASSISTANCE_DATA *) -- 2232: svid:3, acc:2, iode2:86, iode3:86, m0:1387204488.000000000000000, delta_n:12422.000000000000000, ecc:6993228.000000000000000, ek:   0.000000000000000, sqrt_a:2701987462.000000000000000, omega_0:2096033338.000000000000000, i0:656634100.000000000000000, omega:-1959781330.000000000000000, omega_dot:-22388.000000000000000, i_dot:-1547.000000000000000
2020-09-20 11:10:49.466 941-21532/? I/GNSS_CONTROL: static void PACommMgr::PAInjectEphemeris(SUPL_GPS_ASSISTANCE_DATA *) -- 2253: cuc:-1434.000000000000000, cus:5663.000000000000000, crc:5679.000000000000000, crs:-1661.000000000000000, cic: -15.000000000000000, cis: -32.000000000000000, group_delay:  -9.000000000000000, af0:-296151.000000000000000, af1: -36.000000000000000, af2:   0.000000000000000, aodc:854, health:0, toc:2250, toe:2250, status:0, code_on_L2:1, fit_interval_flag:0, aodo:31
2020-09-20 11:10:49.466 941-21532/? I/GNSS_CONTROL: static void PACommMgr::PAInjectEphemeris(SUPL_GPS_ASSISTANCE_DATA *) -- 2232: svid:4, acc:1, iode2:52, iode3:52, m0:-1930956705.000000000000000, delta_n:14505.000000000000000, ecc:52511141.000000000000000, ek:   0.000000000000000, sqrt_a:2702037763.000000000000000, omega_0:1335284198.000000000000000, i0:651720664.000000000000000, omega:596973038.000000000000000, omega_dot:-23723.000000000000000, i_dot: 152.000000000000000
2020-09-20 11:10:49.466 941-21532/? I/GNSS_CONTROL: static void PACommMgr::PAInjectEphemeris(SUPL_GPS_ASSISTANCE_DATA *) -- 2253: cuc: 178.000000000000000, cus:2197.000000000000000, crc:9512.000000000000000, crs: 189.000000000000000, cic:  44.000000000000000, cis: -29.000000000000000, group_delay: -24.000000000000000, af0:-46226.000000000000000, af1:  -8.000000000000000, af2:   0.000000000000000, aodc:308, health:0, toc:2250, toe:2250, status:0, code_on_L2:1, fit_interval_flag:0, aodo:31
2020-09-20 11:10:49.466 941-21532/? I/GNSS_CONTROL: static void PACommMgr::PAInjectEphemeris(SUPL_GPS_ASSISTANCE_DATA *) -- 2232: svid:5, acc:1, iode2:1, iode3:1, m0:634568279.000000000000000, delta_n:11027.000000000000000, ecc:15462387.000000000000000, ek:   0.000000000000000, sqrt_a:2701982533.000000000000000, omega_0:641570737.000000000000000, i0:670547951.000000000000000, omega:-773732660.000000000000000, omega_dot:-21745.000000000000000, i_dot: 993.000000000000000
2020-09-20 11:10:49.466 941-21532/? I/GNSS_CONTROL: static void PACommMgr::PAInjectEphemeris(SUPL_GPS_ASSISTANCE_DATA *) -- 2253: cuc: 500.000000000000000, cus:5879.000000000000000, crc:5781.000000000000000, crs: 629.000000000000000, cic: -11.000000000000000, cis: -42.000000000000000, group_delay:   9.000000000000000, af0:-702662.000000000000000, af1: -28.000000000000000, af2:   0.000000000000000, aodc:257, health:0, toc:2250, toe:2250, status:0, code_on_L2:1, fit_interval_flag:0, aodo:31
2020-09-20 11:10:49.466 941-21532/? I/GNSS_CONTROL: static void PACommMgr::PAInjectEphemeris(SUPL_GPS_ASSISTANCE_DATA *) -- 2232: svid:6, acc:3, iode2:24, iode3:24, m0:-91453942.000000000000000, delta_n:12997.000000000000000, ecc:122022102.000000000000000, ek:   0.000000000000000, sqrt_a:2701993994.000000000000000, omega_0:-1498690799.000000000000000, i0:651201358.000000000000000, omega:-1616201550.000000000000000, omega_dot:-23352.000000000000000, i_dot: 981.000000000000000
